<?xml version="1.0"?>
<link_info>
   <banner>TI ARM Linker PC v16.9.6.LTS</banner>
   <copyright>Copyright (c) 1996-2017 Texas Instruments Incorporated</copyright>
   <link_time>0x5a2f2338</link_time>
   <link_errors>0x0</link_errors>
   <output_file>ir_nortos_ccs.out</output_file>
   <entry_point>
      <name>resetISR</name>
      <address>0x42c9</address>
   </entry_point>
   <input_file_list>
      <input_file id="fl-2">
         <path>.\</path>
         <kind>object</kind>
         <file>CC2640R2_RSM.obj</file>
         <name>CC2640R2_RSM.obj</name>
      </input_file>
      <input_file id="fl-3">
         <path>.\</path>
         <kind>object</kind>
         <file>TSOP38140.obj</file>
         <name>TSOP38140.obj</name>
      </input_file>
      <input_file id="fl-4">
         <path>.\</path>
         <kind>object</kind>
         <file>beacon_nortos.obj</file>
         <name>beacon_nortos.obj</name>
      </input_file>
      <input_file id="fl-5">
         <path>.\</path>
         <kind>object</kind>
         <file>ccfg.obj</file>
         <name>ccfg.obj</name>
      </input_file>
      <input_file id="fl-6">
         <path>.\</path>
         <kind>object</kind>
         <file>main_nortos.obj</file>
         <name>main_nortos.obj</name>
      </input_file>
      <input_file id="fl-7">
         <path>.\TSOP38140sce\</path>
         <kind>object</kind>
         <file>scif_framework.obj</file>
         <name>scif_framework.obj</name>
      </input_file>
      <input_file id="fl-8">
         <path>.\TSOP38140sce\</path>
         <kind>object</kind>
         <file>scif_osal_none.obj</file>
         <name>scif_osal_none.obj</name>
      </input_file>
      <input_file id="fl-9">
         <path>.\TSOP38140sce\</path>
         <kind>object</kind>
         <file>scif_tsop38140.obj</file>
         <name>scif_tsop38140.obj</name>
      </input_file>
      <input_file id="fl-a">
         <path>.\smartrf_settings\</path>
         <kind>object</kind>
         <file>smartrf_settings.obj</file>
         <name>smartrf_settings.obj</name>
      </input_file>
      <input_file id="fl-12">
         <kind>object</kind>
         <file>&lt;internal&gt;</file>
         <name>&lt;internal&gt;</name>
      </input_file>
      <input_file id="fl-13">
         <path>I:\ti\simplelink_cc2640r2_sdk_1_50_00_58\source\ti\drivers\rf\lib\</path>
         <kind>archive</kind>
         <file>rf_singleMode_cc26x0r2.aem3</file>
         <name>RFCC26XX_singleMode.oem3</name>
      </input_file>
      <input_file id="fl-14">
         <path>I:\ti\simplelink_cc2640r2_sdk_1_50_00_58\source\ti\drivers\lib\</path>
         <kind>archive</kind>
         <file>drivers_cc26x0r2.aem3</file>
         <name>PINCC26XX.oem3</name>
      </input_file>
      <input_file id="fl-15">
         <path>I:\ti\simplelink_cc2640r2_sdk_1_50_00_58\source\ti\drivers\lib\</path>
         <kind>archive</kind>
         <file>drivers_cc26x0r2.aem3</file>
         <name>PowerCC26XX.oem3</name>
      </input_file>
      <input_file id="fl-16">
         <path>I:\ti\simplelink_cc2640r2_sdk_1_50_00_58\source\ti\drivers\lib\</path>
         <kind>archive</kind>
         <file>drivers_cc26x0r2.aem3</file>
         <name>PowerCC26XX_calibrateRCOSC.oem3</name>
      </input_file>
      <input_file id="fl-17">
         <path>I:\ti\simplelink_cc2640r2_sdk_1_50_00_58\source\ti\drivers\lib\</path>
         <kind>archive</kind>
         <file>drivers_cc26x0r2.aem3</file>
         <name>WatchdogCC26XX.oem3</name>
      </input_file>
      <input_file id="fl-18">
         <path>I:\ti\simplelink_cc2640r2_sdk_1_50_00_58\source\ti\drivers\lib\</path>
         <kind>archive</kind>
         <file>drivers_cc26x0r2.aem3</file>
         <name>List.oem3</name>
      </input_file>
      <input_file id="fl-19">
         <path>I:\ti\simplelink_cc2640r2_sdk_1_50_00_58\kernel\nortos\lib\</path>
         <kind>archive</kind>
         <file>nortos_cc26x0r2.aem3</file>
         <name>posix_sleep.oem3</name>
      </input_file>
      <input_file id="fl-1a">
         <path>I:\ti\simplelink_cc2640r2_sdk_1_50_00_58\kernel\nortos\lib\</path>
         <kind>archive</kind>
         <file>nortos_cc26x0r2.aem3</file>
         <name>NoRTOS.oem3</name>
      </input_file>
      <input_file id="fl-1b">
         <path>I:\ti\simplelink_cc2640r2_sdk_1_50_00_58\kernel\nortos\lib\</path>
         <kind>archive</kind>
         <file>nortos_cc26x0r2.aem3</file>
         <name>SemaphoreP_nortos.oem3</name>
      </input_file>
      <input_file id="fl-1c">
         <path>I:\ti\simplelink_cc2640r2_sdk_1_50_00_58\kernel\nortos\lib\</path>
         <kind>archive</kind>
         <file>nortos_cc26x0r2.aem3</file>
         <name>SwiP_nortos.oem3</name>
      </input_file>
      <input_file id="fl-1d">
         <path>I:\ti\simplelink_cc2640r2_sdk_1_50_00_58\kernel\nortos\lib\</path>
         <kind>archive</kind>
         <file>nortos_cc26x0r2.aem3</file>
         <name>ClockPTimer_nortos.oem3</name>
      </input_file>
      <input_file id="fl-1e">
         <path>I:\ti\simplelink_cc2640r2_sdk_1_50_00_58\kernel\nortos\lib\</path>
         <kind>archive</kind>
         <file>nortos_cc26x0r2.aem3</file>
         <name>TimerPCC26XX_nortos.oem3</name>
      </input_file>
      <input_file id="fl-1f">
         <path>I:\ti\simplelink_cc2640r2_sdk_1_50_00_58\kernel\nortos\lib\</path>
         <kind>archive</kind>
         <file>nortos_cc26x0r2.aem3</file>
         <name>HwiPCC26XX_nortos.oem3</name>
      </input_file>
      <input_file id="fl-20">
         <path>I:\ti\simplelink_cc2640r2_sdk_1_50_00_58\kernel\nortos\lib\</path>
         <kind>archive</kind>
         <file>nortos_cc26x0r2.aem3</file>
         <name>PowerCC26XX_nortos.oem3</name>
      </input_file>
      <input_file id="fl-21">
         <path>I:\ti\simplelink_cc2640r2_sdk_1_50_00_58\kernel\nortos\lib\</path>
         <kind>archive</kind>
         <file>nortos_cc26x0r2.aem3</file>
         <name>startup_cc13xx_cc26xx_ccs.oem3</name>
      </input_file>
      <input_file id="fl-22">
         <path>I:\ti\simplelink_cc2640r2_sdk_1_50_00_58\kernel\nortos\lib\</path>
         <kind>archive</kind>
         <file>nortos_cc26x0r2.aem3</file>
         <name>QueueP_nortos.oem3</name>
      </input_file>
      <input_file id="fl-23">
         <path>I:\ti\simplelink_cc2640r2_sdk_1_50_00_58\source\ti\devices\cc26x0r2\driverlib\bin\ccs\</path>
         <kind>archive</kind>
         <file>driverlib.lib</file>
         <name>adi.obj</name>
      </input_file>
      <input_file id="fl-24">
         <path>I:\ti\simplelink_cc2640r2_sdk_1_50_00_58\source\ti\devices\cc26x0r2\driverlib\bin\ccs\</path>
         <kind>archive</kind>
         <file>driverlib.lib</file>
         <name>chipinfo.obj</name>
      </input_file>
      <input_file id="fl-25">
         <path>I:\ti\simplelink_cc2640r2_sdk_1_50_00_58\source\ti\devices\cc26x0r2\driverlib\bin\ccs\</path>
         <kind>archive</kind>
         <file>driverlib.lib</file>
         <name>cpu.obj</name>
      </input_file>
      <input_file id="fl-26">
         <path>I:\ti\simplelink_cc2640r2_sdk_1_50_00_58\source\ti\devices\cc26x0r2\driverlib\bin\ccs\</path>
         <kind>archive</kind>
         <file>driverlib.lib</file>
         <name>driverlib_release.obj</name>
      </input_file>
      <input_file id="fl-27">
         <path>I:\ti\simplelink_cc2640r2_sdk_1_50_00_58\source\ti\devices\cc26x0r2\driverlib\bin\ccs\</path>
         <kind>archive</kind>
         <file>driverlib.lib</file>
         <name>interrupt.obj</name>
      </input_file>
      <input_file id="fl-28">
         <path>I:\ti\simplelink_cc2640r2_sdk_1_50_00_58\source\ti\devices\cc26x0r2\driverlib\bin\ccs\</path>
         <kind>archive</kind>
         <file>driverlib.lib</file>
         <name>ioc.obj</name>
      </input_file>
      <input_file id="fl-29">
         <path>I:\ti\simplelink_cc2640r2_sdk_1_50_00_58\source\ti\devices\cc26x0r2\driverlib\bin\ccs\</path>
         <kind>archive</kind>
         <file>driverlib.lib</file>
         <name>osc.obj</name>
      </input_file>
      <input_file id="fl-2a">
         <path>I:\ti\simplelink_cc2640r2_sdk_1_50_00_58\source\ti\devices\cc26x0r2\driverlib\bin\ccs\</path>
         <kind>archive</kind>
         <file>driverlib.lib</file>
         <name>rfc.obj</name>
      </input_file>
      <input_file id="fl-2b">
         <path>I:\ti\simplelink_cc2640r2_sdk_1_50_00_58\source\ti\devices\cc26x0r2\driverlib\bin\ccs\</path>
         <kind>archive</kind>
         <file>driverlib.lib</file>
         <name>setup.obj</name>
      </input_file>
      <input_file id="fl-2c">
         <path>I:\ti\simplelink_cc2640r2_sdk_1_50_00_58\source\ti\devices\cc26x0r2\driverlib\bin\ccs\</path>
         <kind>archive</kind>
         <file>driverlib.lib</file>
         <name>sys_ctrl.obj</name>
      </input_file>
      <input_file id="fl-e2">
         <path>I:\ti\ccsv7\tools\compiler\ti-cgt-arm_16.9.6.LTS\lib\</path>
         <kind>archive</kind>
         <file>rtsv7M3_T_le_eabi.lib</file>
         <name>boot.obj</name>
      </input_file>
      <input_file id="fl-e3">
         <path>I:\ti\ccsv7\tools\compiler\ti-cgt-arm_16.9.6.LTS\lib\</path>
         <kind>archive</kind>
         <file>rtsv7M3_T_le_eabi.lib</file>
         <name>copy_decompress_lzss.obj</name>
      </input_file>
      <input_file id="fl-e4">
         <path>I:\ti\ccsv7\tools\compiler\ti-cgt-arm_16.9.6.LTS\lib\</path>
         <kind>archive</kind>
         <file>rtsv7M3_T_le_eabi.lib</file>
         <name>copy_decompress_none.obj</name>
      </input_file>
      <input_file id="fl-e5">
         <path>I:\ti\ccsv7\tools\compiler\ti-cgt-arm_16.9.6.LTS\lib\</path>
         <kind>archive</kind>
         <file>rtsv7M3_T_le_eabi.lib</file>
         <name>copy_zero_init.obj</name>
      </input_file>
      <input_file id="fl-e6">
         <path>I:\ti\ccsv7\tools\compiler\ti-cgt-arm_16.9.6.LTS\lib\</path>
         <kind>archive</kind>
         <file>rtsv7M3_T_le_eabi.lib</file>
         <name>exit.obj</name>
      </input_file>
      <input_file id="fl-e7">
         <path>I:\ti\ccsv7\tools\compiler\ti-cgt-arm_16.9.6.LTS\lib\</path>
         <kind>archive</kind>
         <file>rtsv7M3_T_le_eabi.lib</file>
         <name>ll_mul_t2.obj</name>
      </input_file>
      <input_file id="fl-e8">
         <path>I:\ti\ccsv7\tools\compiler\ti-cgt-arm_16.9.6.LTS\lib\</path>
         <kind>archive</kind>
         <file>rtsv7M3_T_le_eabi.lib</file>
         <name>memcpy_t2.obj</name>
      </input_file>
      <input_file id="fl-e9">
         <path>I:\ti\ccsv7\tools\compiler\ti-cgt-arm_16.9.6.LTS\lib\</path>
         <kind>archive</kind>
         <file>rtsv7M3_T_le_eabi.lib</file>
         <name>memory.obj</name>
      </input_file>
      <input_file id="fl-ea">
         <path>I:\ti\ccsv7\tools\compiler\ti-cgt-arm_16.9.6.LTS\lib\</path>
         <kind>archive</kind>
         <file>rtsv7M3_T_le_eabi.lib</file>
         <name>memset_t2.obj</name>
      </input_file>
      <input_file id="fl-eb">
         <path>I:\ti\ccsv7\tools\compiler\ti-cgt-arm_16.9.6.LTS\lib\</path>
         <kind>archive</kind>
         <file>rtsv7M3_T_le_eabi.lib</file>
         <name>mpu_init.obj</name>
      </input_file>
      <input_file id="fl-ec">
         <path>I:\ti\ccsv7\tools\compiler\ti-cgt-arm_16.9.6.LTS\lib\</path>
         <kind>archive</kind>
         <file>rtsv7M3_T_le_eabi.lib</file>
         <name>pre_init.obj</name>
      </input_file>
      <input_file id="fl-ed">
         <path>I:\ti\ccsv7\tools\compiler\ti-cgt-arm_16.9.6.LTS\lib\</path>
         <kind>archive</kind>
         <file>rtsv7M3_T_le_eabi.lib</file>
         <name>stkdepth_vars.obj</name>
      </input_file>
      <input_file id="fl-ee">
         <path>I:\ti\ccsv7\tools\compiler\ti-cgt-arm_16.9.6.LTS\lib\</path>
         <kind>archive</kind>
         <file>rtsv7M3_T_le_eabi.lib</file>
         <name>ull_div_t2.obj</name>
      </input_file>
      <input_file id="fl-ef">
         <path>I:\ti\ccsv7\tools\compiler\ti-cgt-arm_16.9.6.LTS\lib\</path>
         <kind>archive</kind>
         <file>rtsv7M3_T_le_eabi.lib</file>
         <name>_lock.obj</name>
      </input_file>
      <input_file id="fl-f0">
         <path>I:\ti\ccsv7\tools\compiler\ti-cgt-arm_16.9.6.LTS\lib\</path>
         <kind>archive</kind>
         <file>rtsv7M3_T_le_eabi.lib</file>
         <name>args_main.obj</name>
      </input_file>
      <input_file id="fl-f1">
         <path>I:\ti\ccsv7\tools\compiler\ti-cgt-arm_16.9.6.LTS\lib\</path>
         <kind>archive</kind>
         <file>rtsv7M3_T_le_eabi.lib</file>
         <name>autoinit.obj</name>
      </input_file>
      <input_file id="fl-f2">
         <path>I:\ti\ccsv7\tools\compiler\ti-cgt-arm_16.9.6.LTS\lib\</path>
         <kind>archive</kind>
         <file>rtsv7M3_T_le_eabi.lib</file>
         <name>cpy_tbl.obj</name>
      </input_file>
      <input_file id="fl-f3">
         <path>I:\ti\ccsv7\tools\compiler\ti-cgt-arm_16.9.6.LTS\lib\</path>
         <kind>archive</kind>
         <file>rtsv7M3_T_le_eabi.lib</file>
         <name>startup.obj</name>
      </input_file>
   </input_file_list>
   <object_component_list>
      <object_component id="oc-15">
         <name>.intvecs</name>
         <load_address>0x0</load_address>
         <run_address>0x0</run_address>
         <size>0xc8</size>
         <input_file_ref idref="fl-21"/>
      </object_component>
      <object_component id="oc-688">
         <name>.text:PowerCC26XX_auxISR</name>
         <load_address>0xc8</load_address>
         <run_address>0xc8</run_address>
         <size>0x314</size>
         <input_file_ref idref="fl-16"/>
      </object_component>
      <object_component id="oc-763">
         <name>.text:fsmActiveState</name>
         <load_address>0x3dc</load_address>
         <run_address>0x3dc</run_address>
         <size>0x310</size>
         <input_file_ref idref="fl-13"/>
      </object_component>
      <object_component id="oc-669">
         <name>.text:Power_sleep</name>
         <load_address>0x6ec</load_address>
         <run_address>0x6ec</run_address>
         <size>0x244</size>
         <input_file_ref idref="fl-15"/>
      </object_component>
      <object_component id="oc-80d">
         <name>.text:NOROM_SysCtrlSetRechargeBeforePowerDown</name>
         <load_address>0x930</load_address>
         <run_address>0x930</run_address>
         <size>0x20c</size>
         <input_file_ref idref="fl-2c"/>
      </object_component>
      <object_component id="oc-642">
         <name>.text</name>
         <load_address>0xb3c</load_address>
         <run_address>0xb3c</run_address>
         <size>0x1f4</size>
         <input_file_ref idref="fl-ee"/>
      </object_component>
      <object_component id="oc-593">
         <name>.text:fsmSetupState</name>
         <load_address>0xd30</load_address>
         <run_address>0xd30</run_address>
         <size>0x1c4</size>
         <input_file_ref idref="fl-13"/>
      </object_component>
      <object_component id="oc-198">
         <name>.text:PIN_init</name>
         <load_address>0xef4</load_address>
         <run_address>0xef4</run_address>
         <size>0x1bc</size>
         <input_file_ref idref="fl-14"/>
      </object_component>
      <object_component id="oc-1b5">
         <name>.text:RF_open</name>
         <load_address>0x10b0</load_address>
         <run_address>0x10b0</run_address>
         <size>0x1b0</size>
         <input_file_ref idref="fl-13"/>
      </object_component>
      <object_component id="oc-88c">
         <name>.text:hwiFxnCpe0Active</name>
         <load_address>0x1260</load_address>
         <run_address>0x1260</run_address>
         <size>0x1b0</size>
         <input_file_ref idref="fl-13"/>
      </object_component>
      <object_component id="oc-676">
         <name>.text:PowerCC26XX_doCalibrate</name>
         <load_address>0x1410</load_address>
         <run_address>0x1410</run_address>
         <size>0x190</size>
         <input_file_ref idref="fl-16"/>
      </object_component>
      <object_component id="oc-14d">
         <name>.text:mainThread</name>
         <load_address>0x15a0</load_address>
         <run_address>0x15a0</run_address>
         <size>0x158</size>
         <input_file_ref idref="fl-4"/>
      </object_component>
      <object_component id="oc-192">
         <name>.text:Power_init</name>
         <load_address>0x16f8</load_address>
         <run_address>0x16f8</run_address>
         <size>0x12c</size>
         <input_file_ref idref="fl-15"/>
      </object_component>
      <object_component id="oc-43c">
         <name>.text:PowerCC26XX_standbyPolicy</name>
         <load_address>0x1824</load_address>
         <run_address>0x1824</run_address>
         <size>0x104</size>
         <input_file_ref idref="fl-20"/>
      </object_component>
      <object_component id="oc-587">
         <name>.text:radioOpDoneCb</name>
         <load_address>0x1928</load_address>
         <run_address>0x1928</run_address>
         <size>0x100</size>
         <input_file_ref idref="fl-13"/>
      </object_component>
      <object_component id="oc-371">
         <name>.text:RF_postCmd</name>
         <load_address>0x1a28</load_address>
         <run_address>0x1a28</run_address>
         <size>0xf8</size>
         <input_file_ref idref="fl-13"/>
      </object_component>
      <object_component id="oc-377">
         <name>.text:RF_pendCmd</name>
         <load_address>0x1b20</load_address>
         <run_address>0x1b20</run_address>
         <size>0xec</size>
         <input_file_ref idref="fl-13"/>
      </object_component>
      <object_component id="oc-337">
         <name>.text:fsmPowerUpState</name>
         <load_address>0x1c0c</load_address>
         <run_address>0x1c0c</run_address>
         <size>0xec</size>
         <input_file_ref idref="fl-13"/>
      </object_component>
      <object_component id="oc-274">
         <name>.text:PINCC26XX_setIoCfg</name>
         <load_address>0x1cf8</load_address>
         <run_address>0x1cf8</run_address>
         <size>0xdc</size>
         <input_file_ref idref="fl-14"/>
      </object_component>
      <object_component id="oc-292">
         <name>.text:SwiP_construct</name>
         <load_address>0x1dd4</load_address>
         <run_address>0x1dd4</run_address>
         <size>0xd8</size>
         <input_file_ref idref="fl-1c"/>
      </object_component>
      <object_component id="oc-2d3">
         <name>.text:scifInit</name>
         <load_address>0x1eac</load_address>
         <run_address>0x1eac</run_address>
         <size>0xc8</size>
         <input_file_ref idref="fl-7"/>
      </object_component>
      <object_component id="oc-81b">
         <name>.text:Power_releaseDependency</name>
         <load_address>0x1f74</load_address>
         <run_address>0x1f74</run_address>
         <size>0xbc</size>
         <input_file_ref idref="fl-15"/>
      </object_component>
      <object_component id="oc-1af">
         <name>.text:tsop38140Start</name>
         <load_address>0x2030</load_address>
         <run_address>0x2030</run_address>
         <size>0xb8</size>
         <input_file_ref idref="fl-3"/>
      </object_component>
      <object_component id="oc-268">
         <name>.text:Power_setDependency</name>
         <load_address>0x20e8</load_address>
         <run_address>0x20e8</run_address>
         <size>0xb4</size>
         <input_file_ref idref="fl-15"/>
      </object_component>
      <object_component id="oc-5b7">
         <name>.text:TimerP_construct</name>
         <load_address>0x219c</load_address>
         <run_address>0x219c</run_address>
         <size>0xb0</size>
         <input_file_ref idref="fl-1e"/>
      </object_component>
      <object_component id="oc-75">
         <name>.text:NOROM_SetupTrimDevice</name>
         <load_address>0x224c</load_address>
         <run_address>0x224c</run_address>
         <size>0xac</size>
         <input_file_ref idref="fl-2b"/>
      </object_component>
      <object_component id="oc-5c9">
         <name>.text:ClockP_workFuncDynamic</name>
         <load_address>0x22f8</load_address>
         <run_address>0x22f8</run_address>
         <size>0xa8</size>
         <input_file_ref idref="fl-1d"/>
      </object_component>
      <object_component id="oc-325">
         <name>.text:swiFxnHw</name>
         <load_address>0x23a0</load_address>
         <run_address>0x23a0</run_address>
         <size>0xa8</size>
         <input_file_ref idref="fl-13"/>
      </object_component>
      <object_component id="oc-246">
         <name>.text:switchXOSCHFclockFunc</name>
         <load_address>0x2448</load_address>
         <run_address>0x2448</run_address>
         <size>0xa4</size>
         <input_file_ref idref="fl-15"/>
      </object_component>
      <object_component id="oc-6d4">
         <name>.text:SwiP_dispatch</name>
         <load_address>0x24ec</load_address>
         <run_address>0x24ec</run_address>
         <size>0xa0</size>
         <input_file_ref idref="fl-1c"/>
      </object_component>
      <object_component id="oc-35c">
         <name>.text:ClockP_startup</name>
         <load_address>0x258c</load_address>
         <run_address>0x258c</run_address>
         <size>0x9c</size>
         <input_file_ref idref="fl-1d"/>
      </object_component>
      <object_component id="oc-57">
         <name>.text</name>
         <load_address>0x2628</load_address>
         <run_address>0x2628</run_address>
         <size>0x9c</size>
         <input_file_ref idref="fl-e8"/>
      </object_component>
      <object_component id="oc-5d7">
         <name>.text:SemaphoreP_pend</name>
         <load_address>0x26c4</load_address>
         <run_address>0x26c4</run_address>
         <size>0x98</size>
         <input_file_ref idref="fl-1b"/>
      </object_component>
      <object_component id="oc-523">
         <name>.text:scifCtrlTasksNbl</name>
         <load_address>0x275c</load_address>
         <run_address>0x275c</run_address>
         <size>0x98</size>
         <input_file_ref idref="fl-7"/>
      </object_component>
      <object_component id="oc-b4">
         <name>.text:TrimAfterColdResetWakeupFromShutDown</name>
         <load_address>0x27f4</load_address>
         <run_address>0x27f4</run_address>
         <size>0x8c</size>
         <input_file_ref idref="fl-2b"/>
      </object_component>
      <object_component id="oc-56c">
         <name>.text:ratFreeChannel</name>
         <load_address>0x2880</load_address>
         <run_address>0x2880</run_address>
         <size>0x8c</size>
         <input_file_ref idref="fl-13"/>
      </object_component>
      <object_component id="oc-237">
         <name>.text:ClockP_start</name>
         <load_address>0x290c</load_address>
         <run_address>0x290c</run_address>
         <size>0x80</size>
         <input_file_ref idref="fl-1d"/>
      </object_component>
      <object_component id="oc-32b">
         <name>.text:hwiFxnHw</name>
         <load_address>0x298c</load_address>
         <run_address>0x298c</run_address>
         <size>0x7c</size>
         <input_file_ref idref="fl-13"/>
      </object_component>
      <object_component id="oc-5a8">
         <name>.text:rfReleaseConstraint</name>
         <load_address>0x2a08</load_address>
         <run_address>0x2a08</run_address>
         <size>0x7c</size>
         <input_file_ref idref="fl-13"/>
      </object_component>
      <object_component id="oc-63">
         <name>.text</name>
         <load_address>0x2a84</load_address>
         <run_address>0x2a84</run_address>
         <size>0x7a</size>
         <input_file_ref idref="fl-ea"/>
      </object_component>
      <object_component id="oc-745">
         <name>.text:NOROM_RFCAdi3VcoLdoVoltageMode</name>
         <load_address>0x2afe</load_address>
         <run_address>0x2afe</run_address>
         <size>0x2</size>
         <input_file_ref idref="fl-2a"/>
      </object_component>
      <object_component id="oc-795">
         <name>.text:ClockP_walkQueueDynamic</name>
         <load_address>0x2b00</load_address>
         <run_address>0x2b00</run_address>
         <size>0x74</size>
         <input_file_ref idref="fl-1d"/>
      </object_component>
      <object_component id="oc-2fb">
         <name>.text:NOROM_RFCOverrideUpdate</name>
         <load_address>0x2b74</load_address>
         <run_address>0x2b74</run_address>
         <size>0x74</size>
         <input_file_ref idref="fl-2a"/>
      </object_component>
      <object_component id="oc-286">
         <name>.text:HwiP_construct</name>
         <load_address>0x2be8</load_address>
         <run_address>0x2be8</run_address>
         <size>0x70</size>
         <input_file_ref idref="fl-1f"/>
      </object_component>
      <object_component id="oc-813">
         <name>.text:NOROM_SysCtrlAdjustRechargeAfterPowerDown</name>
         <load_address>0x2c58</load_address>
         <run_address>0x2c58</run_address>
         <size>0x70</size>
         <input_file_ref idref="fl-2c"/>
      </object_component>
      <object_component id="oc-8a0">
         <name>.text:TimerP_start</name>
         <load_address>0x2cc8</load_address>
         <run_address>0x2cc8</run_address>
         <size>0x70</size>
         <input_file_ref idref="fl-1e"/>
      </object_component>
      <object_component id="oc-24c">
         <name>.text:lfClockReadyCallback</name>
         <load_address>0x2d38</load_address>
         <run_address>0x2d38</run_address>
         <size>0x70</size>
         <input_file_ref idref="fl-15"/>
      </object_component>
      <object_component id="oc-c7">
         <name>.text</name>
         <load_address>0x2da8</load_address>
         <run_address>0x2da8</run_address>
         <size>0x70</size>
         <input_file_ref idref="fl-f1"/>
      </object_component>
      <object_component id="oc-457">
         <name>.text:NOROM_OSCHF_AttemptToSwitchToXosc</name>
         <load_address>0x2e18</load_address>
         <run_address>0x2e18</run_address>
         <size>0x6c</size>
         <input_file_ref idref="fl-29"/>
      </object_component>
      <object_component id="oc-67c">
         <name>.text:PowerCC26XX_initiateCalibration</name>
         <load_address>0x2e84</load_address>
         <run_address>0x2e84</run_address>
         <size>0x6c</size>
         <input_file_ref idref="fl-16"/>
      </object_component>
      <object_component id="oc-3f2">
         <name>.text:configureXOSCHF</name>
         <load_address>0x2ef0</load_address>
         <run_address>0x2ef0</run_address>
         <size>0x6c</size>
         <input_file_ref idref="fl-15"/>
      </object_component>
      <object_component id="oc-772">
         <name>.text:ratDispatchTime</name>
         <load_address>0x2f5c</load_address>
         <run_address>0x2f5c</run_address>
         <size>0x6c</size>
         <input_file_ref idref="fl-13"/>
      </object_component>
      <object_component id="oc-657">
         <name>.text:NOROM_SysCtrl_DCDC_VoltageConditionalControl</name>
         <load_address>0x2fc8</load_address>
         <run_address>0x2fc8</run_address>
         <size>0x68</size>
         <input_file_ref idref="fl-2c"/>
      </object_component>
      <object_component id="oc-6db">
         <name>.text:SwiP_post</name>
         <load_address>0x3030</load_address>
         <run_address>0x3030</run_address>
         <size>0x68</size>
         <input_file_ref idref="fl-1c"/>
      </object_component>
      <object_component id="oc-18">
         <name>.text:decompress:lzss</name>
         <load_address>0x3098</load_address>
         <run_address>0x3098</run_address>
         <size>0x68</size>
         <input_file_ref idref="fl-e3"/>
      </object_component>
      <object_component id="oc-1c1">
         <name>.text:ClockP_usleep</name>
         <load_address>0x3100</load_address>
         <run_address>0x3100</run_address>
         <size>0x60</size>
         <input_file_ref idref="fl-1d"/>
      </object_component>
      <object_component id="oc-769">
         <name>.text:fsmXOSCState</name>
         <load_address>0x3160</load_address>
         <run_address>0x3160</run_address>
         <size>0x60</size>
         <input_file_ref idref="fl-13"/>
      </object_component>
      <object_component id="oc-682">
         <name>.text:PowerCC26XX_RCOSC_clockFunc</name>
         <load_address>0x31c0</load_address>
         <run_address>0x31c0</run_address>
         <size>0x5c</size>
         <input_file_ref idref="fl-16"/>
      </object_component>
      <object_component id="oc-442">
         <name>.text:PowerCC26XX_calibrate</name>
         <load_address>0x321c</load_address>
         <run_address>0x321c</run_address>
         <size>0x5c</size>
         <input_file_ref idref="fl-15"/>
      </object_component>
      <object_component id="oc-37d">
         <name>.text:syncCb</name>
         <load_address>0x3278</load_address>
         <run_address>0x3278</run_address>
         <size>0x5a</size>
         <input_file_ref idref="fl-13"/>
      </object_component>
      <object_component id="oc-5dd">
         <name>.text:SemaphoreP_destruct</name>
         <load_address>0x32d2</load_address>
         <run_address>0x32d2</run_address>
         <size>0x2</size>
         <input_file_ref idref="fl-1b"/>
      </object_component>
      <object_component id="oc-8fc">
         <name>.text:RF_getCurrentTime</name>
         <load_address>0x32d4</load_address>
         <run_address>0x32d4</run_address>
         <size>0x58</size>
         <input_file_ref idref="fl-13"/>
      </object_component>
      <object_component id="oc-5f1">
         <name>.text:dispatchNextEvent</name>
         <load_address>0x332c</load_address>
         <run_address>0x332c</run_address>
         <size>0x58</size>
         <input_file_ref idref="fl-13"/>
      </object_component>
      <object_component id="oc-713">
         <name>.text:scifInitIo</name>
         <load_address>0x3384</load_address>
         <run_address>0x3384</run_address>
         <size>0x58</size>
         <input_file_ref idref="fl-7"/>
      </object_component>
      <object_component id="oc-8c1">
         <name>.text:cmdDispatchTime</name>
         <load_address>0x33dc</load_address>
         <run_address>0x33dc</run_address>
         <size>0x54</size>
         <input_file_ref idref="fl-13"/>
      </object_component>
      <object_component id="oc-d3">
         <name>.text</name>
         <load_address>0x3430</load_address>
         <run_address>0x3430</run_address>
         <size>0x54</size>
         <input_file_ref idref="fl-e6"/>
      </object_component>
      <object_component id="oc-474">
         <name>.text:SemaphoreP_construct</name>
         <load_address>0x3484</load_address>
         <run_address>0x3484</run_address>
         <size>0x50</size>
         <input_file_ref idref="fl-1b"/>
      </object_component>
      <object_component id="oc-8c8">
         <name>.text:NOROM_IntPendSet</name>
         <load_address>0x34d4</load_address>
         <run_address>0x34d4</run_address>
         <size>0x4c</size>
         <input_file_ref idref="fl-27"/>
      </object_component>
      <object_component id="oc-33d">
         <name>.text:RF_wakeupNotifyFxn</name>
         <load_address>0x3520</load_address>
         <run_address>0x3520</run_address>
         <size>0x4c</size>
         <input_file_ref idref="fl-13"/>
      </object_component>
      <object_component id="oc-fd">
         <name>.text</name>
         <load_address>0x356c</load_address>
         <run_address>0x356c</run_address>
         <size>0x4c</size>
         <input_file_ref idref="fl-f2"/>
      </object_component>
      <object_component id="oc-21f">
         <name>.text:ClockP_construct</name>
         <load_address>0x35b8</load_address>
         <run_address>0x35b8</run_address>
         <size>0x48</size>
         <input_file_ref idref="fl-1d"/>
      </object_component>
      <object_component id="oc-5eb">
         <name>.text:Q_push</name>
         <load_address>0x3600</load_address>
         <run_address>0x3600</run_address>
         <size>0x48</size>
         <input_file_ref idref="fl-13"/>
      </object_component>
      <object_component id="oc-631">
         <name>.text:NOROM_OSCHF_SwitchToRcOscTurnOffXosc</name>
         <load_address>0x3648</load_address>
         <run_address>0x3648</run_address>
         <size>0x44</size>
         <input_file_ref idref="fl-29"/>
      </object_component>
      <object_component id="oc-604">
         <name>.text:SwiP_restore</name>
         <load_address>0x368c</load_address>
         <run_address>0x368c</run_address>
         <size>0x44</size>
         <input_file_ref idref="fl-1c"/>
      </object_component>
      <object_component id="oc-44b">
         <name>.text:notify</name>
         <load_address>0x36d0</load_address>
         <run_address>0x36d0</run_address>
         <size>0x44</size>
         <input_file_ref idref="fl-15"/>
      </object_component>
      <object_component id="oc-2a4">
         <name>.text:PIN_swi</name>
         <load_address>0x3714</load_address>
         <run_address>0x3714</run_address>
         <size>0x40</size>
         <input_file_ref idref="fl-14"/>
      </object_component>
      <object_component id="oc-757">
         <name>.text:PowerCC26XX_isStableXOSC_HF</name>
         <load_address>0x3754</load_address>
         <run_address>0x3754</run_address>
         <size>0x40</size>
         <input_file_ref idref="fl-15"/>
      </object_component>
      <object_component id="oc-7b">
         <name>.text</name>
         <load_address>0x3794</load_address>
         <run_address>0x3794</run_address>
         <size>0x40</size>
         <input_file_ref idref="fl-e2"/>
      </object_component>
      <object_component id="oc-824">
         <name>.text:NOROM_OSC_HPOSCRelativeFrequencyOffsetGet</name>
         <load_address>0x37d4</load_address>
         <run_address>0x37d4</run_address>
         <size>0x3c</size>
         <input_file_ref idref="fl-29"/>
      </object_component>
      <object_component id="oc-886">
         <name>.text:NOROM_RFCSynthPowerDown</name>
         <load_address>0x3810</load_address>
         <run_address>0x3810</run_address>
         <size>0x3c</size>
         <input_file_ref idref="fl-2a"/>
      </object_component>
      <object_component id="oc-7f1">
         <name>.text:TimerP_setThreshold</name>
         <load_address>0x384c</load_address>
         <run_address>0x384c</run_address>
         <size>0x3c</size>
         <input_file_ref idref="fl-1e"/>
      </object_component>
      <object_component id="oc-22b">
         <name>.text:disableLfClkQualifiersEnableClkLoss</name>
         <load_address>0x3888</load_address>
         <run_address>0x3888</run_address>
         <size>0x3c</size>
         <input_file_ref idref="fl-15"/>
      </object_component>
      <object_component id="oc-60b">
         <name>.text:SemaphoreP_post</name>
         <load_address>0x38c4</load_address>
         <run_address>0x38c4</run_address>
         <size>0x38</size>
         <input_file_ref idref="fl-1b"/>
      </object_component>
      <object_component id="oc-7b9">
         <name>.text:calculateDispatchTime</name>
         <load_address>0x38fc</load_address>
         <run_address>0x38fc</run_address>
         <size>0x36</size>
         <input_file_ref idref="fl-13"/>
      </object_component>
      <object_component id="oc-7af">
         <name>.text:clkFxn</name>
         <load_address>0x3932</load_address>
         <run_address>0x3932</run_address>
         <size>0x2</size>
         <input_file_ref idref="fl-1b"/>
      </object_component>
      <object_component id="oc-65d">
         <name>.text:ClockP_getTicksUntilInterrupt</name>
         <load_address>0x3934</load_address>
         <run_address>0x3934</run_address>
         <size>0x34</size>
         <input_file_ref idref="fl-1d"/>
      </object_component>
      <object_component id="oc-480">
         <name>.text:NOROM_IntRegister</name>
         <load_address>0x3968</load_address>
         <run_address>0x3968</run_address>
         <size>0x34</size>
         <input_file_ref idref="fl-27"/>
      </object_component>
      <object_component id="oc-45e">
         <name>.text:Power_releaseConstraint</name>
         <load_address>0x399c</load_address>
         <run_address>0x399c</run_address>
         <size>0x34</size>
         <input_file_ref idref="fl-15"/>
      </object_component>
      <object_component id="oc-780">
         <name>.text:TimerP_initDevice</name>
         <load_address>0x39d0</load_address>
         <run_address>0x39d0</run_address>
         <size>0x34</size>
         <input_file_ref idref="fl-1e"/>
      </object_component>
      <object_component id="oc-531">
         <name>.text:scifAckAlertEvents</name>
         <load_address>0x3a04</load_address>
         <run_address>0x3a04</run_address>
         <size>0x34</size>
         <input_file_ref idref="fl-7"/>
      </object_component>
      <object_component id="oc-86d">
         <name>.text:scifReinitIo</name>
         <load_address>0x3a38</load_address>
         <run_address>0x3a38</run_address>
         <size>0x34</size>
         <input_file_ref idref="fl-7"/>
      </object_component>
      <object_component id="oc-71a">
         <name>.text:scifUninitIo</name>
         <load_address>0x3a6c</load_address>
         <run_address>0x3a6c</run_address>
         <size>0x34</size>
         <input_file_ref idref="fl-7"/>
      </object_component>
      <object_component id="oc-64f">
         <name>.text:TimerP_setNextTick</name>
         <load_address>0x3aa0</load_address>
         <run_address>0x3aa0</run_address>
         <size>0x32</size>
         <input_file_ref idref="fl-1e"/>
      </object_component>
      <object_component id="oc-2eb">
         <name>.text:ctrlReadyCallback</name>
         <load_address>0x3ad2</load_address>
         <run_address>0x3ad2</run_address>
         <size>0x2</size>
         <input_file_ref idref="fl-3"/>
      </object_component>
      <object_component id="oc-225">
         <name>.text:Power_setConstraint</name>
         <load_address>0x3ad4</load_address>
         <run_address>0x3ad4</run_address>
         <size>0x30</size>
         <input_file_ref idref="fl-15"/>
      </object_component>
      <object_component id="oc-1c7">
         <name>.text:RF_runCmd</name>
         <load_address>0x3b04</load_address>
         <run_address>0x3b04</run_address>
         <size>0x30</size>
         <input_file_ref idref="fl-13"/>
      </object_component>
      <object_component id="oc-429">
         <name>.text:TimerP_getCurrentTick</name>
         <load_address>0x3b34</load_address>
         <run_address>0x3b34</run_address>
         <size>0x30</size>
         <input_file_ref idref="fl-1e"/>
      </object_component>
      <object_component id="oc-5fe">
         <name>.text:getCmd</name>
         <load_address>0x3b64</load_address>
         <run_address>0x3b64</run_address>
         <size>0x30</size>
         <input_file_ref idref="fl-13"/>
      </object_component>
      <object_component id="oc-6fe">
         <name>.text:osalLockCtrlTaskNbl</name>
         <load_address>0x3b94</load_address>
         <run_address>0x3b94</run_address>
         <size>0x30</size>
         <input_file_ref idref="fl-7"/>
      </object_component>
      <object_component id="oc-541">
         <name>.text:scifTaskResourceInit</name>
         <load_address>0x3bc4</load_address>
         <run_address>0x3bc4</run_address>
         <size>0x30</size>
         <input_file_ref idref="fl-9"/>
      </object_component>
      <object_component id="oc-f2">
         <name>.text:NOROM_ChipInfo_GetChipFamily</name>
         <load_address>0x3bf4</load_address>
         <run_address>0x3bf4</run_address>
         <size>0x2c</size>
         <input_file_ref idref="fl-24"/>
      </object_component>
      <object_component id="oc-894">
         <name>.text:calculateDeltaTimeUs</name>
         <load_address>0x3c20</load_address>
         <run_address>0x3c20</run_address>
         <size>0x2c</size>
         <input_file_ref idref="fl-13"/>
      </object_component>
      <object_component id="oc-8f5">
         <name>.text:executeDirectImmediateCmd</name>
         <load_address>0x3c4c</load_address>
         <run_address>0x3c4c</run_address>
         <size>0x2c</size>
         <input_file_ref idref="fl-13"/>
      </object_component>
      <object_component id="oc-2df">
         <name>.text:scifTsop38140StartRtcTicksNow</name>
         <load_address>0x3c78</load_address>
         <run_address>0x3c78</run_address>
         <size>0x2c</size>
         <input_file_ref idref="fl-9"/>
      </object_component>
      <object_component id="oc-256">
         <name>.text:NOROM_ChipInfo_GetChipType</name>
         <load_address>0x3ca4</load_address>
         <run_address>0x3ca4</run_address>
         <size>0x28</size>
         <input_file_ref idref="fl-24"/>
      </object_component>
      <object_component id="oc-13b">
         <name>.text:NoRTOS_setConfig</name>
         <load_address>0x3ccc</load_address>
         <run_address>0x3ccc</run_address>
         <size>0x28</size>
         <input_file_ref idref="fl-1a"/>
      </object_component>
      <object_component id="oc-30d">
         <name>.text:Power_registerNotify</name>
         <load_address>0x3cf4</load_address>
         <run_address>0x3cf4</run_address>
         <size>0x28</size>
         <input_file_ref idref="fl-15"/>
      </object_component>
      <object_component id="oc-6a3">
         <name>.text:SafeHapiVoid</name>
         <load_address>0x3d1c</load_address>
         <run_address>0x3d1c</run_address>
         <size>0x28</size>
         <input_file_ref idref="fl-23"/>
      </object_component>
      <object_component id="oc-612">
         <name>.text:applyBlePatch</name>
         <load_address>0x3d44</load_address>
         <run_address>0x3d44</run_address>
         <size>0x28</size>
         <input_file_ref idref="fl-a"/>
      </object_component>
      <object_component id="oc-10b">
         <name>.text:main</name>
         <load_address>0x3d6c</load_address>
         <run_address>0x3d6c</run_address>
         <size>0x28</size>
         <input_file_ref idref="fl-6"/>
      </object_component>
      <object_component id="oc-435">
         <name>.text:ClockP_getTicks</name>
         <load_address>0x3d94</load_address>
         <run_address>0x3d94</run_address>
         <size>0x24</size>
         <input_file_ref idref="fl-1d"/>
      </object_component>
      <object_component id="oc-42f">
         <name>.text:ClockP_scheduleNextTick</name>
         <load_address>0x3db8</load_address>
         <run_address>0x3db8</run_address>
         <size>0x24</size>
         <input_file_ref idref="fl-1d"/>
      </object_component>
      <object_component id="oc-48c">
         <name>.text:HwiP_dispatch</name>
         <load_address>0x3ddc</load_address>
         <run_address>0x3ddc</run_address>
         <size>0x24</size>
         <input_file_ref idref="fl-1f"/>
      </object_component>
      <object_component id="oc-880">
         <name>.text:HwiP_setFunc</name>
         <load_address>0x3e00</load_address>
         <run_address>0x3e00</run_address>
         <size>0x24</size>
         <input_file_ref idref="fl-1f"/>
      </object_component>
      <object_component id="oc-486">
         <name>.text:NOROM_IntPrioritySet</name>
         <load_address>0x3e24</load_address>
         <run_address>0x3e24</run_address>
         <size>0x24</size>
         <input_file_ref idref="fl-27"/>
      </object_component>
      <object_component id="oc-62b">
         <name>.text:NOROM_OSCHF_TurnOnXosc</name>
         <load_address>0x3e48</load_address>
         <run_address>0x3e48</run_address>
         <size>0x24</size>
         <input_file_ref idref="fl-29"/>
      </object_component>
      <object_component id="oc-73f">
         <name>.text:NOROM_RFCDoorbellSendTo</name>
         <load_address>0x3e6c</load_address>
         <run_address>0x3e6c</run_address>
         <size>0x24</size>
         <input_file_ref idref="fl-2a"/>
      </object_component>
      <object_component id="oc-5bd">
         <name>.text:TimerP_getMaxTicks</name>
         <load_address>0x3e90</load_address>
         <run_address>0x3e90</run_address>
         <size>0x24</size>
         <input_file_ref idref="fl-1e"/>
      </object_component>
      <object_component id="oc-31f">
         <name>.text:hwiFxnCpe0PowerFsm</name>
         <load_address>0x3eb4</load_address>
         <run_address>0x3eb4</run_address>
         <size>0x24</size>
         <input_file_ref idref="fl-13"/>
      </object_component>
      <object_component id="oc-51b">
         <name>.text:scifTsop38140StartRtcTicks</name>
         <load_address>0x3ed8</load_address>
         <run_address>0x3ed8</run_address>
         <size>0x24</size>
         <input_file_ref idref="fl-9"/>
      </object_component>
      <object_component id="oc-368">
         <name>.text:sleepTicks</name>
         <load_address>0x3efc</load_address>
         <run_address>0x3efc</run_address>
         <size>0x24</size>
         <input_file_ref idref="fl-1d"/>
      </object_component>
      <object_component id="oc-553">
         <name>.text:List_put</name>
         <load_address>0x3f20</load_address>
         <run_address>0x3f20</run_address>
         <size>0x22</size>
         <input_file_ref idref="fl-18"/>
      </object_component>
      <object_component id="oc-547">
         <name>.text:scifTaskResourceUninit</name>
         <load_address>0x3f42</load_address>
         <run_address>0x3f42</run_address>
         <size>0x22</size>
         <input_file_ref idref="fl-9"/>
      </object_component>
      <object_component id="oc-79d">
         <name>.text:ClockP_add</name>
         <load_address>0x3f64</load_address>
         <run_address>0x3f64</run_address>
         <size>0x20</size>
         <input_file_ref idref="fl-1d"/>
      </object_component>
      <object_component id="oc-74b">
         <name>.text:NOROM_RFCRfTrimRead</name>
         <load_address>0x3f84</load_address>
         <run_address>0x3f84</run_address>
         <size>0x20</size>
         <input_file_ref idref="fl-2a"/>
      </object_component>
      <object_component id="oc-135">
         <name>.text:NoRTOS_getConfig</name>
         <load_address>0x3fa4</load_address>
         <run_address>0x3fa4</run_address>
         <size>0x20</size>
         <input_file_ref idref="fl-1a"/>
      </object_component>
      <object_component id="oc-663">
         <name>.text:Power_getTransitionLatency</name>
         <load_address>0x3fc4</load_address>
         <run_address>0x3fc4</run_address>
         <size>0x1e</size>
         <input_file_ref idref="fl-15"/>
      </object_component>
      <object_component id="oc-26e">
         <name>.text:SemaphoreP_constructBinary</name>
         <load_address>0x3fe2</load_address>
         <run_address>0x3fe2</run_address>
         <size>0x1e</size>
         <input_file_ref idref="fl-1b"/>
      </object_component>
      <object_component id="oc-27a">
         <name>.text:PINCC26XX_setIoCfgMux</name>
         <load_address>0x4000</load_address>
         <run_address>0x4000</run_address>
         <size>0x1c</size>
         <input_file_ref idref="fl-14"/>
      </object_component>
      <object_component id="oc-29e">
         <name>.text:PIN_hwi</name>
         <load_address>0x401c</load_address>
         <run_address>0x401c</run_address>
         <size>0x1c</size>
         <input_file_ref idref="fl-14"/>
      </object_component>
      <object_component id="oc-41e">
         <name>.text:QueueP_put</name>
         <load_address>0x4038</load_address>
         <run_address>0x4038</run_address>
         <size>0x1c</size>
         <input_file_ref idref="fl-22"/>
      </object_component>
      <object_component id="oc-5f8">
         <name>.text:SwiP_disable</name>
         <load_address>0x4054</load_address>
         <run_address>0x4054</run_address>
         <size>0x1c</size>
         <input_file_ref idref="fl-1c"/>
      </object_component>
      <object_component id="oc-4b3">
         <name>.text:SwiP_or</name>
         <load_address>0x4070</load_address>
         <run_address>0x4070</run_address>
         <size>0x1c</size>
         <input_file_ref idref="fl-1c"/>
      </object_component>
      <object_component id="oc-78c">
         <name>.text:TimerP_dynamicStub</name>
         <load_address>0x408c</load_address>
         <run_address>0x408c</run_address>
         <size>0x1c</size>
         <input_file_ref idref="fl-1e"/>
      </object_component>
      <object_component id="oc-566">
         <name>.text:ratGetChannel</name>
         <load_address>0x40a8</load_address>
         <run_address>0x40a8</run_address>
         <size>0x1c</size>
         <input_file_ref idref="fl-13"/>
      </object_component>
      <object_component id="oc-8ef">
         <name>.text:rfSetConstraint</name>
         <load_address>0x40c4</load_address>
         <run_address>0x40c4</run_address>
         <size>0x1c</size>
         <input_file_ref idref="fl-13"/>
      </object_component>
      <object_component id="oc-843">
         <name>.text:QueueP_get</name>
         <load_address>0x40e0</load_address>
         <run_address>0x40e0</run_address>
         <size>0x1a</size>
         <input_file_ref idref="fl-22"/>
      </object_component>
      <object_component id="oc-343">
         <name>.text:defaultCallback</name>
         <load_address>0x40fa</load_address>
         <run_address>0x40fa</run_address>
         <size>0x2</size>
         <input_file_ref idref="fl-13"/>
      </object_component>
      <object_component id="oc-141">
         <name>.text:CC2640R2_RSM_initGeneral</name>
         <load_address>0x40fc</load_address>
         <run_address>0x40fc</run_address>
         <size>0x18</size>
         <input_file_ref idref="fl-2"/>
      </object_component>
      <object_component id="oc-7a9">
         <name>.text:ClockP_destruct</name>
         <load_address>0x4114</load_address>
         <run_address>0x4114</run_address>
         <size>0x18</size>
         <input_file_ref idref="fl-1d"/>
      </object_component>
      <object_component id="oc-5a0">
         <name>.text:ClockP_getTimeout</name>
         <load_address>0x412c</load_address>
         <run_address>0x412c</run_address>
         <size>0x18</size>
         <input_file_ref idref="fl-1d"/>
      </object_component>
      <object_component id="oc-7c9">
         <name>.text:HwiP_inISR</name>
         <load_address>0x4144</load_address>
         <run_address>0x4144</run_address>
         <size>0x18</size>
         <input_file_ref idref="fl-1f"/>
      </object_component>
      <object_component id="oc-25c">
         <name>.text:NOROM_ChipInfo_GetPackageType</name>
         <load_address>0x415c</load_address>
         <run_address>0x415c</run_address>
         <size>0x18</size>
         <input_file_ref idref="fl-24"/>
      </object_component>
      <object_component id="oc-2d9">
         <name>.text:NOROM_IOCIODrvStrengthSet</name>
         <load_address>0x4174</load_address>
         <run_address>0x4174</run_address>
         <size>0x18</size>
         <input_file_ref idref="fl-28"/>
      </object_component>
      <object_component id="oc-55f">
         <name>.text:NOROM_RFCCpeIntGetAndClear</name>
         <load_address>0x418c</load_address>
         <run_address>0x418c</run_address>
         <size>0x18</size>
         <input_file_ref idref="fl-2a"/>
      </object_component>
      <object_component id="oc-573">
         <name>.text:NOROM_RFCHWIntGetAndClear</name>
         <load_address>0x41a4</load_address>
         <run_address>0x41a4</run_address>
         <size>0x18</size>
         <input_file_ref idref="fl-2a"/>
      </object_component>
      <object_component id="oc-153">
         <name>.text:Power_idleFunc</name>
         <load_address>0x41bc</load_address>
         <run_address>0x41bc</run_address>
         <size>0x18</size>
         <input_file_ref idref="fl-15"/>
      </object_component>
      <object_component id="oc-731">
         <name>.text:Q_pop</name>
         <load_address>0x41d4</load_address>
         <run_address>0x41d4</run_address>
         <size>0x18</size>
         <input_file_ref idref="fl-13"/>
      </object_component>
      <object_component id="oc-3ec">
         <name>.text:configureRFCoreClocks</name>
         <load_address>0x41ec</load_address>
         <run_address>0x41ec</run_address>
         <size>0x18</size>
         <input_file_ref idref="fl-15"/>
      </object_component>
      <object_component id="oc-cd">
         <name>.text</name>
         <load_address>0x4204</load_address>
         <run_address>0x4204</run_address>
         <size>0x18</size>
         <input_file_ref idref="fl-f0"/>
      </object_component>
      <object_component id="oc-647">
         <name>.text</name>
         <load_address>0x421c</load_address>
         <run_address>0x421c</run_address>
         <size>0x18</size>
         <input_file_ref idref="fl-e7"/>
      </object_component>
      <object_component id="oc-319">
         <name>.text:swiFxnFsm</name>
         <load_address>0x4234</load_address>
         <run_address>0x4234</run_address>
         <size>0x18</size>
         <input_file_ref idref="fl-13"/>
      </object_component>
      <object_component id="oc-2f1">
         <name>.text:taskAlertCallback</name>
         <load_address>0x424c</load_address>
         <run_address>0x424c</run_address>
         <size>0x18</size>
         <input_file_ref idref="fl-3"/>
      </object_component>
      <object_component id="oc-7cf">
         <name>.text:Power_disablePolicy</name>
         <load_address>0x4264</load_address>
         <run_address>0x4264</run_address>
         <size>0x14</size>
         <input_file_ref idref="fl-15"/>
      </object_component>
      <object_component id="oc-1a9">
         <name>.text:RF_Params_init</name>
         <load_address>0x4278</load_address>
         <run_address>0x4278</run_address>
         <size>0x14</size>
         <input_file_ref idref="fl-13"/>
      </object_component>
      <object_component id="oc-4a8">
         <name>.text:SwiP_handleHwi</name>
         <load_address>0x428c</load_address>
         <run_address>0x428c</run_address>
         <size>0x14</size>
         <input_file_ref idref="fl-1c"/>
      </object_component>
      <object_component id="oc-786">
         <name>.text:TimerP_startup</name>
         <load_address>0x42a0</load_address>
         <run_address>0x42a0</run_address>
         <size>0x14</size>
         <input_file_ref idref="fl-1e"/>
      </object_component>
      <object_component id="oc-727">
         <name>.text:ratConfigureChannel</name>
         <load_address>0x42b4</load_address>
         <run_address>0x42b4</run_address>
         <size>0x14</size>
         <input_file_ref idref="fl-13"/>
      </object_component>
      <object_component id="oc-2a">
         <name>.text:resetISR</name>
         <load_address>0x42c8</load_address>
         <run_address>0x42c8</run_address>
         <size>0x14</size>
         <input_file_ref idref="fl-21"/>
      </object_component>
      <object_component id="oc-168">
         <name>.text</name>
         <load_address>0x42dc</load_address>
         <run_address>0x42dc</run_address>
         <size>0x14</size>
         <input_file_ref idref="fl-ef"/>
      </object_component>
      <object_component id="oc-52b">
         <name>.text:scifClearAlertIntSource</name>
         <load_address>0x42f0</load_address>
         <run_address>0x42f0</run_address>
         <size>0x14</size>
         <input_file_ref idref="fl-7"/>
      </object_component>
      <object_component id="oc-280">
         <name>.text:HwiP_Params_init</name>
         <load_address>0x4304</load_address>
         <run_address>0x4304</run_address>
         <size>0x12</size>
         <input_file_ref idref="fl-1f"/>
      </object_component>
      <object_component id="oc-240">
         <name>.text:emptyClockFunc</name>
         <load_address>0x4316</load_address>
         <run_address>0x4316</run_address>
         <size>0x2</size>
         <input_file_ref idref="fl-15"/>
      </object_component>
      <object_component id="oc-219">
         <name>.text:ClockP_Params_init</name>
         <load_address>0x4318</load_address>
         <run_address>0x4318</run_address>
         <size>0x10</size>
         <input_file_ref idref="fl-1d"/>
      </object_component>
      <object_component id="oc-18b">
         <name>.text:HwiP_disable</name>
         <load_address>0x4328</load_address>
         <run_address>0x4328</run_address>
         <size>0x10</size>
         <input_file_ref idref="fl-1f"/>
      </object_component>
      <object_component id="oc-581">
         <name>.text:HwiP_enableInterrupt</name>
         <load_address>0x4338</load_address>
         <run_address>0x4338</run_address>
         <size>0x10</size>
         <input_file_ref idref="fl-1f"/>
      </object_component>
      <object_component id="oc-751">
         <name>.text:NOROM_RFCRfTrimSet</name>
         <load_address>0x4348</load_address>
         <run_address>0x4348</run_address>
         <size>0x10</size>
         <input_file_ref idref="fl-2a"/>
      </object_component>
      <object_component id="oc-262">
         <name>.text:PINCC26XX_getPinCount</name>
         <load_address>0x4358</load_address>
         <run_address>0x4358</run_address>
         <size>0x10</size>
         <input_file_ref idref="fl-14"/>
      </object_component>
      <object_component id="oc-7fb">
         <name>.text:PowerCC26XX_schedulerDisable</name>
         <load_address>0x4368</load_address>
         <run_address>0x4368</run_address>
         <size>0x10</size>
         <input_file_ref idref="fl-20"/>
      </object_component>
      <object_component id="oc-7a3">
         <name>.text:Power_enablePolicy</name>
         <load_address>0x4378</load_address>
         <run_address>0x4378</run_address>
         <size>0x10</size>
         <input_file_ref idref="fl-15"/>
      </object_component>
      <object_component id="oc-46e">
         <name>.text:SemaphoreP_Params_init</name>
         <load_address>0x4388</load_address>
         <run_address>0x4388</run_address>
         <size>0x10</size>
         <input_file_ref idref="fl-1b"/>
      </object_component>
      <object_component id="oc-28c">
         <name>.text:SwiP_Params_init</name>
         <load_address>0x4398</load_address>
         <run_address>0x4398</run_address>
         <size>0x10</size>
         <input_file_ref idref="fl-1c"/>
      </object_component>
      <object_component id="oc-5b1">
         <name>.text:TimerP_Params_init</name>
         <load_address>0x43a8</load_address>
         <run_address>0x43a8</run_address>
         <size>0x10</size>
         <input_file_ref idref="fl-1e"/>
      </object_component>
      <object_component id="oc-362">
         <name>.text:TimerP_getCount64</name>
         <load_address>0x43b8</load_address>
         <run_address>0x43b8</run_address>
         <size>0x10</size>
         <input_file_ref idref="fl-1e"/>
      </object_component>
      <object_component id="oc-331">
         <name>.text:clkPowerUpFxn</name>
         <load_address>0x43c8</load_address>
         <run_address>0x43c8</run_address>
         <size>0x10</size>
         <input_file_ref idref="fl-13"/>
      </object_component>
      <object_component id="oc-509">
         <name>.text:osalClearTaskAlertInt</name>
         <load_address>0x43d8</load_address>
         <run_address>0x43d8</run_address>
         <size>0x10</size>
         <input_file_ref idref="fl-7"/>
      </object_component>
      <object_component id="oc-4fd">
         <name>.text:osalEnableCtrlReadyInt</name>
         <load_address>0x43e8</load_address>
         <run_address>0x43e8</run_address>
         <size>0x10</size>
         <input_file_ref idref="fl-7"/>
      </object_component>
      <object_component id="oc-857">
         <name>.text:osalIndicateCtrlReady</name>
         <load_address>0x43f8</load_address>
         <run_address>0x43f8</run_address>
         <size>0x10</size>
         <input_file_ref idref="fl-7"/>
      </object_component>
      <object_component id="oc-864">
         <name>.text:osalIndicateTaskAlert</name>
         <load_address>0x4408</load_address>
         <run_address>0x4408</run_address>
         <size>0x10</size>
         <input_file_ref idref="fl-7"/>
      </object_component>
      <object_component id="oc-737">
         <name>.text:restartClockTimeout</name>
         <load_address>0x4418</load_address>
         <run_address>0x4418</run_address>
         <size>0x10</size>
         <input_file_ref idref="fl-13"/>
      </object_component>
      <object_component id="oc-85e">
         <name>.text:scifOsalDisableTaskAlertInt</name>
         <load_address>0x4428</load_address>
         <run_address>0x4428</run_address>
         <size>0x10</size>
         <input_file_ref idref="fl-7"/>
      </object_component>
      <object_component id="oc-50f">
         <name>.text:scifOsalEnableTaskAlertInt</name>
         <load_address>0x4438</load_address>
         <run_address>0x4438</run_address>
         <size>0x10</size>
         <input_file_ref idref="fl-7"/>
      </object_component>
      <object_component id="oc-1cd">
         <name>.text:scifOsalEnterCriticalSection</name>
         <load_address>0x4448</load_address>
         <run_address>0x4448</run_address>
         <size>0x10</size>
         <input_file_ref idref="fl-7"/>
      </object_component>
      <object_component id="oc-ae">
         <name>.text:NOROM_ThisLibraryIsFor_CC26x0R2_HaltIfViolated</name>
         <load_address>0x4458</load_address>
         <run_address>0x4458</run_address>
         <size>0xe</size>
         <input_file_ref idref="fl-24"/>
      </object_component>
      <object_component id="oc-849">
         <name>.text:QueueP_empty</name>
         <load_address>0x4466</load_address>
         <run_address>0x4466</run_address>
         <size>0xe</size>
         <input_file_ref idref="fl-22"/>
      </object_component>
      <object_component id="oc-8b7">
         <name>.text:QueueP_remove</name>
         <load_address>0x4474</load_address>
         <run_address>0x4474</run_address>
         <size>0xe</size>
         <input_file_ref idref="fl-22"/>
      </object_component>
      <object_component id="oc-1e">
         <name>.text:decompress:none</name>
         <load_address>0x4482</load_address>
         <run_address>0x4482</run_address>
         <size>0xe</size>
         <input_file_ref idref="fl-e4"/>
      </object_component>
      <object_component id="oc-5cf">
         <name>.text:ClockP_doTick</name>
         <load_address>0x4490</load_address>
         <run_address>0x4490</run_address>
         <size>0xc</size>
         <input_file_ref idref="fl-1d"/>
      </object_component>
      <object_component id="oc-307">
         <name>.text:FsmNextState</name>
         <load_address>0x449c</load_address>
         <run_address>0x449c</run_address>
         <size>0xc</size>
         <input_file_ref idref="fl-13"/>
      </object_component>
      <object_component id="oc-68f">
         <name>.text:List_empty</name>
         <load_address>0x44a8</load_address>
         <run_address>0x44a8</run_address>
         <size>0xc</size>
         <input_file_ref idref="fl-18"/>
      </object_component>
      <object_component id="oc-6f">
         <name>.text:NOROM_CPUcpsid</name>
         <load_address>0x44b4</load_address>
         <run_address>0x44b4</run_address>
         <size>0xc</size>
         <input_file_ref idref="fl-25"/>
      </object_component>
      <object_component id="oc-1a2">
         <name>.text:NOROM_CPUcpsie</name>
         <load_address>0x44c0</load_address>
         <run_address>0x44c0</run_address>
         <size>0xc</size>
         <input_file_ref idref="fl-25"/>
      </object_component>
      <object_component id="oc-82a">
         <name>.text:NOROM_OSC_HPOSCRelativeFrequencyOffsetToRFCoreFormatConvert</name>
         <load_address>0x44cc</load_address>
         <run_address>0x44cc</run_address>
         <size>0xc</size>
         <input_file_ref idref="fl-29"/>
      </object_component>
      <object_component id="oc-801">
         <name>.text:PowerCC26XX_schedulerRestore</name>
         <load_address>0x44d8</load_address>
         <run_address>0x44d8</run_address>
         <size>0xc</size>
         <input_file_ref idref="fl-20"/>
      </object_component>
      <object_component id="oc-451">
         <name>.text:Power_getConstraintMask</name>
         <load_address>0x44e4</load_address>
         <run_address>0x44e4</run_address>
         <size>0xc</size>
         <input_file_ref idref="fl-15"/>
      </object_component>
      <object_component id="oc-807">
         <name>.text:Power_getDependencyCount</name>
         <load_address>0x44f0</load_address>
         <run_address>0x44f0</run_address>
         <size>0xc</size>
         <input_file_ref idref="fl-15"/>
      </object_component>
      <object_component id="oc-4ba">
         <name>.text:SwiP_getTrigger</name>
         <load_address>0x44fc</load_address>
         <run_address>0x44fc</run_address>
         <size>0xc</size>
         <input_file_ref idref="fl-1c"/>
      </object_component>
      <object_component id="oc-5c3">
         <name>.text:TimerP_getFreq</name>
         <load_address>0x4508</load_address>
         <run_address>0x4508</run_address>
         <size>0xc</size>
         <input_file_ref idref="fl-1e"/>
      </object_component>
      <object_component id="oc-24">
         <name>.text:decompress:ZI</name>
         <load_address>0x4514</load_address>
         <run_address>0x4514</run_address>
         <size>0xc</size>
         <input_file_ref idref="fl-e5"/>
      </object_component>
      <object_component id="oc-4f7">
         <name>.text:osalClearCtrlReadyInt</name>
         <load_address>0x4520</load_address>
         <run_address>0x4520</run_address>
         <size>0xc</size>
         <input_file_ref idref="fl-7"/>
      </object_component>
      <object_component id="oc-6e5">
         <name>.text:osalCtrlReadyIsr</name>
         <load_address>0x452c</load_address>
         <run_address>0x452c</run_address>
         <size>0xc</size>
         <input_file_ref idref="fl-7"/>
      </object_component>
      <object_component id="oc-851">
         <name>.text:osalDisableCtrlReadyInt</name>
         <load_address>0x4538</load_address>
         <run_address>0x4538</run_address>
         <size>0xc</size>
         <input_file_ref idref="fl-7"/>
      </object_component>
      <object_component id="oc-4f1">
         <name>.text:osalRegisterCtrlReadyInt</name>
         <load_address>0x4544</load_address>
         <run_address>0x4544</run_address>
         <size>0xc</size>
         <input_file_ref idref="fl-7"/>
      </object_component>
      <object_component id="oc-503">
         <name>.text:osalRegisterTaskAlertInt</name>
         <load_address>0x4550</load_address>
         <run_address>0x4550</run_address>
         <size>0xc</size>
         <input_file_ref idref="fl-7"/>
      </object_component>
      <object_component id="oc-6ee">
         <name>.text:osalTaskAlertIsr</name>
         <load_address>0x455c</load_address>
         <run_address>0x455c</run_address>
         <size>0xc</size>
         <input_file_ref idref="fl-7"/>
      </object_component>
      <object_component id="oc-704">
         <name>.text:osalUnlockCtrlTaskNbl</name>
         <load_address>0x4568</load_address>
         <run_address>0x4568</run_address>
         <size>0xc</size>
         <input_file_ref idref="fl-7"/>
      </object_component>
      <object_component id="oc-2c7">
         <name>.text:scifOsalRegisterCtrlReadyCallback</name>
         <load_address>0x4574</load_address>
         <run_address>0x4574</run_address>
         <size>0xc</size>
         <input_file_ref idref="fl-7"/>
      </object_component>
      <object_component id="oc-2cd">
         <name>.text:scifOsalRegisterTaskAlertCallback</name>
         <load_address>0x4580</load_address>
         <run_address>0x4580</run_address>
         <size>0xc</size>
         <input_file_ref idref="fl-7"/>
      </object_component>
      <object_component id="oc-301">
         <name>.text:HwiP_restore</name>
         <load_address>0x458c</load_address>
         <run_address>0x458c</run_address>
         <size>0x8</size>
         <input_file_ref idref="fl-1f"/>
      </object_component>
      <object_component id="oc-1bb">
         <name>.text:scifOsalLeaveCriticalSection</name>
         <load_address>0x4594</load_address>
         <run_address>0x4594</run_address>
         <size>0x8</size>
         <input_file_ref idref="fl-7"/>
      </object_component>
      <object_component id="oc-58d">
         <name>.text:ClockP_stop</name>
         <load_address>0x459c</load_address>
         <run_address>0x459c</run_address>
         <size>0x6</size>
         <input_file_ref idref="fl-1d"/>
      </object_component>
      <object_component id="oc-499">
         <name>.text:QueueP_init</name>
         <load_address>0x45a2</load_address>
         <run_address>0x45a2</run_address>
         <size>0x6</size>
         <input_file_ref idref="fl-22"/>
      </object_component>
      <object_component id="oc-349">
         <name>.text:clkInactivityFxn</name>
         <load_address>0x45a8</load_address>
         <run_address>0x45a8</run_address>
         <size>0x6</size>
         <input_file_ref idref="fl-13"/>
      </object_component>
      <object_component id="oc-2e5">
         <name>.text:scifStartTasksNbl</name>
         <load_address>0x45ae</load_address>
         <run_address>0x45ae</run_address>
         <size>0x6</size>
         <input_file_ref idref="fl-7"/>
      </object_component>
      <object_component id="oc-66f">
         <name>.text:CPUwfi</name>
         <load_address>0x45b4</load_address>
         <run_address>0x45b4</run_address>
         <size>0x4</size>
         <input_file_ref idref="fl-20"/>
      </object_component>
      <object_component id="oc-59a">
         <name>.text:ClockP_isActive</name>
         <load_address>0x45b8</load_address>
         <run_address>0x45b8</run_address>
         <size>0x4</size>
         <input_file_ref idref="fl-1d"/>
      </object_component>
      <object_component id="oc-231">
         <name>.text:ClockP_setTimeout</name>
         <load_address>0x45bc</load_address>
         <run_address>0x45bc</run_address>
         <size>0x4</size>
         <input_file_ref idref="fl-1d"/>
      </object_component>
      <object_component id="oc-147">
         <name>.text:HwiP_enable</name>
         <load_address>0x45c0</load_address>
         <run_address>0x45c0</run_address>
         <size>0x4</size>
         <input_file_ref idref="fl-1f"/>
      </object_component>
      <object_component id="oc-7bf">
         <name>.text:HwiP_post</name>
         <load_address>0x45c4</load_address>
         <run_address>0x45c4</run_address>
         <size>0x4</size>
         <input_file_ref idref="fl-1f"/>
      </object_component>
      <object_component id="oc-695">
         <name>.text:List_head</name>
         <load_address>0x45c8</load_address>
         <run_address>0x45c8</run_address>
         <size>0x4</size>
         <input_file_ref idref="fl-18"/>
      </object_component>
      <object_component id="oc-69b">
         <name>.text:List_next</name>
         <load_address>0x45cc</load_address>
         <run_address>0x45cc</run_address>
         <size>0x4</size>
         <input_file_ref idref="fl-18"/>
      </object_component>
      <object_component id="oc-75d">
         <name>.text:PowerCC26XX_switchXOSC_HF</name>
         <load_address>0x45d0</load_address>
         <run_address>0x45d0</run_address>
         <size>0x4</size>
         <input_file_ref idref="fl-15"/>
      </object_component>
      <object_component id="oc-57b">
         <name>.text:Q_peek</name>
         <load_address>0x45d4</load_address>
         <run_address>0x45d4</run_address>
         <size>0x4</size>
         <input_file_ref idref="fl-13"/>
      </object_component>
      <object_component id="oc-8a8">
         <name>.text:QueueP_head</name>
         <load_address>0x45d8</load_address>
         <run_address>0x45d8</run_address>
         <size>0x4</size>
         <input_file_ref idref="fl-22"/>
      </object_component>
      <object_component id="oc-8ae">
         <name>.text:QueueP_next</name>
         <load_address>0x45dc</load_address>
         <run_address>0x45dc</run_address>
         <size>0x4</size>
         <input_file_ref idref="fl-22"/>
      </object_component>
      <object_component id="oc-3f8">
         <name>.text:nopResourceHandler</name>
         <load_address>0x45e0</load_address>
         <run_address>0x45e0</run_address>
         <size>0x4</size>
         <input_file_ref idref="fl-15"/>
      </object_component>
      <object_component id="oc-390">
         <name>.text:rf_patch_cpe_ble</name>
         <load_address>0x45e4</load_address>
         <run_address>0x45e4</run_address>
         <size>0x4</size>
         <input_file_ref idref="fl-a"/>
      </object_component>
      <object_component id="oc-c1">
         <name>.text</name>
         <load_address>0x45e8</load_address>
         <run_address>0x45e8</run_address>
         <size>0x4</size>
         <input_file_ref idref="fl-ec"/>
      </object_component>
      <object_component id="oc-3d">
         <name>.text:faultISR</name>
         <load_address>0x45ec</load_address>
         <run_address>0x45ec</run_address>
         <size>0x2</size>
         <input_file_ref idref="fl-21"/>
      </object_component>
      <object_component id="oc-43">
         <name>.text:intDefaultHandler</name>
         <load_address>0x45ee</load_address>
         <run_address>0x45ee</run_address>
         <size>0x2</size>
         <input_file_ref idref="fl-21"/>
      </object_component>
      <object_component id="oc-37">
         <name>.text:nmiISR</name>
         <load_address>0x45f0</load_address>
         <run_address>0x45f0</run_address>
         <size>0x2</size>
         <input_file_ref idref="fl-21"/>
      </object_component>
      <object_component id="oc-bb">
         <name>.text</name>
         <load_address>0x45f2</load_address>
         <run_address>0x45f2</run_address>
         <size>0x2</size>
         <input_file_ref idref="fl-eb"/>
      </object_component>
      <object_component id="oc-103">
         <name>.text</name>
         <load_address>0x45f4</load_address>
         <run_address>0x45f4</run_address>
         <size>0x2</size>
         <input_file_ref idref="fl-f3"/>
      </object_component>
      <object_component id="oc-538">
         <name>.const:pAuxRamImage</name>
         <load_address>0x45f8</load_address>
         <run_address>0x45f8</run_address>
         <size>0x252</size>
         <input_file_ref idref="fl-9"/>
      </object_component>
      <object_component id="oc-7d6">
         <name>.const:patchImageBle</name>
         <load_address>0x484c</load_address>
         <run_address>0x484c</run_address>
         <size>0x9c</size>
         <input_file_ref idref="fl-a"/>
      </object_component>
      <object_component id="oc-6bf">
         <name>.const:$O1$$</name>
         <load_address>0x48e8</load_address>
         <run_address>0x48e8</run_address>
         <size>0x68</size>
         <input_file_ref idref="fl-27"/>
      </object_component>
      <object_component id="oc-46a">
         <name>.const:resourceDB</name>
         <load_address>0x4950</load_address>
         <run_address>0x4950</run_address>
         <size>0x4c</size>
         <input_file_ref idref="fl-15"/>
      </object_component>
      <object_component id="oc-2f7">
         <name>.const:scifTsop38140DriverSetup</name>
         <load_address>0x499c</load_address>
         <run_address>0x499c</run_address>
         <size>0x30</size>
         <input_file_ref idref="fl-9"/>
      </object_component>
      <object_component id="oc-2c1">
         <name>.const:RF_defaultParams</name>
         <load_address>0x49cc</load_address>
         <run_address>0x49cc</run_address>
         <size>0x1c</size>
         <input_file_ref idref="fl-13"/>
      </object_component>
      <object_component id="oc-23d">
         <name>.const:PowerCC26XX_config</name>
         <load_address>0x49e8</load_address>
         <run_address>0x49e8</run_address>
         <size>0x18</size>
         <input_file_ref idref="fl-2"/>
      </object_component>
      <object_component id="oc-53e">
         <name>.const:.string:pAuxIoIndexToMcuIocfgOffsetLut</name>
         <load_address>0x4a00</load_address>
         <run_address>0x4a00</run_address>
         <size>0x10</size>
         <input_file_ref idref="fl-9"/>
      </object_component>
      <object_component id="oc-493">
         <name>.const:SwiP_defaultParams</name>
         <load_address>0x4a10</load_address>
         <run_address>0x4a10</run_address>
         <size>0x10</size>
         <input_file_ref idref="fl-1c"/>
      </object_component>
      <object_component id="oc-53b">
         <name>.const:pScifTaskDataStructInfoLut</name>
         <load_address>0x4a20</load_address>
         <run_address>0x4a20</run_address>
         <size>0x10</size>
         <input_file_ref idref="fl-9"/>
      </object_component>
      <object_component id="oc-29b">
         <name>.const:PINCC26XX_hwAttrs</name>
         <load_address>0x4a30</load_address>
         <run_address>0x4a30</run_address>
         <size>0x8</size>
         <input_file_ref idref="fl-2"/>
      </object_component>
      <object_component id="oc-19e">
         <name>.const:BoardGpioInitTable</name>
         <load_address>0x4a38</load_address>
         <run_address>0x4a38</run_address>
         <size>0x4</size>
         <input_file_ref idref="fl-2"/>
      </object_component>
      <object_component id="oc-316">
         <name>.const:RFCC26XX_hwAttrs</name>
         <load_address>0x4a3c</load_address>
         <run_address>0x4a3c</run_address>
         <size>0x4</size>
         <input_file_ref idref="fl-2"/>
      </object_component>
      <object_component id="oc-944">
         <name>.cinit..data.load</name>
         <load_address>0x4a48</load_address>
         <run_address>0x4a48</run_address>
         <size>0xdc</size>
      </object_component>
      <object_component id="oc-941">
         <name>__TI_handler_table</name>
         <load_address>0x4b24</load_address>
         <run_address>0x4b24</run_address>
         <size>0xc</size>
      </object_component>
      <object_component id="oc-945">
         <name>.cinit..bss.load</name>
         <load_address>0x4b30</load_address>
         <run_address>0x4b30</run_address>
         <size>0x8</size>
      </object_component>
      <object_component id="oc-943">
         <name>.cinit..vtable_ram.load</name>
         <load_address>0x4b38</load_address>
         <run_address>0x4b38</run_address>
         <size>0x8</size>
      </object_component>
      <object_component id="oc-942">
         <name>__TI_cinit_table</name>
         <load_address>0x4b40</load_address>
         <run_address>0x4b40</run_address>
         <size>0x18</size>
      </object_component>
      <object_component id="oc-30">
         <name>.ccfg:retain</name>
         <load_address>0x1ffa8</load_address>
         <run_address>0x1ffa8</run_address>
         <size>0x58</size>
         <input_file_ref idref="fl-5"/>
      </object_component>
      <object_component id="oc-6b9">
         <name>.vtable_ram</name>
         <uninitialized>true</uninitialized>
         <run_address>0x20000b00</run_address>
         <size>0xc8</size>
         <input_file_ref idref="fl-27"/>
      </object_component>
      <object_component id="oc-1e2">
         <name>.data</name>
         <load_address>0x200005cb</load_address>
         <run_address>0x200005cb</run_address>
         <size>0x3</size>
         <input_file_ref idref="fl-4"/>
      </object_component>
[...]
         <object_component_ref idref="oc-6d4"/>
      </symbol>
      <symbol id="sm-ac2">
         <name>ClockP_doTick</name>
         <value>0x4491</value>
         <object_component_ref idref="oc-5cf"/>
      </symbol>
      <symbol id="sm-ac3">
         <name>ClockP_setTimeout</name>
         <value>0x45bd</value>
         <object_component_ref idref="oc-231"/>
      </symbol>
      <symbol id="sm-ac4">
         <name>ClockP_getTimeout</name>
         <value>0x412d</value>
         <object_component_ref idref="oc-5a0"/>
      </symbol>
      <symbol id="sm-ac5">
         <name>ClockP_startup</name>
         <value>0x258d</value>
         <object_component_ref idref="oc-35c"/>
      </symbol>
      <symbol id="sm-ac6">
         <name>ClockP_stop</name>
         <value>0x459d</value>
         <object_component_ref idref="oc-58d"/>
      </symbol>
      <symbol id="sm-ac7">
         <name>ClockP_construct</name>
         <value>0x35b9</value>
         <object_component_ref idref="oc-21f"/>
      </symbol>
      <symbol id="sm-ac8">
         <name>ClockP_scheduleNextTick</name>
         <value>0x3db9</value>
         <object_component_ref idref="oc-42f"/>
      </symbol>
      <symbol id="sm-ac9">
         <name>ClockP_getTicksUntilInterrupt</name>
         <value>0x3935</value>
         <object_component_ref idref="oc-65d"/>
      </symbol>
      <symbol id="sm-aca">
         <name>ClockP_tickPeriod</name>
         <value>0x200003c4</value>
         <object_component_ref idref="oc-183"/>
      </symbol>
      <symbol id="sm-acb">
         <name>ClockP_Params_init</name>
         <value>0x4319</value>
         <object_component_ref idref="oc-219"/>
      </symbol>
      <symbol id="sm-acc">
         <name>ClockP_usleep</name>
         <value>0x3101</value>
         <object_component_ref idref="oc-1c1"/>
      </symbol>
      <symbol id="sm-acd">
         <name>ClockP_workFuncDynamic</name>
         <value>0x22f9</value>
         <object_component_ref idref="oc-5c9"/>
      </symbol>
      <symbol id="sm-ace">
         <name>ClockP_walkQueueDynamic</name>
         <value>0x2b01</value>
         <object_component_ref idref="oc-795"/>
      </symbol>
      <symbol id="sm-acf">
         <name>ClockP_destruct</name>
         <value>0x4115</value>
         <object_component_ref idref="oc-7a9"/>
      </symbol>
      <symbol id="sm-ad0">
         <name>ClockP_start</name>
         <value>0x290d</value>
         <object_component_ref idref="oc-237"/>
      </symbol>
      <symbol id="sm-ad1">
         <name>ClockP_isActive</name>
         <value>0x45b9</value>
         <object_component_ref idref="oc-59a"/>
      </symbol>
      <symbol id="sm-ad2">
         <name>ClockP_getTicks</name>
         <value>0x3d95</value>
         <object_component_ref idref="oc-435"/>
      </symbol>
      <symbol id="sm-ad3">
         <name>ClockP_add</name>
         <value>0x3f65</value>
         <object_component_ref idref="oc-79d"/>
      </symbol>
      <symbol id="sm-b67">
         <name>TimerP_setNextTick</name>
         <value>0x3aa1</value>
         <object_component_ref idref="oc-64f"/>
      </symbol>
      <symbol id="sm-b68">
         <name>TimerP_getCurrentTick</name>
         <value>0x3b35</value>
         <object_component_ref idref="oc-429"/>
      </symbol>
      <symbol id="sm-b69">
         <name>TimerP_getCount64</name>
         <value>0x43b9</value>
         <object_component_ref idref="oc-362"/>
      </symbol>
      <symbol id="sm-b6a">
         <name>TimerP_setThreshold</name>
         <value>0x384d</value>
         <object_component_ref idref="oc-7f1"/>
      </symbol>
      <symbol id="sm-b6b">
         <name>TimerP_dynamicStub</name>
         <value>0x408d</value>
         <object_component_ref idref="oc-78c"/>
      </symbol>
      <symbol id="sm-b6c">
         <name>TimerP_getMaxTicks</name>
         <value>0x3e91</value>
         <object_component_ref idref="oc-5bd"/>
      </symbol>
      <symbol id="sm-b6d">
         <name>TimerP_construct</name>
         <value>0x219d</value>
         <object_component_ref idref="oc-5b7"/>
      </symbol>
      <symbol id="sm-b6e">
         <name>TimerP_getFreq</name>
         <value>0x4509</value>
         <object_component_ref idref="oc-5c3"/>
      </symbol>
      <symbol id="sm-b6f">
         <name>TimerP_initDevice</name>
         <value>0x39d1</value>
         <object_component_ref idref="oc-780"/>
      </symbol>
      <symbol id="sm-b70">
         <name>TimerP_startup</name>
         <value>0x42a1</value>
         <object_component_ref idref="oc-786"/>
      </symbol>
      <symbol id="sm-b71">
         <name>TimerP_start</name>
         <value>0x2cc9</value>
         <object_component_ref idref="oc-8a0"/>
      </symbol>
      <symbol id="sm-b72">
         <name>TimerP_Params_init</name>
         <value>0x43a9</value>
         <object_component_ref idref="oc-5b1"/>
      </symbol>
      <symbol id="sm-bea">
         <name>HwiP_construct</name>
         <value>0x2be9</value>
         <object_component_ref idref="oc-286"/>
      </symbol>
      <symbol id="sm-beb">
         <name>HwiP_inISR</name>
         <value>0x4145</value>
         <object_component_ref idref="oc-7c9"/>
      </symbol>
      <symbol id="sm-bec">
         <name>HwiP_swiPIntNum</name>
         <value>0x20000004</value>
         <object_component_ref idref="oc-186"/>
      </symbol>
      <symbol id="sm-bed">
         <name>HwiP_Params_init</name>
         <value>0x4305</value>
         <object_component_ref idref="oc-280"/>
      </symbol>
      <symbol id="sm-bee">
         <name>HwiP_disable</name>
         <value>0x4329</value>
         <object_component_ref idref="oc-18b"/>
      </symbol>
      <symbol id="sm-bef">
         <name>HwiP_enableInterrupt</name>
         <value>0x4339</value>
         <object_component_ref idref="oc-581"/>
      </symbol>
      <symbol id="sm-bf0">
         <name>HwiP_setFunc</name>
         <value>0x3e01</value>
         <object_component_ref idref="oc-880"/>
      </symbol>
      <symbol id="sm-bf1">
         <name>HwiP_post</name>
         <value>0x45c5</value>
         <object_component_ref idref="oc-7bf"/>
      </symbol>
      <symbol id="sm-bf2">
         <name>HwiP_enable</name>
         <value>0x45c1</value>
         <object_component_ref idref="oc-147"/>
      </symbol>
      <symbol id="sm-bf3">
         <name>HwiP_restore</name>
         <value>0x458d</value>
         <object_component_ref idref="oc-301"/>
      </symbol>
      <symbol id="sm-c2f">
         <name>PowerCC26XX_schedulerDisable</name>
         <value>0x4369</value>
         <object_component_ref idref="oc-7fb"/>
      </symbol>
      <symbol id="sm-c30">
         <name>PowerCC26XX_schedulerRestore</name>
         <value>0x44d9</value>
         <object_component_ref idref="oc-801"/>
      </symbol>
      <symbol id="sm-c31">
         <name>PowerCC26XX_standbyPolicy</name>
         <value>0x1825</value>
         <object_component_ref idref="oc-43c"/>
      </symbol>
      <symbol id="sm-c62">
         <name>resetISR</name>
         <value>0x42c9</value>
         <object_component_ref idref="oc-2a"/>
      </symbol>
      <symbol id="sm-c63">
         <name>g_pfnVectors</name>
         <value>0x0</value>
         <object_component_ref idref="oc-15"/>
      </symbol>
      <symbol id="sm-ca0">
         <name>QueueP_next</name>
         <value>0x45dd</value>
         <object_component_ref idref="oc-8ae"/>
      </symbol>
      <symbol id="sm-ca1">
         <name>QueueP_put</name>
         <value>0x4039</value>
         <object_component_ref idref="oc-41e"/>
      </symbol>
      <symbol id="sm-ca2">
         <name>QueueP_remove</name>
         <value>0x4475</value>
         <object_component_ref idref="oc-8b7"/>
      </symbol>
      <symbol id="sm-ca3">
         <name>QueueP_head</name>
         <value>0x45d9</value>
         <object_component_ref idref="oc-8a8"/>
      </symbol>
      <symbol id="sm-ca4">
         <name>QueueP_init</name>
         <value>0x45a3</value>
         <object_component_ref idref="oc-499"/>
      </symbol>
      <symbol id="sm-ca5">
         <name>QueueP_empty</name>
         <value>0x4467</value>
         <object_component_ref idref="oc-849"/>
      </symbol>
      <symbol id="sm-ca6">
         <name>QueueP_get</name>
         <value>0x40e1</value>
         <object_component_ref idref="oc-843"/>
      </symbol>
      <symbol id="sm-cb8">
         <name>SafeHapiVoid</name>
         <value>0x3d1d</value>
         <object_component_ref idref="oc-6a3"/>
      </symbol>
      <symbol id="sm-ce4">
         <name>NOROM_ChipInfo_GetChipType</name>
         <value>0x3ca5</value>
         <object_component_ref idref="oc-256"/>
      </symbol>
      <symbol id="sm-ce5">
         <name>NOROM_ChipInfo_GetChipFamily</name>
         <value>0x3bf5</value>
         <object_component_ref idref="oc-f2"/>
      </symbol>
      <symbol id="sm-ce6">
         <name>NOROM_ChipInfo_GetPackageType</name>
         <value>0x415d</value>
         <object_component_ref idref="oc-25c"/>
      </symbol>
      <symbol id="sm-ce7">
         <name>NOROM_ThisLibraryIsFor_CC26x0R2_HaltIfViolated</name>
         <value>0x4459</value>
         <object_component_ref idref="oc-ae"/>
      </symbol>
      <symbol id="sm-cf9">
         <name>NOROM_CPUcpsie</name>
         <value>0x44c1</value>
         <object_component_ref idref="oc-1a2"/>
      </symbol>
      <symbol id="sm-cfa">
         <name>NOROM_CPUcpsid</name>
         <value>0x44b5</value>
         <object_component_ref idref="oc-6f"/>
      </symbol>
      <symbol id="sm-d00">
         <name>driverlib_release_0_49664</name>
         <value>0x200009cd</value>
      </symbol>
      <symbol id="sm-d3b">
         <name>NOROM_IntPrioritySet</name>
         <value>0x3e25</value>
         <object_component_ref idref="oc-486"/>
      </symbol>
      <symbol id="sm-d3c">
         <name>NOROM_IntPendSet</name>
         <value>0x34d5</value>
         <object_component_ref idref="oc-8c8"/>
      </symbol>
      <symbol id="sm-d3d">
         <name>NOROM_IntRegister</name>
         <value>0x3969</value>
         <object_component_ref idref="oc-480"/>
      </symbol>
      <symbol id="sm-d3e">
         <name>g_pfnRAMVectors</name>
         <value>0x20000b00</value>
         <object_component_ref idref="oc-6b9"/>
      </symbol>
      <symbol id="sm-d4d">
         <name>NOROM_IOCIODrvStrengthSet</name>
         <value>0x4175</value>
         <object_component_ref idref="oc-2d9"/>
      </symbol>
      <symbol id="sm-d93">
         <name>NOROM_OSCHF_TurnOnXosc</name>
         <value>0x3e49</value>
         <object_component_ref idref="oc-62b"/>
      </symbol>
      <symbol id="sm-d94">
         <name>NOROM_OSC_HPOSCRelativeFrequencyOffsetToRFCoreFormatConvert</name>
         <value>0x44cd</value>
         <object_component_ref idref="oc-82a"/>
      </symbol>
      <symbol id="sm-d95">
         <name>NOROM_OSCHF_AttemptToSwitchToXosc</name>
         <value>0x2e19</value>
         <object_component_ref idref="oc-457"/>
      </symbol>
      <symbol id="sm-d96">
         <name>NOROM_OSCHF_SwitchToRcOscTurnOffXosc</name>
         <value>0x3649</value>
         <object_component_ref idref="oc-631"/>
      </symbol>
      <symbol id="sm-d97">
         <name>NOROM_OSC_HPOSCRelativeFrequencyOffsetGet</name>
         <value>0x37d5</value>
         <object_component_ref idref="oc-824"/>
      </symbol>
      <symbol id="sm-df5">
         <name>NOROM_RFCDoorbellSendTo</name>
         <value>0x3e6d</value>
         <object_component_ref idref="oc-73f"/>
      </symbol>
      <symbol id="sm-df6">
         <name>NOROM_RFCAdi3VcoLdoVoltageMode</name>
         <value>0x2aff</value>
         <object_component_ref idref="oc-745"/>
      </symbol>
      <symbol id="sm-df7">
         <name>NOROM_RFCSynthPowerDown</name>
         <value>0x3811</value>
         <object_component_ref idref="oc-886"/>
      </symbol>
      <symbol id="sm-df8">
         <name>NOROM_RFCOverrideUpdate</name>
         <value>0x2b75</value>
         <object_component_ref idref="oc-2fb"/>
      </symbol>
      <symbol id="sm-df9">
         <name>NOROM_RFCRfTrimSet</name>
         <value>0x4349</value>
         <object_component_ref idref="oc-751"/>
      </symbol>
      <symbol id="sm-dfa">
         <name>NOROM_RFCRfTrimRead</name>
         <value>0x3f85</value>
         <object_component_ref idref="oc-74b"/>
      </symbol>
      <symbol id="sm-dfb">
         <name>NOROM_RFCCpeIntGetAndClear</name>
         <value>0x418d</value>
         <object_component_ref idref="oc-55f"/>
      </symbol>
      <symbol id="sm-dfc">
         <name>NOROM_RFCHWIntGetAndClear</name>
         <value>0x41a5</value>
         <object_component_ref idref="oc-573"/>
      </symbol>
      <symbol id="sm-e2c">
         <name>NOROM_SetupTrimDevice</name>
         <value>0x224d</value>
         <object_component_ref idref="oc-75"/>
      </symbol>
      <symbol id="sm-e7d">
         <name>NOROM_SysCtrl_DCDC_VoltageConditionalControl</name>
         <value>0x2fc9</value>
         <object_component_ref idref="oc-657"/>
      </symbol>
      <symbol id="sm-e7e">
         <name>NOROM_SysCtrlAdjustRechargeAfterPowerDown</name>
         <value>0x2c59</value>
         <object_component_ref idref="oc-813"/>
      </symbol>
      <symbol id="sm-e7f">
         <name>NOROM_SysCtrlSetRechargeBeforePowerDown</name>
         <value>0x931</value>
         <object_component_ref idref="oc-80d"/>
      </symbol>
      <symbol id="sm-e8f">
         <name>_c_int00</name>
         <value>0x3795</value>
         <object_component_ref idref="oc-7b"/>
      </symbol>
      <symbol id="sm-e90">
         <name>__stack</name>
         <value>0x20004c00</value>
         <object_component_ref idref="oc-33"/>
      </symbol>
      <symbol id="sm-eae">
         <name>__TI_decompress_lzss</name>
         <value>0x3099</value>
         <object_component_ref idref="oc-18"/>
      </symbol>
      <symbol id="sm-ec5">
         <name>__TI_decompress_none</name>
         <value>0x4483</value>
         <object_component_ref idref="oc-1e"/>
      </symbol>
      <symbol id="sm-ed7">
         <name>__TI_zero_init</name>
         <value>0x4515</value>
         <object_component_ref idref="oc-24"/>
      </symbol>
      <symbol id="sm-ef8">
         <name>C$$EXIT</name>
         <value>0x3431</value>
         <object_component_ref idref="oc-d3"/>
      </symbol>
      <symbol id="sm-ef9">
         <name>abort</name>
         <value>0x3435</value>
         <object_component_ref idref="oc-d3"/>
      </symbol>
      <symbol id="sm-efa">
         <name>exit</name>
         <value>0x343d</value>
         <object_component_ref idref="oc-d3"/>
      </symbol>
      <symbol id="sm-efb">
         <name>__TI_dtors_ptr</name>
         <value>0x20000598</value>
         <object_component_ref idref="oc-113"/>
      </symbol>
      <symbol id="sm-efc">
         <name>__TI_cleanup_ptr</name>
         <value>0x20000594</value>
         <object_component_ref idref="oc-113"/>
      </symbol>
      <symbol id="sm-efd">
         <name>__TI_enable_exit_profile_output</name>
         <value>0x2000059c</value>
         <object_component_ref idref="oc-113"/>
      </symbol>
      <symbol id="sm-f06">
         <name>__aeabi_lmul</name>
         <value>0x421d</value>
         <object_component_ref idref="oc-647"/>
      </symbol>
      <symbol id="sm-f21">
         <name>memcpy</name>
         <value>0x2629</value>
         <object_component_ref idref="oc-57"/>
      </symbol>
      <symbol id="sm-f22">
         <name>__aeabi_memcpy</name>
         <value>0x2629</value>
         <object_component_ref idref="oc-57"/>
      </symbol>
      <symbol id="sm-f23">
         <name>__aeabi_memcpy8</name>
         <value>0x2629</value>
         <object_component_ref idref="oc-57"/>
      </symbol>
      <symbol id="sm-f24">
         <name>__aeabi_memcpy4</name>
         <value>0x2629</value>
         <object_component_ref idref="oc-57"/>
      </symbol>
      <symbol id="sm-f39">
         <name>_sys_memory</name>
         <value>0x200009f0</value>
         <object_component_ref idref="oc-34"/>
      </symbol>
      <symbol id="sm-f48">
         <name>__aeabi_memset</name>
         <value>0x2a87</value>
         <object_component_ref idref="oc-63"/>
      </symbol>
      <symbol id="sm-f49">
         <name>memset</name>
         <value>0x2a8d</value>
         <object_component_ref idref="oc-63"/>
      </symbol>
      <symbol id="sm-f4a">
         <name>__aeabi_memset8</name>
         <value>0x2a87</value>
         <object_component_ref idref="oc-63"/>
      </symbol>
      <symbol id="sm-f4b">
         <name>__aeabi_memset4</name>
         <value>0x2a87</value>
         <object_component_ref idref="oc-63"/>
      </symbol>
      <symbol id="sm-f4c">
         <name>__aeabi_memclr8</name>
         <value>0x2a85</value>
         <object_component_ref idref="oc-63"/>
      </symbol>
      <symbol id="sm-f4d">
         <name>__aeabi_memclr4</name>
         <value>0x2a85</value>
         <object_component_ref idref="oc-63"/>
      </symbol>
      <symbol id="sm-f4e">
         <name>__aeabi_memclr</name>
         <value>0x2a85</value>
         <object_component_ref idref="oc-63"/>
      </symbol>
      <symbol id="sm-f58">
         <name>__mpu_init</name>
         <value>0x45f3</value>
         <object_component_ref idref="oc-bb"/>
      </symbol>
      <symbol id="sm-f62">
         <name>_system_pre_init</name>
         <value>0x45e9</value>
         <object_component_ref idref="oc-c1"/>
      </symbol>
      <symbol id="sm-f6a">
         <name>main_func_sp</name>
         <value>0x200005b4</value>
         <object_component_ref idref="oc-d9"/>
      </symbol>
      <symbol id="sm-f86">
         <name>__aeabi_uldivmod</name>
         <value>0xb3d</value>
         <object_component_ref idref="oc-642"/>
      </symbol>
      <symbol id="sm-f9f">
         <name>_nop</name>
         <value>0x42eb</value>
         <object_component_ref idref="oc-168"/>
      </symbol>
      <symbol id="sm-fa0">
         <name>_lock</name>
         <value>0x200005ac</value>
         <object_component_ref idref="oc-116"/>
      </symbol>
      <symbol id="sm-fa1">
         <name>_unlock</name>
         <value>0x200005b0</value>
         <object_component_ref idref="oc-116"/>
      </symbol>
      <symbol id="sm-fa2">
         <name>_register_lock</name>
         <value>0x42e3</value>
         <object_component_ref idref="oc-168"/>
      </symbol>
      <symbol id="sm-fa3">
         <name>_register_unlock</name>
         <value>0x42dd</value>
         <object_component_ref idref="oc-168"/>
      </symbol>
      <symbol id="sm-fb7">
         <name>_args_main</name>
         <value>0x4205</value>
         <object_component_ref idref="oc-cd"/>
      </symbol>
      <symbol id="sm-fe1">
         <name>__TI_auto_init</name>
         <value>0x2da9</value>
         <object_component_ref idref="oc-c7"/>
      </symbol>
      <symbol id="sm-ffb">
         <name>copy_in</name>
         <value>0x356d</value>
         <object_component_ref idref="oc-fd"/>
      </symbol>
      <symbol id="sm-1005">
         <name>_system_post_cinit</name>
         <value>0x45f5</value>
         <object_component_ref idref="oc-103"/>
      </symbol>
      <symbol id="sm-1006">
         <name>__TI_static_base__</name>
         <value>0x0</value>
      </symbol>
      <symbol id="sm-1009">
         <name>SHT$$INIT_ARRAY$$Limit</name>
         <value>0x0</value>
      </symbol>
      <symbol id="sm-100a">
         <name>SHT$$INIT_ARRAY$$Base</name>
         <value>0x0</value>
      </symbol>
      <symbol id="sm-100b">
         <name>usleep</name>
         <value>0x3101</value>
      </symbol>
      <symbol id="sm-100c">
         <name>NoRTOS_start</name>
         <value>0x45c1</value>
      </symbol>
   </symbol_table>
   <title>Link successful</title>
</link_info>
