******************************************************************************
                  TI ARM Linker PC v16.9.6                     
******************************************************************************
>> Linked Tue Dec 12 08:30:48 2017

OUTPUT FILE NAME:   <ir_nortos_ccs.out>
ENTRY POINT SYMBOL: "resetISR"  address: 000042c9


MEMORY CONFIGURATION

         name            origin    length      used     unused   attr    fill
----------------------  --------  ---------  --------  --------  ----  --------
  FLASH                 00000000   00020000  00004bae  0001b452  R  X
  SRAM                  20000000   00005000  00000fb3  0000404d  RW X


SEGMENT ALLOCATION MAP

run origin  load origin   length   init length attrs members
----------  ----------- ---------- ----------- ----- -------
00000000    00000000    00004a40   00004a40    r-x
  00000000    00000000    000000c8   000000c8    r-- .intvecs
  000000c8    000000c8    0000452e   0000452e    r-x .text
  000045f8    000045f8    00000448   00000448    r-- .const
00004a40    00004a40    00000008   00000008    rw-
  00004a40    00004a40    00000008   00000008    rw- .args
00004a48    00004a48    00000110   00000110    r--
  00004a48    00004a48    00000110   00000110    r-- .cinit
0001ffa8    0001ffa8    00000058   00000058    r--
  0001ffa8    0001ffa8    00000058   00000058    r-- .ccfg
20000000    20000000    00000af0   00000000    rw-
  20000000    20000000    000005cf   00000000    rw- .data
  200005d0    200005d0    0000041c   00000000    rw- .bss
  200009f0    200009f0    00000100   00000000    rw- .sysmem
20000b00    20000b00    000000c8   00000000    rw-
  20000b00    20000b00    000000c8   00000000    rw- .vtable_ram
20004c00    20004c00    00000400   00000000    rw-
  20004c00    20004c00    00000400   00000000    rw- .stack


SECTION ALLOCATION MAP

 output                                  attributes/
section   page    origin      length       input sections
--------  ----  ----------  ----------   ----------------
.intvecs   0    00000000    000000c8     
                  00000000    000000c8     nortos_cc26x0r2.aem3 : startup_cc13xx_cc26xx_ccs.oem3 (.intvecs)

.text      0    000000c8    0000452e     
                  000000c8    00000314     drivers_cc26x0r2.aem3 : PowerCC26XX_calibrateRCOSC.oem3 (.text:PowerCC26XX_auxISR)
                  000003dc    00000310     rf_singleMode_cc26x0r2.aem3 : RFCC26XX_singleMode.oem3 (.text:fsmActiveState)
                  000006ec    00000244     drivers_cc26x0r2.aem3 : PowerCC26XX.oem3 (.text:Power_sleep)
                  00000930    0000020c     driverlib.lib : sys_ctrl.obj (.text:NOROM_SysCtrlSetRechargeBeforePowerDown)
                  00000b3c    000001f4     rtsv7M3_T_le_eabi.lib : ull_div_t2.obj (.text)
                  00000d30    000001c4     rf_singleMode_cc26x0r2.aem3 : RFCC26XX_singleMode.oem3 (.text:fsmSetupState)
                  00000ef4    000001bc     drivers_cc26x0r2.aem3 : PINCC26XX.oem3 (.text:PIN_init)
                  000010b0    000001b0     rf_singleMode_cc26x0r2.aem3 : RFCC26XX_singleMode.oem3 (.text:RF_open)
                  00001260    000001b0                                 : RFCC26XX_singleMode.oem3 (.text:hwiFxnCpe0Active)
                  00001410    00000190     drivers_cc26x0r2.aem3 : PowerCC26XX_calibrateRCOSC.oem3 (.text:PowerCC26XX_doCalibrate)
                  000015a0    00000158     beacon_nortos.obj (.text:mainThread)
                  000016f8    0000012c     drivers_cc26x0r2.aem3 : PowerCC26XX.oem3 (.text:Power_init)
                  00001824    00000104     nortos_cc26x0r2.aem3 : PowerCC26XX_nortos.oem3 (.text:PowerCC26XX_standbyPolicy)
                  00001928    00000100     rf_singleMode_cc26x0r2.aem3 : RFCC26XX_singleMode.oem3 (.text:radioOpDoneCb)
                  00001a28    000000f8                                 : RFCC26XX_singleMode.oem3 (.text:RF_postCmd)
                  00001b20    000000ec                                 : RFCC26XX_singleMode.oem3 (.text:RF_pendCmd)
                  00001c0c    000000ec                                 : RFCC26XX_singleMode.oem3 (.text:fsmPowerUpState)
                  00001cf8    000000dc     drivers_cc26x0r2.aem3 : PINCC26XX.oem3 (.text:PINCC26XX_setIoCfg)
                  00001dd4    000000d8     nortos_cc26x0r2.aem3 : SwiP_nortos.oem3 (.text:SwiP_construct)
                  00001eac    000000c8     scif_framework.obj (.text:scifInit)
                  00001f74    000000bc     drivers_cc26x0r2.aem3 : PowerCC26XX.oem3 (.text:Power_releaseDependency)
                  00002030    000000b8     TSOP38140.obj (.text:tsop38140Start)
                  000020e8    000000b4     drivers_cc26x0r2.aem3 : PowerCC26XX.oem3 (.text:Power_setDependency)
                  0000219c    000000b0     nortos_cc26x0r2.aem3 : TimerPCC26XX_nortos.oem3 (.text:TimerP_construct)
                  0000224c    000000ac     driverlib.lib : setup.obj (.text:NOROM_SetupTrimDevice)
                  000022f8    000000a8     nortos_cc26x0r2.aem3 : ClockPTimer_nortos.oem3 (.text:ClockP_workFuncDynamic)
                  000023a0    000000a8     rf_singleMode_cc26x0r2.aem3 : RFCC26XX_singleMode.oem3 (.text:swiFxnHw)
                  00002448    000000a4     drivers_cc26x0r2.aem3 : PowerCC26XX.oem3 (.text:switchXOSCHFclockFunc)
                  000024ec    000000a0     nortos_cc26x0r2.aem3 : SwiP_nortos.oem3 (.text:SwiP_dispatch)
                  0000258c    0000009c                          : ClockPTimer_nortos.oem3 (.text:ClockP_startup)
                  00002628    0000009c     rtsv7M3_T_le_eabi.lib : memcpy_t2.obj (.text)
                  000026c4    00000098     nortos_cc26x0r2.aem3 : SemaphoreP_nortos.oem3 (.text:SemaphoreP_pend)
                  0000275c    00000098     scif_framework.obj (.text:scifCtrlTasksNbl)
                  000027f4    0000008c     driverlib.lib : setup.obj (.text:TrimAfterColdResetWakeupFromShutDown)
                  00002880    0000008c     rf_singleMode_cc26x0r2.aem3 : RFCC26XX_singleMode.oem3 (.text:ratFreeChannel)
                  0000290c    00000080     nortos_cc26x0r2.aem3 : ClockPTimer_nortos.oem3 (.text:ClockP_start)
                  0000298c    0000007c     rf_singleMode_cc26x0r2.aem3 : RFCC26XX_singleMode.oem3 (.text:hwiFxnHw)
                  00002a08    0000007c                                 : RFCC26XX_singleMode.oem3 (.text:rfReleaseConstraint)
                  00002a84    0000007a     rtsv7M3_T_le_eabi.lib : memset_t2.obj (.text)
                  00002afe    00000002     driverlib.lib : rfc.obj (.text:NOROM_RFCAdi3VcoLdoVoltageMode)
                  00002b00    00000074     nortos_cc26x0r2.aem3 : ClockPTimer_nortos.oem3 (.text:ClockP_walkQueueDynamic)
                  00002b74    00000074     driverlib.lib : rfc.obj (.text:NOROM_RFCOverrideUpdate)
                  00002be8    00000070     nortos_cc26x0r2.aem3 : HwiPCC26XX_nortos.oem3 (.text:HwiP_construct)
                  00002c58    00000070     driverlib.lib : sys_ctrl.obj (.text:NOROM_SysCtrlAdjustRechargeAfterPowerDown)
                  00002cc8    00000070     nortos_cc26x0r2.aem3 : TimerPCC26XX_nortos.oem3 (.text:TimerP_start)
                  00002d38    00000070     drivers_cc26x0r2.aem3 : PowerCC26XX.oem3 (.text:lfClockReadyCallback)
                  00002da8    00000070     rtsv7M3_T_le_eabi.lib : autoinit.obj (.text)
                  00002e18    0000006c     driverlib.lib : osc.obj (.text:NOROM_OSCHF_AttemptToSwitchToXosc)
                  00002e84    0000006c     drivers_cc26x0r2.aem3 : PowerCC26XX_calibrateRCOSC.oem3 (.text:PowerCC26XX_initiateCalibration)
                  00002ef0    0000006c                           : PowerCC26XX.oem3 (.text:configureXOSCHF)
                  00002f5c    0000006c     rf_singleMode_cc26x0r2.aem3 : RFCC26XX_singleMode.oem3 (.text:ratDispatchTime)
                  00002fc8    00000068     driverlib.lib : sys_ctrl.obj (.text:NOROM_SysCtrl_DCDC_VoltageConditionalControl)
                  00003030    00000068     nortos_cc26x0r2.aem3 : SwiP_nortos.oem3 (.text:SwiP_post)
                  00003098    00000068     rtsv7M3_T_le_eabi.lib : copy_decompress_lzss.obj (.text:decompress:lzss)
                  00003100    00000060     nortos_cc26x0r2.aem3 : ClockPTimer_nortos.oem3 (.text:ClockP_usleep)
                  00003160    00000060     rf_singleMode_cc26x0r2.aem3 : RFCC26XX_singleMode.oem3 (.text:fsmXOSCState)
                  000031c0    0000005c     drivers_cc26x0r2.aem3 : PowerCC26XX_calibrateRCOSC.oem3 (.text:PowerCC26XX_RCOSC_clockFunc)
                  0000321c    0000005c                           : PowerCC26XX.oem3 (.text:PowerCC26XX_calibrate)
                  00003278    0000005a     rf_singleMode_cc26x0r2.aem3 : RFCC26XX_singleMode.oem3 (.text:syncCb)
                  000032d2    00000002     nortos_cc26x0r2.aem3 : SemaphoreP_nortos.oem3 (.text:SemaphoreP_destruct)
                  000032d4    00000058     rf_singleMode_cc26x0r2.aem3 : RFCC26XX_singleMode.oem3 (.text:RF_getCurrentTime)
                  0000332c    00000058                                 : RFCC26XX_singleMode.oem3 (.text:dispatchNextEvent)
                  00003384    00000058     scif_framework.obj (.text:scifInitIo)
                  000033dc    00000054     rf_singleMode_cc26x0r2.aem3 : RFCC26XX_singleMode.oem3 (.text:cmdDispatchTime)
                  00003430    00000054     rtsv7M3_T_le_eabi.lib : exit.obj (.text)
                  00003484    00000050     nortos_cc26x0r2.aem3 : SemaphoreP_nortos.oem3 (.text:SemaphoreP_construct)
                  000034d4    0000004c     driverlib.lib : interrupt.obj (.text:NOROM_IntPendSet)
                  00003520    0000004c     rf_singleMode_cc26x0r2.aem3 : RFCC26XX_singleMode.oem3 (.text:RF_wakeupNotifyFxn)
                  0000356c    0000004c     rtsv7M3_T_le_eabi.lib : cpy_tbl.obj (.text)
                  000035b8    00000048     nortos_cc26x0r2.aem3 : ClockPTimer_nortos.oem3 (.text:ClockP_construct)
                  00003600    00000048     rf_singleMode_cc26x0r2.aem3 : RFCC26XX_singleMode.oem3 (.text:Q_push)
                  00003648    00000044     driverlib.lib : osc.obj (.text:NOROM_OSCHF_SwitchToRcOscTurnOffXosc)
                  0000368c    00000044     nortos_cc26x0r2.aem3 : SwiP_nortos.oem3 (.text:SwiP_restore)
                  000036d0    00000044     drivers_cc26x0r2.aem3 : PowerCC26XX.oem3 (.text:notify)
                  00003714    00000040                           : PINCC26XX.oem3 (.text:PIN_swi)
                  00003754    00000040                           : PowerCC26XX.oem3 (.text:PowerCC26XX_isStableXOSC_HF)
                  00003794    00000040     rtsv7M3_T_le_eabi.lib : boot.obj (.text)
                  000037d4    0000003c     driverlib.lib : osc.obj (.text:NOROM_OSC_HPOSCRelativeFrequencyOffsetGet)
                  00003810    0000003c                   : rfc.obj (.text:NOROM_RFCSynthPowerDown)
                  0000384c    0000003c     nortos_cc26x0r2.aem3 : TimerPCC26XX_nortos.oem3 (.text:TimerP_setThreshold)
                  00003888    0000003c     drivers_cc26x0r2.aem3 : PowerCC26XX.oem3 (.text:disableLfClkQualifiersEnableClkLoss)
                  000038c4    00000038     nortos_cc26x0r2.aem3 : SemaphoreP_nortos.oem3 (.text:SemaphoreP_post)
                  000038fc    00000036     rf_singleMode_cc26x0r2.aem3 : RFCC26XX_singleMode.oem3 (.text:calculateDispatchTime)
                  00003932    00000002     nortos_cc26x0r2.aem3 : SemaphoreP_nortos.oem3 (.text:clkFxn)
                  00003934    00000034                          : ClockPTimer_nortos.oem3 (.text:ClockP_getTicksUntilInterrupt)
                  00003968    00000034     driverlib.lib : interrupt.obj (.text:NOROM_IntRegister)
                  0000399c    00000034     drivers_cc26x0r2.aem3 : PowerCC26XX.oem3 (.text:Power_releaseConstraint)
                  000039d0    00000034     nortos_cc26x0r2.aem3 : TimerPCC26XX_nortos.oem3 (.text:TimerP_initDevice)
                  00003a04    00000034     scif_framework.obj (.text:scifAckAlertEvents)
                  00003a38    00000034     scif_framework.obj (.text:scifReinitIo)
                  00003a6c    00000034     scif_framework.obj (.text:scifUninitIo)
                  00003aa0    00000032     nortos_cc26x0r2.aem3 : TimerPCC26XX_nortos.oem3 (.text:TimerP_setNextTick)
                  00003ad2    00000002     TSOP38140.obj (.text:ctrlReadyCallback)
                  00003ad4    00000030     drivers_cc26x0r2.aem3 : PowerCC26XX.oem3 (.text:Power_setConstraint)
                  00003b04    00000030     rf_singleMode_cc26x0r2.aem3 : RFCC26XX_singleMode.oem3 (.text:RF_runCmd)
                  00003b34    00000030     nortos_cc26x0r2.aem3 : TimerPCC26XX_nortos.oem3 (.text:TimerP_getCurrentTick)
                  00003b64    00000030     rf_singleMode_cc26x0r2.aem3 : RFCC26XX_singleMode.oem3 (.text:getCmd)
                  00003b94    00000030     scif_framework.obj (.text:osalLockCtrlTaskNbl)
                  00003bc4    00000030     scif_tsop38140.obj (.text:scifTaskResourceInit)
                  00003bf4    0000002c     driverlib.lib : chipinfo.obj (.text:NOROM_ChipInfo_GetChipFamily)
                  00003c20    0000002c     rf_singleMode_cc26x0r2.aem3 : RFCC26XX_singleMode.oem3 (.text:calculateDeltaTimeUs)
                  00003c4c    0000002c                                 : RFCC26XX_singleMode.oem3 (.text:executeDirectImmediateCmd)
                  00003c78    0000002c     scif_tsop38140.obj (.text:scifTsop38140StartRtcTicksNow)
                  00003ca4    00000028     driverlib.lib : chipinfo.obj (.text:NOROM_ChipInfo_GetChipType)
                  00003ccc    00000028     nortos_cc26x0r2.aem3 : NoRTOS.oem3 (.text:NoRTOS_setConfig)
                  00003cf4    00000028     drivers_cc26x0r2.aem3 : PowerCC26XX.oem3 (.text:Power_registerNotify)
                  00003d1c    00000028     driverlib.lib : adi.obj (.text:SafeHapiVoid)
                  00003d44    00000028     smartrf_settings.obj (.text:applyBlePatch)
                  00003d6c    00000028     main_nortos.obj (.text:main)
                  00003d94    00000024     nortos_cc26x0r2.aem3 : ClockPTimer_nortos.oem3 (.text:ClockP_getTicks)
                  00003db8    00000024                          : ClockPTimer_nortos.oem3 (.text:ClockP_scheduleNextTick)
                  00003ddc    00000024                          : HwiPCC26XX_nortos.oem3 (.text:HwiP_dispatch)
                  00003e00    00000024                          : HwiPCC26XX_nortos.oem3 (.text:HwiP_setFunc)
                  00003e24    00000024     driverlib.lib : interrupt.obj (.text:NOROM_IntPrioritySet)
                  00003e48    00000024                   : osc.obj (.text:NOROM_OSCHF_TurnOnXosc)
                  00003e6c    00000024                   : rfc.obj (.text:NOROM_RFCDoorbellSendTo)
                  00003e90    00000024     nortos_cc26x0r2.aem3 : TimerPCC26XX_nortos.oem3 (.text:TimerP_getMaxTicks)
                  00003eb4    00000024     rf_singleMode_cc26x0r2.aem3 : RFCC26XX_singleMode.oem3 (.text:hwiFxnCpe0PowerFsm)
                  00003ed8    00000024     scif_tsop38140.obj (.text:scifTsop38140StartRtcTicks)
                  00003efc    00000024     nortos_cc26x0r2.aem3 : ClockPTimer_nortos.oem3 (.text:sleepTicks)
                  00003f20    00000022     drivers_cc26x0r2.aem3 : List.oem3 (.text:List_put)
                  00003f42    00000022     scif_tsop38140.obj (.text:scifTaskResourceUninit)
                  00003f64    00000020     nortos_cc26x0r2.aem3 : ClockPTimer_nortos.oem3 (.text:ClockP_add)
                  00003f84    00000020     driverlib.lib : rfc.obj (.text:NOROM_RFCRfTrimRead)
                  00003fa4    00000020     nortos_cc26x0r2.aem3 : NoRTOS.oem3 (.text:NoRTOS_getConfig)
                  00003fc4    0000001e     drivers_cc26x0r2.aem3 : PowerCC26XX.oem3 (.text:Power_getTransitionLatency)
                  00003fe2    0000001e     nortos_cc26x0r2.aem3 : SemaphoreP_nortos.oem3 (.text:SemaphoreP_constructBinary)
                  00004000    0000001c     drivers_cc26x0r2.aem3 : PINCC26XX.oem3 (.text:PINCC26XX_setIoCfgMux)
                  0000401c    0000001c                           : PINCC26XX.oem3 (.text:PIN_hwi)
                  00004038    0000001c     nortos_cc26x0r2.aem3 : QueueP_nortos.oem3 (.text:QueueP_put)
                  00004054    0000001c                          : SwiP_nortos.oem3 (.text:SwiP_disable)
                  00004070    0000001c                          : SwiP_nortos.oem3 (.text:SwiP_or)
                  0000408c    0000001c                          : TimerPCC26XX_nortos.oem3 (.text:TimerP_dynamicStub)
                  000040a8    0000001c     rf_singleMode_cc26x0r2.aem3 : RFCC26XX_singleMode.oem3 (.text:ratGetChannel)
                  000040c4    0000001c                                 : RFCC26XX_singleMode.oem3 (.text:rfSetConstraint)
                  000040e0    0000001a     nortos_cc26x0r2.aem3 : QueueP_nortos.oem3 (.text:QueueP_get)
                  000040fa    00000002     rf_singleMode_cc26x0r2.aem3 : RFCC26XX_singleMode.oem3 (.text:defaultCallback)
                  000040fc    00000018     CC2640R2_RSM.obj (.text:CC2640R2_RSM_initGeneral)
                  00004114    00000018     nortos_cc26x0r2.aem3 : ClockPTimer_nortos.oem3 (.text:ClockP_destruct)
                  0000412c    00000018                          : ClockPTimer_nortos.oem3 (.text:ClockP_getTimeout)
                  00004144    00000018                          : HwiPCC26XX_nortos.oem3 (.text:HwiP_inISR)
                  0000415c    00000018     driverlib.lib : chipinfo.obj (.text:NOROM_ChipInfo_GetPackageType)
                  00004174    00000018                   : ioc.obj (.text:NOROM_IOCIODrvStrengthSet)
                  0000418c    00000018                   : rfc.obj (.text:NOROM_RFCCpeIntGetAndClear)
                  000041a4    00000018                   : rfc.obj (.text:NOROM_RFCHWIntGetAndClear)
                  000041bc    00000018     drivers_cc26x0r2.aem3 : PowerCC26XX.oem3 (.text:Power_idleFunc)
                  000041d4    00000018     rf_singleMode_cc26x0r2.aem3 : RFCC26XX_singleMode.oem3 (.text:Q_pop)
                  000041ec    00000018     drivers_cc26x0r2.aem3 : PowerCC26XX.oem3 (.text:configureRFCoreClocks)
                  00004204    00000018     rtsv7M3_T_le_eabi.lib : args_main.obj (.text)
                  0000421c    00000018                           : ll_mul_t2.obj (.text)
                  00004234    00000018     rf_singleMode_cc26x0r2.aem3 : RFCC26XX_singleMode.oem3 (.text:swiFxnFsm)
                  0000424c    00000018     TSOP38140.obj (.text:taskAlertCallback)
                  00004264    00000014     drivers_cc26x0r2.aem3 : PowerCC26XX.oem3 (.text:Power_disablePolicy)
                  00004278    00000014     rf_singleMode_cc26x0r2.aem3 : RFCC26XX_singleMode.oem3 (.text:RF_Params_init)
                  0000428c    00000014     nortos_cc26x0r2.aem3 : SwiP_nortos.oem3 (.text:SwiP_handleHwi)
                  000042a0    00000014                          : TimerPCC26XX_nortos.oem3 (.text:TimerP_startup)
                  000042b4    00000014     rf_singleMode_cc26x0r2.aem3 : RFCC26XX_singleMode.oem3 (.text:ratConfigureChannel)
                  000042c8    00000014     nortos_cc26x0r2.aem3 : startup_cc13xx_cc26xx_ccs.oem3 (.text:resetISR)
                  000042dc    00000014     rtsv7M3_T_le_eabi.lib : _lock.obj (.text)
                  000042f0    00000014     scif_framework.obj (.text:scifClearAlertIntSource)
                  00004304    00000012     nortos_cc26x0r2.aem3 : HwiPCC26XX_nortos.oem3 (.text:HwiP_Params_init)
                  00004316    00000002     drivers_cc26x0r2.aem3 : PowerCC26XX.oem3 (.text:emptyClockFunc)
                  00004318    00000010     nortos_cc26x0r2.aem3 : ClockPTimer_nortos.oem3 (.text:ClockP_Params_init)
                  00004328    00000010                          : HwiPCC26XX_nortos.oem3 (.text:HwiP_disable)
                  00004338    00000010                          : HwiPCC26XX_nortos.oem3 (.text:HwiP_enableInterrupt)
                  00004348    00000010     driverlib.lib : rfc.obj (.text:NOROM_RFCRfTrimSet)
                  00004358    00000010     drivers_cc26x0r2.aem3 : PINCC26XX.oem3 (.text:PINCC26XX_getPinCount)
                  00004368    00000010     nortos_cc26x0r2.aem3 : PowerCC26XX_nortos.oem3 (.text:PowerCC26XX_schedulerDisable)
                  00004378    00000010     drivers_cc26x0r2.aem3 : PowerCC26XX.oem3 (.text:Power_enablePolicy)
                  00004388    00000010     nortos_cc26x0r2.aem3 : SemaphoreP_nortos.oem3 (.text:SemaphoreP_Params_init)
                  00004398    00000010                          : SwiP_nortos.oem3 (.text:SwiP_Params_init)
                  000043a8    00000010                          : TimerPCC26XX_nortos.oem3 (.text:TimerP_Params_init)
                  000043b8    00000010                          : TimerPCC26XX_nortos.oem3 (.text:TimerP_getCount64)
                  000043c8    00000010     rf_singleMode_cc26x0r2.aem3 : RFCC26XX_singleMode.oem3 (.text:clkPowerUpFxn)
                  000043d8    00000010     scif_framework.obj (.text:osalClearTaskAlertInt)
                  000043e8    00000010     scif_framework.obj (.text:osalEnableCtrlReadyInt)
                  000043f8    00000010     scif_framework.obj (.text:osalIndicateCtrlReady)
                  00004408    00000010     scif_framework.obj (.text:osalIndicateTaskAlert)
                  00004418    00000010     rf_singleMode_cc26x0r2.aem3 : RFCC26XX_singleMode.oem3 (.text:restartClockTimeout)
                  00004428    00000010     scif_framework.obj (.text:scifOsalDisableTaskAlertInt)
                  00004438    00000010     scif_framework.obj (.text:scifOsalEnableTaskAlertInt)
                  00004448    00000010     scif_framework.obj (.text:scifOsalEnterCriticalSection)
                  00004458    0000000e     driverlib.lib : chipinfo.obj (.text:NOROM_ThisLibraryIsFor_CC26x0R2_HaltIfViolated)
                  00004466    0000000e     nortos_cc26x0r2.aem3 : QueueP_nortos.oem3 (.text:QueueP_empty)
                  00004474    0000000e                          : QueueP_nortos.oem3 (.text:QueueP_remove)
                  00004482    0000000e     rtsv7M3_T_le_eabi.lib : copy_decompress_none.obj (.text:decompress:none)
                  00004490    0000000c     nortos_cc26x0r2.aem3 : ClockPTimer_nortos.oem3 (.text:ClockP_doTick)
                  0000449c    0000000c     rf_singleMode_cc26x0r2.aem3 : RFCC26XX_singleMode.oem3 (.text:FsmNextState)
                  000044a8    0000000c     drivers_cc26x0r2.aem3 : List.oem3 (.text:List_empty)
                  000044b4    0000000c     driverlib.lib : cpu.obj (.text:NOROM_CPUcpsid)
                  000044c0    0000000c                   : cpu.obj (.text:NOROM_CPUcpsie)
                  000044cc    0000000c                   : osc.obj (.text:NOROM_OSC_HPOSCRelativeFrequencyOffsetToRFCoreFormatConvert)
                  000044d8    0000000c     nortos_cc26x0r2.aem3 : PowerCC26XX_nortos.oem3 (.text:PowerCC26XX_schedulerRestore)
                  000044e4    0000000c     drivers_cc26x0r2.aem3 : PowerCC26XX.oem3 (.text:Power_getConstraintMask)
                  000044f0    0000000c                           : PowerCC26XX.oem3 (.text:Power_getDependencyCount)
                  000044fc    0000000c     nortos_cc26x0r2.aem3 : SwiP_nortos.oem3 (.text:SwiP_getTrigger)
                  00004508    0000000c                          : TimerPCC26XX_nortos.oem3 (.text:TimerP_getFreq)
                  00004514    0000000c     rtsv7M3_T_le_eabi.lib : copy_zero_init.obj (.text:decompress:ZI)
                  00004520    0000000c     scif_framework.obj (.text:osalClearCtrlReadyInt)
                  0000452c    0000000c     scif_framework.obj (.text:osalCtrlReadyIsr)
                  00004538    0000000c     scif_framework.obj (.text:osalDisableCtrlReadyInt)
                  00004544    0000000c     scif_framework.obj (.text:osalRegisterCtrlReadyInt)
                  00004550    0000000c     scif_framework.obj (.text:osalRegisterTaskAlertInt)
                  0000455c    0000000c     scif_framework.obj (.text:osalTaskAlertIsr)
                  00004568    0000000c     scif_framework.obj (.text:osalUnlockCtrlTaskNbl)
                  00004574    0000000c     scif_framework.obj (.text:scifOsalRegisterCtrlReadyCallback)
                  00004580    0000000c     scif_framework.obj (.text:scifOsalRegisterTaskAlertCallback)
                  0000458c    00000008     nortos_cc26x0r2.aem3 : HwiPCC26XX_nortos.oem3 (.text:HwiP_restore)
                  00004594    00000008     scif_framework.obj (.text:scifOsalLeaveCriticalSection)
                  0000459c    00000006     nortos_cc26x0r2.aem3 : ClockPTimer_nortos.oem3 (.text:ClockP_stop)
                  000045a2    00000006                          : QueueP_nortos.oem3 (.text:QueueP_init)
                  000045a8    00000006     rf_singleMode_cc26x0r2.aem3 : RFCC26XX_singleMode.oem3 (.text:clkInactivityFxn)
                  000045ae    00000006     scif_framework.obj (.text:scifStartTasksNbl)
                  000045b4    00000004     nortos_cc26x0r2.aem3 : PowerCC26XX_nortos.oem3 (.text:CPUwfi)
                  000045b8    00000004                          : ClockPTimer_nortos.oem3 (.text:ClockP_isActive)
                  000045bc    00000004                          : ClockPTimer_nortos.oem3 (.text:ClockP_setTimeout)
                  000045c0    00000004                          : HwiPCC26XX_nortos.oem3 (.text:HwiP_enable)
                  000045c4    00000004                          : HwiPCC26XX_nortos.oem3 (.text:HwiP_post)
                  000045c8    00000004     drivers_cc26x0r2.aem3 : List.oem3 (.text:List_head)
                  000045cc    00000004                           : List.oem3 (.text:List_next)
                  000045d0    00000004                           : PowerCC26XX.oem3 (.text:PowerCC26XX_switchXOSC_HF)
                  000045d4    00000004     rf_singleMode_cc26x0r2.aem3 : RFCC26XX_singleMode.oem3 (.text:Q_peek)
                  000045d8    00000004     nortos_cc26x0r2.aem3 : QueueP_nortos.oem3 (.text:QueueP_head)
                  000045dc    00000004                          : QueueP_nortos.oem3 (.text:QueueP_next)
                  000045e0    00000004     drivers_cc26x0r2.aem3 : PowerCC26XX.oem3 (.text:nopResourceHandler)
                  000045e4    00000004     smartrf_settings.obj (.text:rf_patch_cpe_ble)
                  000045e8    00000004     rtsv7M3_T_le_eabi.lib : pre_init.obj (.text)
                  000045ec    00000002     nortos_cc26x0r2.aem3 : startup_cc13xx_cc26xx_ccs.oem3 (.text:faultISR)
                  000045ee    00000002                          : startup_cc13xx_cc26xx_ccs.oem3 (.text:intDefaultHandler)
                  000045f0    00000002                          : startup_cc13xx_cc26xx_ccs.oem3 (.text:nmiISR)
                  000045f2    00000002     rtsv7M3_T_le_eabi.lib : mpu_init.obj (.text)
                  000045f4    00000002                           : startup.obj (.text)

.const     0    000045f8    00000448     
                  000045f8    00000252     scif_tsop38140.obj (.const:pAuxRamImage)
                  0000484a    00000002     --HOLE-- [fill = 0]
                  0000484c    0000009c     smartrf_settings.obj (.const:patchImageBle)
                  000048e8    00000068     driverlib.lib : interrupt.obj (.const:$O1$$)
                  00004950    0000004c     drivers_cc26x0r2.aem3 : PowerCC26XX.oem3 (.const:resourceDB)
                  0000499c    00000030     scif_tsop38140.obj (.const:scifTsop38140DriverSetup)
                  000049cc    0000001c     rf_singleMode_cc26x0r2.aem3 : RFCC26XX_singleMode.oem3 (.const:RF_defaultParams)
                  000049e8    00000018     CC2640R2_RSM.obj (.const:PowerCC26XX_config)
                  00004a00    00000010     scif_tsop38140.obj (.const:.string:pAuxIoIndexToMcuIocfgOffsetLut)
                  00004a10    00000010     nortos_cc26x0r2.aem3 : SwiP_nortos.oem3 (.const:SwiP_defaultParams)
                  00004a20    00000010     scif_tsop38140.obj (.const:pScifTaskDataStructInfoLut)
                  00004a30    00000008     CC2640R2_RSM.obj (.const:PINCC26XX_hwAttrs)
                  00004a38    00000004     CC2640R2_RSM.obj (.const:BoardGpioInitTable)
                  00004a3c    00000004     CC2640R2_RSM.obj (.const:RFCC26XX_hwAttrs)

.cinit     0    00004a48    00000110     
                  00004a48    000000dc     (.cinit..data.load) [load image, compression = lzss]
                  00004b24    0000000c     (__TI_handler_table)
                  00004b30    00000008     (.cinit..bss.load) [load image, compression = zero_init]
                  00004b38    00000008     (.cinit..vtable_ram.load) [load image, compression = zero_init]
                  00004b40    00000018     (__TI_cinit_table)

.init_array 
*          0    00000000    00000000     UNINITIALIZED

.ccfg      0    0001ffa8    00000058     
                  0001ffa8    00000058     ccfg.obj (.ccfg:retain)

.data      0    20000000    000005cf     UNINITIALIZED
                  20000000    00000198     nortos_cc26x0r2.aem3 : HwiPCC26XX_nortos.oem3 (.data:$O1$$)
                  20000198    00000114     drivers_cc26x0r2.aem3 : PINCC26XX.oem3 (.data:$O1$$)
                  200002ac    00000114                           : PowerCC26XX.oem3 (.data:PowerCC26XX_module)
                  200003c0    000000c0     nortos_cc26x0r2.aem3 : ClockPTimer_nortos.oem3 (.data:$O1$$)
                  20000480    00000048     smartrf_settings.obj (.data:pOverrides)
                  200004c8    00000030     nortos_cc26x0r2.aem3 : TimerPCC26XX_nortos.oem3 (.data:$O1$$)
                  200004f8    00000020     smartrf_settings.obj (.data:cmdAdvParam)
                  20000518    00000018     smartrf_settings.obj (.data:RF_cmdAdvNc0)
                  20000530    00000018     smartrf_settings.obj (.data:RF_cmdAdvNc1)
                  20000548    00000018     smartrf_settings.obj (.data:RF_cmdAdvNc2)
                  20000560    00000018     smartrf_settings.obj (.data:RF_cmdBleRadioSetup)
                  20000578    00000010     smartrf_settings.obj (.data:RF_ble)
                  20000588    0000000c     nortos_cc26x0r2.aem3 : SemaphoreP_nortos.oem3 (.data:$O1$$)
                  20000594    0000000c     rtsv7M3_T_le_eabi.lib : exit.obj (.data:$O1$$)
                  200005a0    0000000c     scif_framework.obj (.data)
                  200005ac    00000008     rtsv7M3_T_le_eabi.lib : _lock.obj (.data:$O1$$)
                  200005b4    00000004                           : stkdepth_vars.obj (.data)
                  200005b8    00000008     smartrf_settings.obj (.data)
                  200005c0    00000006     smartrf_settings.obj (.data:advData)
                  200005c6    00000005     beacon_nortos.obj (.data:beaconData)
                  200005cb    00000003     beacon_nortos.obj (.data)
                  200005ce    00000001     nortos_cc26x0r2.aem3 : SwiP_nortos.oem3 (.data)

.bss       0    200005d0    0000041c     UNINITIALIZED
                  200005d0    000002a8     rf_singleMode_cc26x0r2.aem3 : RFCC26XX_singleMode.oem3 (.bss:$O1$$)
                  20000878    000000c8     beacon_nortos.obj (.bss:rfObject)
                  20000940    0000003c     nortos_cc26x0r2.aem3 : SwiP_nortos.oem3 (.bss:$O1$$)
                  2000097c    00000030     scif_framework.obj (.bss:scifData)
                  200009ac    00000014     driverlib.lib : osc.obj (.bss:oscHfGlobals)
                  200009c0    0000000d     nortos_cc26x0r2.aem3 : SwiP_nortos.oem3 (.bss)
                  200009cd    00000001     (.common:driverlib_release_0_49664)
                  200009ce    0000000c     beacon_nortos.obj (.bss:ADV_DATA)
                  200009da    00000002     rf_singleMode_cc26x0r2.aem3 : RFCC26XX_singleMode.oem3 (.bss)
                  200009dc    00000008     driverlib.lib : sys_ctrl.obj (.bss:powerQualGlobals)
                  200009e4    00000004     beacon_nortos.obj (.bss)
                  200009e8    00000004     nortos_cc26x0r2.aem3 : PowerCC26XX_nortos.oem3 (.bss)

.sysmem    0    200009f0    00000100     UNINITIALIZED
                  200009f0    00000008     rtsv7M3_T_le_eabi.lib : memory.obj (.sysmem)
                  200009f8    000000f8     --HOLE--

.vtable_ram 
*          0    20000b00    000000c8     UNINITIALIZED
                  20000b00    000000c8     driverlib.lib : interrupt.obj (.vtable_ram)

.stack     0    20004c00    00000400     UNINITIALIZED
                  20004c00    00000400     --HOLE--

.binit     0    00000000    00000000     

.args      0    00004a40    00000008     
                  00004a40    00000008     --HOLE-- [fill = 0]

MODULE SUMMARY

       Module                            code    ro data   rw data
       ------                            ----    -------   -------
    .\
       beacon_nortos.obj                 344     0         224    
       TSOP38140.obj                     210     0         0      
       ccfg.obj                          0       88        0      
       CC2640R2_RSM.obj                  24      40        0      
       main_nortos.obj                   40      0         0      
    +--+---------------------------------+-------+---------+---------+
       Total:                            618     128       224    
                                                                  
    .\TSOP38140sce\
       scif_framework.obj                898     0         60     
       scif_tsop38140.obj                162     674       0      
    +--+---------------------------------+-------+---------+---------+
       Total:                            1060    674       60     
                                                                  
    .\smartrf_settings\
       smartrf_settings.obj              44      156       230    
    +--+---------------------------------+-------+---------+---------+
       Total:                            44      156       230    
                                                                  
    I:/ti/simplelink_cc2640r2_sdk_1_50_00_58/kernel/nortos/lib/nortos_cc26x0r2.aem3
       ClockPTimer_nortos.oem3           1018    0         192    
       SwiP_nortos.oem3                  652     16        74     
       HwiPCC26XX_nortos.oem3            274     0         408    
       TimerPCC26XX_nortos.oem3          626     0         48     
       SemaphoreP_nortos.oem3            338     0         12     
       PowerCC26XX_nortos.oem3           292     0         4      
       startup_cc13xx_cc26xx_ccs.oem3    26      200       0      
       QueueP_nortos.oem3                96      0         0      
       NoRTOS.oem3                       72      0         0      
    +--+---------------------------------+-------+---------+---------+
       Total:                            3394    216       738    
                                                                  
    I:/ti/simplelink_cc2640r2_sdk_1_50_00_58/source/ti/devices/cc26x0r2/driverlib/bin/ccs/driverlib.lib
       sys_ctrl.obj                      740     0         8      
       interrupt.obj                     164     104       200    
       setup.obj                         312     0         0      
       rfc.obj                           310     0         0      
       osc.obj                           284     0         20     
       chipinfo.obj                      122     0         0      
       adi.obj                           40      0         0      
       cpu.obj                           24      0         0      
       ioc.obj                           24      0         0      
       driverlib_release.obj             0       0         1      
    +--+---------------------------------+-------+---------+---------+
       Total:                            2020    104       229    
                                                                  
    I:/ti/simplelink_cc2640r2_sdk_1_50_00_58/source/ti/drivers/lib/drivers_cc26x0r2.aem3
       PowerCC26XX.oem3                  2204    76        276    
       PowerCC26XX_calibrateRCOSC.oem3   1388    0         0      
       PINCC26XX.oem3                    800     0         276    
       List.oem3                         54      0         0      
    +--+---------------------------------+-------+---------+---------+
       Total:                            4446    76        552    
                                                                  
    I:/ti/simplelink_cc2640r2_sdk_1_50_00_58/source/ti/drivers/rf/lib/rf_singleMode_cc26x0r2.aem3
       RFCC26XX_singleMode.oem3          4808    28        682    
    +--+---------------------------------+-------+---------+---------+
       Total:                            4808    28        682    
                                                                  
    I:\ti\ccsv7\tools\compiler\ti-cgt-arm_16.9.6.LTS\lib\rtsv7M3_T_le_eabi.lib
       ull_div_t2.obj                    500     0         0      
       memcpy_t2.obj                     156     0         0      
       memset_t2.obj                     122     0         0      
       autoinit.obj                      112     0         0      
       copy_decompress_lzss.obj          104     0         0      
       exit.obj                          84      0         12     
       cpy_tbl.obj                       76      0         0      
       boot.obj                          64      0         0      
       _lock.obj                         20      0         8      
       args_main.obj                     24      0         0      
       ll_mul_t2.obj                     24      0         0      
       copy_decompress_none.obj          14      0         0      
       copy_zero_init.obj                12      0         0      
       pre_init.obj                      4       0         0      
       stkdepth_vars.obj                 0       0         4      
       mpu_init.obj                      2       0         0      
       startup.obj                       2       0         0      
    +--+---------------------------------+-------+---------+---------+
       Total:                            1320    0         24     
                                                                  
       Heap:                             0       0         256    
       Stack:                            0       0         1024   
       Linker Generated:                 0       272       0      
    +--+---------------------------------+-------+---------+---------+
       Grand Total:                      17710   1654      4019   


LINKER GENERATED COPY TABLES

__TI_cinit_table @ 00004b40 records: 3, size/record: 8, table size: 24
	.data: load addr=00004a48, load size=000000dc bytes, run addr=20000000, run size=000005cf bytes, compression=lzss
	.bss: load addr=00004b30, load size=00000008 bytes, run addr=200005d0, run size=0000041c bytes, compression=zero_init
	.vtable_ram: load addr=00004b38, load size=00000008 bytes, run addr=20000b00, run size=000000c8 bytes, compression=zero_init


LINKER GENERATED HANDLER TABLE

__TI_handler_table @ 00004b24 records: 3, size/record: 4, table size: 12
	index: 0, handler: __TI_zero_init
	index: 1, handler: __TI_decompress_lzss
	index: 2, handler: __TI_decompress_none


GLOBAL SYMBOLS: SORTED ALPHABETICALLY BY Name 

address   name                                                       
-------   ----                                                       
00004a38  BoardGpioInitTable                                         
00003431  C$$EXIT                                                    
000040fd  CC2640R2_RSM_initGeneral                                   
00004319  ClockP_Params_init                                         
00003f65  ClockP_add                                                 
000035b9  ClockP_construct                                           
00004115  ClockP_destruct                                            
00004491  ClockP_doTick                                              
00003d95  ClockP_getTicks                                            
00003935  ClockP_getTicksUntilInterrupt                              
0000412d  ClockP_getTimeout                                          
000045b9  ClockP_isActive                                            
00003db9  ClockP_scheduleNextTick                                    
000045bd  ClockP_setTimeout                                          
0000290d  ClockP_start                                               
0000258d  ClockP_startup                                             
0000459d  ClockP_stop                                                
200003c4  ClockP_tickPeriod                                          
00003101  ClockP_usleep                                              
00002b01  ClockP_walkQueueDynamic                                    
000022f9  ClockP_workFuncDynamic                                     
00004305  HwiP_Params_init                                           
00002be9  HwiP_construct                                             
00004329  HwiP_disable                                               
000045c1  HwiP_enable                                                
00004339  HwiP_enableInterrupt                                       
00004145  HwiP_inISR                                                 
000045c5  HwiP_post                                                  
0000458d  HwiP_restore                                               
00003e01  HwiP_setFunc                                               
20000004  HwiP_swiPIntNum                                            
000044a9  List_empty                                                 
000045c9  List_head                                                  
000045cd  List_next                                                  
00003f21  List_put                                                   
000044b5  NOROM_CPUcpsid                                             
000044c1  NOROM_CPUcpsie                                             
00003bf5  NOROM_ChipInfo_GetChipFamily                               
00003ca5  NOROM_ChipInfo_GetChipType                                 
0000415d  NOROM_ChipInfo_GetPackageType                              
00004175  NOROM_IOCIODrvStrengthSet                                  
000034d5  NOROM_IntPendSet                                           
00003e25  NOROM_IntPrioritySet                                       
00003969  NOROM_IntRegister                                          
00002e19  NOROM_OSCHF_AttemptToSwitchToXosc                          
00003649  NOROM_OSCHF_SwitchToRcOscTurnOffXosc                       
00003e49  NOROM_OSCHF_TurnOnXosc                                     
000037d5  NOROM_OSC_HPOSCRelativeFrequencyOffsetGet                  
000044cd  NOROM_OSC_HPOSCRelativeFrequencyOffsetToRFCoreFormatConvert
00002aff  NOROM_RFCAdi3VcoLdoVoltageMode                             
0000418d  NOROM_RFCCpeIntGetAndClear                                 
00003e6d  NOROM_RFCDoorbellSendTo                                    
000041a5  NOROM_RFCHWIntGetAndClear                                  
00002b75  NOROM_RFCOverrideUpdate                                    
00003f85  NOROM_RFCRfTrimRead                                        
00004349  NOROM_RFCRfTrimSet                                         
00003811  NOROM_RFCSynthPowerDown                                    
0000224d  NOROM_SetupTrimDevice                                      
00002c59  NOROM_SysCtrlAdjustRechargeAfterPowerDown                  
00000931  NOROM_SysCtrlSetRechargeBeforePowerDown                    
00002fc9  NOROM_SysCtrl_DCDC_VoltageConditionalControl               
00004459  NOROM_ThisLibraryIsFor_CC26x0R2_HaltIfViolated             
00003fa5  NoRTOS_getConfig                                           
00003ccd  NoRTOS_setConfig                                           
000045c1  NoRTOS_start                                               
00004359  PINCC26XX_getPinCount                                      
00004a30  PINCC26XX_hwAttrs                                          
00000ef5  PIN_init                                                   
000031c1  PowerCC26XX_RCOSC_clockFunc                                
000000c9  PowerCC26XX_auxISR                                         
0000321d  PowerCC26XX_calibrate                                      
000049e8  PowerCC26XX_config                                         
00001411  PowerCC26XX_doCalibrate                                    
00002e85  PowerCC26XX_initiateCalibration                            
00003755  PowerCC26XX_isStableXOSC_HF                                
200002ac  PowerCC26XX_module                                         
00004369  PowerCC26XX_schedulerDisable                               
000044d9  PowerCC26XX_schedulerRestore                               
00001825  PowerCC26XX_standbyPolicy                                  
000045d1  PowerCC26XX_switchXOSC_HF                                  
00004265  Power_disablePolicy                                        
00004379  Power_enablePolicy                                         
000044e5  Power_getConstraintMask                                    
000044f1  Power_getDependencyCount                                   
00003fc5  Power_getTransitionLatency                                 
000041bd  Power_idleFunc                                             
000016f9  Power_init                                                 
00003cf5  Power_registerNotify                                       
0000399d  Power_releaseConstraint                                    
00001f75  Power_releaseDependency                                    
00003ad5  Power_setConstraint                                        
000020e9  Power_setDependency                                        
000006ed  Power_sleep                                                
00004467  QueueP_empty                                               
000040e1  QueueP_get                                                 
000045d9  QueueP_head                                                
000045a3  QueueP_init                                                
000045dd  QueueP_next                                                
00004039  QueueP_put                                                 
00004475  QueueP_remove                                              
00004a3c  RFCC26XX_hwAttrs                                           
00004279  RF_Params_init                                             
20000578  RF_ble                                                     
20000518  RF_cmdAdvNc0                                               
20000530  RF_cmdAdvNc1                                               
20000548  RF_cmdAdvNc2                                               
20000560  RF_cmdBleRadioSetup                                        
000032d5  RF_getCurrentTime                                          
000010b1  RF_open                                                    
00001b21  RF_pendCmd                                                 
00001a29  RF_postCmd                                                 
00003b05  RF_runCmd                                                  
UNDEFED   SHT$$INIT_ARRAY$$Base                                      
UNDEFED   SHT$$INIT_ARRAY$$Limit                                     
00003d1d  SafeHapiVoid                                               
00004389  SemaphoreP_Params_init                                     
00003485  SemaphoreP_construct                                       
00003fe3  SemaphoreP_constructBinary                                 
2000058c  SemaphoreP_defaultParams                                   
000032d3  SemaphoreP_destruct                                        
000026c5  SemaphoreP_pend                                            
000038c5  SemaphoreP_post                                            
00004399  SwiP_Params_init                                           
00001dd5  SwiP_construct                                             
00004055  SwiP_disable                                               
000024ed  SwiP_dispatch                                              
000044fd  SwiP_getTrigger                                            
00004071  SwiP_or                                                    
00003031  SwiP_post                                                  
0000368d  SwiP_restore                                               
000043a9  TimerP_Params_init                                         
0000219d  TimerP_construct                                           
0000408d  TimerP_dynamicStub                                         
000043b9  TimerP_getCount64                                          
00003b35  TimerP_getCurrentTick                                      
00004509  TimerP_getFreq                                             
00003e91  TimerP_getMaxTicks                                         
000039d1  TimerP_initDevice                                          
00003aa1  TimerP_setNextTick                                         
0000384d  TimerP_setThreshold                                        
00002cc9  TimerP_start                                               
000042a1  TimerP_startup                                             
20005000  __STACK_END                                                
00000400  __STACK_SIZE                                               
00000100  __SYSMEM_SIZE                                              
00004b40  __TI_CINIT_Base                                            
00004b58  __TI_CINIT_Limit                                           
00004b24  __TI_Handler_Table_Base                                    
00004b30  __TI_Handler_Table_Limit                                   
00002da9  __TI_auto_init                                             
20000594  __TI_cleanup_ptr                                           
00003099  __TI_decompress_lzss                                       
00004483  __TI_decompress_none                                       
20000598  __TI_dtors_ptr                                             
2000059c  __TI_enable_exit_profile_output                            
ffffffff  __TI_pprof_out_hndl                                        
ffffffff  __TI_prof_data_size                                        
ffffffff  __TI_prof_data_start                                       
00000000  __TI_static_base__                                         
00004515  __TI_zero_init                                             
0000421d  __aeabi_lmul                                               
00002a85  __aeabi_memclr                                             
00002a85  __aeabi_memclr4                                            
00002a85  __aeabi_memclr8                                            
00002629  __aeabi_memcpy                                             
00002629  __aeabi_memcpy4                                            
00002629  __aeabi_memcpy8                                            
00002a87  __aeabi_memset                                             
00002a87  __aeabi_memset4                                            
00002a87  __aeabi_memset8                                            
00000b3d  __aeabi_uldivmod                                           
ffffffff  __binit__                                                  
00004a40  __c_args__                                                 
0001ffa8  __ccfg                                                     
000045f3  __mpu_init                                                 
20004c00  __stack                                                    
00004205  _args_main                                                 
00003795  _c_int00                                                   
200005ac  _lock                                                      
000042eb  _nop                                                       
000042e3  _register_lock                                             
000042dd  _register_unlock                                           
200009f0  _sys_memory                                                
000045f5  _system_post_cinit                                         
000045e9  _system_pre_init                                           
200005b0  _unlock                                                    
00003435  abort                                                      
200005cc  adcN                                                       
200005c0  advData                                                    
200005cd  advLen                                                     
ffffffff  binit                                                      
00003933  clkFxn                                                     
200004f8  cmdAdvParam                                                
0000356d  copy_in                                                    
00003ad3  ctrlReadyCallback                                          
200005cb  dataReceived                                               
200009cd  driverlib_release_0_49664                                  
0000343d  exit                                                       
20000b00  g_pfnRAMVectors                                            
00000000  g_pfnVectors                                               
00003d6d  main                                                       
000015a1  mainThread                                                 
200005b4  main_func_sp                                               
00002629  memcpy                                                     
00002a8d  memset                                                     
20000480  pOverrides                                                 
20000230  pinHandleTable                                             
2000019c  pinLowerBound                                              
20000198  pinUpperBound                                              
000042c9  resetISR                                                   
00004950  resourceDB                                                 
00002a09  rfReleaseConstraint                                        
000040c5  rfSetConstraint                                            
00003a05  scifAckAlertEvents                                         
000042f1  scifClearAlertIntSource                                    
00001ead  scifInit                                                   
00003385  scifInitIo                                                 
00004429  scifOsalDisableTaskAlertInt                                
00004439  scifOsalEnableTaskAlertInt                                 
00004449  scifOsalEnterCriticalSection                               
00004595  scifOsalLeaveCriticalSection                               
00004575  scifOsalRegisterCtrlReadyCallback                          
00004581  scifOsalRegisterTaskAlertCallback                          
00003a39  scifReinitIo                                               
000045af  scifStartTasksNbl                                          
0000499c  scifTsop38140DriverSetup                                   
00003ed9  scifTsop38140StartRtcTicks                                 
00003c79  scifTsop38140StartRtcTicksNow                              
00003a6d  scifUninitIo                                               
0000424d  taskAlertCallback                                          
00002031  tsop38140Start                                             
00003101  usleep                                                     


GLOBAL SYMBOLS: SORTED BY Symbol Address 

address   name                                                       
-------   ----                                                       
00000000  __TI_static_base__                                         
00000000  g_pfnVectors                                               
000000c9  PowerCC26XX_auxISR                                         
00000100  __SYSMEM_SIZE                                              
00000400  __STACK_SIZE                                               
000006ed  Power_sleep                                                
00000931  NOROM_SysCtrlSetRechargeBeforePowerDown                    
00000b3d  __aeabi_uldivmod                                           
00000ef5  PIN_init                                                   
000010b1  RF_open                                                    
00001411  PowerCC26XX_doCalibrate                                    
000015a1  mainThread                                                 
000016f9  Power_init                                                 
00001825  PowerCC26XX_standbyPolicy                                  
00001a29  RF_postCmd                                                 
00001b21  RF_pendCmd                                                 
00001dd5  SwiP_construct                                             
00001ead  scifInit                                                   
00001f75  Power_releaseDependency                                    
00002031  tsop38140Start                                             
000020e9  Power_setDependency                                        
0000219d  TimerP_construct                                           
0000224d  NOROM_SetupTrimDevice                                      
000022f9  ClockP_workFuncDynamic                                     
000024ed  SwiP_dispatch                                              
0000258d  ClockP_startup                                             
00002629  __aeabi_memcpy                                             
00002629  __aeabi_memcpy4                                            
00002629  __aeabi_memcpy8                                            
00002629  memcpy                                                     
000026c5  SemaphoreP_pend                                            
0000290d  ClockP_start                                               
00002a09  rfReleaseConstraint                                        
00002a85  __aeabi_memclr                                             
00002a85  __aeabi_memclr4                                            
00002a85  __aeabi_memclr8                                            
00002a87  __aeabi_memset                                             
00002a87  __aeabi_memset4                                            
00002a87  __aeabi_memset8                                            
00002a8d  memset                                                     
00002aff  NOROM_RFCAdi3VcoLdoVoltageMode                             
00002b01  ClockP_walkQueueDynamic                                    
00002b75  NOROM_RFCOverrideUpdate                                    
00002be9  HwiP_construct                                             
00002c59  NOROM_SysCtrlAdjustRechargeAfterPowerDown                  
00002cc9  TimerP_start                                               
00002da9  __TI_auto_init                                             
00002e19  NOROM_OSCHF_AttemptToSwitchToXosc                          
00002e85  PowerCC26XX_initiateCalibration                            
00002fc9  NOROM_SysCtrl_DCDC_VoltageConditionalControl               
00003031  SwiP_post                                                  
00003099  __TI_decompress_lzss                                       
00003101  ClockP_usleep                                              
00003101  usleep                                                     
000031c1  PowerCC26XX_RCOSC_clockFunc                                
0000321d  PowerCC26XX_calibrate                                      
000032d3  SemaphoreP_destruct                                        
000032d5  RF_getCurrentTime                                          
00003385  scifInitIo                                                 
00003431  C$$EXIT                                                    
00003435  abort                                                      
0000343d  exit                                                       
00003485  SemaphoreP_construct                                       
000034d5  NOROM_IntPendSet                                           
0000356d  copy_in                                                    
000035b9  ClockP_construct                                           
00003649  NOROM_OSCHF_SwitchToRcOscTurnOffXosc                       
0000368d  SwiP_restore                                               
00003755  PowerCC26XX_isStableXOSC_HF                                
00003795  _c_int00                                                   
000037d5  NOROM_OSC_HPOSCRelativeFrequencyOffsetGet                  
00003811  NOROM_RFCSynthPowerDown                                    
0000384d  TimerP_setThreshold                                        
000038c5  SemaphoreP_post                                            
00003933  clkFxn                                                     
00003935  ClockP_getTicksUntilInterrupt                              
00003969  NOROM_IntRegister                                          
0000399d  Power_releaseConstraint                                    
000039d1  TimerP_initDevice                                          
00003a05  scifAckAlertEvents                                         
00003a39  scifReinitIo                                               
00003a6d  scifUninitIo                                               
00003aa1  TimerP_setNextTick                                         
00003ad3  ctrlReadyCallback                                          
00003ad5  Power_setConstraint                                        
00003b05  RF_runCmd                                                  
00003b35  TimerP_getCurrentTick                                      
00003bf5  NOROM_ChipInfo_GetChipFamily                               
00003c79  scifTsop38140StartRtcTicksNow                              
00003ca5  NOROM_ChipInfo_GetChipType                                 
00003ccd  NoRTOS_setConfig                                           
00003cf5  Power_registerNotify                                       
00003d1d  SafeHapiVoid                                               
00003d6d  main                                                       
00003d95  ClockP_getTicks                                            
00003db9  ClockP_scheduleNextTick                                    
00003e01  HwiP_setFunc                                               
00003e25  NOROM_IntPrioritySet                                       
00003e49  NOROM_OSCHF_TurnOnXosc                                     
00003e6d  NOROM_RFCDoorbellSendTo                                    
00003e91  TimerP_getMaxTicks                                         
00003ed9  scifTsop38140StartRtcTicks                                 
00003f21  List_put                                                   
00003f65  ClockP_add                                                 
00003f85  NOROM_RFCRfTrimRead                                        
00003fa5  NoRTOS_getConfig                                           
00003fc5  Power_getTransitionLatency                                 
00003fe3  SemaphoreP_constructBinary                                 
00004039  QueueP_put                                                 
00004055  SwiP_disable                                               
00004071  SwiP_or                                                    
0000408d  TimerP_dynamicStub                                         
000040c5  rfSetConstraint                                            
000040e1  QueueP_get                                                 
000040fd  CC2640R2_RSM_initGeneral                                   
00004115  ClockP_destruct                                            
0000412d  ClockP_getTimeout                                          
00004145  HwiP_inISR                                                 
0000415d  NOROM_ChipInfo_GetPackageType                              
00004175  NOROM_IOCIODrvStrengthSet                                  
0000418d  NOROM_RFCCpeIntGetAndClear                                 
000041a5  NOROM_RFCHWIntGetAndClear                                  
000041bd  Power_idleFunc                                             
00004205  _args_main                                                 
0000421d  __aeabi_lmul                                               
0000424d  taskAlertCallback                                          
00004265  Power_disablePolicy                                        
00004279  RF_Params_init                                             
000042a1  TimerP_startup                                             
000042c9  resetISR                                                   
000042dd  _register_unlock                                           
000042e3  _register_lock                                             
000042eb  _nop                                                       
000042f1  scifClearAlertIntSource                                    
00004305  HwiP_Params_init                                           
00004319  ClockP_Params_init                                         
00004329  HwiP_disable                                               
00004339  HwiP_enableInterrupt                                       
00004349  NOROM_RFCRfTrimSet                                         
00004359  PINCC26XX_getPinCount                                      
00004369  PowerCC26XX_schedulerDisable                               
00004379  Power_enablePolicy                                         
00004389  SemaphoreP_Params_init                                     
00004399  SwiP_Params_init                                           
000043a9  TimerP_Params_init                                         
000043b9  TimerP_getCount64                                          
00004429  scifOsalDisableTaskAlertInt                                
00004439  scifOsalEnableTaskAlertInt                                 
00004449  scifOsalEnterCriticalSection                               
00004459  NOROM_ThisLibraryIsFor_CC26x0R2_HaltIfViolated             
00004467  QueueP_empty                                               
00004475  QueueP_remove                                              
00004483  __TI_decompress_none                                       
00004491  ClockP_doTick                                              
000044a9  List_empty                                                 
000044b5  NOROM_CPUcpsid                                             
000044c1  NOROM_CPUcpsie                                             
000044cd  NOROM_OSC_HPOSCRelativeFrequencyOffsetToRFCoreFormatConvert
000044d9  PowerCC26XX_schedulerRestore                               
000044e5  Power_getConstraintMask                                    
000044f1  Power_getDependencyCount                                   
000044fd  SwiP_getTrigger                                            
00004509  TimerP_getFreq                                             
00004515  __TI_zero_init                                             
00004575  scifOsalRegisterCtrlReadyCallback                          
00004581  scifOsalRegisterTaskAlertCallback                          
0000458d  HwiP_restore                                               
00004595  scifOsalLeaveCriticalSection                               
0000459d  ClockP_stop                                                
000045a3  QueueP_init                                                
000045af  scifStartTasksNbl                                          
000045b9  ClockP_isActive                                            
000045bd  ClockP_setTimeout                                          
000045c1  HwiP_enable                                                
000045c1  NoRTOS_start                                               
000045c5  HwiP_post                                                  
000045c9  List_head                                                  
000045cd  List_next                                                  
000045d1  PowerCC26XX_switchXOSC_HF                                  
000045d9  QueueP_head                                                
000045dd  QueueP_next                                                
000045e9  _system_pre_init                                           
000045f3  __mpu_init                                                 
000045f5  _system_post_cinit                                         
00004950  resourceDB                                                 
0000499c  scifTsop38140DriverSetup                                   
000049e8  PowerCC26XX_config                                         
00004a30  PINCC26XX_hwAttrs                                          
00004a38  BoardGpioInitTable                                         
00004a3c  RFCC26XX_hwAttrs                                           
00004a40  __c_args__                                                 
00004b24  __TI_Handler_Table_Base                                    
00004b30  __TI_Handler_Table_Limit                                   
00004b40  __TI_CINIT_Base                                            
00004b58  __TI_CINIT_Limit                                           
0001ffa8  __ccfg                                                     
20000004  HwiP_swiPIntNum                                            
20000198  pinUpperBound                                              
2000019c  pinLowerBound                                              
20000230  pinHandleTable                                             
200002ac  PowerCC26XX_module                                         
200003c4  ClockP_tickPeriod                                          
20000480  pOverrides                                                 
200004f8  cmdAdvParam                                                
20000518  RF_cmdAdvNc0                                               
20000530  RF_cmdAdvNc1                                               
20000548  RF_cmdAdvNc2                                               
20000560  RF_cmdBleRadioSetup                                        
20000578  RF_ble                                                     
2000058c  SemaphoreP_defaultParams                                   
20000594  __TI_cleanup_ptr                                           
20000598  __TI_dtors_ptr                                             
2000059c  __TI_enable_exit_profile_output                            
200005ac  _lock                                                      
200005b0  _unlock                                                    
200005b4  main_func_sp                                               
200005c0  advData                                                    
200005cb  dataReceived                                               
200005cc  adcN                                                       
200005cd  advLen                                                     
200009cd  driverlib_release_0_49664                                  
200009f0  _sys_memory                                                
20000b00  g_pfnRAMVectors                                            
20004c00  __stack                                                    
20005000  __STACK_END                                                
ffffffff  __TI_pprof_out_hndl                                        
ffffffff  __TI_prof_data_size                                        
ffffffff  __TI_prof_data_start                                       
ffffffff  __binit__                                                  
ffffffff  binit                                                      
UNDEFED   SHT$$INIT_ARRAY$$Base                                      
UNDEFED   SHT$$INIT_ARRAY$$Limit                                     

[232 symbols]
