******************************************************************************
                  TI ARM Linker PC v16.9.6                     
******************************************************************************
>> Linked Sun Dec 17 19:17:25 2017

OUTPUT FILE NAME:   <ir_micro_eddystone_beacon_cc2640r2lp_app.out>
ENTRY POINT SYMBOL: "ResetISR"  address: 00003cd5


MEMORY CONFIGURATION

         name            origin    length      used     unused   attr    fill
----------------------  --------  ---------  --------  --------  ----  --------
  FLASH                 00000000   0001f000  00005839  000197c7  R  X
  FLASH_LAST_PAGE       0001f000   00001000  00000058  00000fa8  R  X
  SRAM                  20000000   00004400  0000158d  00002e73  RW X


SEGMENT ALLOCATION MAP

run origin  load origin   length   init length attrs members
----------  ----------- ---------- ----------- ----- -------
00000000    00000000    00005844   00005844    r-x
  00000000    00000000    0000003c   0000003c    r-- .resetVecs
  0000003c    0000003c    00000fc4   00000fc4    r-x .text.1
  00001000    00001000    00000028   00000028    r-- .const:ti_sysbios_heaps_HeapMem_Module__FXNS__C
  00001028    00001028    00000024   00000024    r-- .const:ti_sysbios_gates_GateHwi_Module__FXNS__C
  0000104c    0000104c    00000024   00000024    r-- .const:ti_sysbios_gates_GateMutex_Module__FXNS__C
  00001070    00001070    00000020   00000020    r-- .const:ti_sysbios_family_arm_m3_Hwi_Object__DESC__C
  00001090    00001090    00000020   00000020    r-- .const:ti_sysbios_gates_GateHwi_Object__DESC__C
  000010b0    000010b0    00000020   00000020    r-- .const:ti_sysbios_gates_GateMutex_Object__DESC__C
  000010d0    000010d0    00000020   00000020    r-- .const:ti_sysbios_hal_Hwi_Object__DESC__C
  000010f0    000010f0    00000020   00000020    r-- .const:ti_sysbios_heaps_HeapMem_Object__DESC__C
  00001110    00001110    00000020   00000020    r-- .const:ti_sysbios_knl_Clock_Object__DESC__C
  00001130    00001130    00000020   00000020    r-- .const:ti_sysbios_knl_Event_Object__DESC__C
  00001150    00001150    00000020   00000020    r-- .const:ti_sysbios_knl_Mailbox_Object__DESC__C
  00001170    00001170    00000020   00000020    r-- .const:ti_sysbios_knl_Queue_Object__DESC__C
  00001190    00001190    00000020   00000020    r-- .const:ti_sysbios_knl_Semaphore_Object__DESC__C
  000011b0    000011b0    00000020   00000020    r-- .const:ti_sysbios_knl_Swi_Object__DESC__C
  000011d0    000011d0    00000020   00000020    r-- .const:ti_sysbios_knl_Task_Object__DESC__C
  000011f0    000011f0    00000008   00000008    r-- .const:ti_sysbios_knl_Idle_funcList__C
  000011f8    000011f8    00000004   00000004    r-- .const:ti_sysbios_family_arm_cc26xx_Timer_startupNeeded__C
  000011fc    000011fc    00000004   00000004    r-- .const:ti_sysbios_family_arm_m3_Hwi_E_alreadyDefined__C
  00001200    00001200    00000004   00000004    r-- .const:ti_sysbios_family_arm_m3_Hwi_E_hwiLimitExceeded__C
  00001204    00001204    00000004   00000004    r-- .const:ti_sysbios_family_arm_m3_Hwi_NUM_INTERRUPTS__C
  00001208    00001208    00000004   00000004    r-- .const:ti_sysbios_family_arm_m3_Hwi_Object__count__C
  0000120c    0000120c    00000004   00000004    r-- .const:ti_sysbios_family_arm_m3_Hwi_Object__table__C
  00001210    00001210    00000004   00000004    r-- .const:ti_sysbios_family_arm_m3_Hwi_ccr__C
  00001214    00001214    00000004   00000004    r-- .const:ti_sysbios_family_arm_m3_Hwi_excHandlerFunc__C
  00001218    00001218    00000004   00000004    r-- .const:ti_sysbios_family_arm_m3_Hwi_nullIsrFunc__C
  0000121c    0000121c    00000004   00000004    r-- .const:ti_sysbios_family_arm_m3_Hwi_numSparseInterrupts__C
  00001220    00001220    00000004   00000004    r-- .const:ti_sysbios_family_arm_m3_Hwi_priGroup__C
  00001224    00001224    00000004   00000004    r-- .const:ti_sysbios_family_arm_m3_TaskSupport_stackAlignment__C
  00001228    00001228    00000004   00000004    r-- .const:ti_sysbios_heaps_HeapMem_E_memory__C
  0000122c    0000122c    00000004   00000004    r-- .const:ti_sysbios_heaps_HeapMem_Module__gateObj__C
  00001230    00001230    00000004   00000004    r-- .const:ti_sysbios_heaps_HeapMem_Object__count__C
  00001234    00001234    00000004   00000004    r-- .const:ti_sysbios_heaps_HeapMem_Object__table__C
  00001238    00001238    00000004   00000004    r-- .const:ti_sysbios_heaps_HeapMem_reqAlign__C
  0000123c    0000123c    00000004   00000004    r-- .const:ti_sysbios_knl_Clock_triggerClock__C
  00001240    00001240    00000004   00000004    r-- .const:ti_sysbios_knl_Mailbox_Object__count__C
  00001244    00001244    00000004   00000004    r-- .const:ti_sysbios_knl_Mailbox_Object__table__C
  00001248    00001248    00000004   00000004    r-- .const:ti_sysbios_knl_Mailbox_maxTypeAlign__C
  0000124c    0000124c    00000004   00000004    r-- .const:ti_sysbios_knl_Queue_Object__count__C
  00001250    00001250    00000004   00000004    r-- .const:ti_sysbios_knl_Queue_Object__table__C
  00001254    00001254    00000004   00000004    r-- .const:ti_sysbios_knl_Semaphore_eventPost__C
  00001258    00001258    00000004   00000004    r-- .const:ti_sysbios_knl_Semaphore_eventSync__C
  0000125c    0000125c    00000004   00000004    r-- .const:ti_sysbios_knl_Swi_Object__count__C
  00001260    00001260    00000004   00000004    r-- .const:ti_sysbios_knl_Swi_Object__table__C
  00001264    00001264    00000004   00000004    r-- .const:ti_sysbios_knl_Swi_numPriorities__C
  00001268    00001268    00000004   00000004    r-- .const:ti_sysbios_knl_Task_Object__count__C
  0000126c    0000126c    00000004   00000004    r-- .const:ti_sysbios_knl_Task_Object__table__C
  00001270    00001270    00000004   00000004    r-- .const:ti_sysbios_knl_Task_allBlockedFunc__C
  00001274    00001274    00000004   00000004    r-- .const:ti_sysbios_knl_Task_defaultStackHeap__C
  00001278    00001278    00000004   00000004    r-- .const:ti_sysbios_knl_Task_defaultStackSize__C
  0000127c    0000127c    00000004   00000004    r-- .const:ti_sysbios_knl_Task_numConstructedTasks__C
  00001280    00001280    00000002   00000002    r-- .const:ti_sysbios_family_arm_cc26xx_Timer_Module__id__C
  00001282    00001282    00000002   00000002    r-- .const:ti_sysbios_family_arm_cc26xx_TimestampProvider_useClockTimer__C
  00001284    00001284    00000002   00000002    r-- .const:ti_sysbios_family_arm_m3_Hwi_Module__id__C
  00001286    00001286    00000002   00000002    r-- .const:ti_sysbios_gates_GateHwi_Module__id__C
  00001288    00001288    00000002   00000002    r-- .const:ti_sysbios_gates_GateMutex_Module__id__C
  0000128a    0000128a    00000002   00000002    r-- .const:ti_sysbios_heaps_HeapMem_Module__id__C
  0000128c    0000128c    00000002   00000002    r-- .const:ti_sysbios_knl_Task_initStackFlag__C
  0000128e    0000128e    00000001   00000001    r-- .const:ti_sysbios_knl_Clock_tickMode__C
  00001290    00001290    00000008   00000008    r-- .const:xdc_runtime_Startup_firstFxns__C
  00001298    00001298    00000008   00000008    r-- .const:xdc_runtime_Startup_lastFxns__C
  000012a0    000012a0    00000004   00000004    r-- .const:xdc_runtime_Assert_E_assertFailed__C
  000012a4    000012a4    00000004   00000004    r-- .const:xdc_runtime_Error_E_memory__C
  000012a8    000012a8    00000004   00000004    r-- .const:xdc_runtime_Error_policyFxn__C
  000012ac    000012ac    00000004   00000004    r-- .const:xdc_runtime_Error_raiseHook__C
  000012b0    000012b0    00000004   00000004    r-- .const:xdc_runtime_IGateProvider_Interface__BASE__C
  000012b4    000012b4    00000004   00000004    r-- .const:xdc_runtime_IHeap_Interface__BASE__C
  000012b8    000012b8    00000004   00000004    r-- .const:xdc_runtime_IModule_Interface__BASE__C
  000012bc    000012bc    00000004   00000004    r-- .const:xdc_runtime_Memory_defaultHeapInstance__C
  000012c0    000012c0    00000004   00000004    r-- .const:xdc_runtime_Startup_execImpl__C
  000012c4    000012c4    00000004   00000004    r-- .const:xdc_runtime_Startup_maxPasses__C
  000012c8    000012c8    00000004   00000004    r-- .const:xdc_runtime_Startup_sfxnRts__C
  000012cc    000012cc    00000004   00000004    r-- .const:xdc_runtime_Startup_sfxnTab__C
  000012d0    000012d0    00000004   00000004    r-- .const:xdc_runtime_Startup_startModsFxn__C
  000012d4    000012d4    00000004   00000004    r-- .const:xdc_runtime_SysCallback_abortFxn__C
  000012d8    000012d8    00000004   00000004    r-- .const:xdc_runtime_SysCallback_exitFxn__C
  000012dc    000012dc    00000004   00000004    r-- .const:xdc_runtime_System_abortFxn__C
  000012e0    000012e0    00000004   00000004    r-- .const:xdc_runtime_System_exitFxn__C
  000012e4    000012e4    00000004   00000004    r-- .const:xdc_runtime_System_maxAtexitHandlers__C
  000012e8    000012e8    00000004   00000004    r-- .const:xdc_runtime_Text_charTab__C
  000012ec    000012ec    00000004   00000004    r-- .const:xdc_runtime_Text_nameEmpty__C
  000012f0    000012f0    00000004   00000004    r-- .const:xdc_runtime_Text_nameStatic__C
  000012f4    000012f4    00000004   00000004    r-- .const:xdc_runtime_Text_nameUnknown__C
  000012f8    000012f8    00000002   00000002    r-- .const:xdc_runtime_Error_maxDepth__C
  000012fa    000012fa    00000002   00000002    r-- .const:xdc_runtime_Memory_Module__id__C
  000012fc    000012fc    00000002   00000002    r-- .const:xdc_runtime_Text_charCnt__C
  000012fe    000012fe    00000002   00000002    r-- .const:xdc_runtime_Text_isLoaded__C
  00001300    00001300    00000001   00000001    r-- .const:xdc_runtime_Error_policy__C
  00001304    00001304    00000004   00000004    r-- .const:ti_sysbios_rom_ROM_ti_sysbios_family_arm_cc26xx_Timer_getCount64__E
  00001308    00001308    00000004   00000004    r-- .const:ti_sysbios_rom_ROM_ti_sysbios_family_arm_cc26xx_Timer_getCurrentTick__E
  0000130c    0000130c    00000004   00000004    r-- .const:ti_sysbios_rom_ROM_ti_sysbios_family_arm_cc26xx_Timer_getMaxTicks__E
  00001310    00001310    00000004   00000004    r-- .const:ti_sysbios_rom_ROM_ti_sysbios_family_arm_cc26xx_Timer_initDevice__I
  00001314    00001314    00000004   00000004    r-- .const:ti_sysbios_rom_ROM_ti_sysbios_family_arm_cc26xx_Timer_setNextTick__E
  00001318    00001318    00000004   00000004    r-- .const:ti_sysbios_rom_ROM_ti_sysbios_family_arm_cc26xx_Timer_setThreshold__I
  0000131c    0000131c    00000004   00000004    r-- .const:ti_sysbios_rom_ROM_ti_sysbios_family_arm_cc26xx_Timer_start__E
  00001320    00001320    00000004   00000004    r-- .const:ti_sysbios_rom_ROM_ti_sysbios_family_arm_cc26xx_TimestampProvider_get32__E
  00001324    00001324    00000004   00000004    r-- .const:ti_sysbios_rom_ROM_xdc_runtime_Startup_getState__I
  00001328    00001328    00000004   00000004    r-- .const:ti_sysbios_rom_ROM_xdc_runtime_System_SupportProxy_abort__E
  0000132c    0000132c    00000004   00000004    r-- .const:ti_sysbios_rom_ROM_xdc_runtime_System_SupportProxy_exit__E
  00001330    00001330    00003dcc   00003dcc    r-x .text.2
  000050fc    000050fc    000004b5   000004b5    r-- .const
  000055b8    000055b8    0000028c   0000028c    r-- .cinit
0001ffa8    0001ffa8    00000058   00000058    r--
  0001ffa8    0001ffa8    00000058   00000058    r-- .ccfg
20000100    20000100    000010c7   00000000    rw-
  20000100    20000100    00000044   00000000    rw- .data:ti_sysbios_knl_Task_Module__state__V
  20000144    20000144    00000034   00000000    rw- .data:ti_sysbios_family_arm_m3_Hwi_Module__state__V
  20000178    20000178    0000002c   00000000    rw- .data:ti_sysbios_knl_Clock_Module__state__V
  200001a4    200001a4    00000024   00000000    rw- .data:ti_sysbios_BIOS_Module__state__V
  200001c8    200001c8    0000001c   00000000    rw- .data:ti_sysbios_knl_Swi_Module__state__V
  200001e4    200001e4    00000008   00000000    rw- .data:ti_sysbios_family_arm_cc26xx_Timer_Module__state__V
  200001ec    200001ec    00000004   00000000    rw- .data:ti_sysbios_family_arm_cc26xx_TimestampProvider_Module__state__V
  200001f0    200001f0    00000008   00000000    rw- .data:xdc_runtime_Startup_Module__state__V
  200001f8    200001f8    00000008   00000000    rw- .data:xdc_runtime_System_Module__state__V
  20000200    20000200    00000004   00000000    rw- .data:xdc_runtime_Memory_Module__state__V
  20000204    20000204    00000002   00000000    rw- .data:xdc_runtime_Error_Module__state__V
  20000208    20000208    0000075a   00000000    rw- .data
  20000968    20000968    0000085f   00000000    rw- .bss
20004000    20004000    00000400   00000000    rw-
  20004000    20004000    00000400   00000000    rw- .stack


SECTION ALLOCATION MAP

 output                                  attributes/
section   page    origin      length       input sections
--------  ----  ----------  ----------   ----------------
.resetVecs 
*          0    00000000    0000003c     
                  00000000    0000003c     app_ble_pem3.oem3 (.resetVecs)

.text.1    0    0000003c    00000fc4     
                  0000003c    000003d4     micro_eddystone_beacon.obj (.text:MicroEddystoneBeacon_taskFxn$1)
                  00000410    00000008     (.tramp.ti_sysbios_knl_Event_create.1)
                  00000418    00000008     (.tramp.ti_sysbios_knl_Queue_construct.1)
                  00000420    00000008     (.tramp.ti_sysbios_knl_Event_pend__E.1)
                  00000428    00000008     (.tramp.ti_sysbios_knl_Queue_empty__E.1)
                  00000430    00000008     (.tramp.ti_sysbios_knl_Queue_get__E.1)
                  00000438    00000314     drivers_cc26x0r2.aem3 : PowerCC26XX_calibrateRCOSC.oem3 (.text:PowerCC26XX_auxISR)
                  0000074c    00000310     rf_singleMode_cc26x0r2.aem3 : RFCC26XX_singleMode.oem3 (.text:fsmActiveState)
                  00000a5c    00000008     (.tramp.ti_sysbios_family_arm_m3_Hwi_restoreFxn__E.1)
                  00000a64    00000244     drivers_cc26x0r2.aem3 : PowerCC26XX.oem3 (.text:Power_sleep)
                  00000ca8    00000008     (.tramp.ti_sysbios_knl_Swi_restore__E.1)
                  00000cb0    00000210     driverlib.lib : sys_ctrl.obj (.text:NOROM_SysCtrlSetRechargeBeforePowerDown)
                  00000ec0    00000130     ull.obj (.text:ull_advSchedule)
                  00000ff0    00000010     dpl_cc26x0r2.aem3 : ClockP_tirtos.oem3 (.text:ClockP_isActive)

.const:ti_sysbios_heaps_HeapMem_Module__FXNS__C 
*          0    00001000    00000028     
                  00001000    00000028     app_ble_pem3.oem3 (.const:ti_sysbios_heaps_HeapMem_Module__FXNS__C)

.const:ti_sysbios_gates_GateHwi_Module__FXNS__C 
*          0    00001028    00000024     
                  00001028    00000024     app_ble_pem3.oem3 (.const:ti_sysbios_gates_GateHwi_Module__FXNS__C)

.const:ti_sysbios_gates_GateMutex_Module__FXNS__C 
*          0    0000104c    00000024     
                  0000104c    00000024     app_ble_pem3.oem3 (.const:ti_sysbios_gates_GateMutex_Module__FXNS__C)

.const:ti_sysbios_family_arm_m3_Hwi_Object__DESC__C 
*          0    00001070    00000020     
                  00001070    00000020     app_ble_pem3.oem3 (.const:ti_sysbios_family_arm_m3_Hwi_Object__DESC__C)

.const:ti_sysbios_gates_GateHwi_Object__DESC__C 
*          0    00001090    00000020     
                  00001090    00000020     app_ble_pem3.oem3 (.const:ti_sysbios_gates_GateHwi_Object__DESC__C)

.const:ti_sysbios_gates_GateMutex_Object__DESC__C 
*          0    000010b0    00000020     
                  000010b0    00000020     app_ble_pem3.oem3 (.const:ti_sysbios_gates_GateMutex_Object__DESC__C)

.const:ti_sysbios_hal_Hwi_Object__DESC__C 
*          0    000010d0    00000020     
                  000010d0    00000020     app_ble_pem3.oem3 (.const:ti_sysbios_hal_Hwi_Object__DESC__C)

.const:ti_sysbios_heaps_HeapMem_Object__DESC__C 
*          0    000010f0    00000020     
                  000010f0    00000020     app_ble_pem3.oem3 (.const:ti_sysbios_heaps_HeapMem_Object__DESC__C)

.const:ti_sysbios_knl_Clock_Object__DESC__C 
*          0    00001110    00000020     
                  00001110    00000020     app_ble_pem3.oem3 (.const:ti_sysbios_knl_Clock_Object__DESC__C)

.const:ti_sysbios_knl_Event_Object__DESC__C 
*          0    00001130    00000020     
                  00001130    00000020     app_ble_pem3.oem3 (.const:ti_sysbios_knl_Event_Object__DESC__C)

.const:ti_sysbios_knl_Mailbox_Object__DESC__C 
*          0    00001150    00000020     
                  00001150    00000020     app_ble_pem3.oem3 (.const:ti_sysbios_knl_Mailbox_Object__DESC__C)

.const:ti_sysbios_knl_Queue_Object__DESC__C 
*          0    00001170    00000020     
                  00001170    00000020     app_ble_pem3.oem3 (.const:ti_sysbios_knl_Queue_Object__DESC__C)

.const:ti_sysbios_knl_Semaphore_Object__DESC__C 
*          0    00001190    00000020     
                  00001190    00000020     app_ble_pem3.oem3 (.const:ti_sysbios_knl_Semaphore_Object__DESC__C)

.const:ti_sysbios_knl_Swi_Object__DESC__C 
*          0    000011b0    00000020     
                  000011b0    00000020     app_ble_pem3.oem3 (.const:ti_sysbios_knl_Swi_Object__DESC__C)

.const:ti_sysbios_knl_Task_Object__DESC__C 
*          0    000011d0    00000020     
                  000011d0    00000020     app_ble_pem3.oem3 (.const:ti_sysbios_knl_Task_Object__DESC__C)

.const:ti_sysbios_knl_Idle_funcList__C 
*          0    000011f0    00000008     
                  000011f0    00000008     app_ble_pem3.oem3 (.const:ti_sysbios_knl_Idle_funcList__C)

.const:ti_sysbios_family_arm_cc26xx_Timer_startupNeeded__C 
*          0    000011f8    00000004     
                  000011f8    00000004     app_ble_pem3.oem3 (.const:ti_sysbios_family_arm_cc26xx_Timer_startupNeeded__C)

.const:ti_sysbios_family_arm_m3_Hwi_E_alreadyDefined__C 
*          0    000011fc    00000004     
                  000011fc    00000004     app_ble_pem3.oem3 (.const:ti_sysbios_family_arm_m3_Hwi_E_alreadyDefined__C)

.const:ti_sysbios_family_arm_m3_Hwi_E_hwiLimitExceeded__C 
*          0    00001200    00000004     
                  00001200    00000004     app_ble_pem3.oem3 (.const:ti_sysbios_family_arm_m3_Hwi_E_hwiLimitExceeded__C)

.const:ti_sysbios_family_arm_m3_Hwi_NUM_INTERRUPTS__C 
*          0    00001204    00000004     
                  00001204    00000004     app_ble_pem3.oem3 (.const:ti_sysbios_family_arm_m3_Hwi_NUM_INTERRUPTS__C)

.const:ti_sysbios_family_arm_m3_Hwi_Object__count__C 
*          0    00001208    00000004     
                  00001208    00000004     app_ble_pem3.oem3 (.const:ti_sysbios_family_arm_m3_Hwi_Object__count__C)

.const:ti_sysbios_family_arm_m3_Hwi_Object__table__C 
*          0    0000120c    00000004     
                  0000120c    00000004     app_ble_pem3.oem3 (.const:ti_sysbios_family_arm_m3_Hwi_Object__table__C)

.const:ti_sysbios_family_arm_m3_Hwi_ccr__C 
*          0    00001210    00000004     
                  00001210    00000004     app_ble_pem3.oem3 (.const:ti_sysbios_family_arm_m3_Hwi_ccr__C)

.const:ti_sysbios_family_arm_m3_Hwi_excHandlerFunc__C 
*          0    00001214    00000004     
                  00001214    00000004     app_ble_pem3.oem3 (.const:ti_sysbios_family_arm_m3_Hwi_excHandlerFunc__C)

.const:ti_sysbios_family_arm_m3_Hwi_nullIsrFunc__C 
*          0    00001218    00000004     
                  00001218    00000004     app_ble_pem3.oem3 (.const:ti_sysbios_family_arm_m3_Hwi_nullIsrFunc__C)

.const:ti_sysbios_family_arm_m3_Hwi_numSparseInterrupts__C 
*          0    0000121c    00000004     
                  0000121c    00000004     app_ble_pem3.oem3 (.const:ti_sysbios_family_arm_m3_Hwi_numSparseInterrupts__C)

.const:ti_sysbios_family_arm_m3_Hwi_priGroup__C 
*          0    00001220    00000004     
                  00001220    00000004     app_ble_pem3.oem3 (.const:ti_sysbios_family_arm_m3_Hwi_priGroup__C)

.const:ti_sysbios_family_arm_m3_TaskSupport_stackAlignment__C 
*          0    00001224    00000004     
                  00001224    00000004     app_ble_pem3.oem3 (.const:ti_sysbios_family_arm_m3_TaskSupport_stackAlignment__C)

.const:ti_sysbios_heaps_HeapMem_E_memory__C 
*          0    00001228    00000004     
                  00001228    00000004     app_ble_pem3.oem3 (.const:ti_sysbios_heaps_HeapMem_E_memory__C)

.const:ti_sysbios_heaps_HeapMem_Module__gateObj__C 
*          0    0000122c    00000004     
                  0000122c    00000004     app_ble_pem3.oem3 (.const:ti_sysbios_heaps_HeapMem_Module__gateObj__C)

.const:ti_sysbios_heaps_HeapMem_Object__count__C 
*          0    00001230    00000004     
                  00001230    00000004     app_ble_pem3.oem3 (.const:ti_sysbios_heaps_HeapMem_Object__count__C)

.const:ti_sysbios_heaps_HeapMem_Object__table__C 
*          0    00001234    00000004     
                  00001234    00000004     app_ble_pem3.oem3 (.const:ti_sysbios_heaps_HeapMem_Object__table__C)

.const:ti_sysbios_heaps_HeapMem_reqAlign__C 
*          0    00001238    00000004     
                  00001238    00000004     app_ble_pem3.oem3 (.const:ti_sysbios_heaps_HeapMem_reqAlign__C)

.const:ti_sysbios_knl_Clock_triggerClock__C 
*          0    0000123c    00000004     
                  0000123c    00000004     app_ble_pem3.oem3 (.const:ti_sysbios_knl_Clock_triggerClock__C)

.const:ti_sysbios_knl_Mailbox_Object__count__C 
*          0    00001240    00000004     
                  00001240    00000004     app_ble_pem3.oem3 (.const:ti_sysbios_knl_Mailbox_Object__count__C)

.const:ti_sysbios_knl_Mailbox_Object__table__C 
*          0    00001244    00000004     
                  00001244    00000004     app_ble_pem3.oem3 (.const:ti_sysbios_knl_Mailbox_Object__table__C)

.const:ti_sysbios_knl_Mailbox_maxTypeAlign__C 
*          0    00001248    00000004     
                  00001248    00000004     app_ble_pem3.oem3 (.const:ti_sysbios_knl_Mailbox_maxTypeAlign__C)

.const:ti_sysbios_knl_Queue_Object__count__C 
*          0    0000124c    00000004     
                  0000124c    00000004     app_ble_pem3.oem3 (.const:ti_sysbios_knl_Queue_Object__count__C)

.const:ti_sysbios_knl_Queue_Object__table__C 
*          0    00001250    00000004     
                  00001250    00000004     app_ble_pem3.oem3 (.const:ti_sysbios_knl_Queue_Object__table__C)

.const:ti_sysbios_knl_Semaphore_eventPost__C 
*          0    00001254    00000004     
                  00001254    00000004     app_ble_pem3.oem3 (.const:ti_sysbios_knl_Semaphore_eventPost__C)

.const:ti_sysbios_knl_Semaphore_eventSync__C 
*          0    00001258    00000004     
                  00001258    00000004     app_ble_pem3.oem3 (.const:ti_sysbios_knl_Semaphore_eventSync__C)

.const:ti_sysbios_knl_Swi_Object__count__C 
*          0    0000125c    00000004     
                  0000125c    00000004     app_ble_pem3.oem3 (.const:ti_sysbios_knl_Swi_Object__count__C)

.const:ti_sysbios_knl_Swi_Object__table__C 
*          0    00001260    00000004     
                  00001260    00000004     app_ble_pem3.oem3 (.const:ti_sysbios_knl_Swi_Object__table__C)

.const:ti_sysbios_knl_Swi_numPriorities__C 
*          0    00001264    00000004     
                  00001264    00000004     app_ble_pem3.oem3 (.const:ti_sysbios_knl_Swi_numPriorities__C)

.const:ti_sysbios_knl_Task_Object__count__C 
*          0    00001268    00000004     
                  00001268    00000004     app_ble_pem3.oem3 (.const:ti_sysbios_knl_Task_Object__count__C)

.const:ti_sysbios_knl_Task_Object__table__C 
*          0    0000126c    00000004     
                  0000126c    00000004     app_ble_pem3.oem3 (.const:ti_sysbios_knl_Task_Object__table__C)

.const:ti_sysbios_knl_Task_allBlockedFunc__C 
*          0    00001270    00000004     
                  00001270    00000004     app_ble_pem3.oem3 (.const:ti_sysbios_knl_Task_allBlockedFunc__C)

.const:ti_sysbios_knl_Task_defaultStackHeap__C 
*          0    00001274    00000004     
                  00001274    00000004     app_ble_pem3.oem3 (.const:ti_sysbios_knl_Task_defaultStackHeap__C)

.const:ti_sysbios_knl_Task_defaultStackSize__C 
*          0    00001278    00000004     
                  00001278    00000004     app_ble_pem3.oem3 (.const:ti_sysbios_knl_Task_defaultStackSize__C)

.const:ti_sysbios_knl_Task_numConstructedTasks__C 
*          0    0000127c    00000004     
                  0000127c    00000004     app_ble_pem3.oem3 (.const:ti_sysbios_knl_Task_numConstructedTasks__C)

.const:ti_sysbios_family_arm_cc26xx_Timer_Module__id__C 
*          0    00001280    00000002     
                  00001280    00000002     app_ble_pem3.oem3 (.const:ti_sysbios_family_arm_cc26xx_Timer_Module__id__C)

.const:ti_sysbios_family_arm_cc26xx_TimestampProvider_useClockTimer__C 
*          0    00001282    00000002     
                  00001282    00000002     app_ble_pem3.oem3 (.const:ti_sysbios_family_arm_cc26xx_TimestampProvider_useClockTimer__C)

.const:ti_sysbios_family_arm_m3_Hwi_Module__id__C 
*          0    00001284    00000002     
                  00001284    00000002     app_ble_pem3.oem3 (.const:ti_sysbios_family_arm_m3_Hwi_Module__id__C)

.const:ti_sysbios_gates_GateHwi_Module__id__C 
*          0    00001286    00000002     
                  00001286    00000002     app_ble_pem3.oem3 (.const:ti_sysbios_gates_GateHwi_Module__id__C)

.const:ti_sysbios_gates_GateMutex_Module__id__C 
*          0    00001288    00000002     
                  00001288    00000002     app_ble_pem3.oem3 (.const:ti_sysbios_gates_GateMutex_Module__id__C)

.const:ti_sysbios_heaps_HeapMem_Module__id__C 
*          0    0000128a    00000002     
                  0000128a    00000002     app_ble_pem3.oem3 (.const:ti_sysbios_heaps_HeapMem_Module__id__C)

.const:ti_sysbios_knl_Task_initStackFlag__C 
*          0    0000128c    00000002     
                  0000128c    00000002     app_ble_pem3.oem3 (.const:ti_sysbios_knl_Task_initStackFlag__C)

.const:ti_sysbios_knl_Clock_tickMode__C 
*          0    0000128e    00000001     
                  0000128e    00000001     app_ble_pem3.oem3 (.const:ti_sysbios_knl_Clock_tickMode__C)

.const:xdc_runtime_Startup_firstFxns__C 
*          0    00001290    00000008     
                  00001290    00000008     app_ble_pem3.oem3 (.const:xdc_runtime_Startup_firstFxns__C)

.const:xdc_runtime_Startup_lastFxns__C 
*          0    00001298    00000008     
                  00001298    00000008     app_ble_pem3.oem3 (.const:xdc_runtime_Startup_lastFxns__C)

.const:xdc_runtime_Assert_E_assertFailed__C 
*          0    000012a0    00000004     
                  000012a0    00000004     app_ble_pem3.oem3 (.const:xdc_runtime_Assert_E_assertFailed__C)

.const:xdc_runtime_Error_E_memory__C 
*          0    000012a4    00000004     
                  000012a4    00000004     app_ble_pem3.oem3 (.const:xdc_runtime_Error_E_memory__C)

.const:xdc_runtime_Error_policyFxn__C 
*          0    000012a8    00000004     
                  000012a8    00000004     app_ble_pem3.oem3 (.const:xdc_runtime_Error_policyFxn__C)

.const:xdc_runtime_Error_raiseHook__C 
*          0    000012ac    00000004     
                  000012ac    00000004     app_ble_pem3.oem3 (.const:xdc_runtime_Error_raiseHook__C)

.const:xdc_runtime_IGateProvider_Interface__BASE__C 
*          0    000012b0    00000004     
                  000012b0    00000004     app_ble_pem3.oem3 (.const:xdc_runtime_IGateProvider_Interface__BASE__C)

.const:xdc_runtime_IHeap_Interface__BASE__C 
*          0    000012b4    00000004     
                  000012b4    00000004     app_ble_pem3.oem3 (.const:xdc_runtime_IHeap_Interface__BASE__C)

.const:xdc_runtime_IModule_Interface__BASE__C 
*          0    000012b8    00000004     
                  000012b8    00000004     app_ble_pem3.oem3 (.const:xdc_runtime_IModule_Interface__BASE__C)

.const:xdc_runtime_Memory_defaultHeapInstance__C 
*          0    000012bc    00000004     
                  000012bc    00000004     app_ble_pem3.oem3 (.const:xdc_runtime_Memory_defaultHeapInstance__C)

.const:xdc_runtime_Startup_execImpl__C 
*          0    000012c0    00000004     
                  000012c0    00000004     app_ble_pem3.oem3 (.const:xdc_runtime_Startup_execImpl__C)

.const:xdc_runtime_Startup_maxPasses__C 
*          0    000012c4    00000004     
                  000012c4    00000004     app_ble_pem3.oem3 (.const:xdc_runtime_Startup_maxPasses__C)

.const:xdc_runtime_Startup_sfxnRts__C 
*          0    000012c8    00000004     
                  000012c8    00000004     app_ble_pem3.oem3 (.const:xdc_runtime_Startup_sfxnRts__C)

.const:xdc_runtime_Startup_sfxnTab__C 
*          0    000012cc    00000004     
                  000012cc    00000004     app_ble_pem3.oem3 (.const:xdc_runtime_Startup_sfxnTab__C)

.const:xdc_runtime_Startup_startModsFxn__C 
*          0    000012d0    00000004     
                  000012d0    00000004     app_ble_pem3.oem3 (.const:xdc_runtime_Startup_startModsFxn__C)

.const:xdc_runtime_SysCallback_abortFxn__C 
*          0    000012d4    00000004     
                  000012d4    00000004     app_ble_pem3.oem3 (.const:xdc_runtime_SysCallback_abortFxn__C)

.const:xdc_runtime_SysCallback_exitFxn__C 
*          0    000012d8    00000004     
                  000012d8    00000004     app_ble_pem3.oem3 (.const:xdc_runtime_SysCallback_exitFxn__C)

.const:xdc_runtime_System_abortFxn__C 
*          0    000012dc    00000004     
                  000012dc    00000004     app_ble_pem3.oem3 (.const:xdc_runtime_System_abortFxn__C)

.const:xdc_runtime_System_exitFxn__C 
*          0    000012e0    00000004     
                  000012e0    00000004     app_ble_pem3.oem3 (.const:xdc_runtime_System_exitFxn__C)

.const:xdc_runtime_System_maxAtexitHandlers__C 
*          0    000012e4    00000004     
                  000012e4    00000004     app_ble_pem3.oem3 (.const:xdc_runtime_System_maxAtexitHandlers__C)

.const:xdc_runtime_Text_charTab__C 
*          0    000012e8    00000004     
                  000012e8    00000004     app_ble_pem3.oem3 (.const:xdc_runtime_Text_charTab__C)

.const:xdc_runtime_Text_nameEmpty__C 
*          0    000012ec    00000004     
                  000012ec    00000004     app_ble_pem3.oem3 (.const:xdc_runtime_Text_nameEmpty__C)

.const:xdc_runtime_Text_nameStatic__C 
*          0    000012f0    00000004     
                  000012f0    00000004     app_ble_pem3.oem3 (.const:xdc_runtime_Text_nameStatic__C)

.const:xdc_runtime_Text_nameUnknown__C 
*          0    000012f4    00000004     
                  000012f4    00000004     app_ble_pem3.oem3 (.const:xdc_runtime_Text_nameUnknown__C)

.const:xdc_runtime_Error_maxDepth__C 
*          0    000012f8    00000002     
                  000012f8    00000002     app_ble_pem3.oem3 (.const:xdc_runtime_Error_maxDepth__C)

.const:xdc_runtime_Memory_Module__id__C 
*          0    000012fa    00000002     
                  000012fa    00000002     app_ble_pem3.oem3 (.const:xdc_runtime_Memory_Module__id__C)

.const:xdc_runtime_Text_charCnt__C 
*          0    000012fc    00000002     
                  000012fc    00000002     app_ble_pem3.oem3 (.const:xdc_runtime_Text_charCnt__C)

.const:xdc_runtime_Text_isLoaded__C 
*          0    000012fe    00000002     
                  000012fe    00000002     app_ble_pem3.oem3 (.const:xdc_runtime_Text_isLoaded__C)

.const:xdc_runtime_Error_policy__C 
*          0    00001300    00000001     
                  00001300    00000001     app_ble_pem3.oem3 (.const:xdc_runtime_Error_policy__C)

.const:ti_sysbios_rom_ROM_ti_sysbios_family_arm_cc26xx_Timer_getCount64__E 
*          0    00001304    00000004     
                  00001304    00000004     app_ble_pem3.oem3 (.const:ti_sysbios_rom_ROM_ti_sysbios_family_arm_cc26xx_Timer_getCount64__E)

.const:ti_sysbios_rom_ROM_ti_sysbios_family_arm_cc26xx_Timer_getCurrentTick__E 
*          0    00001308    00000004     
                  00001308    00000004     app_ble_pem3.oem3 (.const:ti_sysbios_rom_ROM_ti_sysbios_family_arm_cc26xx_Timer_getCurrentTick__E)

.const:ti_sysbios_rom_ROM_ti_sysbios_family_arm_cc26xx_Timer_getMaxTicks__E 
*          0    0000130c    00000004     
                  0000130c    00000004     app_ble_pem3.oem3 (.const:ti_sysbios_rom_ROM_ti_sysbios_family_arm_cc26xx_Timer_getMaxTicks__E)

.const:ti_sysbios_rom_ROM_ti_sysbios_family_arm_cc26xx_Timer_initDevice__I 
*          0    00001310    00000004     
                  00001310    00000004     app_ble_pem3.oem3 (.const:ti_sysbios_rom_ROM_ti_sysbios_family_arm_cc26xx_Timer_initDevice__I)

.const:ti_sysbios_rom_ROM_ti_sysbios_family_arm_cc26xx_Timer_setNextTick__E 
*          0    00001314    00000004     
                  00001314    00000004     app_ble_pem3.oem3 (.const:ti_sysbios_rom_ROM_ti_sysbios_family_arm_cc26xx_Timer_setNextTick__E)

.const:ti_sysbios_rom_ROM_ti_sysbios_family_arm_cc26xx_Timer_setThreshold__I 
*          0    00001318    00000004     
                  00001318    00000004     app_ble_pem3.oem3 (.const:ti_sysbios_rom_ROM_ti_sysbios_family_arm_cc26xx_Timer_setThreshold__I)

.const:ti_sysbios_rom_ROM_ti_sysbios_family_arm_cc26xx_Timer_start__E 
*          0    0000131c    00000004     
                  0000131c    00000004     app_ble_pem3.oem3 (.const:ti_sysbios_rom_ROM_ti_sysbios_family_arm_cc26xx_Timer_start__E)

.const:ti_sysbios_rom_ROM_ti_sysbios_family_arm_cc26xx_TimestampProvider_get32__E 
*          0    00001320    00000004     
                  00001320    00000004     app_ble_pem3.oem3 (.const:ti_sysbios_rom_ROM_ti_sysbios_family_arm_cc26xx_TimestampProvider_get32__E)

.const:ti_sysbios_rom_ROM_xdc_runtime_Startup_getState__I 
*          0    00001324    00000004     
                  00001324    00000004     app_ble_pem3.oem3 (.const:ti_sysbios_rom_ROM_xdc_runtime_Startup_getState__I)

.const:ti_sysbios_rom_ROM_xdc_runtime_System_SupportProxy_abort__E 
*          0    00001328    00000004     
                  00001328    00000004     app_ble_pem3.oem3 (.const:ti_sysbios_rom_ROM_xdc_runtime_System_SupportProxy_abort__E)

.const:ti_sysbios_rom_ROM_xdc_runtime_System_SupportProxy_exit__E 
*          0    0000132c    00000004     
                  0000132c    00000004     app_ble_pem3.oem3 (.const:ti_sysbios_rom_ROM_xdc_runtime_System_SupportProxy_exit__E)

.text.2    0    00001330    00003dcc     
                  00001330    000001f4     rtsv7M3_T_le_eabi.lib : ull_div_t2.obj (.text)
                  00001524    000001c4     rf_singleMode_cc26x0r2.aem3 : RFCC26XX_singleMode.oem3 (.text:fsmSetupState)
                  000016e8    000001bc     drivers_cc26x0r2.aem3 : PINCC26XX.oem3 (.text:PIN_init)
                  000018a4    000001b0     rf_singleMode_cc26x0r2.aem3 : RFCC26XX_singleMode.oem3 (.text:RF_open)
                  00001a54    000001b0                                 : RFCC26XX_singleMode.oem3 (.text:hwiFxnCpe0Active)
                  00001c04    00000190     drivers_cc26x0r2.aem3 : PowerCC26XX_calibrateRCOSC.oem3 (.text:PowerCC26XX_doCalibrate)
                  00001d94    0000012c                           : PowerCC26XX.oem3 (.text:Power_init)
                  00001ec0    00000100     rf_singleMode_cc26x0r2.aem3 : RFCC26XX_singleMode.oem3 (.text:radioOpDoneCb)
                  00001fc0    000000f8                                 : RFCC26XX_singleMode.oem3 (.text:RF_postCmd)
                  000020b8    000000f8     ugap.obj (.text:ugap_bcastChangeState$8)
                  000021b0    000000ec     rf_singleMode_cc26x0r2.aem3 : RFCC26XX_singleMode.oem3 (.text:fsmPowerUpState)
                  0000229c    000000e8     dpl_cc26x0r2.aem3 : PowerCC26XX_tirtos.oem3 (.text:PowerCC26XX_standbyPolicy)
                  00002384    000000dc     drivers_cc26x0r2.aem3 : PINCC26XX.oem3 (.text:PINCC26XX_setIoCfg)
                  00002460    000000d0     ull.obj (.text:uble_processLLMsg)
                  00002530    000000c8     uble.obj (.text:uble_setParameter)
                  000025f8    000000bc     drivers_cc26x0r2.aem3 : PowerCC26XX.oem3 (.text:Power_releaseDependency)
                  000026b4    000000b8     driverlib.lib : setup.obj (.text:NOROM_SetupTrimDevice)
                  0000276c    000000b4     drivers_cc26x0r2.aem3 : PowerCC26XX.oem3 (.text:Power_setDependency)
                  00002820    000000b0     rf_singleMode_cc26x0r2.aem3 : RFCC26XX_singleMode.oem3 (.text:abortCmd)
                  000028d0    000000ac                                 : RFCC26XX_singleMode.oem3 (.text:RF_control)
                  0000297c    000000a8     scif_framework.obj (.text:scifCtrlTasksNbl$15)
                  00002a24    000000a8     irws_tirtos.obj (.text:sensor2adv)
                  00002acc    000000a8     rf_singleMode_cc26x0r2.aem3 : RFCC26XX_singleMode.oem3 (.text:swiFxnHw)
                  00002b74    000000a4     drivers_cc26x0r2.aem3 : PowerCC26XX.oem3 (.text:switchXOSCHFclockFunc)
                  00002c18    000000a0     auto_init.aem3 : auto_init.oem3 (.text)
                  00002cb8    000000a0     rf_singleMode_cc26x0r2.aem3 : RFCC26XX_singleMode.oem3 (.text:discardPendCmd)
                  00002d58    0000009c     rtsv7M3_T_le_eabi.lib : memcpy_t2.obj (.text)
                  00002df4    00000098     rom_sysbios.aem3 : rom_sysbios.obj (.text:ti_sysbios_knl_Clock_workFuncDynamic__E)
                  00002e8c    00000090     driverlib.lib : setup.obj (.text:TrimAfterColdResetWakeupFromShutDown$19)
                  00002f1c    0000008c     icall.obj (.text:ICall_heapMalloc)
                  00002fa8    0000008c     rf_singleMode_cc26x0r2.aem3 : RFCC26XX_singleMode.oem3 (.text:ratFreeChannel)
                  00003034    0000007c                                 : RFCC26XX_singleMode.oem3 (.text:hwiFxnHw)
                  000030b0    0000007c                                 : RFCC26XX_singleMode.oem3 (.text:rfReleaseConstraint)
                  0000312c    0000007a     rtsv7M3_T_le_eabi.lib : memset_t2.obj (.text)
                  000031a6    00000002     driverlib.lib : rfc.obj (.text:NOROM_RFCAdi3VcoLdoVoltageMode)
                  000031a8    00000074                   : rfc.obj (.text:NOROM_RFCOverrideUpdate)
                  0000321c    00000074     rom_sysbios.aem3 : rom_sysbios.obj (.text:ti_sysbios_family_arm_cc26xx_Timer_start__E)
                  00003290    00000070     icall.obj (.text:ICall_heapInit)
                  00003300    00000070     driverlib.lib : sys_ctrl.obj (.text:NOROM_SysCtrlAdjustRechargeAfterPowerDown)
                  00003370    00000070     drivers_cc26x0r2.aem3 : PowerCC26XX.oem3 (.text:lfClockReadyCallback)
                  000033e0    0000006c     driverlib.lib : osc.obj (.text:NOROM_OSCHF_AttemptToSwitchToXosc)
                  0000344c    0000006c     drivers_cc26x0r2.aem3 : PowerCC26XX_calibrateRCOSC.oem3 (.text:PowerCC26XX_initiateCalibration)
                  000034b8    0000006c                           : PowerCC26XX.oem3 (.text:configureXOSCHF)
                  00003524    0000006c     rf_singleMode_cc26x0r2.aem3 : RFCC26XX_singleMode.oem3 (.text:ratDispatchTime)
                  00003590    00000068     driverlib.lib : sys_ctrl.obj (.text:NOROM_SysCtrl_DCDC_VoltageConditionalControl)
                  000035f8    00000068     rtsv7M3_T_le_eabi.lib : copy_decompress_lzss.obj (.text:decompress:lzss)
                  00003660    00000068     ull.obj (.text:ull_advDoneCb)
                  000036c8    00000060     rf_singleMode_cc26x0r2.aem3 : RFCC26XX_singleMode.oem3 (.text:fsmXOSCState)
                  00003728    00000060     uble.obj (.text:uble_buildAndPostEvt)
                  00003788    0000005c     drivers_cc26x0r2.aem3 : PowerCC26XX_calibrateRCOSC.oem3 (.text:PowerCC26XX_RCOSC_clockFunc)
                  000037e4    0000005c                           : PowerCC26XX.oem3 (.text:PowerCC26XX_calibrate)
                  00003840    0000005c     app_ble_pem3.oem3 (.text:xdc_runtime_Startup_getState__I)
                  0000389c    00000058     rf_singleMode_cc26x0r2.aem3 : RFCC26XX_singleMode.oem3 (.text:RF_getCurrentTime)
                  000038f4    00000058                                 : RFCC26XX_singleMode.oem3 (.text:dispatchNextEvent)
                  0000394c    00000054                                 : RFCC26XX_singleMode.oem3 (.text:cmdDispatchTime)
                  000039a0    00000050                                 : RFCC26XX_singleMode.oem3 (.text:RF_getInfo)
                  000039f0    00000050     uble.obj (.text:uble_getPublicAddr)
                  00003a40    0000004c     rf_singleMode_cc26x0r2.aem3 : RFCC26XX_singleMode.oem3 (.text:RF_wakeupNotifyFxn)
                  00003a8c    0000004c     icall.obj (.text:osalHeapGetStatsFxn)
                  00003ad8    0000004c     rtsv7M3_T_le_eabi.lib : cpy_tbl.obj (.text)
                  00003b24    0000004c     scif_framework.obj (.text:scifInitIo)
                  00003b70    00000048     dpl_cc26x0r2.aem3 : ClockP_tirtos.oem3 (.text:ClockP_construct)
                  00003bb8    00000048     micro_eddystone_beacon.obj (.text:MicroEddystoneBeacon_enqueueMsg$1)
                  00003c00    00000048     rf_singleMode_cc26x0r2.aem3 : RFCC26XX_singleMode.oem3 (.text:Q_push)
                  00003c48    00000048     rom_sysbios.aem3 : rom_sysbios.obj (.text:ti_sysbios_family_arm_cc26xx_Timer_setThreshold__I)
                  00003c90    00000044     driverlib.lib : osc.obj (.text:NOROM_OSCHF_SwitchToRcOscTurnOffXosc)
                  00003cd4    00000044     boot.aem3 : boot.oem3 (.text)
                  00003d18    00000044     main.obj (.text:main)
                  00003d5c    00000044     drivers_cc26x0r2.aem3 : PowerCC26XX.oem3 (.text:notify)
                  00003da0    00000044     ull.obj (.text:ull_advStop)
                  00003de4    00000040     drivers_cc26x0r2.aem3 : PINCC26XX.oem3 (.text:PIN_swi)
                  00003e24    00000040                           : PowerCC26XX.oem3 (.text:PowerCC26XX_isStableXOSC_HF)
                  00003e64    00000040     rom_sysbios.aem3 : rom_sysbios.obj (.text:ti_sysbios_heaps_HeapCallback_Module_startup__E)
                  00003ea4    00000040     ugap.obj (.text:ugb_advPostprocessCB)
                  00003ee4    0000003e     dpl_cc26x0r2.aem3 : HwiP_tirtos.oem3 (.text:HwiP_construct)
                  00003f22    0000003e     port.obj (.text:port_timerCreate)
                  00003f60    0000003c     micro_eddystone_beacon.obj (.text:MicroEddystoneBeacon_createTask)
                  00003f9c    0000003c     driverlib.lib : osc.obj (.text:NOROM_OSC_HPOSCRelativeFrequencyOffsetGet)
                  00003fd8    0000003c                   : rfc.obj (.text:NOROM_RFCSynthPowerDown)
                  00004014    0000003c     dpl_cc26x0r2.aem3 : SwiP_tirtos.oem3 (.text:SwiP_construct)
                  00004050    0000003c     drivers_cc26x0r2.aem3 : PowerCC26XX.oem3 (.text:disableLfClkQualifiersEnableClkLoss)
                  0000408c    0000003c     rom_sysbios.aem3 : rom_sysbios.obj (.text:ti_sysbios_family_arm_m3_Hwi_construct2__E)
                  000040c8    0000003c     ugap.obj (.text:uble_processGAPMsg)
                  00004104    00000038     scif_framework.obj (.text:scifOsalInit)
                  0000413c    00000038     rom_sysbios.aem3 : rom_sysbios.obj (.text:ti_sysbios_family_arm_cc26xx_Timer_getCurrentTick__E)
                  00004174    00000036     rf_singleMode_cc26x0r2.aem3 : RFCC26XX_singleMode.oem3 (.text:calculateDispatchTime)
                  000041aa    00000002                                 : RFCC26XX_singleMode.oem3 (.text:defaultCallback)
                  000041ac    00000034     icall.obj (.text:ICall_heapFree)
                  000041e0    00000034     icall.obj (.text:ICall_searchServiceEntity)
                  00004214    00000034     micro_eddystone_beacon.obj (.text:MicroEddystoneBeacon_bcast_stateChangeCB$1)
                  00004248    00000034     drivers_cc26x0r2.aem3 : PowerCC26XX.oem3 (.text:Power_releaseConstraint)
                  0000427c    00000034     scif_framework.obj (.text:osalRegisterCtrlReadyInt$15)
                  000042b0    00000034     scif_framework.obj (.text:osalRegisterTaskAlertInt$15)
                  000042e4    00000034     rf_singleMode_cc26x0r2.aem3 : RFCC26XX_singleMode.oem3 (.text:runDirectImmediateCmd)
                  00004318    00000034     rom_sysbios.aem3 : rom_sysbios.obj (.text:ti_sysbios_family_arm_cc26xx_Timer_initDevice__I)
                  0000434c    00000034                      : rom_sysbios.obj (.text:ti_sysbios_knl_Swi_setPri__E)
                  00004380    00000034     urfi.obj (.text:urfi_clientEventCb)
                  000043b4    00000032     main.obj (.text:AssertHandler)
                  000043e6    00000032     rom_sysbios.aem3 : rom_sysbios.obj (.text:ti_sysbios_family_arm_cc26xx_Timer_setNextTick__E)
                  00004418    00000030     icall.obj (.text:ICall_dispatch$4)
                  00004448    00000030     drivers_cc26x0r2.aem3 : PowerCC26XX.oem3 (.text:Power_setConstraint)
                  00004478    00000030     rf_singleMode_cc26x0r2.aem3 : RFCC26XX_singleMode.oem3 (.text:getCmd)
                  000044a8    00000030     rtsv7M3_T_le_eabi.lib : rand.obj (.text)
                  000044d8    00000030     app_ble_pem3.oem3 (.text:ti_sysbios_BIOS_atExitFunc__I)
                  00004508    00000030     app_ble_pem3.oem3 (.text:ti_sysbios_BIOS_startFunc__I)
                  00004538    00000030     app_ble_pem3.oem3 (.text:ti_sysbios_heaps_HeapCallback_Object__create__S)
                  00004568    0000002e     app_ble_pem3.oem3 (.text:ti_sysbios_rts_gnu_MemAlloc_alloc)
                  00004596    00000002     drivers_cc26x0r2.aem3 : PowerCC26XX.oem3 (.text:emptyClockFunc)
                  00004598    0000002c     driverlib.lib : chipinfo.obj (.text:NOROM_ChipInfo_GetChipFamily)
                  000045c4    0000002c     dpl_cc26x0r2.aem3 : SemaphoreP_tirtos.oem3 (.text:SemaphoreP_constructBinary)
                  000045f0    0000002c     rf_singleMode_cc26x0r2.aem3 : RFCC26XX_singleMode.oem3 (.text:calculateDeltaTimeUs)
                  0000461c    0000002c                                 : RFCC26XX_singleMode.oem3 (.text:executeDirectImmediateCmd)
                  00004648    0000002c     rom_sysbios.aem3 : rom_sysbios.obj (.text:ti_sysbios_knl_Clock_getTicksUntilInterrupt__E)
                  00004674    0000002a                      : rom_sysbios.obj (.text:ti_sysbios_knl_Clock_getTimeout__E)
                  0000469e    00000002     hal_assert.obj (.text:halAssertSpinlock)
                  000046a0    00000028     driverlib.lib : rfc.obj (.text:NOROM_RFCDoorbellSendTo)
                  000046c8    00000028     drivers_cc26x0r2.aem3 : PowerCC26XX.oem3 (.text:Power_registerNotify)
                  000046f0    00000028     driverlib.lib : adi.obj (.text:SafeHapiVoid)
                  00004718    00000028     scif_framework.obj (.text:osalCtrlReadyIsr$15)
                  00004740    00000028     ugap.obj (.text:ugb_advPrepareCB)
                  00004768    00000024     driverlib.lib : chipinfo.obj (.text:NOROM_ChipInfo_GetChipType)
                  0000478c    00000024                   : osc.obj (.text:NOROM_OSCHF_TurnOnXosc)
                  000047b0    00000024     rf_singleMode_cc26x0r2.aem3 : RFCC26XX_singleMode.oem3 (.text:hwiFxnCpe0PowerFsm)
                  000047d4    00000024     app_ble_pem3.oem3 (.text:ti_sysbios_BIOS_registerRTSLock__I)
                  000047f8    00000024     app_ble_pem3.oem3 (.text:ti_sysbios_BIOS_removeRTSLock__I)
                  0000481c    00000024     rom_sysbios.aem3 : rom_sysbios.obj (.text:ti_sysbios_family_arm_cc26xx_Timer_getMaxTicks__E)
                  00004840    00000022     drivers_cc26x0r2.aem3 : List.oem3 (.text:List_put)
                  00004862    00000002     irws_tirtos.obj (.text:scCtrlReadyCallback)
                  00004864    00000020     driverlib.lib : rfc.obj (.text:NOROM_RFCRfTrimRead)
                  00004884    00000020     dpl_cc26x0r2.aem3 : PowerCC26XX_tirtos.oem3 (.text:PowerCC26XX_schedulerDisable)
                  000048a4    00000020                       : PowerCC26XX_tirtos.oem3 (.text:PowerCC26XX_schedulerRestore)
                  000048c4    00000020     app_ble_pem3.oem3 (.text:ti_sysbios_BIOS_rtsLock__I)
                  000048e4    00000020     rom_sysbios.aem3 : rom_sysbios.obj (.text:ti_sysbios_family_arm_cc26xx_Timer_dynamicStub__E)
                  00004904    00000020     ugap.obj (.text:ugap_clockHandler)
                  00004924    00000020     urfi.obj (.text:urfi_getTxPowerVal)
                  00004944    0000001e     drivers_cc26x0r2.aem3 : PowerCC26XX.oem3 (.text:Power_getTransitionLatency)
                  00004962    0000001e     scif_tsop38140.obj (.text:scifTaskResourceInit$17)
                  00004980    0000001c     micro_eddystone_beacon.obj (.text:MicroEddystoneBeacon_bcast_advDoneCB$1)
                  0000499c    0000001c     driverlib.lib : ioc.obj (.text:NOROM_IOCIODrvStrengthSet)
                  000049b8    0000001c     drivers_cc26x0r2.aem3 : PINCC26XX.oem3 (.text:PINCC26XX_setIoCfgMux)
                  000049d4    0000001c                           : PINCC26XX.oem3 (.text:PIN_hwi)
                  000049f0    0000001c     rf_singleMode_cc26x0r2.aem3 : RFCC26XX_singleMode.oem3 (.text:ratGetChannel)
                  00004a0c    0000001c                                 : RFCC26XX_singleMode.oem3 (.text:rfSetConstraint)
                  00004a28    0000001c     rom_sysbios.aem3 : rom_sysbios.obj (.text:ti_sysbios_family_arm_m3_Hwi_clearInterrupt__E)
                  00004a44    0000001c                      : rom_sysbios.obj (.text:ti_sysbios_knl_Swi_construct2__E)
                  00004a60    0000001a     icall.obj (.text:ICall_enterCSImpl)
                  00004a7a    00000002     app_ble_pem3.oem3 (.text:ti_sysbios_BIOS_nullFunc__I)
                  00004a7c    00000018     driverlib.lib : chipinfo.obj (.text:NOROM_ChipInfo_GetPackageType)
                  00004a94    00000018                   : rfc.obj (.text:NOROM_RFCCpeIntGetAndClear)
                  00004aac    00000018                   : rfc.obj (.text:NOROM_RFCHWIntGetAndClear)
                  00004ac4    00000018     drivers_cc26x0r2.aem3 : PowerCC26XX.oem3 (.text:Power_idleFunc)
                  00004adc    00000018     rf_singleMode_cc26x0r2.aem3 : RFCC26XX_singleMode.oem3 (.text:Q_pop)
                  00004af4    00000018     drivers_cc26x0r2.aem3 : PowerCC26XX.oem3 (.text:configureRFCoreClocks)
                  00004b0c    00000018     app_ble_pem3.oem3 (.text:free)
                  00004b24    00000018     scif_framework.obj (.text:osalTaskAlertIsr$15)
                  00004b3c    00000018     rtsv7M3_T_le_eabi.lib : args_main.obj (.text)
                  00004b54    00000018                           : ll_mul_t2.obj (.text)
                  00004b6c    00000018     scif_framework.obj (.text:scifReinitIo)
                  00004b84    00000018     scif_framework.obj (.text:scifUninitIo)
                  00004b9c    00000018     rf_singleMode_cc26x0r2.aem3 : RFCC26XX_singleMode.oem3 (.text:swiFxnFsm)
                  00004bb4    00000018     app_ble_pem3.oem3 (.text:ti_sysbios_BIOS_rtsUnlock__I)
                  00004bcc    00000018     rom_sysbios.aem3 : rom_sysbios.obj (.text:ti_sysbios_heaps_HeapCallback_Instance_init__E)
                  00004be4    00000018                      : rom_sysbios.obj (.text:ti_sysbios_knl_Swi_or__E)
                  00004bfc    00000018     app_ble_pem3.oem3 (.text:ti_sysbios_rom_cortexm_cc26xx_r2_CC26xx_checkRevision__E)
                  00004c14    00000018     rom_sysbios.aem3 : rom_sysbios.obj (.text:xdc_runtime_Error_init__E)
                  00004c2c    00000016     icall.obj (.text:ICall_leaveCSImpl)
                  00004c42    00000016     scif_tsop38140.obj (.text:scifTaskResourceUninit$17)
                  00004c58    00000016     app_ble_pem3.oem3 (.text:ti_sysbios_BIOS_errorRaiseHook__I)
                  00004c6e    00000016     app_ble_pem3.oem3 (.text:ti_sysbios_BIOS_exitFunc__I)
                  00004c84    00000014     micro_eddystone_beacon.obj (.text:MicroEddystoneBeacon_bcast_advPrepareCB$1)
                  00004c98    00000014     rf_singleMode_cc26x0r2.aem3 : RFCC26XX_singleMode.oem3 (.text:RF_Params_init)
                  00004cac    00000014     port.obj (.text:port_timerStop)
                  00004cc0    00000014     rf_singleMode_cc26x0r2.aem3 : RFCC26XX_singleMode.oem3 (.text:ratConfigureChannel)
                  00004cd4    00000014     rtsv7M3_T_le_eabi.lib : _lock.obj (.text)
                  00004ce8    00000014     rom_sysbios.aem3 : rom_sysbios.obj (.text:ti_sysbios_family_arm_cc26xx_Timer_getCount64__E)
                  00004cfc    00000014     app_ble_pem3.oem3 (.text:ti_sysbios_heaps_HeapCallback_Object__get__S)
                  00004d10    00000014     app_ble_pem3.oem3 (.text:ti_sysbios_knl_Clock_doTick__I)
                  00004d24    00000014     ull.obj (.text:ull_clockHandler)
                  00004d38    00000012     port.obj (.text:port_timerStart)
                  00004d4a    00000012     app_ble_pem3.oem3 (.text:xdc_runtime_Startup_exec__I)
                  00004d5c    00000010     dpl_cc26x0r2.aem3 : HwiP_tirtos.oem3 (.text:HwiP_Params_init)
                  00004d6c    00000010     driverlib.lib : rfc.obj (.text:NOROM_RFCRfTrimSet)
                  00004d7c    00000010     drivers_cc26x0r2.aem3 : PINCC26XX.oem3 (.text:PINCC26XX_getPinCount)
                  00004d8c    00000010     dpl_cc26x0r2.aem3 : SwiP_tirtos.oem3 (.text:SwiP_Params_init)
                  00004d9c    00000010     rf_singleMode_cc26x0r2.aem3 : RFCC26XX_singleMode.oem3 (.text:clkPowerUpFxn)
                  00004dac    00000010                                 : RFCC26XX_singleMode.oem3 (.text:restartClockTimeout)
                  00004dbc    00000010     rom_sysbios.aem3 : rom_sysbios.obj (.text:ti_sysbios_family_arm_m3_Hwi_post__E)
                  00004dcc    00000010                      : rom_sysbios.obj (.text:ti_sysbios_heaps_HeapCallback_alloc__E)
                  00004ddc    00000010                      : rom_sysbios.obj (.text:ti_sysbios_heaps_HeapCallback_free__E)
                  00004dec    00000010                      : rom_sysbios.obj (.text:ti_sysbios_heaps_HeapCallback_getStats__E)
                  00004dfc    00000010                      : rom_sysbios.obj (.text:ti_sysbios_heaps_HeapCallback_isBlocking__E)
                  00004e0c    0000000e     rtsv7M3_T_le_eabi.lib : copy_decompress_none.obj (.text:decompress:none)
                  00004e1a    0000000e     rom_sysbios.aem3 : rom_sysbios.obj (.text:ti_sysbios_family_arm_cc26xx_TimestampProvider_get32__E)
                  00004e28    0000000c     rf_singleMode_cc26x0r2.aem3 : RFCC26XX_singleMode.oem3 (.text:FsmNextState)
                  00004e34    0000000c     drivers_cc26x0r2.aem3 : List.oem3 (.text:List_empty)
                  00004e40    0000000c     driverlib.lib : cpu.obj (.text:NOROM_CPUcpsid)
                  00004e4c    0000000c                   : cpu.obj (.text:NOROM_CPUcpsie)
                  00004e58    0000000c                   : osc.obj (.text:NOROM_OSC_HPOSCRelativeFrequencyOffsetToRFCoreFormatConvert)
                  00004e64    0000000c     drivers_cc26x0r2.aem3 : PowerCC26XX.oem3 (.text:Power_getConstraintMask)
                  00004e70    0000000c                           : PowerCC26XX.oem3 (.text:Power_getDependencyCount)
                  00004e7c    0000000c     rtsv7M3_T_le_eabi.lib : copy_zero_init.obj (.text:decompress:ZI)
                  00004e88    0000000c     icall.obj (.text:osalHeapInitFxn)
                  00004e94    0000000c     scif_framework.obj (.text:osalUnlockCtrlTaskNbl$15)
                  00004ea0    0000000c     rom_sysbios.aem3 : rom_sysbios.obj (.text:ti_sysbios_knl_Swi_getTrigger__E)
                  00004eac    0000000c     app_ble_pem3.oem3 (.text:xdc_runtime_Startup_reset__I)
                  00004eb8    00000008     micro_eddystone_beacon.obj (.text:MicroEddystoneBeacon_scifAlertHandler$1)
                  00004ec0    00000008     micro_eddystone_beacon.obj (.text:uBLEStack_eventProxy$1)
                  00004ec8    00000006     dpl_cc26x0r2.aem3 : ClockP_tirtos.oem3 (.text:ClockP_Params_init)
                  00004ece    00000006     rf_singleMode_cc26x0r2.aem3 : RFCC26XX_singleMode.oem3 (.text:RF_runImmediateCmd)
                  00004ed4    00000006                                 : RFCC26XX_singleMode.oem3 (.text:clkInactivityFxn)
                  00004eda    00000006     scif_framework.obj (.text:osalClearCtrlReadyInt$15)
                  00004ee0    00000006     scif_framework.obj (.text:osalClearTaskAlertInt$15)
                  00004ee6    00000006     scif_framework.obj (.text:osalDisableCtrlReadyInt$15)
                  00004eec    00000006     scif_framework.obj (.text:osalEnableCtrlReadyInt$15)
                  00004ef2    00000006     icall.obj (.text:osalHeapAllocFxn)
                  00004ef8    00000006     icall.obj (.text:osalHeapFreeFxn)
                  00004efe    00000006     scif_framework.obj (.text:scifOsalDisableTaskAlertInt)
                  00004f04    00000006     scif_framework.obj (.text:scifOsalEnableTaskAlertInt)
                  00004f0a    00000006     rom_sysbios.aem3 : rom_sysbios.obj (.text:ti_sysbios_family_arm_m3_Hwi_setFunc__E)
                  00004f10    00000004     dpl_cc26x0r2.aem3 : PowerCC26XX_tirtos.oem3 (.text:CPUwfi)
                  00004f14    00000004                       : ClockP_tirtos.oem3 (.text:ClockP_getTimeout)
                  00004f18    00000004                       : ClockP_tirtos.oem3 (.text:ClockP_setTimeout)
                  00004f1c    00000004                       : ClockP_tirtos.oem3 (.text:ClockP_start)
                  00004f20    00000004                       : ClockP_tirtos.oem3 (.text:ClockP_stop)
                  00004f24    00000004                       : HwiP_tirtos.oem3 (.text:HwiP_disable)
                  00004f28    00000004                       : HwiP_tirtos.oem3 (.text:HwiP_enableInterrupt)
                  00004f2c    00000004                       : HwiP_tirtos.oem3 (.text:HwiP_post)
                  00004f30    00000004                       : HwiP_tirtos.oem3 (.text:HwiP_setFunc)
                  00004f34    00000004                       : HwiP_tirtos.oem3 (.text:HwiP_setPriority)
                  00004f38    00000004     drivers_cc26x0r2.aem3 : List.oem3 (.text:List_head)
                  00004f3c    00000004                           : List.oem3 (.text:List_next)
                  00004f40    00000004                           : PowerCC26XX.oem3 (.text:PowerCC26XX_switchXOSC_HF)
                  00004f44    00000004     rf_singleMode_cc26x0r2.aem3 : RFCC26XX_singleMode.oem3 (.text:Q_peek)
                  00004f48    00000004     dpl_cc26x0r2.aem3 : SemaphoreP_tirtos.oem3 (.text:SemaphoreP_post)
                  00004f4c    00000004                       : SwiP_tirtos.oem3 (.text:SwiP_disable)
                  00004f50    00000004                       : SwiP_tirtos.oem3 (.text:SwiP_getTrigger)
                  00004f54    00000004                       : SwiP_tirtos.oem3 (.text:SwiP_or)
                  00004f58    00000004                       : SwiP_tirtos.oem3 (.text:SwiP_setPriority)
                  00004f5c    00000004     drivers_cc26x0r2.aem3 : PowerCC26XX.oem3 (.text:nopResourceHandler)
                  00004f60    00000004     icall.obj (.text:osalHeapIsBlockingFxn)
                  00004f64    00000004     port.obj (.text:port_enterCS_HW)
                  00004f68    00000004     port.obj (.text:port_enterCS_SW)
                  00004f6c    00000004     port.obj (.text:port_exitCS_HW)
                  00004f70    00000004     port.obj (.text:port_exitCS_SW)
                  00004f74    00000004     scif_framework.obj (.text:scifOsalEnterCriticalSection)
                  00004f78    00000004     scif_framework.obj (.text:scifOsalLeaveCriticalSection)
                  00004f7c    00000004     rom_sysbios.aem3 : rom_sysbios.obj (.text:ti_sysbios_heaps_HeapCallback_defaultCreate)
                  00004f80    00000004                      : rom_sysbios.obj (.text:ti_sysbios_knl_Clock_isActive__E)
                  00004f84    00000002     app_ble_pem3.oem3 (.text:ti_sysbios_rom_cortexm_cc26xx_r2_CC26xx_badRomRevision__E)
                  00004f86    00000002     rom_sysbios.aem3 : rom_sysbios.obj (.text:xdc_runtime_SysCallback_defaultAbort)
                  00004f88    00000002                      : rom_sysbios.obj (.text:xdc_runtime_SysCallback_defaultExit)
                  00004f8a    00000002     --HOLE-- [fill = 0]
                  00004f8c    00000008     (.tramp.ti_sysbios_family_arm_m3_Hwi_setPriority__E.1)
                  00004f94    00000008     (.tramp.ti_sysbios_family_arm_m3_Hwi_enableInterrupt__E.1)
                  00004f9c    00000008     (.tramp.ti_sysbios_family_arm_m3_Hwi_disableInterrupt__E.1)
                  00004fa4    00000008     (.tramp.xdc_runtime_Startup_startMods__I.1)
                  00004fac    00000008     (.tramp.ti_sysbios_knl_Clock_logTick__E.1)
                  00004fb4    00000008     (.tramp.ti_sysbios_knl_Swi_post__E.1)
                  00004fbc    00000008     (.tramp.ti_sysbios_BIOS_RtsGateProxy_leave__E.1)
                  00004fc4    00000008     (.tramp.xdc_runtime_Memory_free__E.1)
                  00004fcc    00000008     (.tramp.ti_sysbios_knl_Swi_construct.1)
                  00004fd4    00000008     (.tramp.ti_sysbios_BIOS_RtsGateProxy_enter__E.1)
                  00004fdc    00000008     (.tramp.ti_sysbios_knl_Task_restore__E.1)
                  00004fe4    00000008     (.tramp.ti_sysbios_knl_Semaphore_post__E.1)
                  00004fec    00000008     (.tramp.ti_sysbios_knl_Clock_getTicks__E.1)
                  00004ff4    00000008     (.tramp.xdc_runtime_Memory_alloc__E.1)
                  00004ffc    00000008     (.tramp.xdc_runtime_Core_createObject__I.1)
                  00005004    00000008     (.tramp.ti_sysbios_knl_Task_startup__E.1)
                  0000500c    00000008     (.tramp.ti_sysbios_knl_Swi_startup__E.1)
                  00005014    00000008     (.tramp.ti_sysbios_hal_Hwi_startup__E.1)
                  0000501c    00000008     (.tramp.ti_sysbios_family_arm_cc26xx_Timer_startup__E.1)
                  00005024    00000008     (.tramp.xdc_runtime_System_atexit__E.1)
                  0000502c    00000008     (.tramp.ti_sysbios_BIOS_linkedWithIncorrectBootLibrary__E.1)
                  00005034    00000008     (.tramp.ti_sysbios_BIOS_setThreadType__E.1)
                  0000503c    00000008     (.tramp.ti_sysbios_knl_Task_disable__E.1)
                  00005044    00000008     (.tramp.ti_sysbios_knl_Swi_disable__E.1)
                  0000504c    00000008     (.tramp.ti_sysbios_knl_Queue_Object__get__S.1)
                  00005054    00000008     (.tramp.ti_sysbios_knl_Semaphore_construct.1)
                  0000505c    00000008     (.tramp.ti_sysbios_knl_Semaphore_Params__init__S.1)
                  00005064    00000008     (.tramp.ti_sysbios_family_arm_m3_Hwi_construct.1)
                  0000506c    00000008     (.tramp.ti_sysbios_knl_Swi_Params__init__S.1)
                  00005074    00000008     (.tramp.ti_sysbios_knl_Task_construct.1)
                  0000507c    00000008     (.tramp.ti_sysbios_knl_Task_Params__init__S.1)
                  00005084    00000008     (.tramp.ti_sysbios_family_arm_m3_Hwi_Params__init__S.1)
                  0000508c    00000008     (.tramp.xdc_runtime_Startup_rtsDone__E.1)
                  00005094    00000008     (.tramp.ti_sysbios_BIOS_start__E.1)
                  0000509c    00000008     (.tramp.xdc_runtime_System_exit__E.1)
                  000050a4    00000008     (.tramp.ti_sysbios_knl_Event_post__E.1)
                  000050ac    00000008     (.tramp.ti_sysbios_knl_Clock_construct.1)
                  000050b4    00000008     (.tramp.ti_sysbios_knl_Clock_Params__init__S.1)
                  000050bc    00000008     (.tramp.ti_sysbios_knl_Queue_put__E.1)
                  000050c4    00000008     (.tramp.ti_sysbios_knl_Clock_scheduleNextTick__E.1)
                  000050cc    00000008     (.tramp.ti_sysbios_knl_Clock_walkQueueDynamic__E.1)
                  000050d4    00000008     (.tramp.ti_sysbios_knl_Clock_TimerProxy_getCurrentTick__E.1)
                  000050dc    00000008     (.tramp.ti_sysbios_family_arm_m3_Hwi_disableFxn__E.1)
                  000050e4    00000008     (.tramp.ti_sysbios_knl_Clock_stop__E.1)
                  000050ec    00000008     (.tramp.ti_sysbios_knl_Clock_start__E.1)
                  000050f4    00000008     (.tramp.ti_sysbios_knl_Clock_setTimeout__E.1)

.const     0    000050fc    000004b5     
                  000050fc    00000250     scif_tsop38140.obj (.const:pAuxRamImage$17)
                  0000534c    0000004c     drivers_cc26x0r2.aem3 : PowerCC26XX.oem3 (.const:resourceDB)
                  00005398    00000048     app_ble_pem3.oem3 (.const:.string)
                  000053e0    00000038     urfc.obj (.const:$O12$$)
                  00005418    00000030     scif_tsop38140.obj (.const:scifTsop38140DriverSetup)
                  00005448    00000028     app_ble_pem3.oem3 (.const:ti_sysbios_heaps_HeapCallback_Module__FXNS__C)
                  00005470    00000028     app_ble_pem3.oem3 (.const:xdc_runtime_Startup_sfxnTab__A)
                  00005498    00000024     uble.obj (.const:$O8$$)
                  000054bc    00000020     app_ble_pem3.oem3 (.const:ti_sysbios_heaps_HeapCallback_Object__DESC__C)
                  000054dc    0000001c     rf_singleMode_cc26x0r2.aem3 : RFCC26XX_singleMode.oem3 (.const:RF_defaultParams)
                  000054f8    0000001c     app_ble_pem3.oem3 (.const:ti_sysbios_heaps_HeapCallback_Object__PARAMS__C)
                  00005514    00000018     board.obj (.const:PowerCC26XX_config)
                  0000552c    00000014     app_ble_pem3.oem3 (.const:xdc_runtime_Startup_sfxnRts__A)
                  00005540    00000010     scif_tsop38140.obj (.const:.string:pAuxIoIndexToMcuIocfgOffsetLut$17)
                  00005550    00000010     scif_tsop38140.obj (.const:pScifTaskDataStructInfoLut$17)
                  00005560    0000000c     board.obj (.const:BoardGpioInitTable)
                  0000556c    0000000c     app_ble_pem3.oem3 (.const:xdc_runtime_Startup_firstFxns__A)
                  00005578    00000008     board.obj (.const:PINCC26XX_hwAttrs)
                  00005580    00000004     board.obj (.const:RFCC26XX_hwAttrs)
                  00005584    00000004     app_ble_pem3.oem3 (.const:ti_sysbios_family_arm_m3_Hwi_swiDisable__C)
                  00005588    00000004     app_ble_pem3.oem3 (.const:ti_sysbios_family_arm_m3_Hwi_swiRestoreHwi__C)
                  0000558c    00000004     app_ble_pem3.oem3 (.const:ti_sysbios_heaps_HeapCallback_Object__count__C)
                  00005590    00000004     app_ble_pem3.oem3 (.const:ti_sysbios_heaps_HeapCallback_allocInstFxn__C)
                  00005594    00000004     app_ble_pem3.oem3 (.const:ti_sysbios_heaps_HeapCallback_createInstFxn__C)
                  00005598    00000004     app_ble_pem3.oem3 (.const:ti_sysbios_heaps_HeapCallback_freeInstFxn__C)
                  0000559c    00000004     app_ble_pem3.oem3 (.const:ti_sysbios_heaps_HeapCallback_getStatsInstFxn__C)
                  000055a0    00000004     app_ble_pem3.oem3 (.const:ti_sysbios_heaps_HeapCallback_initInstFxn__C)
                  000055a4    00000004     app_ble_pem3.oem3 (.const:ti_sysbios_heaps_HeapCallback_isBlockingInstFxn__C)
                  000055a8    00000004     app_ble_pem3.oem3 (.const:ti_sysbios_knl_Clock_tickPeriod__C)
                  000055ac    00000004     app_ble_pem3.oem3 (.const:ti_sysbios_knl_Idle_funcList__A)
                  000055b0    00000001     app_ble_pem3.oem3 (.const:xdc_runtime_Text_charTab__A)

.cinit     0    000055b8    0000028c     
                  000055b8    00000149     (.cinit..data.load) [load image, compression = lzss]
                  00005701    00000028     (.cinit..data:ti_sysbios_family_arm_m3_Hwi_Module__state__V.load) [load image, compression = lzss]
                  00005729    00000021     (.cinit..data:ti_sysbios_knl_Task_Module__state__V.load) [load image, compression = lzss]
                  0000574a    0000001f     (.cinit..data:ti_sysbios_BIOS_Module__state__V.load) [load image, compression = lzss]
                  00005769    0000001e     (.cinit..data:ti_sysbios_knl_Clock_Module__state__V.load) [load image, compression = lzss]
                  00005787    00000010     (.cinit..data:ti_sysbios_knl_Swi_Module__state__V.load) [load image, compression = lzss]
                  00005797    00000001     --HOLE-- [fill = 0]
                  00005798    0000000c     (__TI_handler_table)
                  000057a4    0000000b     (.cinit..data:ti_sysbios_family_arm_cc26xx_Timer_Module__state__V.load) [load image, compression = lzss]
                  000057af    00000001     --HOLE-- [fill = 0]
                  000057b0    00000008     (.cinit..bss.load) [load image, compression = zero_init]
                  000057b8    00000008     (.cinit..data:xdc_runtime_Memory_Module__state__V.load) [load image, compression = lzss]
                  000057c0    00000007     (.cinit..data:ti_sysbios_family_arm_cc26xx_TimestampProvider_Module__state__V.load) [load image, compression = lzss]
                  000057c7    00000007     (.cinit..data:xdc_runtime_Startup_Module__state__V.load) [load image, compression = lzss]
                  000057ce    00000007     (.cinit..data:xdc_runtime_System_Module__state__V.load) [load image, compression = lzss]
                  000057d5    00000006     (.cinit..data:xdc_runtime_Error_Module__state__V.load) [load image, compression = lzss]
                  000057db    00000001     --HOLE-- [fill = 0]
                  000057dc    00000068     (__TI_cinit_table)

.ccfg      0    0001ffa8    00000058     
                  0001ffa8    00000058     ccfg_app_ble.obj (.ccfg:retain)

.vecs      0    20000000    000000c8     NOLOAD SECTION
                  20000000    000000c8     app_ble_pem3.oem3 (.vecs)

.data:ti_sysbios_knl_Task_Module__state__V 
*          0    20000100    00000044     UNINITIALIZED
                  20000100    00000044     app_ble_pem3.oem3 (.data:ti_sysbios_knl_Task_Module__state__V)

.data:ti_sysbios_family_arm_m3_Hwi_Module__state__V 
*          0    20000144    00000034     UNINITIALIZED
                  20000144    00000034     app_ble_pem3.oem3 (.data:ti_sysbios_family_arm_m3_Hwi_Module__state__V)

.data:ti_sysbios_knl_Clock_Module__state__V 
*          0    20000178    0000002c     UNINITIALIZED
                  20000178    0000002c     app_ble_pem3.oem3 (.data:ti_sysbios_knl_Clock_Module__state__V)

.data:ti_sysbios_BIOS_Module__state__V 
*          0    200001a4    00000024     UNINITIALIZED
                  200001a4    00000024     app_ble_pem3.oem3 (.data:ti_sysbios_BIOS_Module__state__V)

.data:ti_sysbios_knl_Swi_Module__state__V 
*          0    200001c8    0000001c     UNINITIALIZED
                  200001c8    0000001c     app_ble_pem3.oem3 (.data:ti_sysbios_knl_Swi_Module__state__V)

.data:ti_sysbios_family_arm_cc26xx_Timer_Module__state__V 
*          0    200001e4    00000008     UNINITIALIZED
                  200001e4    00000008     app_ble_pem3.oem3 (.data:ti_sysbios_family_arm_cc26xx_Timer_Module__state__V)

.data:ti_sysbios_family_arm_cc26xx_TimestampProvider_Module__state__V 
*          0    200001ec    00000004     UNINITIALIZED
                  200001ec    00000004     app_ble_pem3.oem3 (.data:ti_sysbios_family_arm_cc26xx_TimestampProvider_Module__state__V)

.data:xdc_runtime_Startup_Module__state__V 
*          0    200001f0    00000008     UNINITIALIZED
                  200001f0    00000008     app_ble_pem3.oem3 (.data:xdc_runtime_Startup_Module__state__V)

.data:xdc_runtime_System_Module__state__V 
*          0    200001f8    00000008     UNINITIALIZED
                  200001f8    00000008     app_ble_pem3.oem3 (.data:xdc_runtime_System_Module__state__V)

.data:xdc_runtime_Memory_Module__state__V 
*          0    20000200    00000004     UNINITIALIZED
                  20000200    00000004     app_ble_pem3.oem3 (.data:xdc_runtime_Memory_Module__state__V)

.data:xdc_runtime_Error_Module__state__V 
*          0    20000204    00000002     UNINITIALIZED
                  20000204    00000002     app_ble_pem3.oem3 (.data:xdc_runtime_Error_Module__state__V)

.bootVecs 
*          0    00000000    00000008     DSECT
                  00000000    00000008     boot.aem3 : boot.oem3 (.bootVecs)

xdc.meta   0    00000000    000000fd     COPY SECTION
                  00000000    000000fd     app_ble_pem3.oem3 (xdc.meta)

xdc.noload 
*          0    00000000    00000000     COPY SECTION

.init_array 
*          0    00000000    00000000     UNINITIALIZED

.data      0    20000208    0000075a     UNINITIALIZED
                  20000208    00000148     urfi.obj (.data:$O11$$)
                  20000350    00000114     drivers_cc26x0r2.aem3 : PINCC26XX.oem3 (.data:$O1$$)
                  20000464    00000114                           : PowerCC26XX.oem3 (.data:PowerCC26XX_module)
                  20000578    00000090     icall.obj (.data:$O4$$)
                  20000608    0000008c     scif_framework.obj (.data:$O13$$)
                  20000694    0000004c     app_ble_pem3.oem3 (.data:ti_sysbios_knl_Task_Object__table__V)
                  200006e0    00000048     app_ble_pem3.oem3 (.data:ti_sysbios_family_arm_cc26xx_Timer_Object__table__V)
                  20000728    0000003c     uble.obj (.data:$O7$$)
                  20000764    00000038     app_ble_pem3.oem3 (.data:ti_sysbios_gates_GateMutex_Object__table__V)
                  2000079c    00000030     app_ble_pem3.oem3 (.data:ti_sysbios_knl_Swi_Module_State_0_readyQ__A)
                  200007cc    00000030     app_ble_pem3.oem3 (.data:ti_sysbios_knl_Swi_Object__table__V)
                  200007fc    00000030     app_ble_pem3.oem3 (.data:ti_sysbios_knl_Task_Module_State_0_readyQ__A)
                  2000082c    00000020     app_ble_pem3.oem3 (.data:ti_sysbios_knl_Clock_Object__table__V)
                  2000084c    00000020     app_ble_pem3.oem3 (.data:xdc_runtime_Error_IgnoreBlock)
                  2000086c    00000018     ugap.obj (.data:$O9$$)
                  20000884    00000018     app_ble_pem3.oem3 (.data:ti_sysbios_family_arm_m3_Hwi_Object__table__V)
                  2000089c    00000010     ull.obj (.data:$O10$$)
                  200008ac    0000000c     irws_tirtos.obj (.data:$O1$$)
                  200008b8    0000000c     app_ble_pem3.oem3 (.data:ti_sysbios_heaps_HeapCallback_Object__table__V)
                  200008c4    0000000c     urfc.obj (.data:ubRfRegOverride)
                  200008d0    00000008     rtsv7M3_T_le_eabi.lib : _lock.obj (.data:$O14$$)
                  200008d8    00000008     hal_assert.obj (.data:$O3$$)
                  200008e0    00000008     app_ble_pem3.oem3 (.data:ti_sysbios_family_arm_m3_Hwi_Module__root__V)
                  200008e8    00000008     app_ble_pem3.oem3 (.data:ti_sysbios_gates_GateHwi_Module__root__V)
                  200008f0    00000008     app_ble_pem3.oem3 (.data:ti_sysbios_gates_GateMutex_Module__root__V)
                  200008f8    00000008     app_ble_pem3.oem3 (.data:ti_sysbios_hal_Hwi_Module__root__V)
                  20000900    00000008     app_ble_pem3.oem3 (.data:ti_sysbios_heaps_HeapCallback_Module__root__V)
                  20000908    00000008     app_ble_pem3.oem3 (.data:ti_sysbios_heaps_HeapMem_Module__root__V)
                  20000910    00000008     app_ble_pem3.oem3 (.data:ti_sysbios_knl_Clock_Module__root__V)
                  20000918    00000008     app_ble_pem3.oem3 (.data:ti_sysbios_knl_Event_Module__root__V)
                  20000920    00000008     app_ble_pem3.oem3 (.data:ti_sysbios_knl_Mailbox_Module__root__V)
                  20000928    00000008     app_ble_pem3.oem3 (.data:ti_sysbios_knl_Queue_Module__root__V)
                  20000930    00000008     app_ble_pem3.oem3 (.data:ti_sysbios_knl_Semaphore_Module__root__V)
                  20000938    00000008     app_ble_pem3.oem3 (.data:ti_sysbios_knl_Swi_Module__root__V)
                  20000940    00000008     app_ble_pem3.oem3 (.data:ti_sysbios_knl_Task_Module__root__V)
                  20000948    00000004     rtsv7M3_T_le_eabi.lib : rand.obj (.data)
                  2000094c    00000004                           : stkdepth_vars.obj (.data)
                  20000950    00000004     app_ble_pem3.oem3 (.data:ti_sysbios_family_arm_m3_Hwi_Module_State_0_excContext__A)
                  20000954    00000004     app_ble_pem3.oem3 (.data:ti_sysbios_family_arm_m3_Hwi_Module_State_0_excStack__A)
                  20000958    00000004     app_ble_pem3.oem3 (.data:ti_sysbios_knl_Task_Module_State_0_idleTask__A)
                  2000095c    00000003     scif_framework.obj (.data)
                  2000095f    00000001     --HOLE--
                  20000960    00000002     app_ble_pem3.oem3 (.data:ti_sysbios_family_arm_m3_Hwi_Module_State_0_excActive__A)

.bss       0    20000968    0000085f     UNINITIALIZED
                  20000968    000002c4     micro_eddystone_beacon.obj (.bss:$O2$$)
                  20000c2c    00000004     (.common:ClockP_tickPeriod)
                  20000c30    000002a8     rf_singleMode_cc26x0r2.aem3 : RFCC26XX_singleMode.oem3 (.bss:$O1$$)
                  20000ed8    00000200     app_ble_pem3.oem3 (.bss:taskStackSection)
                  200010d8    000000c8     (.common:ti_sysbios_family_arm_m3_Hwi_dispatchTable)
                  200011a0    00000014     driverlib.lib : osc.obj (.bss:oscHfGlobals$35)
                  200011b4    00000008     dpl_cc26x0r2.aem3 : PowerCC26XX_tirtos.oem3 (.bss:$O1$$)
                  200011bc    00000008     driverlib.lib : sys_ctrl.obj (.bss:powerQualGlobals$37)
                  200011c4    00000002     rf_singleMode_cc26x0r2.aem3 : RFCC26XX_singleMode.oem3 (.bss)
                  200011c6    00000001     (.common:driverlib_release_0_49664)

.vtable    0    200011c7    00000000     UNINITIALIZED

.vtable_ram 
*          0    200011c7    00000000     UNINITIALIZED

vtable_ram 
*          0    200011c7    00000000     UNINITIALIZED

.sysmem    0    200011c7    00000000     UNINITIALIZED

.nonretenvar 
*          0    200011c7    00000000     UNINITIALIZED

.stack     0    20004000    00000400     UNINITIALIZED
                  20004000    00000400     --HOLE--

MODULE SUMMARY

       Module                                   code    ro data   rw data
       ------                                   ----    -------   -------
    .\Application\
       micro_eddystone_beacon.obj               1228    0         708    
       irws_tirtos.obj                          170     0         12     
    +--+----------------------------------------+-------+---------+---------+
       Total:                                   1398    0         720    
                                                                         
    .\HAL\Common\
       hal_assert.obj                           2       0         8      
    +--+----------------------------------------+-------+---------+---------+
       Total:                                   2       0         8      
[...]
1001bffd  ti_sysbios_knl_Queue_enqueue__E                                           
1001c009  ti_sysbios_knl_Semaphore_Params__init__S                                  
1001c015  ti_sysbios_knl_Swi_Params__init__S                                        
1001c021  ti_sysbios_knl_Task_Params__init__S                                       
1001c02d  ti_sysbios_knl_Task_self__E                                               
1001c039  ti_sysbios_hal_Hwi_Instance_finalize__E                                   
1001c043  ti_sysbios_family_arm_m3_Hwi_doSwiRestore__I                              
1001c04b  ti_sysbios_family_arm_m3_Hwi_startup__E                                   
1001c04b  ti_sysbios_hal_Hwi_HwiProxy_startup__E                                    
1001c04b  ti_sysbios_hal_Hwi_HwiProxy_startup__E__mangled__                         
1001c04b  ti_sysbios_hal_Hwi_startup__E                                             
1001c04b  ti_sysbios_hal_Hwi_startup__E                                             
1001c053  ti_sysbios_knl_Idle_loop__E                                               
1001c05b  ti_sysbios_family_arm_m3_Hwi_doTaskRestore__I                             
1001c061  HwiP_restore                                                              
1001c061  ti_sysbios_family_arm_m3_Hwi_restoreFxn__E                                
1001c067  ti_sysbios_gates_GateHwi_leave__E                                         
1001c06d  ti_sysbios_heaps_HeapMem_isBlocking__E                                    
1001c073  ti_sysbios_knl_Queue_Instance_init__E                                     
1001c079  ti_sysbios_knl_Queue_elemClear__E                                         
1001c07f  ti_sysbios_knl_Swi_Module_startup__E                                      
1001c085  ti_sysbios_knl_Swi_startup__E                                             
1001c08b  ti_sysbios_knl_Task_enable__E                                             
1001c091  ti_sysbios_BIOS_RtsGateProxy_enter__E                                     
1001c095  ti_sysbios_BIOS_RtsGateProxy_leave__E                                     
1001c099  ti_sysbios_family_arm_cc26xx_Timer_getExpiredTicks__E                     
1001c09d  ti_sysbios_family_arm_cc26xx_Timer_getPeriod__E                           
1001c0a1  ti_sysbios_family_arm_cc26xx_Timer_setPeriod__E                           
1001c0a5  ti_sysbios_family_arm_m3_Hwi_delete                                       
1001c0a9  ti_sysbios_family_arm_m3_Hwi_destruct                                     
1001c0ad  ti_sysbios_family_arm_m3_TaskSupport_Module__startupDone__S               
1001c0ad  ti_sysbios_knl_Task_SupportProxy_Module__startupDone__S                   
1001c0ad  ti_sysbios_knl_Task_SupportProxy_Module__startupDone__S__mangled__        
1001c0b1  ti_sysbios_gates_GateHwi_query__E                                         
1001c0b1  xdc_runtime_Main_Module_GateProxy_query__E                                
1001c0b1  xdc_runtime_System_Module_GateProxy_query__E                              
1001c0b1  xdc_runtime_System_Module_GateProxy_query__E__mangled__                   
1001c0b5  ti_sysbios_gates_GateMutex_delete                                         
1001c0b9  ti_sysbios_gates_GateMutex_destruct                                       
1001c0bd  ti_sysbios_BIOS_RtsGateProxy_query__E                                     
1001c0bd  ti_sysbios_BIOS_RtsGateProxy_query__E__mangled__                          
1001c0bd  ti_sysbios_gates_GateMutex_query__E                                       
1001c0bd  ti_sysbios_heaps_HeapMem_Module_GateProxy_query__E                        
1001c0bd  ti_sysbios_heaps_HeapMem_Module_GateProxy_query__E__mangled__             
1001c0c1  ti_sysbios_hal_Hwi_HwiProxy_delete                                        
1001c0c5  ti_sysbios_hal_Hwi_delete                                                 
1001c0c9  ti_sysbios_heaps_HeapMem_Module_GateProxy_enter__E                        
1001c0cd  ti_sysbios_heaps_HeapMem_Module_GateProxy_leave__E                        
1001c0d1  ti_sysbios_knl_Clock_TimerProxy_getExpiredTicks__E                        
1001c0d5  ti_sysbios_knl_Clock_TimerProxy_getPeriod__E                              
1001c0d9  ti_sysbios_knl_Clock_delete                                               
1001c0dd  ti_sysbios_knl_Clock_destruct                                             
1001c0e1  ti_sysbios_knl_Clock_removeI__E                                           
1001c0e5  ti_sysbios_knl_Clock_setTimeout__E                                        
1001c0e9  ti_sysbios_knl_Event_delete                                               
1001c0ed  ti_sysbios_knl_Event_destruct                                             
1001c0f1  ti_sysbios_knl_Mailbox_delete                                             
1001c0f5  ti_sysbios_knl_Mailbox_destruct                                           
1001c0f9  ti_sysbios_knl_Queue_delete                                               
1001c0fd  ti_sysbios_knl_Queue_destruct                                             
1001c101  ti_sysbios_knl_Queue_head__E                                              
1001c105  ti_sysbios_knl_Queue_next__E                                              
1001c109  ti_sysbios_knl_Semaphore_delete                                           
1001c10d  ti_sysbios_knl_Semaphore_destruct                                         
1001c111  ti_sysbios_knl_Swi_delete                                                 
1001c115  ti_sysbios_knl_Swi_destruct                                               
1001c119  ti_sysbios_knl_Swi_postInit__I                                            
1001c11d  ti_sysbios_knl_Task_delete                                                
1001c121  ti_sysbios_knl_Task_destruct                                              
1001c125  ti_sysbios_knl_Task_startup__E                                            
1001c129  xdc_runtime_Startup_startMods__I                                          
1001c2c9  xdc_runtime_Core_createObject__I                                          
1001c349  xdc_runtime_Memory_alloc__E                                               
1001c3b5  xdc_runtime_Core_deleteObject__I                                          
1001c413  xdc_runtime_Error_policySpin__E                                           
1001c415  xdc_runtime_Startup_exec__E                                               
1001c465  xdc_runtime_Assert_raise__I                                               
1001c4ad  xdc_runtime_Core_assignParams__I                                          
1001c4f5  xdc_runtime_Core_constructObject__I                                       
1001c581  xdc_runtime_System_atexit__E                                              
1001c5b9  xdc_runtime_Core_assignLabel__I                                           
1001c5ed  xdc_runtime_System_processAtExit__E                                       
1001c621  xdc_runtime_Text_cordText__E                                              
1001c64d  xdc_runtime_System_abort__E                                               
1001c66d  xdc_runtime_Error_raiseX__E                                               
1001c689  xdc_runtime_Memory_valloc__E                                              
1001c6a5  xdc_runtime_Core_destructObject__I                                        
1001c6bd  xdc_runtime_Error_check__E                                                
1001c6d5  xdc_runtime_System_exit__E                                                
1001c6ed  xdc_runtime_Text_ropeText__E                                              
1001c705  xdc_runtime_Memory_free__E                                                
1001c715  xdc_runtime_SysCallback_abort__E                                          
1001c715  xdc_runtime_System_SupportProxy_abort__E                                  
1001c725  xdc_runtime_SysCallback_exit__E                                           
1001c725  xdc_runtime_System_SupportProxy_exit__E                                   
1001c735  xdc_runtime_Timestamp_SupportProxy_get32__E                               
1001c735  xdc_runtime_Timestamp_get32__E                                            
1001c735  xdc_runtime_Timestamp_get32__E                                            
1001c751  xdc_runtime_Memory_calloc__E                                              
1001c75d  xdc_runtime_Memory_getMaxDefaultTypeAlign__E                              
1001c769  xdc_runtime_Startup_rtsDone__E                                            
1001c775  xdc_runtime_Memory_HeapProxy_alloc__E                                     
1001c77f  xdc_runtime_Memory_HeapProxy_free__E                                      
1001c789  xdc_runtime_Gate_leaveSystem__E                                           
1001c78f  xdc_runtime_System_Module_startup__E                                      
1001c795  xdc_runtime_Gate_enterSystem__E                                           
1001c799  xdc_runtime_System_Module_GateProxy_enter__E                              
1001c79d  xdc_runtime_System_Module_GateProxy_leave__E                              
1001c7a1  xdc_runtime_System_abortSpin__E                                           
1001c7a3  xdc_runtime_System_exitSpin__E                                            
1001c7a5  ti_sysbios_family_arm_m3_Hwi_dispatch__I                                  
1001c86d  ti_sysbios_family_arm_m3_TaskSupport_buildTaskStack                       
1001c8b9  ti_sysbios_family_arm_m3_Hwi_initStacks__E                                
1001c901  ti_sysbios_family_arm_m3_Hwi_excHandlerAsm__I                             
1001c921  ti_sysbios_family_xxx_Hwi_switchAndRunFunc                                
1001c93f  ti_sysbios_family_arm_m3_Hwi_pendSV__I                                    
1001c957  ti_sysbios_family_arm_m3_Hwi_return                                       
1001c959  ti_sysbios_family_arm_m3_TaskSupport_glue                                 
1001c969  ti_sysbios_family_arm_m3_TaskSupport_swap__E                              
1001c969  ti_sysbios_knl_Task_SupportProxy_swap__E                                  
1001c969  ti_sysbios_knl_Task_SupportProxy_swap__E__mangled__                       
1001c971  ti_sysbios_knl_Task_swapReturn                                            
1001c978  ti_sysbios_knl_Task_Object__PARAMS__C                                     
1001c9b4  ti_sysbios_knl_Mailbox_Object__PARAMS__C                                  
1001c9e8  ti_sysbios_family_arm_m3_Hwi_Object__PARAMS__C                            
1001ca18  ti_sysbios_hal_Hwi_Object__PARAMS__C                                      
1001ca44  ti_sysbios_knl_Swi_Object__PARAMS__C                                      
1001ca6c  ti_sysbios_heaps_HeapMem_Object__PARAMS__C                                
1001ca90  ti_sysbios_knl_Clock_Object__PARAMS__C                                    
1001cab4  ti_sysbios_knl_Semaphore_Object__PARAMS__C                                
1001cad8  ti_sysbios_gates_GateHwi_Object__PARAMS__C                                
1001caf0  ti_sysbios_gates_GateMutex_Object__PARAMS__C                              
1001cb08  ti_sysbios_knl_Event_Object__PARAMS__C                                    
1001cb20  ti_sysbios_knl_Queue_Object__PARAMS__C                                    
1001cb68  ti_sysbios_gates_GateMutex_Instance_State_sem__O                          
1001cb6c  ti_sysbios_knl_Clock_Module_State_clockQ__O                               
1001cb70  ti_sysbios_knl_Event_Instance_State_pendQ__O                              
1001cb74  ti_sysbios_knl_Mailbox_Instance_State_dataQue__O                          
1001cb78  ti_sysbios_knl_Mailbox_Instance_State_dataSem__O                          
1001cb7c  ti_sysbios_knl_Mailbox_Instance_State_freeQue__O                          
1001cb80  ti_sysbios_knl_Mailbox_Instance_State_freeSem__O                          
1001cb84  ti_sysbios_knl_Semaphore_Instance_State_pendQ__O                          
1001cb88  ti_sysbios_knl_Task_Module_State_inactiveQ__O                             
20000000  __UNUSED_SRAM_start__                                                     
20000000  ti_sysbios_family_arm_m3_Hwi_ramVectors                                   
20000100  ti_sysbios_knl_Task_Module__state__V                                      
20000144  ti_sysbios_family_arm_m3_Hwi_Module__state__V                             
20000178  ti_sysbios_knl_Clock_Module__state__V                                     
200001a4  ti_sysbios_BIOS_Module__state__V                                          
200001c8  ti_sysbios_knl_Swi_Module__state__V                                       
200001e4  ti_sysbios_family_arm_cc26xx_Timer_Module__state__V                       
200001ec  ti_sysbios_family_arm_cc26xx_TimestampProvider_Module__state__V           
200001f0  xdc_runtime_Startup_Module__state__V                                      
200001f8  xdc_runtime_System_Module__state__V                                       
20000200  xdc_runtime_Memory_Module__state__V                                       
20000204  xdc_runtime_Error_Module__state__V                                        
20000208  urfiAdvHandle                                                             
2000020c  urfiHandle                                                                
2000022c  urfiAdvParams                                                             
2000024c  urSetup                                                                   
20000270  urfiAdvCmd                                                                
20000350  pinUpperBound                                                             
20000354  pinLowerBound                                                             
200003e8  pinHandleTable                                                            
20000464  PowerCC26XX_module                                                        
20000580  ICall_enterCriticalSection                                                
20000584  ICall_leaveCriticalSection                                                
20000594  heapmgrMemFreeTotal                                                       
200005a0  HEAPMGR_SIZE                                                              
200005a4  ICall_dispatcher                                                          
20000694  ti_sysbios_knl_Task_Object__table__V                                      
200006e0  ti_sysbios_family_arm_cc26xx_Timer_Object__table__V                       
20000728  rfTimeCrit                                                                
2000072c  ubleAntSwitchSel                                                          
20000738  ubleBDAddr                                                                
2000073e  ubleParams                                                                
20000764  ti_sysbios_gates_GateMutex_Object__table__V                               
2000079c  ti_sysbios_knl_Swi_Module_State_0_readyQ__A                               
200007cc  ti_sysbios_knl_Swi_Object__table__V                                       
200007fc  ti_sysbios_knl_Task_Module_State_0_readyQ__A                              
2000082c  ti_sysbios_knl_Clock_Object__table__V                                     
2000084c  xdc_runtime_Error_IgnoreBlock                                             
20000884  ti_sysbios_family_arm_m3_Hwi_Object__table__V                             
2000089c  ulState                                                                   
200008ac  appScifAlertHandler                                                       
200008b0  ADV_DATA                                                                  
200008b8  ti_sysbios_heaps_HeapCallback_Object__table__V                            
200008c4  ubRfRegOverride                                                           
200008d0  _lock                                                                     
200008d4  _unlock                                                                   
200008d8  assertSubcause                                                            
200008d9  legacyMode                                                                
200008dc  halAssertCback                                                            
200008e0  ti_sysbios_family_arm_m3_Hwi_Module__root__V                              
200008e8  ti_sysbios_gates_GateHwi_Module__root__V                                  
200008f0  ti_sysbios_gates_GateMutex_Module__root__V                                
200008f8  ti_sysbios_hal_Hwi_Module__root__V                                        
20000900  ti_sysbios_heaps_HeapCallback_Module__root__V                             
20000908  ti_sysbios_heaps_HeapMem_Module__root__V                                  
20000910  ti_sysbios_knl_Clock_Module__root__V                                      
20000918  ti_sysbios_knl_Event_Module__root__V                                      
20000920  ti_sysbios_knl_Mailbox_Module__root__V                                    
20000928  ti_sysbios_knl_Queue_Module__root__V                                      
20000930  ti_sysbios_knl_Semaphore_Module__root__V                                  
20000938  ti_sysbios_knl_Swi_Module__root__V                                        
20000940  ti_sysbios_knl_Task_Module__root__V                                       
2000094c  main_func_sp                                                              
20000950  ti_sysbios_family_arm_m3_Hwi_Module_State_0_excContext__A                 
20000954  ti_sysbios_family_arm_m3_Hwi_Module_State_0_excStack__A                   
20000958  ti_sysbios_knl_Task_Module_State_0_idleTask__A                            
20000960  ti_sysbios_family_arm_m3_Hwi_Module_State_0_excActive__A                  
20000974  pFrame                                                                    
20000984  uebTask                                                                   
200009d4  uebTaskStack                                                              
20000c2c  ClockP_tickPeriod                                                         
20000ed8  ti_sysbios_knl_Task_Instance_State_0_stack__A                             
200010d8  ti_sysbios_family_arm_m3_Hwi_dispatchTable                                
200011b4  PowerCC26XX_taskKey                                                       
200011b8  PowerCC26XX_swiKey                                                        
200011c6  driverlib_release_0_49664                                                 
200011c7  heapStart                                                                 
20004000  __stack                                                                   
20004000  heapEnd                                                                   
20004400  __STACK_END                                                               
20004400  __STACK_TOP                                                               
20005000  __UNUSED_SRAM_end__                                                       
e000e000  ti_sysbios_family_arm_m3_Hwi_nvic                                         
ffffffff  __TI_pprof_out_hndl                                                       
ffffffff  __TI_prof_data_size                                                       
ffffffff  __TI_prof_data_start                                                      
ffffffff  __binit__                                                                 
ffffffff  __c_args__                                                                
ffffffff  binit                                                                     
UNDEFED   SHT$$INIT_ARRAY$$Base                                                     
UNDEFED   SHT$$INIT_ARRAY$$Limit                                                    

[821 symbols]
