<?xml version="1.0"?>
<link_info>
   <banner>TI ARM Linker PC v16.9.6.LTS</banner>
   <copyright>Copyright (c) 1996-2017 Texas Instruments Incorporated</copyright>
   <link_time>0x5a2be7d5</link_time>
   <link_errors>0x0</link_errors>
   <output_file>ws_nortos_ccs.out</output_file>
   <entry_point>
      <name>resetISR</name>
      <address>0x4331</address>
   </entry_point>
   <input_file_list>
      <input_file id="fl-2">
         <path>.\</path>
         <kind>object</kind>
         <file>CC2640R2_RSM.obj</file>
         <name>CC2640R2_RSM.obj</name>
      </input_file>
      <input_file id="fl-3">
         <path>.\</path>
         <kind>object</kind>
         <file>HX711.obj</file>
         <name>HX711.obj</name>
      </input_file>
      <input_file id="fl-4">
         <path>.\</path>
         <kind>object</kind>
         <file>beacon_nortos.obj</file>
         <name>beacon_nortos.obj</name>
      </input_file>
      <input_file id="fl-5">
         <path>.\</path>
         <kind>object</kind>
         <file>ccfg.obj</file>
         <name>ccfg.obj</name>
      </input_file>
      <input_file id="fl-6">
         <path>.\</path>
         <kind>object</kind>
         <file>main_nortos.obj</file>
         <name>main_nortos.obj</name>
      </input_file>
      <input_file id="fl-7">
         <path>.\HX711sce\</path>
         <kind>object</kind>
         <file>scif_framework.obj</file>
         <name>scif_framework.obj</name>
      </input_file>
      <input_file id="fl-8">
         <path>.\HX711sce\</path>
         <kind>object</kind>
         <file>scif_hx711.obj</file>
         <name>scif_hx711.obj</name>
      </input_file>
      <input_file id="fl-9">
         <path>.\HX711sce\</path>
         <kind>object</kind>
         <file>scif_osal_none.obj</file>
         <name>scif_osal_none.obj</name>
      </input_file>
      <input_file id="fl-a">
         <path>.\smartrf_settings\</path>
         <kind>object</kind>
         <file>smartrf_settings.obj</file>
         <name>smartrf_settings.obj</name>
      </input_file>
      <input_file id="fl-12">
         <kind>object</kind>
         <file>&lt;internal&gt;</file>
         <name>&lt;internal&gt;</name>
      </input_file>
      <input_file id="fl-13">
         <path>I:\ti\simplelink_cc2640r2_sdk_1_50_00_58\source\ti\drivers\rf\lib\</path>
         <kind>archive</kind>
         <file>rf_singleMode_cc26x0r2.aem3</file>
         <name>RFCC26XX_singleMode.oem3</name>
      </input_file>
      <input_file id="fl-14">
         <path>I:\ti\simplelink_cc2640r2_sdk_1_50_00_58\source\ti\drivers\lib\</path>
         <kind>archive</kind>
         <file>drivers_cc26x0r2.aem3</file>
         <name>PINCC26XX.oem3</name>
      </input_file>
      <input_file id="fl-15">
         <path>I:\ti\simplelink_cc2640r2_sdk_1_50_00_58\source\ti\drivers\lib\</path>
         <kind>archive</kind>
         <file>drivers_cc26x0r2.aem3</file>
         <name>PowerCC26XX.oem3</name>
      </input_file>
      <input_file id="fl-16">
         <path>I:\ti\simplelink_cc2640r2_sdk_1_50_00_58\source\ti\drivers\lib\</path>
         <kind>archive</kind>
         <file>drivers_cc26x0r2.aem3</file>
         <name>PowerCC26XX_calibrateRCOSC.oem3</name>
      </input_file>
      <input_file id="fl-17">
         <path>I:\ti\simplelink_cc2640r2_sdk_1_50_00_58\source\ti\drivers\lib\</path>
         <kind>archive</kind>
         <file>drivers_cc26x0r2.aem3</file>
         <name>WatchdogCC26XX.oem3</name>
      </input_file>
      <input_file id="fl-18">
         <path>I:\ti\simplelink_cc2640r2_sdk_1_50_00_58\source\ti\drivers\lib\</path>
         <kind>archive</kind>
         <file>drivers_cc26x0r2.aem3</file>
         <name>List.oem3</name>
      </input_file>
      <input_file id="fl-19">
         <path>I:\ti\simplelink_cc2640r2_sdk_1_50_00_58\kernel\nortos\lib\</path>
         <kind>archive</kind>
         <file>nortos_cc26x0r2.aem3</file>
         <name>posix_sleep.oem3</name>
      </input_file>
      <input_file id="fl-1a">
         <path>I:\ti\simplelink_cc2640r2_sdk_1_50_00_58\kernel\nortos\lib\</path>
         <kind>archive</kind>
         <file>nortos_cc26x0r2.aem3</file>
         <name>NoRTOS.oem3</name>
      </input_file>
      <input_file id="fl-1b">
         <path>I:\ti\simplelink_cc2640r2_sdk_1_50_00_58\kernel\nortos\lib\</path>
         <kind>archive</kind>
         <file>nortos_cc26x0r2.aem3</file>
         <name>SemaphoreP_nortos.oem3</name>
      </input_file>
      <input_file id="fl-1c">
         <path>I:\ti\simplelink_cc2640r2_sdk_1_50_00_58\kernel\nortos\lib\</path>
         <kind>archive</kind>
         <file>nortos_cc26x0r2.aem3</file>
         <name>SwiP_nortos.oem3</name>
      </input_file>
      <input_file id="fl-1d">
         <path>I:\ti\simplelink_cc2640r2_sdk_1_50_00_58\kernel\nortos\lib\</path>
         <kind>archive</kind>
         <file>nortos_cc26x0r2.aem3</file>
         <name>ClockPTimer_nortos.oem3</name>
      </input_file>
      <input_file id="fl-1e">
         <path>I:\ti\simplelink_cc2640r2_sdk_1_50_00_58\kernel\nortos\lib\</path>
         <kind>archive</kind>
         <file>nortos_cc26x0r2.aem3</file>
         <name>TimerPCC26XX_nortos.oem3</name>
      </input_file>
      <input_file id="fl-1f">
         <path>I:\ti\simplelink_cc2640r2_sdk_1_50_00_58\kernel\nortos\lib\</path>
         <kind>archive</kind>
         <file>nortos_cc26x0r2.aem3</file>
         <name>HwiPCC26XX_nortos.oem3</name>
      </input_file>
      <input_file id="fl-20">
         <path>I:\ti\simplelink_cc2640r2_sdk_1_50_00_58\kernel\nortos\lib\</path>
         <kind>archive</kind>
         <file>nortos_cc26x0r2.aem3</file>
         <name>PowerCC26XX_nortos.oem3</name>
      </input_file>
      <input_file id="fl-21">
         <path>I:\ti\simplelink_cc2640r2_sdk_1_50_00_58\kernel\nortos\lib\</path>
         <kind>archive</kind>
         <file>nortos_cc26x0r2.aem3</file>
         <name>startup_cc13xx_cc26xx_ccs.oem3</name>
      </input_file>
      <input_file id="fl-22">
         <path>I:\ti\simplelink_cc2640r2_sdk_1_50_00_58\kernel\nortos\lib\</path>
         <kind>archive</kind>
         <file>nortos_cc26x0r2.aem3</file>
         <name>QueueP_nortos.oem3</name>
      </input_file>
      <input_file id="fl-23">
         <path>I:\ti\simplelink_cc2640r2_sdk_1_50_00_58\source\ti\devices\cc26x0r2\driverlib\bin\ccs\</path>
         <kind>archive</kind>
         <file>driverlib.lib</file>
         <name>adi.obj</name>
      </input_file>
      <input_file id="fl-24">
         <path>I:\ti\simplelink_cc2640r2_sdk_1_50_00_58\source\ti\devices\cc26x0r2\driverlib\bin\ccs\</path>
         <kind>archive</kind>
         <file>driverlib.lib</file>
         <name>chipinfo.obj</name>
      </input_file>
      <input_file id="fl-25">
         <path>I:\ti\simplelink_cc2640r2_sdk_1_50_00_58\source\ti\devices\cc26x0r2\driverlib\bin\ccs\</path>
         <kind>archive</kind>
         <file>driverlib.lib</file>
         <name>cpu.obj</name>
      </input_file>
      <input_file id="fl-26">
         <path>I:\ti\simplelink_cc2640r2_sdk_1_50_00_58\source\ti\devices\cc26x0r2\driverlib\bin\ccs\</path>
         <kind>archive</kind>
         <file>driverlib.lib</file>
         <name>driverlib_release.obj</name>
      </input_file>
      <input_file id="fl-27">
         <path>I:\ti\simplelink_cc2640r2_sdk_1_50_00_58\source\ti\devices\cc26x0r2\driverlib\bin\ccs\</path>
         <kind>archive</kind>
         <file>driverlib.lib</file>
         <name>interrupt.obj</name>
      </input_file>
      <input_file id="fl-28">
         <path>I:\ti\simplelink_cc2640r2_sdk_1_50_00_58\source\ti\devices\cc26x0r2\driverlib\bin\ccs\</path>
         <kind>archive</kind>
         <file>driverlib.lib</file>
         <name>ioc.obj</name>
      </input_file>
      <input_file id="fl-29">
         <path>I:\ti\simplelink_cc2640r2_sdk_1_50_00_58\source\ti\devices\cc26x0r2\driverlib\bin\ccs\</path>
         <kind>archive</kind>
         <file>driverlib.lib</file>
         <name>osc.obj</name>
      </input_file>
      <input_file id="fl-2a">
         <path>I:\ti\simplelink_cc2640r2_sdk_1_50_00_58\source\ti\devices\cc26x0r2\driverlib\bin\ccs\</path>
         <kind>archive</kind>
         <file>driverlib.lib</file>
         <name>rfc.obj</name>
      </input_file>
      <input_file id="fl-2b">
         <path>I:\ti\simplelink_cc2640r2_sdk_1_50_00_58\source\ti\devices\cc26x0r2\driverlib\bin\ccs\</path>
         <kind>archive</kind>
         <file>driverlib.lib</file>
         <name>setup.obj</name>
      </input_file>
      <input_file id="fl-2c">
         <path>I:\ti\simplelink_cc2640r2_sdk_1_50_00_58\source\ti\devices\cc26x0r2\driverlib\bin\ccs\</path>
         <kind>archive</kind>
         <file>driverlib.lib</file>
         <name>sys_ctrl.obj</name>
      </input_file>
      <input_file id="fl-e2">
         <path>I:\ti\ccsv7\tools\compiler\ti-cgt-arm_16.9.6.LTS\lib\</path>
         <kind>archive</kind>
         <file>rtsv7M3_T_le_eabi.lib</file>
         <name>boot.obj</name>
      </input_file>
      <input_file id="fl-e3">
         <path>I:\ti\ccsv7\tools\compiler\ti-cgt-arm_16.9.6.LTS\lib\</path>
         <kind>archive</kind>
         <file>rtsv7M3_T_le_eabi.lib</file>
         <name>copy_decompress_lzss.obj</name>
      </input_file>
      <input_file id="fl-e4">
         <path>I:\ti\ccsv7\tools\compiler\ti-cgt-arm_16.9.6.LTS\lib\</path>
         <kind>archive</kind>
         <file>rtsv7M3_T_le_eabi.lib</file>
         <name>copy_decompress_none.obj</name>
      </input_file>
      <input_file id="fl-e5">
         <path>I:\ti\ccsv7\tools\compiler\ti-cgt-arm_16.9.6.LTS\lib\</path>
         <kind>archive</kind>
         <file>rtsv7M3_T_le_eabi.lib</file>
         <name>copy_zero_init.obj</name>
      </input_file>
      <input_file id="fl-e6">
         <path>I:\ti\ccsv7\tools\compiler\ti-cgt-arm_16.9.6.LTS\lib\</path>
         <kind>archive</kind>
         <file>rtsv7M3_T_le_eabi.lib</file>
         <name>exit.obj</name>
      </input_file>
      <input_file id="fl-e7">
         <path>I:\ti\ccsv7\tools\compiler\ti-cgt-arm_16.9.6.LTS\lib\</path>
         <kind>archive</kind>
         <file>rtsv7M3_T_le_eabi.lib</file>
         <name>ll_mul_t2.obj</name>
      </input_file>
      <input_file id="fl-e8">
         <path>I:\ti\ccsv7\tools\compiler\ti-cgt-arm_16.9.6.LTS\lib\</path>
         <kind>archive</kind>
         <file>rtsv7M3_T_le_eabi.lib</file>
         <name>memcpy_t2.obj</name>
      </input_file>
      <input_file id="fl-e9">
         <path>I:\ti\ccsv7\tools\compiler\ti-cgt-arm_16.9.6.LTS\lib\</path>
         <kind>archive</kind>
         <file>rtsv7M3_T_le_eabi.lib</file>
         <name>memory.obj</name>
      </input_file>
      <input_file id="fl-ea">
         <path>I:\ti\ccsv7\tools\compiler\ti-cgt-arm_16.9.6.LTS\lib\</path>
         <kind>archive</kind>
         <file>rtsv7M3_T_le_eabi.lib</file>
         <name>memset_t2.obj</name>
      </input_file>
      <input_file id="fl-eb">
         <path>I:\ti\ccsv7\tools\compiler\ti-cgt-arm_16.9.6.LTS\lib\</path>
         <kind>archive</kind>
         <file>rtsv7M3_T_le_eabi.lib</file>
         <name>mpu_init.obj</name>
      </input_file>
      <input_file id="fl-ec">
         <path>I:\ti\ccsv7\tools\compiler\ti-cgt-arm_16.9.6.LTS\lib\</path>
         <kind>archive</kind>
         <file>rtsv7M3_T_le_eabi.lib</file>
         <name>pre_init.obj</name>
      </input_file>
      <input_file id="fl-ed">
         <path>I:\ti\ccsv7\tools\compiler\ti-cgt-arm_16.9.6.LTS\lib\</path>
         <kind>archive</kind>
         <file>rtsv7M3_T_le_eabi.lib</file>
         <name>stkdepth_vars.obj</name>
      </input_file>
      <input_file id="fl-ee">
         <path>I:\ti\ccsv7\tools\compiler\ti-cgt-arm_16.9.6.LTS\lib\</path>
         <kind>archive</kind>
         <file>rtsv7M3_T_le_eabi.lib</file>
         <name>ull_div_t2.obj</name>
      </input_file>
      <input_file id="fl-ef">
         <path>I:\ti\ccsv7\tools\compiler\ti-cgt-arm_16.9.6.LTS\lib\</path>
         <kind>archive</kind>
         <file>rtsv7M3_T_le_eabi.lib</file>
         <name>_lock.obj</name>
      </input_file>
      <input_file id="fl-f0">
         <path>I:\ti\ccsv7\tools\compiler\ti-cgt-arm_16.9.6.LTS\lib\</path>
         <kind>archive</kind>
         <file>rtsv7M3_T_le_eabi.lib</file>
         <name>args_main.obj</name>
      </input_file>
      <input_file id="fl-f1">
         <path>I:\ti\ccsv7\tools\compiler\ti-cgt-arm_16.9.6.LTS\lib\</path>
         <kind>archive</kind>
         <file>rtsv7M3_T_le_eabi.lib</file>
         <name>autoinit.obj</name>
      </input_file>
      <input_file id="fl-f2">
         <path>I:\ti\ccsv7\tools\compiler\ti-cgt-arm_16.9.6.LTS\lib\</path>
         <kind>archive</kind>
         <file>rtsv7M3_T_le_eabi.lib</file>
         <name>cpy_tbl.obj</name>
      </input_file>
      <input_file id="fl-f3">
         <path>I:\ti\ccsv7\tools\compiler\ti-cgt-arm_16.9.6.LTS\lib\</path>
         <kind>archive</kind>
         <file>rtsv7M3_T_le_eabi.lib</file>
         <name>startup.obj</name>
      </input_file>
   </input_file_list>
   <object_component_list>
      <object_component id="oc-15">
         <name>.intvecs</name>
         <load_address>0x0</load_address>
         <run_address>0x0</run_address>
         <size>0xc8</size>
         <input_file_ref idref="fl-21"/>
      </object_component>
      <object_component id="oc-692">
         <name>.text:PowerCC26XX_auxISR</name>
         <load_address>0xc8</load_address>
         <run_address>0xc8</run_address>
         <size>0x314</size>
         <input_file_ref idref="fl-16"/>
      </object_component>
      <object_component id="oc-76d">
         <name>.text:fsmActiveState</name>
         <load_address>0x3dc</load_address>
         <run_address>0x3dc</run_address>
         <size>0x310</size>
         <input_file_ref idref="fl-13"/>
      </object_component>
      <object_component id="oc-673">
         <name>.text:Power_sleep</name>
         <load_address>0x6ec</load_address>
         <run_address>0x6ec</run_address>
         <size>0x244</size>
         <input_file_ref idref="fl-15"/>
      </object_component>
      <object_component id="oc-819">
         <name>.text:NOROM_SysCtrlSetRechargeBeforePowerDown</name>
         <load_address>0x930</load_address>
         <run_address>0x930</run_address>
         <size>0x20c</size>
         <input_file_ref idref="fl-2c"/>
      </object_component>
      <object_component id="oc-64c">
         <name>.text</name>
         <load_address>0xb3c</load_address>
         <run_address>0xb3c</run_address>
         <size>0x1f4</size>
         <input_file_ref idref="fl-ee"/>
      </object_component>
      <object_component id="oc-599">
         <name>.text:fsmSetupState</name>
         <load_address>0xd30</load_address>
         <run_address>0xd30</run_address>
         <size>0x1c4</size>
         <input_file_ref idref="fl-13"/>
      </object_component>
      <object_component id="oc-198">
         <name>.text:PIN_init</name>
         <load_address>0xef4</load_address>
         <run_address>0xef4</run_address>
         <size>0x1bc</size>
         <input_file_ref idref="fl-14"/>
      </object_component>
      <object_component id="oc-1b5">
         <name>.text:RF_open</name>
         <load_address>0x10b0</load_address>
         <run_address>0x10b0</run_address>
         <size>0x1b0</size>
         <input_file_ref idref="fl-13"/>
      </object_component>
      <object_component id="oc-898">
         <name>.text:hwiFxnCpe0Active</name>
         <load_address>0x1260</load_address>
         <run_address>0x1260</run_address>
         <size>0x1b0</size>
         <input_file_ref idref="fl-13"/>
      </object_component>
      <object_component id="oc-680">
         <name>.text:PowerCC26XX_doCalibrate</name>
         <load_address>0x1410</load_address>
         <run_address>0x1410</run_address>
         <size>0x190</size>
         <input_file_ref idref="fl-16"/>
      </object_component>
      <object_component id="oc-14d">
         <name>.text:mainThread</name>
         <load_address>0x15a0</load_address>
         <run_address>0x15a0</run_address>
         <size>0x158</size>
         <input_file_ref idref="fl-4"/>
      </object_component>
      <object_component id="oc-192">
         <name>.text:Power_init</name>
         <load_address>0x16f8</load_address>
         <run_address>0x16f8</run_address>
         <size>0x12c</size>
         <input_file_ref idref="fl-15"/>
      </object_component>
      <object_component id="oc-442">
         <name>.text:PowerCC26XX_standbyPolicy</name>
         <load_address>0x1824</load_address>
         <run_address>0x1824</run_address>
         <size>0x104</size>
         <input_file_ref idref="fl-20"/>
      </object_component>
      <object_component id="oc-58d">
         <name>.text:radioOpDoneCb</name>
         <load_address>0x1928</load_address>
         <run_address>0x1928</run_address>
         <size>0x100</size>
         <input_file_ref idref="fl-13"/>
      </object_component>
      <object_component id="oc-371">
         <name>.text:RF_postCmd</name>
         <load_address>0x1a28</load_address>
         <run_address>0x1a28</run_address>
         <size>0xf8</size>
         <input_file_ref idref="fl-13"/>
      </object_component>
      <object_component id="oc-377">
         <name>.text:RF_pendCmd</name>
         <load_address>0x1b20</load_address>
         <run_address>0x1b20</run_address>
         <size>0xec</size>
         <input_file_ref idref="fl-13"/>
      </object_component>
      <object_component id="oc-337">
         <name>.text:fsmPowerUpState</name>
         <load_address>0x1c0c</load_address>
         <run_address>0x1c0c</run_address>
         <size>0xec</size>
         <input_file_ref idref="fl-13"/>
      </object_component>
      <object_component id="oc-274">
         <name>.text:PINCC26XX_setIoCfg</name>
         <load_address>0x1cf8</load_address>
         <run_address>0x1cf8</run_address>
         <size>0xdc</size>
         <input_file_ref idref="fl-14"/>
      </object_component>
      <object_component id="oc-292">
         <name>.text:SwiP_construct</name>
         <load_address>0x1dd4</load_address>
         <run_address>0x1dd4</run_address>
         <size>0xd8</size>
         <input_file_ref idref="fl-1c"/>
      </object_component>
      <object_component id="oc-2d3">
         <name>.text:scifInit</name>
         <load_address>0x1eac</load_address>
         <run_address>0x1eac</run_address>
         <size>0xc8</size>
         <input_file_ref idref="fl-7"/>
      </object_component>
      <object_component id="oc-827">
         <name>.text:Power_releaseDependency</name>
         <load_address>0x1f74</load_address>
         <run_address>0x1f74</run_address>
         <size>0xbc</size>
         <input_file_ref idref="fl-15"/>
      </object_component>
      <object_component id="oc-268">
         <name>.text:Power_setDependency</name>
         <load_address>0x2030</load_address>
         <run_address>0x2030</run_address>
         <size>0xb4</size>
         <input_file_ref idref="fl-15"/>
      </object_component>
      <object_component id="oc-5bd">
         <name>.text:TimerP_construct</name>
         <load_address>0x20e4</load_address>
         <run_address>0x20e4</run_address>
         <size>0xb0</size>
         <input_file_ref idref="fl-1e"/>
      </object_component>
      <object_component id="oc-75">
         <name>.text:NOROM_SetupTrimDevice</name>
         <load_address>0x2194</load_address>
         <run_address>0x2194</run_address>
         <size>0xac</size>
         <input_file_ref idref="fl-2b"/>
      </object_component>
      <object_component id="oc-1af">
         <name>.text:hx711Start</name>
         <load_address>0x2240</load_address>
         <run_address>0x2240</run_address>
         <size>0xac</size>
         <input_file_ref idref="fl-3"/>
      </object_component>
      <object_component id="oc-5cf">
         <name>.text:ClockP_workFuncDynamic</name>
         <load_address>0x22ec</load_address>
         <run_address>0x22ec</run_address>
         <size>0xa8</size>
         <input_file_ref idref="fl-1d"/>
      </object_component>
      <object_component id="oc-325">
         <name>.text:swiFxnHw</name>
         <load_address>0x2394</load_address>
         <run_address>0x2394</run_address>
         <size>0xa8</size>
         <input_file_ref idref="fl-13"/>
      </object_component>
      <object_component id="oc-246">
         <name>.text:switchXOSCHFclockFunc</name>
         <load_address>0x243c</load_address>
         <run_address>0x243c</run_address>
         <size>0xa4</size>
         <input_file_ref idref="fl-15"/>
      </object_component>
      <object_component id="oc-6de">
         <name>.text:SwiP_dispatch</name>
         <load_address>0x24e0</load_address>
         <run_address>0x24e0</run_address>
         <size>0xa0</size>
         <input_file_ref idref="fl-1c"/>
      </object_component>
      <object_component id="oc-35c">
         <name>.text:ClockP_startup</name>
         <load_address>0x2580</load_address>
         <run_address>0x2580</run_address>
         <size>0x9c</size>
         <input_file_ref idref="fl-1d"/>
      </object_component>
      <object_component id="oc-57">
         <name>.text</name>
         <load_address>0x261c</load_address>
         <run_address>0x261c</run_address>
         <size>0x9c</size>
         <input_file_ref idref="fl-e8"/>
      </object_component>
      <object_component id="oc-5dd">
         <name>.text:SemaphoreP_pend</name>
         <load_address>0x26b8</load_address>
         <run_address>0x26b8</run_address>
         <size>0x98</size>
         <input_file_ref idref="fl-1b"/>
      </object_component>
      <object_component id="oc-529">
         <name>.text:scifCtrlTasksNbl</name>
         <load_address>0x2750</load_address>
         <run_address>0x2750</run_address>
         <size>0x98</size>
         <input_file_ref idref="fl-7"/>
      </object_component>
      <object_component id="oc-b4">
         <name>.text:TrimAfterColdResetWakeupFromShutDown</name>
         <load_address>0x27e8</load_address>
         <run_address>0x27e8</run_address>
         <size>0x8c</size>
         <input_file_ref idref="fl-2b"/>
      </object_component>
      <object_component id="oc-572">
         <name>.text:ratFreeChannel</name>
         <load_address>0x2874</load_address>
         <run_address>0x2874</run_address>
         <size>0x8c</size>
         <input_file_ref idref="fl-13"/>
      </object_component>
      <object_component id="oc-237">
         <name>.text:ClockP_start</name>
         <load_address>0x2900</load_address>
         <run_address>0x2900</run_address>
         <size>0x80</size>
         <input_file_ref idref="fl-1d"/>
      </object_component>
      <object_component id="oc-32b">
         <name>.text:hwiFxnHw</name>
         <load_address>0x2980</load_address>
         <run_address>0x2980</run_address>
         <size>0x7c</size>
         <input_file_ref idref="fl-13"/>
      </object_component>
      <object_component id="oc-5ae">
         <name>.text:rfReleaseConstraint</name>
         <load_address>0x29fc</load_address>
         <run_address>0x29fc</run_address>
         <size>0x7c</size>
         <input_file_ref idref="fl-13"/>
      </object_component>
      <object_component id="oc-63">
         <name>.text</name>
         <load_address>0x2a78</load_address>
         <run_address>0x2a78</run_address>
         <size>0x7a</size>
         <input_file_ref idref="fl-ea"/>
      </object_component>
      <object_component id="oc-74f">
         <name>.text:NOROM_RFCAdi3VcoLdoVoltageMode</name>
         <load_address>0x2af2</load_address>
         <run_address>0x2af2</run_address>
         <size>0x2</size>
         <input_file_ref idref="fl-2a"/>
      </object_component>
      <object_component id="oc-79f">
         <name>.text:ClockP_walkQueueDynamic</name>
         <load_address>0x2af4</load_address>
         <run_address>0x2af4</run_address>
         <size>0x74</size>
         <input_file_ref idref="fl-1d"/>
      </object_component>
      <object_component id="oc-2fb">
         <name>.text:NOROM_RFCOverrideUpdate</name>
         <load_address>0x2b68</load_address>
         <run_address>0x2b68</run_address>
         <size>0x74</size>
         <input_file_ref idref="fl-2a"/>
      </object_component>
      <object_component id="oc-396">
         <name>.text:rf_patch_rfe_ble</name>
         <load_address>0x2bdc</load_address>
         <run_address>0x2bdc</run_address>
         <size>0x74</size>
         <input_file_ref idref="fl-a"/>
      </object_component>
      <object_component id="oc-286">
         <name>.text:HwiP_construct</name>
         <load_address>0x2c50</load_address>
         <run_address>0x2c50</run_address>
         <size>0x70</size>
         <input_file_ref idref="fl-1f"/>
      </object_component>
      <object_component id="oc-81f">
         <name>.text:NOROM_SysCtrlAdjustRechargeAfterPowerDown</name>
         <load_address>0x2cc0</load_address>
         <run_address>0x2cc0</run_address>
         <size>0x70</size>
         <input_file_ref idref="fl-2c"/>
      </object_component>
      <object_component id="oc-8ac">
         <name>.text:TimerP_start</name>
         <load_address>0x2d30</load_address>
         <run_address>0x2d30</run_address>
         <size>0x70</size>
         <input_file_ref idref="fl-1e"/>
      </object_component>
      <object_component id="oc-24c">
         <name>.text:lfClockReadyCallback</name>
         <load_address>0x2da0</load_address>
         <run_address>0x2da0</run_address>
         <size>0x70</size>
         <input_file_ref idref="fl-15"/>
      </object_component>
      <object_component id="oc-c7">
         <name>.text</name>
         <load_address>0x2e10</load_address>
         <run_address>0x2e10</run_address>
         <size>0x70</size>
         <input_file_ref idref="fl-f1"/>
      </object_component>
      <object_component id="oc-45d">
         <name>.text:NOROM_OSCHF_AttemptToSwitchToXosc</name>
         <load_address>0x2e80</load_address>
         <run_address>0x2e80</run_address>
         <size>0x6c</size>
         <input_file_ref idref="fl-29"/>
      </object_component>
      <object_component id="oc-686">
         <name>.text:PowerCC26XX_initiateCalibration</name>
         <load_address>0x2eec</load_address>
         <run_address>0x2eec</run_address>
         <size>0x6c</size>
         <input_file_ref idref="fl-16"/>
      </object_component>
      <object_component id="oc-3f8">
         <name>.text:configureXOSCHF</name>
         <load_address>0x2f58</load_address>
         <run_address>0x2f58</run_address>
         <size>0x6c</size>
         <input_file_ref idref="fl-15"/>
      </object_component>
      <object_component id="oc-77c">
         <name>.text:ratDispatchTime</name>
         <load_address>0x2fc4</load_address>
         <run_address>0x2fc4</run_address>
         <size>0x6c</size>
         <input_file_ref idref="fl-13"/>
      </object_component>
      <object_component id="oc-661">
         <name>.text:NOROM_SysCtrl_DCDC_VoltageConditionalControl</name>
         <load_address>0x3030</load_address>
         <run_address>0x3030</run_address>
         <size>0x68</size>
         <input_file_ref idref="fl-2c"/>
      </object_component>
      <object_component id="oc-6e5">
         <name>.text:SwiP_post</name>
         <load_address>0x3098</load_address>
         <run_address>0x3098</run_address>
         <size>0x68</size>
         <input_file_ref idref="fl-1c"/>
      </object_component>
      <object_component id="oc-18">
         <name>.text:decompress:lzss</name>
         <load_address>0x3100</load_address>
         <run_address>0x3100</run_address>
         <size>0x68</size>
         <input_file_ref idref="fl-e3"/>
      </object_component>
      <object_component id="oc-1c1">
         <name>.text:ClockP_usleep</name>
         <load_address>0x3168</load_address>
         <run_address>0x3168</run_address>
         <size>0x60</size>
         <input_file_ref idref="fl-1d"/>
      </object_component>
      <object_component id="oc-773">
         <name>.text:fsmXOSCState</name>
         <load_address>0x31c8</load_address>
         <run_address>0x31c8</run_address>
         <size>0x60</size>
         <input_file_ref idref="fl-13"/>
      </object_component>
      <object_component id="oc-68c">
         <name>.text:PowerCC26XX_RCOSC_clockFunc</name>
         <load_address>0x3228</load_address>
         <run_address>0x3228</run_address>
         <size>0x5c</size>
         <input_file_ref idref="fl-16"/>
      </object_component>
      <object_component id="oc-448">
         <name>.text:PowerCC26XX_calibrate</name>
         <load_address>0x3284</load_address>
         <run_address>0x3284</run_address>
         <size>0x5c</size>
         <input_file_ref idref="fl-15"/>
      </object_component>
      <object_component id="oc-37d">
         <name>.text:syncCb</name>
         <load_address>0x32e0</load_address>
         <run_address>0x32e0</run_address>
         <size>0x5a</size>
         <input_file_ref idref="fl-13"/>
      </object_component>
      <object_component id="oc-5e3">
         <name>.text:SemaphoreP_destruct</name>
         <load_address>0x333a</load_address>
         <run_address>0x333a</run_address>
         <size>0x2</size>
         <input_file_ref idref="fl-1b"/>
      </object_component>
      <object_component id="oc-908">
         <name>.text:RF_getCurrentTime</name>
         <load_address>0x333c</load_address>
         <run_address>0x333c</run_address>
         <size>0x58</size>
         <input_file_ref idref="fl-13"/>
      </object_component>
      <object_component id="oc-5f7">
         <name>.text:dispatchNextEvent</name>
         <load_address>0x3394</load_address>
         <run_address>0x3394</run_address>
         <size>0x58</size>
         <input_file_ref idref="fl-13"/>
      </object_component>
      <object_component id="oc-71d">
         <name>.text:scifInitIo</name>
         <load_address>0x33ec</load_address>
         <run_address>0x33ec</run_address>
         <size>0x58</size>
         <input_file_ref idref="fl-7"/>
      </object_component>
      <object_component id="oc-8cd">
         <name>.text:cmdDispatchTime</name>
         <load_address>0x3444</load_address>
         <run_address>0x3444</run_address>
         <size>0x54</size>
         <input_file_ref idref="fl-13"/>
      </object_component>
      <object_component id="oc-d3">
         <name>.text</name>
         <load_address>0x3498</load_address>
         <run_address>0x3498</run_address>
         <size>0x54</size>
         <input_file_ref idref="fl-e6"/>
      </object_component>
      <object_component id="oc-47a">
         <name>.text:SemaphoreP_construct</name>
         <load_address>0x34ec</load_address>
         <run_address>0x34ec</run_address>
         <size>0x50</size>
         <input_file_ref idref="fl-1b"/>
      </object_component>
      <object_component id="oc-8d4">
         <name>.text:NOROM_IntPendSet</name>
         <load_address>0x353c</load_address>
         <run_address>0x353c</run_address>
         <size>0x4c</size>
         <input_file_ref idref="fl-27"/>
      </object_component>
      <object_component id="oc-33d">
         <name>.text:RF_wakeupNotifyFxn</name>
         <load_address>0x3588</load_address>
         <run_address>0x3588</run_address>
         <size>0x4c</size>
         <input_file_ref idref="fl-13"/>
      </object_component>
      <object_component id="oc-fd">
         <name>.text</name>
         <load_address>0x35d4</load_address>
         <run_address>0x35d4</run_address>
         <size>0x4c</size>
         <input_file_ref idref="fl-f2"/>
      </object_component>
      <object_component id="oc-21f">
         <name>.text:ClockP_construct</name>
         <load_address>0x3620</load_address>
         <run_address>0x3620</run_address>
         <size>0x48</size>
         <input_file_ref idref="fl-1d"/>
      </object_component>
      <object_component id="oc-5f1">
         <name>.text:Q_push</name>
         <load_address>0x3668</load_address>
         <run_address>0x3668</run_address>
         <size>0x48</size>
         <input_file_ref idref="fl-13"/>
      </object_component>
      <object_component id="oc-63b">
         <name>.text:NOROM_OSCHF_SwitchToRcOscTurnOffXosc</name>
         <load_address>0x36b0</load_address>
         <run_address>0x36b0</run_address>
         <size>0x44</size>
         <input_file_ref idref="fl-29"/>
      </object_component>
      <object_component id="oc-60a">
         <name>.text:SwiP_restore</name>
         <load_address>0x36f4</load_address>
         <run_address>0x36f4</run_address>
         <size>0x44</size>
         <input_file_ref idref="fl-1c"/>
      </object_component>
      <object_component id="oc-451">
         <name>.text:notify</name>
         <load_address>0x3738</load_address>
         <run_address>0x3738</run_address>
         <size>0x44</size>
         <input_file_ref idref="fl-15"/>
      </object_component>
      <object_component id="oc-2a4">
         <name>.text:PIN_swi</name>
         <load_address>0x377c</load_address>
         <run_address>0x377c</run_address>
         <size>0x40</size>
         <input_file_ref idref="fl-14"/>
      </object_component>
      <object_component id="oc-761">
         <name>.text:PowerCC26XX_isStableXOSC_HF</name>
         <load_address>0x37bc</load_address>
         <run_address>0x37bc</run_address>
         <size>0x40</size>
         <input_file_ref idref="fl-15"/>
      </object_component>
      <object_component id="oc-7b">
         <name>.text</name>
         <load_address>0x37fc</load_address>
         <run_address>0x37fc</run_address>
         <size>0x40</size>
         <input_file_ref idref="fl-e2"/>
      </object_component>
      <object_component id="oc-830">
         <name>.text:NOROM_OSC_HPOSCRelativeFrequencyOffsetGet</name>
         <load_address>0x383c</load_address>
         <run_address>0x383c</run_address>
         <size>0x3c</size>
         <input_file_ref idref="fl-29"/>
      </object_component>
      <object_component id="oc-892">
         <name>.text:NOROM_RFCSynthPowerDown</name>
         <load_address>0x3878</load_address>
         <run_address>0x3878</run_address>
         <size>0x3c</size>
         <input_file_ref idref="fl-2a"/>
      </object_component>
      <object_component id="oc-7fd">
         <name>.text:TimerP_setThreshold</name>
         <load_address>0x38b4</load_address>
         <run_address>0x38b4</run_address>
         <size>0x3c</size>
         <input_file_ref idref="fl-1e"/>
      </object_component>
      <object_component id="oc-22b">
         <name>.text:disableLfClkQualifiersEnableClkLoss</name>
         <load_address>0x38f0</load_address>
         <run_address>0x38f0</run_address>
         <size>0x3c</size>
         <input_file_ref idref="fl-15"/>
      </object_component>
      <object_component id="oc-611">
         <name>.text:SemaphoreP_post</name>
         <load_address>0x392c</load_address>
         <run_address>0x392c</run_address>
         <size>0x38</size>
         <input_file_ref idref="fl-1b"/>
      </object_component>
      <object_component id="oc-7c3">
         <name>.text:calculateDispatchTime</name>
         <load_address>0x3964</load_address>
         <run_address>0x3964</run_address>
         <size>0x36</size>
         <input_file_ref idref="fl-13"/>
      </object_component>
      <object_component id="oc-7b9">
         <name>.text:clkFxn</name>
         <load_address>0x399a</load_address>
         <run_address>0x399a</run_address>
         <size>0x2</size>
         <input_file_ref idref="fl-1b"/>
      </object_component>
      <object_component id="oc-667">
         <name>.text:ClockP_getTicksUntilInterrupt</name>
         <load_address>0x399c</load_address>
         <run_address>0x399c</run_address>
         <size>0x34</size>
         <input_file_ref idref="fl-1d"/>
      </object_component>
      <object_component id="oc-486">
         <name>.text:NOROM_IntRegister</name>
         <load_address>0x39d0</load_address>
         <run_address>0x39d0</run_address>
         <size>0x34</size>
         <input_file_ref idref="fl-27"/>
      </object_component>
      <object_component id="oc-464">
         <name>.text:Power_releaseConstraint</name>
         <load_address>0x3a04</load_address>
         <run_address>0x3a04</run_address>
         <size>0x34</size>
         <input_file_ref idref="fl-15"/>
      </object_component>
      <object_component id="oc-78a">
         <name>.text:TimerP_initDevice</name>
         <load_address>0x3a38</load_address>
         <run_address>0x3a38</run_address>
         <size>0x34</size>
         <input_file_ref idref="fl-1e"/>
      </object_component>
      <object_component id="oc-537">
         <name>.text:scifAckAlertEvents</name>
         <load_address>0x3a6c</load_address>
         <run_address>0x3a6c</run_address>
         <size>0x34</size>
         <input_file_ref idref="fl-7"/>
      </object_component>
      <object_component id="oc-879">
         <name>.text:scifReinitIo</name>
         <load_address>0x3aa0</load_address>
         <run_address>0x3aa0</run_address>
         <size>0x34</size>
         <input_file_ref idref="fl-7"/>
      </object_component>
      <object_component id="oc-724">
         <name>.text:scifUninitIo</name>
         <load_address>0x3ad4</load_address>
         <run_address>0x3ad4</run_address>
         <size>0x34</size>
         <input_file_ref idref="fl-7"/>
      </object_component>
      <object_component id="oc-659">
         <name>.text:TimerP_setNextTick</name>
         <load_address>0x3b08</load_address>
         <run_address>0x3b08</run_address>
         <size>0x32</size>
         <input_file_ref idref="fl-1e"/>
      </object_component>
      <object_component id="oc-2eb">
         <name>.text:ctrlReadyCallback</name>
         <load_address>0x3b3a</load_address>
         <run_address>0x3b3a</run_address>
         <size>0x2</size>
         <input_file_ref idref="fl-3"/>
      </object_component>
      <object_component id="oc-225">
         <name>.text:Power_setConstraint</name>
         <load_address>0x3b3c</load_address>
         <run_address>0x3b3c</run_address>
         <size>0x30</size>
         <input_file_ref idref="fl-15"/>
      </object_component>
      <object_component id="oc-1c7">
         <name>.text:RF_runCmd</name>
         <load_address>0x3b6c</load_address>
         <run_address>0x3b6c</run_address>
         <size>0x30</size>
         <input_file_ref idref="fl-13"/>
      </object_component>
      <object_component id="oc-42f">
         <name>.text:TimerP_getCurrentTick</name>
         <load_address>0x3b9c</load_address>
         <run_address>0x3b9c</run_address>
         <size>0x30</size>
         <input_file_ref idref="fl-1e"/>
      </object_component>
      <object_component id="oc-604">
         <name>.text:getCmd</name>
         <load_address>0x3bcc</load_address>
         <run_address>0x3bcc</run_address>
         <size>0x30</size>
         <input_file_ref idref="fl-13"/>
      </object_component>
      <object_component id="oc-708">
         <name>.text:osalLockCtrlTaskNbl</name>
         <load_address>0x3bfc</load_address>
         <run_address>0x3bfc</run_address>
         <size>0x30</size>
         <input_file_ref idref="fl-7"/>
      </object_component>
      <object_component id="oc-547">
         <name>.text:scifTaskResourceInit</name>
         <load_address>0x3c2c</load_address>
         <run_address>0x3c2c</run_address>
         <size>0x30</size>
         <input_file_ref idref="fl-8"/>
      </object_component>
      <object_component id="oc-f2">
         <name>.text:NOROM_ChipInfo_GetChipFamily</name>
         <load_address>0x3c5c</load_address>
         <run_address>0x3c5c</run_address>
         <size>0x2c</size>
         <input_file_ref idref="fl-24"/>
      </object_component>
      <object_component id="oc-8a0">
         <name>.text:calculateDeltaTimeUs</name>
         <load_address>0x3c88</load_address>
         <run_address>0x3c88</run_address>
         <size>0x2c</size>
         <input_file_ref idref="fl-13"/>
      </object_component>
      <object_component id="oc-901">
         <name>.text:executeDirectImmediateCmd</name>
         <load_address>0x3cb4</load_address>
         <run_address>0x3cb4</run_address>
         <size>0x2c</size>
         <input_file_ref idref="fl-13"/>
      </object_component>
      <object_component id="oc-2df">
         <name>.text:scifHx711StartRtcTicksNow</name>
         <load_address>0x3ce0</load_address>
         <run_address>0x3ce0</run_address>
         <size>0x2c</size>
         <input_file_ref idref="fl-8"/>
      </object_component>
      <object_component id="oc-256">
         <name>.text:NOROM_ChipInfo_GetChipType</name>
         <load_address>0x3d0c</load_address>
         <run_address>0x3d0c</run_address>
         <size>0x28</size>
         <input_file_ref idref="fl-24"/>
      </object_component>
      <object_component id="oc-13b">
         <name>.text:NoRTOS_setConfig</name>
         <load_address>0x3d34</load_address>
         <run_address>0x3d34</run_address>
         <size>0x28</size>
         <input_file_ref idref="fl-1a"/>
      </object_component>
      <object_component id="oc-30d">
         <name>.text:Power_registerNotify</name>
         <load_address>0x3d5c</load_address>
         <run_address>0x3d5c</run_address>
         <size>0x28</size>
         <input_file_ref idref="fl-15"/>
      </object_component>
      <object_component id="oc-6ad">
         <name>.text:SafeHapiVoid</name>
         <load_address>0x3d84</load_address>
         <run_address>0x3d84</run_address>
         <size>0x28</size>
         <input_file_ref idref="fl-23"/>
      </object_component>
      <object_component id="oc-618">
         <name>.text:applyBlePatch</name>
         <load_address>0x3dac</load_address>
         <run_address>0x3dac</run_address>
         <size>0x28</size>
         <input_file_ref idref="fl-a"/>
      </object_component>
      <object_component id="oc-10b">
         <name>.text:main</name>
         <load_address>0x3dd4</load_address>
         <run_address>0x3dd4</run_address>
         <size>0x28</size>
         <input_file_ref idref="fl-6"/>
      </object_component>
      <object_component id="oc-43b">
         <name>.text:ClockP_getTicks</name>
         <load_address>0x3dfc</load_address>
         <run_address>0x3dfc</run_address>
         <size>0x24</size>
         <input_file_ref idref="fl-1d"/>
      </object_component>
      <object_component id="oc-435">
         <name>.text:ClockP_scheduleNextTick</name>
         <load_address>0x3e20</load_address>
         <run_address>0x3e20</run_address>
         <size>0x24</size>
         <input_file_ref idref="fl-1d"/>
      </object_component>
      <object_component id="oc-492">
         <name>.text:HwiP_dispatch</name>
         <load_address>0x3e44</load_address>
         <run_address>0x3e44</run_address>
         <size>0x24</size>
         <input_file_ref idref="fl-1f"/>
      </object_component>
      <object_component id="oc-88c">
         <name>.text:HwiP_setFunc</name>
         <load_address>0x3e68</load_address>
         <run_address>0x3e68</run_address>
         <size>0x24</size>
         <input_file_ref idref="fl-1f"/>
      </object_component>
      <object_component id="oc-48c">
         <name>.text:NOROM_IntPrioritySet</name>
         <load_address>0x3e8c</load_address>
         <run_address>0x3e8c</run_address>
         <size>0x24</size>
         <input_file_ref idref="fl-27"/>
      </object_component>
      <object_component id="oc-635">
         <name>.text:NOROM_OSCHF_TurnOnXosc</name>
         <load_address>0x3eb0</load_address>
         <run_address>0x3eb0</run_address>
         <size>0x24</size>
         <input_file_ref idref="fl-29"/>
      </object_component>
      <object_component id="oc-749">
         <name>.text:NOROM_RFCDoorbellSendTo</name>
         <load_address>0x3ed4</load_address>
         <run_address>0x3ed4</run_address>
         <size>0x24</size>
         <input_file_ref idref="fl-2a"/>
      </object_component>
      <object_component id="oc-5c3">
         <name>.text:TimerP_getMaxTicks</name>
         <load_address>0x3ef8</load_address>
         <run_address>0x3ef8</run_address>
         <size>0x24</size>
         <input_file_ref idref="fl-1e"/>
      </object_component>
      <object_component id="oc-31f">
         <name>.text:hwiFxnCpe0PowerFsm</name>
         <load_address>0x3f1c</load_address>
         <run_address>0x3f1c</run_address>
         <size>0x24</size>
         <input_file_ref idref="fl-13"/>
      </object_component>
      <object_component id="oc-521">
         <name>.text:scifHx711StartRtcTicks</name>
         <load_address>0x3f40</load_address>
         <run_address>0x3f40</run_address>
         <size>0x24</size>
         <input_file_ref idref="fl-8"/>
      </object_component>
      <object_component id="oc-368">
         <name>.text:sleepTicks</name>
         <load_address>0x3f64</load_address>
         <run_address>0x3f64</run_address>
         <size>0x24</size>
         <input_file_ref idref="fl-1d"/>
      </object_component>
      <object_component id="oc-559">
         <name>.text:List_put</name>
         <load_address>0x3f88</load_address>
         <run_address>0x3f88</run_address>
         <size>0x22</size>
         <input_file_ref idref="fl-18"/>
      </object_component>
      <object_component id="oc-54d">
         <name>.text:scifTaskResourceUninit</name>
         <load_address>0x3faa</load_address>
         <run_address>0x3faa</run_address>
         <size>0x22</size>
         <input_file_ref idref="fl-8"/>
      </object_component>
      <object_component id="oc-7a7">
         <name>.text:ClockP_add</name>
         <load_address>0x3fcc</load_address>
         <run_address>0x3fcc</run_address>
         <size>0x20</size>
         <input_file_ref idref="fl-1d"/>
      </object_component>
      <object_component id="oc-755">
         <name>.text:NOROM_RFCRfTrimRead</name>
         <load_address>0x3fec</load_address>
         <run_address>0x3fec</run_address>
         <size>0x20</size>
         <input_file_ref idref="fl-2a"/>
      </object_component>
      <object_component id="oc-135">
         <name>.text:NoRTOS_getConfig</name>
         <load_address>0x400c</load_address>
         <run_address>0x400c</run_address>
         <size>0x20</size>
         <input_file_ref idref="fl-1a"/>
      </object_component>
      <object_component id="oc-66d">
         <name>.text:Power_getTransitionLatency</name>
         <load_address>0x402c</load_address>
         <run_address>0x402c</run_address>
         <size>0x1e</size>
         <input_file_ref idref="fl-15"/>
      </object_component>
      <object_component id="oc-26e">
         <name>.text:SemaphoreP_constructBinary</name>
         <load_address>0x404a</load_address>
         <run_address>0x404a</run_address>
         <size>0x1e</size>
         <input_file_ref idref="fl-1b"/>
      </object_component>
      <object_component id="oc-27a">
         <name>.text:PINCC26XX_setIoCfgMux</name>
         <load_address>0x4068</load_address>
         <run_address>0x4068</run_address>
         <size>0x1c</size>
         <input_file_ref idref="fl-14"/>
      </object_component>
      <object_component id="oc-29e">
         <name>.text:PIN_hwi</name>
         <load_address>0x4084</load_address>
         <run_address>0x4084</run_address>
         <size>0x1c</size>
         <input_file_ref idref="fl-14"/>
      </object_component>
      <object_component id="oc-424">
         <name>.text:QueueP_put</name>
         <load_address>0x40a0</load_address>
         <run_address>0x40a0</run_address>
         <size>0x1c</size>
         <input_file_ref idref="fl-22"/>
      </object_component>
      <object_component id="oc-5fe">
         <name>.text:SwiP_disable</name>
         <load_address>0x40bc</load_address>
         <run_address>0x40bc</run_address>
         <size>0x1c</size>
         <input_file_ref idref="fl-1c"/>
      </object_component>
      <object_component id="oc-4b9">
         <name>.text:SwiP_or</name>
         <load_address>0x40d8</load_address>
         <run_address>0x40d8</run_address>
         <size>0x1c</size>
         <input_file_ref idref="fl-1c"/>
      </object_component>
      <object_component id="oc-796">
         <name>.text:TimerP_dynamicStub</name>
         <load_address>0x40f4</load_address>
         <run_address>0x40f4</run_address>
         <size>0x1c</size>
         <input_file_ref idref="fl-1e"/>
      </object_component>
      <object_component id="oc-56c">
         <name>.text:ratGetChannel</name>
         <load_address>0x4110</load_address>
         <run_address>0x4110</run_address>
         <size>0x1c</size>
         <input_file_ref idref="fl-13"/>
      </object_component>
      <object_component id="oc-8fb">
         <name>.text:rfSetConstraint</name>
         <load_address>0x412c</load_address>
         <run_address>0x412c</run_address>
         <size>0x1c</size>
         <input_file_ref idref="fl-13"/>
      </object_component>
      <object_component id="oc-84f">
         <name>.text:QueueP_get</name>
         <load_address>0x4148</load_address>
         <run_address>0x4148</run_address>
         <size>0x1a</size>
         <input_file_ref idref="fl-22"/>
      </object_component>
      <object_component id="oc-343">
         <name>.text:defaultCallback</name>
         <load_address>0x4162</load_address>
         <run_address>0x4162</run_address>
         <size>0x2</size>
         <input_file_ref idref="fl-13"/>
      </object_component>
      <object_component id="oc-141">
         <name>.text:CC2640R2_RSM_initGeneral</name>
         <load_address>0x4164</load_address>
         <run_address>0x4164</run_address>
         <size>0x18</size>
         <input_file_ref idref="fl-2"/>
      </object_component>
      <object_component id="oc-7b3">
         <name>.text:ClockP_destruct</name>
         <load_address>0x417c</load_address>
         <run_address>0x417c</run_address>
         <size>0x18</size>
         <input_file_ref idref="fl-1d"/>
      </object_component>
      <object_component id="oc-5a6">
         <name>.text:ClockP_getTimeout</name>
         <load_address>0x4194</load_address>
         <run_address>0x4194</run_address>
         <size>0x18</size>
         <input_file_ref idref="fl-1d"/>
      </object_component>
      <object_component id="oc-7d3">
         <name>.text:HwiP_inISR</name>
         <load_address>0x41ac</load_address>
         <run_address>0x41ac</run_address>
         <size>0x18</size>
         <input_file_ref idref="fl-1f"/>
      </object_component>
      <object_component id="oc-25c">
         <name>.text:NOROM_ChipInfo_GetPackageType</name>
         <load_address>0x41c4</load_address>
         <run_address>0x41c4</run_address>
         <size>0x18</size>
         <input_file_ref idref="fl-24"/>
      </object_component>
      <object_component id="oc-2d9">
         <name>.text:NOROM_IOCIODrvStrengthSet</name>
         <load_address>0x41dc</load_address>
         <run_address>0x41dc</run_address>
         <size>0x18</size>
         <input_file_ref idref="fl-28"/>
      </object_component>
      <object_component id="oc-565">
         <name>.text:NOROM_RFCCpeIntGetAndClear</name>
         <load_address>0x41f4</load_address>
         <run_address>0x41f4</run_address>
         <size>0x18</size>
         <input_file_ref idref="fl-2a"/>
      </object_component>
      <object_component id="oc-579">
         <name>.text:NOROM_RFCHWIntGetAndClear</name>
         <load_address>0x420c</load_address>
         <run_address>0x420c</run_address>
         <size>0x18</size>
         <input_file_ref idref="fl-2a"/>
      </object_component>
      <object_component id="oc-153">
         <name>.text:Power_idleFunc</name>
         <load_address>0x4224</load_address>
         <run_address>0x4224</run_address>
         <size>0x18</size>
         <input_file_ref idref="fl-15"/>
      </object_component>
      <object_component id="oc-73b">
         <name>.text:Q_pop</name>
         <load_address>0x423c</load_address>
         <run_address>0x423c</run_address>
         <size>0x18</size>
         <input_file_ref idref="fl-13"/>
      </object_component>
      <object_component id="oc-3f2">
         <name>.text:configureRFCoreClocks</name>
         <load_address>0x4254</load_address>
         <run_address>0x4254</run_address>
         <size>0x18</size>
         <input_file_ref idref="fl-15"/>
      </object_component>
      <object_component id="oc-cd">
         <name>.text</name>
         <load_address>0x426c</load_address>
         <run_address>0x426c</run_address>
         <size>0x18</size>
         <input_file_ref idref="fl-f0"/>
      </object_component>
      <object_component id="oc-651">
         <name>.text</name>
         <load_address>0x4284</load_address>
         <run_address>0x4284</run_address>
         <size>0x18</size>
         <input_file_ref idref="fl-e7"/>
      </object_component>
      <object_component id="oc-319">
         <name>.text:swiFxnFsm</name>
         <load_address>0x429c</load_address>
         <run_address>0x429c</run_address>
         <size>0x18</size>
         <input_file_ref idref="fl-13"/>
      </object_component>
      <object_component id="oc-2f1">
         <name>.text:taskAlertCallback</name>
         <load_address>0x42b4</load_address>
         <run_address>0x42b4</run_address>
         <size>0x18</size>
         <input_file_ref idref="fl-3"/>
      </object_component>
      <object_component id="oc-7d9">
         <name>.text:Power_disablePolicy</name>
         <load_address>0x42cc</load_address>
         <run_address>0x42cc</run_address>
         <size>0x14</size>
         <input_file_ref idref="fl-15"/>
      </object_component>
      <object_component id="oc-1a9">
         <name>.text:RF_Params_init</name>
         <load_address>0x42e0</load_address>
         <run_address>0x42e0</run_address>
         <size>0x14</size>
         <input_file_ref idref="fl-13"/>
      </object_component>
      <object_component id="oc-4ae">
         <name>.text:SwiP_handleHwi</name>
         <load_address>0x42f4</load_address>
         <run_address>0x42f4</run_address>
         <size>0x14</size>
         <input_file_ref idref="fl-1c"/>
      </object_component>
      <object_component id="oc-790">
         <name>.text:TimerP_startup</name>
         <load_address>0x4308</load_address>
         <run_address>0x4308</run_address>
         <size>0x14</size>
         <input_file_ref idref="fl-1e"/>
      </object_component>
      <object_component id="oc-731">
         <name>.text:ratConfigureChannel</name>
         <load_address>0x431c</load_address>
         <run_address>0x431c</run_address>
         <size>0x14</size>
         <input_file_ref idref="fl-13"/>
      </object_component>
      <object_component id="oc-2a">
         <name>.text:resetISR</name>
         <load_address>0x4330</load_address>
         <run_address>0x4330</run_address>
         <size>0x14</size>
         <input_file_ref idref="fl-21"/>
      </object_component>
      <object_component id="oc-168">
         <name>.text</name>
         <load_address>0x4344</load_address>
         <run_address>0x4344</run_address>
         <size>0x14</size>
         <input_file_ref idref="fl-ef"/>
      </object_component>
      <object_component id="oc-531">
         <name>.text:scifClearAlertIntSource</name>
         <load_address>0x4358</load_address>
         <run_address>0x4358</run_address>
         <size>0x14</size>
         <input_file_ref idref="fl-7"/>
      </object_component>
      <object_component id="oc-280">
         <name>.text:HwiP_Params_init</name>
         <load_address>0x436c</load_address>
         <run_address>0x436c</run_address>
         <size>0x12</size>
         <input_file_ref idref="fl-1f"/>
      </object_component>
      <object_component id="oc-240">
         <name>.text:emptyClockFunc</name>
         <load_address>0x437e</load_address>
         <run_address>0x437e</run_address>
         <size>0x2</size>
         <input_file_ref idref="fl-15"/>
      </object_component>
      <object_component id="oc-219">
         <name>.text:ClockP_Params_init</name>
         <load_address>0x4380</load_address>
         <run_address>0x4380</run_address>
         <size>0x10</size>
         <input_file_ref idref="fl-1d"/>
      </object_component>
      <object_component id="oc-18b">
         <name>.text:HwiP_disable</name>
         <load_address>0x4390</load_address>
         <run_address>0x4390</run_address>
         <size>0x10</size>
         <input_file_ref idref="fl-1f"/>
      </object_component>
      <object_component id="oc-587">
         <name>.text:HwiP_enableInterrupt</name>
         <load_address>0x43a0</load_address>
         <run_address>0x43a0</run_address>
         <size>0x10</size>
         <input_file_ref idref="fl-1f"/>
      </object_component>
      <object_component id="oc-75b">
         <name>.text:NOROM_RFCRfTrimSet</name>
         <load_address>0x43b0</load_address>
         <run_address>0x43b0</run_address>
         <size>0x10</size>
         <input_file_ref idref="fl-2a"/>
      </object_component>
      <object_component id="oc-262">
         <name>.text:PINCC26XX_getPinCount</name>
         <load_address>0x43c0</load_address>
         <run_address>0x43c0</run_address>
         <size>0x10</size>
         <input_file_ref idref="fl-14"/>
      </object_component>
      <object_component id="oc-807">
         <name>.text:PowerCC26XX_schedulerDisable</name>
         <load_address>0x43d0</load_address>
         <run_address>0x43d0</run_address>
         <size>0x10</size>
         <input_file_ref idref="fl-20"/>
      </object_component>
      <object_component id="oc-7ad">
         <name>.text:Power_enablePolicy</name>
         <load_address>0x43e0</load_address>
         <run_address>0x43e0</run_address>
         <size>0x10</size>
         <input_file_ref idref="fl-15"/>
      </object_component>
      <object_component id="oc-474">
         <name>.text:SemaphoreP_Params_init</name>
         <load_address>0x43f0</load_address>
         <run_address>0x43f0</run_address>
         <size>0x10</size>
         <input_file_ref idref="fl-1b"/>
      </object_component>
      <object_component id="oc-28c">
         <name>.text:SwiP_Params_init</name>
         <load_address>0x4400</load_address>
         <run_address>0x4400</run_address>
         <size>0x10</size>
         <input_file_ref idref="fl-1c"/>
      </object_component>
      <object_component id="oc-5b7">
         <name>.text:TimerP_Params_init</name>
         <load_address>0x4410</load_address>
         <run_address>0x4410</run_address>
         <size>0x10</size>
         <input_file_ref idref="fl-1e"/>
      </object_component>
      <object_component id="oc-362">
         <name>.text:TimerP_getCount64</name>
         <load_address>0x4420</load_address>
         <run_address>0x4420</run_address>
         <size>0x10</size>
         <input_file_ref idref="fl-1e"/>
      </object_component>
      <object_component id="oc-331">
         <name>.text:clkPowerUpFxn</name>
         <load_address>0x4430</load_address>
         <run_address>0x4430</run_address>
         <size>0x10</size>
         <input_file_ref idref="fl-13"/>
      </object_component>
      <object_component id="oc-50f">
         <name>.text:osalClearTaskAlertInt</name>
         <load_address>0x4440</load_address>
         <run_address>0x4440</run_address>
         <size>0x10</size>
         <input_file_ref idref="fl-7"/>
      </object_component>
      <object_component id="oc-503">
         <name>.text:osalEnableCtrlReadyInt</name>
         <load_address>0x4450</load_address>
         <run_address>0x4450</run_address>
         <size>0x10</size>
         <input_file_ref idref="fl-7"/>
      </object_component>
      <object_component id="oc-863">
         <name>.text:osalIndicateCtrlReady</name>
         <load_address>0x4460</load_address>
         <run_address>0x4460</run_address>
         <size>0x10</size>
         <input_file_ref idref="fl-7"/>
      </object_component>
      <object_component id="oc-870">
         <name>.text:osalIndicateTaskAlert</name>
         <load_address>0x4470</load_address>
         <run_address>0x4470</run_address>
         <size>0x10</size>
         <input_file_ref idref="fl-7"/>
      </object_component>
      <object_component id="oc-741">
         <name>.text:restartClockTimeout</name>
         <load_address>0x4480</load_address>
         <run_address>0x4480</run_address>
         <size>0x10</size>
         <input_file_ref idref="fl-13"/>
      </object_component>
      <object_component id="oc-86a">
         <name>.text:scifOsalDisableTaskAlertInt</name>
         <load_address>0x4490</load_address>
         <run_address>0x4490</run_address>
         <size>0x10</size>
         <input_file_ref idref="fl-7"/>
      </object_component>
      <object_component id="oc-515">
         <name>.text:scifOsalEnableTaskAlertInt</name>
         <load_address>0x44a0</load_address>
         <run_address>0x44a0</run_address>
         <size>0x10</size>
         <input_file_ref idref="fl-7"/>
      </object_component>
      <object_component id="oc-1cd">
         <name>.text:scifOsalEnterCriticalSection</name>
         <load_address>0x44b0</load_address>
         <run_address>0x44b0</run_address>
         <size>0x10</size>
         <input_file_ref idref="fl-7"/>
      </object_component>
      <object_component id="oc-ae">
         <name>.text:NOROM_ThisLibraryIsFor_CC26x0R2_HaltIfViolated</name>
         <load_address>0x44c0</load_address>
         <run_address>0x44c0</run_address>
         <size>0xe</size>
         <input_file_ref idref="fl-24"/>
      </object_component>
      <object_component id="oc-855">
         <name>.text:QueueP_empty</name>
         <load_address>0x44ce</load_address>
         <run_address>0x44ce</run_address>
         <size>0xe</size>
         <input_file_ref idref="fl-22"/>
      </object_component>
      <object_component id="oc-8c3">
         <name>.text:QueueP_remove</name>
         <load_address>0x44dc</load_address>
         <run_address>0x44dc</run_address>
         <size>0xe</size>
         <input_file_ref idref="fl-22"/>
      </object_component>
      <object_component id="oc-1e">
         <name>.text:decompress:none</name>
         <load_address>0x44ea</load_address>
         <run_address>0x44ea</run_address>
         <size>0xe</size>
         <input_file_ref idref="fl-e4"/>
      </object_component>
      <object_component id="oc-5d5">
         <name>.text:ClockP_doTick</name>
         <load_address>0x44f8</load_address>
         <run_address>0x44f8</run_address>
         <size>0xc</size>
         <input_file_ref idref="fl-1d"/>
      </object_component>
      <object_component id="oc-307">
         <name>.text:FsmNextState</name>
         <load_address>0x4504</load_address>
         <run_address>0x4504</run_address>
         <size>0xc</size>
         <input_file_ref idref="fl-13"/>
      </object_component>
      <object_component id="oc-699">
         <name>.text:List_empty</name>
         <load_address>0x4510</load_address>
         <run_address>0x4510</run_address>
         <size>0xc</size>
         <input_file_ref idref="fl-18"/>
      </object_component>
      <object_component id="oc-6f">
         <name>.text:NOROM_CPUcpsid</name>
         <load_address>0x451c</load_address>
         <run_address>0x451c</run_address>
         <size>0xc</size>
         <input_file_ref idref="fl-25"/>
      </object_component>
      <object_component id="oc-1a2">
         <name>.text:NOROM_CPUcpsie</name>
         <load_address>0x4528</load_address>
         <run_address>0x4528</run_address>
         <size>0xc</size>
         <input_file_ref idref="fl-25"/>
      </object_component>
      <object_component id="oc-836">
         <name>.text:NOROM_OSC_HPOSCRelativeFrequencyOffsetToRFCoreFormatConvert</name>
         <load_address>0x4534</load_address>
         <run_address>0x4534</run_address>
         <size>0xc</size>
         <input_file_ref idref="fl-29"/>
      </object_component>
      <object_component id="oc-80d">
         <name>.text:PowerCC26XX_schedulerRestore</name>
         <load_address>0x4540</load_address>
         <run_address>0x4540</run_address>
         <size>0xc</size>
         <input_file_ref idref="fl-20"/>
      </object_component>
      <object_component id="oc-457">
         <name>.text:Power_getConstraintMask</name>
         <load_address>0x454c</load_address>
         <run_address>0x454c</run_address>
         <size>0xc</size>
         <input_file_ref idref="fl-15"/>
      </object_component>
      <object_component id="oc-813">
         <name>.text:Power_getDependencyCount</name>
         <load_address>0x4558</load_address>
         <run_address>0x4558</run_address>
         <size>0xc</size>
         <input_file_ref idref="fl-15"/>
      </object_component>
      <object_component id="oc-4c0">
         <name>.text:SwiP_getTrigger</name>
         <load_address>0x4564</load_address>
         <run_address>0x4564</run_address>
         <size>0xc</size>
         <input_file_ref idref="fl-1c"/>
      </object_component>
      <object_component id="oc-5c9">
         <name>.text:TimerP_getFreq</name>
         <load_address>0x4570</load_address>
         <run_address>0x4570</run_address>
         <size>0xc</size>
         <input_file_ref idref="fl-1e"/>
      </object_component>
      <object_component id="oc-24">
         <name>.text:decompress:ZI</name>
         <load_address>0x457c</load_address>
         <run_address>0x457c</run_address>
         <size>0xc</size>
         <input_file_ref idref="fl-e5"/>
      </object_component>
      <object_component id="oc-4fd">
         <name>.text:osalClearCtrlReadyInt</name>
         <load_address>0x4588</load_address>
         <run_address>0x4588</run_address>
         <size>0xc</size>
         <input_file_ref idref="fl-7"/>
      </object_component>
      <object_component id="oc-6ef">
         <name>.text:osalCtrlReadyIsr</name>
         <load_address>0x4594</load_address>
         <run_address>0x4594</run_address>
         <size>0xc</size>
         <input_file_ref idref="fl-7"/>
      </object_component>
      <object_component id="oc-85d">
         <name>.text:osalDisableCtrlReadyInt</name>
         <load_address>0x45a0</load_address>
         <run_address>0x45a0</run_address>
         <size>0xc</size>
         <input_file_ref idref="fl-7"/>
      </object_component>
      <object_component id="oc-4f7">
         <name>.text:osalRegisterCtrlReadyInt</name>
         <load_address>0x45ac</load_address>
         <run_address>0x45ac</run_address>
         <size>0xc</size>
         <input_file_ref idref="fl-7"/>
      </object_component>
      <object_component id="oc-509">
         <name>.text:osalRegisterTaskAlertInt</name>
         <load_address>0x45b8</load_address>
         <run_address>0x45b8</run_address>
         <size>0xc</size>
         <input_file_ref idref="fl-7"/>
      </object_component>
      <object_component id="oc-6f8">
         <name>.text:osalTaskAlertIsr</name>
         <load_address>0x45c4</load_address>
         <run_address>0x45c4</run_address>
         <size>0xc</size>
         <input_file_ref idref="fl-7"/>
      </object_component>
      <object_component id="oc-70e">
         <name>.text:osalUnlockCtrlTaskNbl</name>
         <load_address>0x45d0</load_address>
         <run_address>0x45d0</run_address>
         <size>0xc</size>
         <input_file_ref idref="fl-7"/>
      </object_component>
      <object_component id="oc-2c7">
         <name>.text:scifOsalRegisterCtrlReadyCallback</name>
         <load_address>0x45dc</load_address>
         <run_address>0x45dc</run_address>
         <size>0xc</size>
         <input_file_ref idref="fl-7"/>
      </object_component>
      <object_component id="oc-2cd">
         <name>.text:scifOsalRegisterTaskAlertCallback</name>
         <load_address>0x45e8</load_address>
         <run_address>0x45e8</run_address>
         <size>0xc</size>
         <input_file_ref idref="fl-7"/>
      </object_component>
      <object_component id="oc-301">
         <name>.text:HwiP_restore</name>
         <load_address>0x45f4</load_address>
         <run_address>0x45f4</run_address>
         <size>0x8</size>
         <input_file_ref idref="fl-1f"/>
      </object_component>
      <object_component id="oc-1bb">
         <name>.text:scifOsalLeaveCriticalSection</name>
         <load_address>0x45fc</load_address>
         <run_address>0x45fc</run_address>
         <size>0x8</size>
         <input_file_ref idref="fl-7"/>
      </object_component>
      <object_component id="oc-593">
         <name>.text:ClockP_stop</name>
         <load_address>0x4604</load_address>
         <run_address>0x4604</run_address>
         <size>0x6</size>
         <input_file_ref idref="fl-1d"/>
      </object_component>
      <object_component id="oc-49f">
         <name>.text:QueueP_init</name>
         <load_address>0x460a</load_address>
         <run_address>0x460a</run_address>
         <size>0x6</size>
         <input_file_ref idref="fl-22"/>
      </object_component>
      <object_component id="oc-349">
         <name>.text:clkInactivityFxn</name>
         <load_address>0x4610</load_address>
         <run_address>0x4610</run_address>
         <size>0x6</size>
         <input_file_ref idref="fl-13"/>
      </object_component>
      <object_component id="oc-2e5">
         <name>.text:scifStartTasksNbl</name>
         <load_address>0x4616</load_address>
         <run_address>0x4616</run_address>
         <size>0x6</size>
         <input_file_ref idref="fl-7"/>
      </object_component>
      <object_component id="oc-679">
         <name>.text:CPUwfi</name>
         <load_address>0x461c</load_address>
         <run_address>0x461c</run_address>
         <size>0x4</size>
         <input_file_ref idref="fl-20"/>
      </object_component>
      <object_component id="oc-5a0">
         <name>.text:ClockP_isActive</name>
         <load_address>0x4620</load_address>
         <run_address>0x4620</run_address>
         <size>0x4</size>
         <input_file_ref idref="fl-1d"/>
      </object_component>
      <object_component id="oc-231">
         <name>.text:ClockP_setTimeout</name>
         <load_address>0x4624</load_address>
         <run_address>0x4624</run_address>
         <size>0x4</size>
         <input_file_ref idref="fl-1d"/>
      </object_component>
      <object_component id="oc-147">
         <name>.text:HwiP_enable</name>
         <load_address>0x4628</load_address>
         <run_address>0x4628</run_address>
         <size>0x4</size>
         <input_file_ref idref="fl-1f"/>
      </object_component>
      <object_component id="oc-7c9">
         <name>.text:HwiP_post</name>
         <load_address>0x462c</load_address>
         <run_address>0x462c</run_address>
         <size>0x4</size>
         <input_file_ref idref="fl-1f"/>
      </object_component>
      <object_component id="oc-69f">
         <name>.text:List_head</name>
         <load_address>0x4630</load_address>
         <run_address>0x4630</run_address>
         <size>0x4</size>
         <input_file_ref idref="fl-18"/>
      </object_component>
      <object_component id="oc-6a5">
         <name>.text:List_next</name>
         <load_address>0x4634</load_address>
         <run_address>0x4634</run_address>
         <size>0x4</size>
         <input_file_ref idref="fl-18"/>
      </object_component>
      <object_component id="oc-767">
         <name>.text:PowerCC26XX_switchXOSC_HF</name>
         <load_address>0x4638</load_address>
         <run_address>0x4638</run_address>
         <size>0x4</size>
         <input_file_ref idref="fl-15"/>
      </object_component>
      <object_component id="oc-581">
         <name>.text:Q_peek</name>
         <load_address>0x463c</load_address>
         <run_address>0x463c</run_address>
         <size>0x4</size>
         <input_file_ref idref="fl-13"/>
      </object_component>
      <object_component id="oc-8b4">
         <name>.text:QueueP_head</name>
         <load_address>0x4640</load_address>
         <run_address>0x4640</run_address>
         <size>0x4</size>
         <input_file_ref idref="fl-22"/>
      </object_component>
      <object_component id="oc-8ba">
         <name>.text:QueueP_next</name>
         <load_address>0x4644</load_address>
         <run_address>0x4644</run_address>
         <size>0x4</size>
         <input_file_ref idref="fl-22"/>
      </object_component>
      <object_component id="oc-3fe">
         <name>.text:nopResourceHandler</name>
         <load_address>0x4648</load_address>
         <run_address>0x4648</run_address>
         <size>0x4</size>
         <input_file_ref idref="fl-15"/>
      </object_component>
      <object_component id="oc-390">
         <name>.text:rf_patch_cpe_ble</name>
         <load_address>0x464c</load_address>
         <run_address>0x464c</run_address>
         <size>0x4</size>
         <input_file_ref idref="fl-a"/>
      </object_component>
      <object_component id="oc-c1">
         <name>.text</name>
         <load_address>0x4650</load_address>
         <run_address>0x4650</run_address>
         <size>0x4</size>
         <input_file_ref idref="fl-ec"/>
      </object_component>
      <object_component id="oc-3d">
         <name>.text:faultISR</name>
         <load_address>0x4654</load_address>
         <run_address>0x4654</run_address>
         <size>0x2</size>
         <input_file_ref idref="fl-21"/>
      </object_component>
      <object_component id="oc-43">
         <name>.text:intDefaultHandler</name>
         <load_address>0x4656</load_address>
         <run_address>0x4656</run_address>
         <size>0x2</size>
         <input_file_ref idref="fl-21"/>
      </object_component>
      <object_component id="oc-37">
         <name>.text:nmiISR</name>
         <load_address>0x4658</load_address>
         <run_address>0x4658</run_address>
         <size>0x2</size>
         <input_file_ref idref="fl-21"/>
      </object_component>
      <object_component id="oc-bb">
         <name>.text</name>
         <load_address>0x465a</load_address>
         <run_address>0x465a</run_address>
         <size>0x2</size>
         <input_file_ref idref="fl-eb"/>
      </object_component>
      <object_component id="oc-103">
         <name>.text</name>
         <load_address>0x465c</load_address>
         <run_address>0x465c</run_address>
         <size>0x2</size>
         <input_file_ref idref="fl-f3"/>
      </object_component>
      <object_component id="oc-61f">
         <name>.const:patchBleRfe</name>
         <load_address>0x4660</load_address>
         <run_address>0x4660</run_address>
         <size>0x710</size>
         <input_file_ref idref="fl-a"/>
      </object_component>
      <object_component id="oc-53e">
         <name>.const:pAuxRamImage</name>
         <load_address>0x4d70</load_address>
         <run_address>0x4d70</run_address>
         <size>0x1f2</size>
         <input_file_ref idref="fl-8"/>
      </object_component>
      <object_component id="oc-7e0">
         <name>.const:patchImageBle</name>
         <load_address>0x4f64</load_address>
         <run_address>0x4f64</run_address>
         <size>0x9c</size>
         <input_file_ref idref="fl-a"/>
      </object_component>
      <object_component id="oc-6c9">
         <name>.const:$O1$$</name>
         <load_address>0x5000</load_address>
         <run_address>0x5000</run_address>
         <size>0x68</size>
         <input_file_ref idref="fl-27"/>
      </object_component>
      <object_component id="oc-470">
         <name>.const:resourceDB</name>
         <load_address>0x5068</load_address>
         <run_address>0x5068</run_address>
         <size>0x4c</size>
         <input_file_ref idref="fl-15"/>
      </object_component>
      <object_component id="oc-2f7">
         <name>.const:scifHx711DriverSetup</name>
         <load_address>0x50b4</load_address>
         <run_address>0x50b4</run_address>
         <size>0x30</size>
         <input_file_ref idref="fl-8"/>
      </object_component>
      <object_component id="oc-2c1">
         <name>.const:RF_defaultParams</name>
         <load_address>0x50e4</load_address>
         <run_address>0x50e4</run_address>
         <size>0x1c</size>
         <input_file_ref idref="fl-13"/>
      </object_component>
      <object_component id="oc-23d">
         <name>.const:PowerCC26XX_config</name>
         <load_address>0x5100</load_address>
         <run_address>0x5100</run_address>
         <size>0x18</size>
         <input_file_ref idref="fl-2"/>
      </object_component>
      <object_component id="oc-544">
         <name>.const:.string:pAuxIoIndexToMcuIocfgOffsetLut</name>
         <load_address>0x5118</load_address>
         <run_address>0x5118</run_address>
         <size>0x10</size>
         <input_file_ref idref="fl-8"/>
      </object_component>
      <object_component id="oc-499">
         <name>.const:SwiP_defaultParams</name>
         <load_address>0x5128</load_address>
         <run_address>0x5128</run_address>
         <size>0x10</size>
         <input_file_ref idref="fl-1c"/>
      </object_component>
      <object_component id="oc-541">
         <name>.const:pScifTaskDataStructInfoLut</name>
         <load_address>0x5138</load_address>
         <run_address>0x5138</run_address>
         <size>0x10</size>
         <input_file_ref idref="fl-8"/>
      </object_component>
      <object_component id="oc-29b">
         <name>.const:PINCC26XX_hwAttrs</name>
         <load_address>0x5148</load_address>
         <run_address>0x5148</run_address>
         <size>0x8</size>
         <input_file_ref idref="fl-2"/>
      </object_component>
      <object_component id="oc-19e">
         <name>.const:BoardGpioInitTable</name>
         <load_address>0x5150</load_address>
         <run_address>0x5150</run_address>
         <size>0x4</size>
         <input_file_ref idref="fl-2"/>
      </object_component>
      <object_component id="oc-316">
         <name>.const:RFCC26XX_hwAttrs</name>
         <load_address>0x5154</load_address>
         <run_address>0x5154</run_address>
         <size>0x4</size>
         <input_file_ref idref="fl-2"/>
      </object_component>
      <object_component id="oc-950">
         <name>.cinit..data.load</name>
         <load_address>0x5160</load_address>
         <run_address>0x5160</run_address>
         <size>0xe6</size>
      </object_component>
      <object_component id="oc-94d">
         <name>__TI_handler_table</name>
         <load_address>0x5248</load_address>
         <run_address>0x5248</run_address>
         <size>0xc</size>
      </object_component>
      <object_component id="oc-951">
         <name>.cinit..bss.load</name>
         <load_address>0x5258</load_address>
         <run_address>0x5258</run_address>
         <size>0x8</size>
      </object_component>
      <object_component id="oc-94f">
         <name>.cinit..vtable_ram.load</name>
         <load_address>0x5260</load_address>
         <run_address>0x5260</run_address>
         <size>0x8</size>
      </object_component>
      <object_component id="oc-94e">
         <name>__TI_cinit_table</name>
         <load_address>0x5268</load_address>
         <run_address>0x5268</run_address>
         <size>0x18</size>
      </object_component>
      <object_component id="oc-30">
         <name>.ccfg:retain</name>
         <load_address>0x1ffa8</load_address>
         <run_address>0x1ffa8</run_address>
         <size>0x58</size>
         <input_file_ref idref="fl-5"/>
      </object_component>
      <object_component id="oc-6c3">
[...]
         <object_component_ref idref="oc-6de"/>
      </symbol>
      <symbol id="sm-ad6">
         <name>ClockP_doTick</name>
         <value>0x44f9</value>
         <object_component_ref idref="oc-5d5"/>
      </symbol>
      <symbol id="sm-ad7">
         <name>ClockP_setTimeout</name>
         <value>0x4625</value>
         <object_component_ref idref="oc-231"/>
      </symbol>
      <symbol id="sm-ad8">
         <name>ClockP_getTimeout</name>
         <value>0x4195</value>
         <object_component_ref idref="oc-5a6"/>
      </symbol>
      <symbol id="sm-ad9">
         <name>ClockP_startup</name>
         <value>0x2581</value>
         <object_component_ref idref="oc-35c"/>
      </symbol>
      <symbol id="sm-ada">
         <name>ClockP_stop</name>
         <value>0x4605</value>
         <object_component_ref idref="oc-593"/>
      </symbol>
      <symbol id="sm-adb">
         <name>ClockP_construct</name>
         <value>0x3621</value>
         <object_component_ref idref="oc-21f"/>
      </symbol>
      <symbol id="sm-adc">
         <name>ClockP_scheduleNextTick</name>
         <value>0x3e21</value>
         <object_component_ref idref="oc-435"/>
      </symbol>
      <symbol id="sm-add">
         <name>ClockP_getTicksUntilInterrupt</name>
         <value>0x399d</value>
         <object_component_ref idref="oc-667"/>
      </symbol>
      <symbol id="sm-ade">
         <name>ClockP_tickPeriod</name>
         <value>0x200003c4</value>
         <object_component_ref idref="oc-183"/>
      </symbol>
      <symbol id="sm-adf">
         <name>ClockP_Params_init</name>
         <value>0x4381</value>
         <object_component_ref idref="oc-219"/>
      </symbol>
      <symbol id="sm-ae0">
         <name>ClockP_usleep</name>
         <value>0x3169</value>
         <object_component_ref idref="oc-1c1"/>
      </symbol>
      <symbol id="sm-ae1">
         <name>ClockP_workFuncDynamic</name>
         <value>0x22ed</value>
         <object_component_ref idref="oc-5cf"/>
      </symbol>
      <symbol id="sm-ae2">
         <name>ClockP_walkQueueDynamic</name>
         <value>0x2af5</value>
         <object_component_ref idref="oc-79f"/>
      </symbol>
      <symbol id="sm-ae3">
         <name>ClockP_destruct</name>
         <value>0x417d</value>
         <object_component_ref idref="oc-7b3"/>
      </symbol>
      <symbol id="sm-ae4">
         <name>ClockP_start</name>
         <value>0x2901</value>
         <object_component_ref idref="oc-237"/>
      </symbol>
      <symbol id="sm-ae5">
         <name>ClockP_isActive</name>
         <value>0x4621</value>
         <object_component_ref idref="oc-5a0"/>
      </symbol>
      <symbol id="sm-ae6">
         <name>ClockP_getTicks</name>
         <value>0x3dfd</value>
         <object_component_ref idref="oc-43b"/>
      </symbol>
      <symbol id="sm-ae7">
         <name>ClockP_add</name>
         <value>0x3fcd</value>
         <object_component_ref idref="oc-7a7"/>
      </symbol>
      <symbol id="sm-b7b">
         <name>TimerP_setNextTick</name>
         <value>0x3b09</value>
         <object_component_ref idref="oc-659"/>
      </symbol>
      <symbol id="sm-b7c">
         <name>TimerP_getCurrentTick</name>
         <value>0x3b9d</value>
         <object_component_ref idref="oc-42f"/>
      </symbol>
      <symbol id="sm-b7d">
         <name>TimerP_getCount64</name>
         <value>0x4421</value>
         <object_component_ref idref="oc-362"/>
      </symbol>
      <symbol id="sm-b7e">
         <name>TimerP_setThreshold</name>
         <value>0x38b5</value>
         <object_component_ref idref="oc-7fd"/>
      </symbol>
      <symbol id="sm-b7f">
         <name>TimerP_dynamicStub</name>
         <value>0x40f5</value>
         <object_component_ref idref="oc-796"/>
      </symbol>
      <symbol id="sm-b80">
         <name>TimerP_getMaxTicks</name>
         <value>0x3ef9</value>
         <object_component_ref idref="oc-5c3"/>
      </symbol>
      <symbol id="sm-b81">
         <name>TimerP_construct</name>
         <value>0x20e5</value>
         <object_component_ref idref="oc-5bd"/>
      </symbol>
      <symbol id="sm-b82">
         <name>TimerP_getFreq</name>
         <value>0x4571</value>
         <object_component_ref idref="oc-5c9"/>
      </symbol>
      <symbol id="sm-b83">
         <name>TimerP_initDevice</name>
         <value>0x3a39</value>
         <object_component_ref idref="oc-78a"/>
      </symbol>
      <symbol id="sm-b84">
         <name>TimerP_startup</name>
         <value>0x4309</value>
         <object_component_ref idref="oc-790"/>
      </symbol>
      <symbol id="sm-b85">
         <name>TimerP_start</name>
         <value>0x2d31</value>
         <object_component_ref idref="oc-8ac"/>
      </symbol>
      <symbol id="sm-b86">
         <name>TimerP_Params_init</name>
         <value>0x4411</value>
         <object_component_ref idref="oc-5b7"/>
      </symbol>
      <symbol id="sm-bfe">
         <name>HwiP_construct</name>
         <value>0x2c51</value>
         <object_component_ref idref="oc-286"/>
      </symbol>
      <symbol id="sm-bff">
         <name>HwiP_inISR</name>
         <value>0x41ad</value>
         <object_component_ref idref="oc-7d3"/>
      </symbol>
      <symbol id="sm-c00">
         <name>HwiP_swiPIntNum</name>
         <value>0x20000004</value>
         <object_component_ref idref="oc-186"/>
      </symbol>
      <symbol id="sm-c01">
         <name>HwiP_Params_init</name>
         <value>0x436d</value>
         <object_component_ref idref="oc-280"/>
      </symbol>
      <symbol id="sm-c02">
         <name>HwiP_disable</name>
         <value>0x4391</value>
         <object_component_ref idref="oc-18b"/>
      </symbol>
      <symbol id="sm-c03">
         <name>HwiP_enableInterrupt</name>
         <value>0x43a1</value>
         <object_component_ref idref="oc-587"/>
      </symbol>
      <symbol id="sm-c04">
         <name>HwiP_setFunc</name>
         <value>0x3e69</value>
         <object_component_ref idref="oc-88c"/>
      </symbol>
      <symbol id="sm-c05">
         <name>HwiP_post</name>
         <value>0x462d</value>
         <object_component_ref idref="oc-7c9"/>
      </symbol>
      <symbol id="sm-c06">
         <name>HwiP_enable</name>
         <value>0x4629</value>
         <object_component_ref idref="oc-147"/>
      </symbol>
      <symbol id="sm-c07">
         <name>HwiP_restore</name>
         <value>0x45f5</value>
         <object_component_ref idref="oc-301"/>
      </symbol>
      <symbol id="sm-c43">
         <name>PowerCC26XX_schedulerDisable</name>
         <value>0x43d1</value>
         <object_component_ref idref="oc-807"/>
      </symbol>
      <symbol id="sm-c44">
         <name>PowerCC26XX_schedulerRestore</name>
         <value>0x4541</value>
         <object_component_ref idref="oc-80d"/>
      </symbol>
      <symbol id="sm-c45">
         <name>PowerCC26XX_standbyPolicy</name>
         <value>0x1825</value>
         <object_component_ref idref="oc-442"/>
      </symbol>
      <symbol id="sm-c76">
         <name>resetISR</name>
         <value>0x4331</value>
         <object_component_ref idref="oc-2a"/>
      </symbol>
      <symbol id="sm-c77">
         <name>g_pfnVectors</name>
         <value>0x0</value>
         <object_component_ref idref="oc-15"/>
      </symbol>
      <symbol id="sm-cb4">
         <name>QueueP_next</name>
         <value>0x4645</value>
         <object_component_ref idref="oc-8ba"/>
      </symbol>
      <symbol id="sm-cb5">
         <name>QueueP_put</name>
         <value>0x40a1</value>
         <object_component_ref idref="oc-424"/>
      </symbol>
      <symbol id="sm-cb6">
         <name>QueueP_remove</name>
         <value>0x44dd</value>
         <object_component_ref idref="oc-8c3"/>
      </symbol>
      <symbol id="sm-cb7">
         <name>QueueP_head</name>
         <value>0x4641</value>
         <object_component_ref idref="oc-8b4"/>
      </symbol>
      <symbol id="sm-cb8">
         <name>QueueP_init</name>
         <value>0x460b</value>
         <object_component_ref idref="oc-49f"/>
      </symbol>
      <symbol id="sm-cb9">
         <name>QueueP_empty</name>
         <value>0x44cf</value>
         <object_component_ref idref="oc-855"/>
      </symbol>
      <symbol id="sm-cba">
         <name>QueueP_get</name>
         <value>0x4149</value>
         <object_component_ref idref="oc-84f"/>
      </symbol>
      <symbol id="sm-ccc">
         <name>SafeHapiVoid</name>
         <value>0x3d85</value>
         <object_component_ref idref="oc-6ad"/>
      </symbol>
      <symbol id="sm-cf8">
         <name>NOROM_ChipInfo_GetChipType</name>
         <value>0x3d0d</value>
         <object_component_ref idref="oc-256"/>
      </symbol>
      <symbol id="sm-cf9">
         <name>NOROM_ChipInfo_GetChipFamily</name>
         <value>0x3c5d</value>
         <object_component_ref idref="oc-f2"/>
      </symbol>
      <symbol id="sm-cfa">
         <name>NOROM_ChipInfo_GetPackageType</name>
         <value>0x41c5</value>
         <object_component_ref idref="oc-25c"/>
      </symbol>
      <symbol id="sm-cfb">
         <name>NOROM_ThisLibraryIsFor_CC26x0R2_HaltIfViolated</name>
         <value>0x44c1</value>
         <object_component_ref idref="oc-ae"/>
      </symbol>
      <symbol id="sm-d0d">
         <name>NOROM_CPUcpsie</name>
         <value>0x4529</value>
         <object_component_ref idref="oc-1a2"/>
      </symbol>
      <symbol id="sm-d0e">
         <name>NOROM_CPUcpsid</name>
         <value>0x451d</value>
         <object_component_ref idref="oc-6f"/>
      </symbol>
      <symbol id="sm-d14">
         <name>driverlib_release_0_49664</name>
         <value>0x200009e5</value>
      </symbol>
      <symbol id="sm-d4f">
         <name>NOROM_IntPrioritySet</name>
         <value>0x3e8d</value>
         <object_component_ref idref="oc-48c"/>
      </symbol>
      <symbol id="sm-d50">
         <name>NOROM_IntPendSet</name>
         <value>0x353d</value>
         <object_component_ref idref="oc-8d4"/>
      </symbol>
      <symbol id="sm-d51">
         <name>NOROM_IntRegister</name>
         <value>0x39d1</value>
         <object_component_ref idref="oc-486"/>
      </symbol>
      <symbol id="sm-d52">
         <name>g_pfnRAMVectors</name>
         <value>0x20000b00</value>
         <object_component_ref idref="oc-6c3"/>
      </symbol>
      <symbol id="sm-d61">
         <name>NOROM_IOCIODrvStrengthSet</name>
         <value>0x41dd</value>
         <object_component_ref idref="oc-2d9"/>
      </symbol>
      <symbol id="sm-da7">
         <name>NOROM_OSCHF_TurnOnXosc</name>
         <value>0x3eb1</value>
         <object_component_ref idref="oc-635"/>
      </symbol>
      <symbol id="sm-da8">
         <name>NOROM_OSC_HPOSCRelativeFrequencyOffsetToRFCoreFormatConvert</name>
         <value>0x4535</value>
         <object_component_ref idref="oc-836"/>
      </symbol>
      <symbol id="sm-da9">
         <name>NOROM_OSCHF_AttemptToSwitchToXosc</name>
         <value>0x2e81</value>
         <object_component_ref idref="oc-45d"/>
      </symbol>
      <symbol id="sm-daa">
         <name>NOROM_OSCHF_SwitchToRcOscTurnOffXosc</name>
         <value>0x36b1</value>
         <object_component_ref idref="oc-63b"/>
      </symbol>
      <symbol id="sm-dab">
         <name>NOROM_OSC_HPOSCRelativeFrequencyOffsetGet</name>
         <value>0x383d</value>
         <object_component_ref idref="oc-830"/>
      </symbol>
      <symbol id="sm-e09">
         <name>NOROM_RFCDoorbellSendTo</name>
         <value>0x3ed5</value>
         <object_component_ref idref="oc-749"/>
      </symbol>
      <symbol id="sm-e0a">
         <name>NOROM_RFCAdi3VcoLdoVoltageMode</name>
         <value>0x2af3</value>
         <object_component_ref idref="oc-74f"/>
      </symbol>
      <symbol id="sm-e0b">
         <name>NOROM_RFCSynthPowerDown</name>
         <value>0x3879</value>
         <object_component_ref idref="oc-892"/>
      </symbol>
      <symbol id="sm-e0c">
         <name>NOROM_RFCOverrideUpdate</name>
         <value>0x2b69</value>
         <object_component_ref idref="oc-2fb"/>
      </symbol>
      <symbol id="sm-e0d">
         <name>NOROM_RFCRfTrimSet</name>
         <value>0x43b1</value>
         <object_component_ref idref="oc-75b"/>
      </symbol>
      <symbol id="sm-e0e">
         <name>NOROM_RFCRfTrimRead</name>
         <value>0x3fed</value>
         <object_component_ref idref="oc-755"/>
      </symbol>
      <symbol id="sm-e0f">
         <name>NOROM_RFCCpeIntGetAndClear</name>
         <value>0x41f5</value>
         <object_component_ref idref="oc-565"/>
      </symbol>
      <symbol id="sm-e10">
         <name>NOROM_RFCHWIntGetAndClear</name>
         <value>0x420d</value>
         <object_component_ref idref="oc-579"/>
      </symbol>
      <symbol id="sm-e40">
         <name>NOROM_SetupTrimDevice</name>
         <value>0x2195</value>
         <object_component_ref idref="oc-75"/>
      </symbol>
      <symbol id="sm-e91">
         <name>NOROM_SysCtrl_DCDC_VoltageConditionalControl</name>
         <value>0x3031</value>
         <object_component_ref idref="oc-661"/>
      </symbol>
      <symbol id="sm-e92">
         <name>NOROM_SysCtrlAdjustRechargeAfterPowerDown</name>
         <value>0x2cc1</value>
         <object_component_ref idref="oc-81f"/>
      </symbol>
      <symbol id="sm-e93">
         <name>NOROM_SysCtrlSetRechargeBeforePowerDown</name>
         <value>0x931</value>
         <object_component_ref idref="oc-819"/>
      </symbol>
      <symbol id="sm-ea3">
         <name>_c_int00</name>
         <value>0x37fd</value>
         <object_component_ref idref="oc-7b"/>
      </symbol>
      <symbol id="sm-ea4">
         <name>__stack</name>
         <value>0x20004c00</value>
         <object_component_ref idref="oc-33"/>
      </symbol>
      <symbol id="sm-ec2">
         <name>__TI_decompress_lzss</name>
         <value>0x3101</value>
         <object_component_ref idref="oc-18"/>
      </symbol>
      <symbol id="sm-ed9">
         <name>__TI_decompress_none</name>
         <value>0x44eb</value>
         <object_component_ref idref="oc-1e"/>
      </symbol>
      <symbol id="sm-eeb">
         <name>__TI_zero_init</name>
         <value>0x457d</value>
         <object_component_ref idref="oc-24"/>
      </symbol>
      <symbol id="sm-f0c">
         <name>C$$EXIT</name>
         <value>0x3499</value>
         <object_component_ref idref="oc-d3"/>
      </symbol>
      <symbol id="sm-f0d">
         <name>abort</name>
         <value>0x349d</value>
         <object_component_ref idref="oc-d3"/>
      </symbol>
      <symbol id="sm-f0e">
         <name>exit</name>
         <value>0x34a5</value>
         <object_component_ref idref="oc-d3"/>
      </symbol>
      <symbol id="sm-f0f">
         <name>__TI_dtors_ptr</name>
         <value>0x200005a0</value>
         <object_component_ref idref="oc-113"/>
      </symbol>
      <symbol id="sm-f10">
         <name>__TI_cleanup_ptr</name>
         <value>0x2000059c</value>
         <object_component_ref idref="oc-113"/>
      </symbol>
      <symbol id="sm-f11">
         <name>__TI_enable_exit_profile_output</name>
         <value>0x200005a4</value>
         <object_component_ref idref="oc-113"/>
      </symbol>
      <symbol id="sm-f1a">
         <name>__aeabi_lmul</name>
         <value>0x4285</value>
         <object_component_ref idref="oc-651"/>
      </symbol>
      <symbol id="sm-f35">
         <name>memcpy</name>
         <value>0x261d</value>
         <object_component_ref idref="oc-57"/>
      </symbol>
      <symbol id="sm-f36">
         <name>__aeabi_memcpy</name>
         <value>0x261d</value>
         <object_component_ref idref="oc-57"/>
      </symbol>
      <symbol id="sm-f37">
         <name>__aeabi_memcpy8</name>
         <value>0x261d</value>
         <object_component_ref idref="oc-57"/>
      </symbol>
      <symbol id="sm-f38">
         <name>__aeabi_memcpy4</name>
         <value>0x261d</value>
         <object_component_ref idref="oc-57"/>
      </symbol>
      <symbol id="sm-f4d">
         <name>_sys_memory</name>
         <value>0x200009f8</value>
         <object_component_ref idref="oc-34"/>
      </symbol>
      <symbol id="sm-f5c">
         <name>__aeabi_memset</name>
         <value>0x2a7b</value>
         <object_component_ref idref="oc-63"/>
      </symbol>
      <symbol id="sm-f5d">
         <name>memset</name>
         <value>0x2a81</value>
         <object_component_ref idref="oc-63"/>
      </symbol>
      <symbol id="sm-f5e">
         <name>__aeabi_memset8</name>
         <value>0x2a7b</value>
         <object_component_ref idref="oc-63"/>
      </symbol>
      <symbol id="sm-f5f">
         <name>__aeabi_memset4</name>
         <value>0x2a7b</value>
         <object_component_ref idref="oc-63"/>
      </symbol>
      <symbol id="sm-f60">
         <name>__aeabi_memclr8</name>
         <value>0x2a79</value>
         <object_component_ref idref="oc-63"/>
      </symbol>
      <symbol id="sm-f61">
         <name>__aeabi_memclr4</name>
         <value>0x2a79</value>
         <object_component_ref idref="oc-63"/>
      </symbol>
      <symbol id="sm-f62">
         <name>__aeabi_memclr</name>
         <value>0x2a79</value>
         <object_component_ref idref="oc-63"/>
      </symbol>
      <symbol id="sm-f6c">
         <name>__mpu_init</name>
         <value>0x465b</value>
         <object_component_ref idref="oc-bb"/>
      </symbol>
      <symbol id="sm-f76">
         <name>_system_pre_init</name>
         <value>0x4651</value>
         <object_component_ref idref="oc-c1"/>
      </symbol>
      <symbol id="sm-f7e">
         <name>main_func_sp</name>
         <value>0x200005bc</value>
         <object_component_ref idref="oc-d9"/>
      </symbol>
      <symbol id="sm-f9a">
         <name>__aeabi_uldivmod</name>
         <value>0xb3d</value>
         <object_component_ref idref="oc-64c"/>
      </symbol>
      <symbol id="sm-fb3">
         <name>_nop</name>
         <value>0x4353</value>
         <object_component_ref idref="oc-168"/>
      </symbol>
      <symbol id="sm-fb4">
         <name>_lock</name>
         <value>0x200005b4</value>
         <object_component_ref idref="oc-116"/>
      </symbol>
      <symbol id="sm-fb5">
         <name>_unlock</name>
         <value>0x200005b8</value>
         <object_component_ref idref="oc-116"/>
      </symbol>
      <symbol id="sm-fb6">
         <name>_register_lock</name>
         <value>0x434b</value>
         <object_component_ref idref="oc-168"/>
      </symbol>
      <symbol id="sm-fb7">
         <name>_register_unlock</name>
         <value>0x4345</value>
         <object_component_ref idref="oc-168"/>
      </symbol>
      <symbol id="sm-fcb">
         <name>_args_main</name>
         <value>0x426d</value>
         <object_component_ref idref="oc-cd"/>
      </symbol>
      <symbol id="sm-ff5">
         <name>__TI_auto_init</name>
         <value>0x2e11</value>
         <object_component_ref idref="oc-c7"/>
      </symbol>
      <symbol id="sm-100f">
         <name>copy_in</name>
         <value>0x35d5</value>
         <object_component_ref idref="oc-fd"/>
      </symbol>
      <symbol id="sm-1019">
         <name>_system_post_cinit</name>
         <value>0x465d</value>
         <object_component_ref idref="oc-103"/>
      </symbol>
      <symbol id="sm-101a">
         <name>__TI_static_base__</name>
         <value>0x0</value>
      </symbol>
      <symbol id="sm-101d">
         <name>SHT$$INIT_ARRAY$$Limit</name>
         <value>0x0</value>
      </symbol>
      <symbol id="sm-101e">
         <name>SHT$$INIT_ARRAY$$Base</name>
         <value>0x0</value>
      </symbol>
      <symbol id="sm-101f">
         <name>usleep</name>
         <value>0x3169</value>
      </symbol>
      <symbol id="sm-1020">
         <name>NoRTOS_start</name>
         <value>0x4629</value>
      </symbol>
   </symbol_table>
   <title>Link successful</title>
</link_info>
