******************************************************************************
                  TI ARM Linker PC v16.9.6                     
******************************************************************************
>> Linked Sun Dec 10 21:49:57 2017

OUTPUT FILE NAME:   <ir_tirtos_ccs.out>
ENTRY POINT SYMBOL: "_c_int00"  address: 000044b1


MEMORY CONFIGURATION

         name            origin    length      used     unused   attr    fill
----------------------  --------  ---------  --------  --------  ----  --------
  RAM                   00000020   ffffffe0  0000010c  fffffed4  RWIX


SEGMENT ALLOCATION MAP

run origin  load origin   length   init length attrs members
----------  ----------- ---------- ----------- ----- -------
00000000    00000000    0000003c   0000003c    r--
  00000000    00000000    0000003c   0000003c    r-- .resetVecs
00000040    00000040    00000e58   00000000    rw-
  00000040    00000040    00000b57   00000000    rw- .data
  00000b98    00000b98    00000300   00000000    rw- .stack
00001000    00001000    0000435c   0000435c    r-x
  00001000    00001000    00000028   00000028    r-- .const:ti_sysbios_heaps_HeapMem_Module__FXNS__C
  00001028    00001028    00000024   00000024    r-- .const:ti_sysbios_gates_GateHwi_Module__FXNS__C
  0000104c    0000104c    00000024   00000024    r-- .const:ti_sysbios_gates_GateMutex_Module__FXNS__C
  00001070    00001070    00000020   00000020    r-- .const:ti_sysbios_family_arm_m3_Hwi_Object__DESC__C
  00001090    00001090    00000020   00000020    r-- .const:ti_sysbios_gates_GateHwi_Object__DESC__C
  000010b0    000010b0    00000020   00000020    r-- .const:ti_sysbios_gates_GateMutex_Object__DESC__C
  000010d0    000010d0    00000020   00000020    r-- .const:ti_sysbios_hal_Hwi_Object__DESC__C
  000010f0    000010f0    00000020   00000020    r-- .const:ti_sysbios_heaps_HeapMem_Object__DESC__C
  00001110    00001110    00000020   00000020    r-- .const:ti_sysbios_knl_Clock_Object__DESC__C
  00001130    00001130    00000020   00000020    r-- .const:ti_sysbios_knl_Event_Object__DESC__C
  00001150    00001150    00000020   00000020    r-- .const:ti_sysbios_knl_Mailbox_Object__DESC__C
  00001170    00001170    00000020   00000020    r-- .const:ti_sysbios_knl_Queue_Object__DESC__C
  00001190    00001190    00000020   00000020    r-- .const:ti_sysbios_knl_Semaphore_Object__DESC__C
  000011b0    000011b0    00000020   00000020    r-- .const:ti_sysbios_knl_Swi_Object__DESC__C
  000011d0    000011d0    00000020   00000020    r-- .const:ti_sysbios_knl_Task_Object__DESC__C
  000011f0    000011f0    00000008   00000008    r-- .const:ti_sysbios_knl_Idle_funcList__C
  000011f8    000011f8    00000004   00000004    r-- .const:ti_sysbios_family_arm_cc26xx_Timer_startupNeeded__C
  000011fc    000011fc    00000004   00000004    r-- .const:ti_sysbios_family_arm_m3_Hwi_E_alreadyDefined__C
  00001200    00001200    00000004   00000004    r-- .const:ti_sysbios_family_arm_m3_Hwi_E_hwiLimitExceeded__C
  00001204    00001204    00000004   00000004    r-- .const:ti_sysbios_family_arm_m3_Hwi_NUM_INTERRUPTS__C
  00001208    00001208    00000004   00000004    r-- .const:ti_sysbios_family_arm_m3_Hwi_Object__count__C
  0000120c    0000120c    00000004   00000004    r-- .const:ti_sysbios_family_arm_m3_Hwi_Object__table__C
  00001210    00001210    00000004   00000004    r-- .const:ti_sysbios_family_arm_m3_Hwi_ccr__C
  00001214    00001214    00000004   00000004    r-- .const:ti_sysbios_family_arm_m3_Hwi_excHandlerFunc__C
  00001218    00001218    00000004   00000004    r-- .const:ti_sysbios_family_arm_m3_Hwi_nullIsrFunc__C
  0000121c    0000121c    00000004   00000004    r-- .const:ti_sysbios_family_arm_m3_Hwi_numSparseInterrupts__C
  00001220    00001220    00000004   00000004    r-- .const:ti_sysbios_family_arm_m3_Hwi_priGroup__C
  00001224    00001224    00000004   00000004    r-- .const:ti_sysbios_family_arm_m3_TaskSupport_stackAlignment__C
  00001228    00001228    00000004   00000004    r-- .const:ti_sysbios_heaps_HeapMem_E_memory__C
  0000122c    0000122c    00000004   00000004    r-- .const:ti_sysbios_heaps_HeapMem_Module__gateObj__C
  00001230    00001230    00000004   00000004    r-- .const:ti_sysbios_heaps_HeapMem_Object__count__C
  00001234    00001234    00000004   00000004    r-- .const:ti_sysbios_heaps_HeapMem_Object__table__C
  00001238    00001238    00000004   00000004    r-- .const:ti_sysbios_heaps_HeapMem_reqAlign__C
  0000123c    0000123c    00000004   00000004    r-- .const:ti_sysbios_knl_Clock_triggerClock__C
  00001240    00001240    00000004   00000004    r-- .const:ti_sysbios_knl_Mailbox_Object__count__C
  00001244    00001244    00000004   00000004    r-- .const:ti_sysbios_knl_Mailbox_Object__table__C
  00001248    00001248    00000004   00000004    r-- .const:ti_sysbios_knl_Mailbox_maxTypeAlign__C
  0000124c    0000124c    00000004   00000004    r-- .const:ti_sysbios_knl_Queue_Object__count__C
  00001250    00001250    00000004   00000004    r-- .const:ti_sysbios_knl_Queue_Object__table__C
  00001254    00001254    00000004   00000004    r-- .const:ti_sysbios_knl_Semaphore_eventPost__C
  00001258    00001258    00000004   00000004    r-- .const:ti_sysbios_knl_Semaphore_eventSync__C
  0000125c    0000125c    00000004   00000004    r-- .const:ti_sysbios_knl_Swi_Object__count__C
  00001260    00001260    00000004   00000004    r-- .const:ti_sysbios_knl_Swi_Object__table__C
  00001264    00001264    00000004   00000004    r-- .const:ti_sysbios_knl_Swi_numPriorities__C
  00001268    00001268    00000004   00000004    r-- .const:ti_sysbios_knl_Task_Object__count__C
  0000126c    0000126c    00000004   00000004    r-- .const:ti_sysbios_knl_Task_Object__table__C
  00001270    00001270    00000004   00000004    r-- .const:ti_sysbios_knl_Task_allBlockedFunc__C
  00001274    00001274    00000004   00000004    r-- .const:ti_sysbios_knl_Task_defaultStackHeap__C
  00001278    00001278    00000004   00000004    r-- .const:ti_sysbios_knl_Task_defaultStackSize__C
  0000127c    0000127c    00000004   00000004    r-- .const:ti_sysbios_knl_Task_numConstructedTasks__C
  00001280    00001280    00000002   00000002    r-- .const:ti_sysbios_family_arm_cc26xx_Timer_Module__id__C
  00001282    00001282    00000002   00000002    r-- .const:ti_sysbios_family_arm_cc26xx_TimestampProvider_useClockTimer__C
  00001284    00001284    00000002   00000002    r-- .const:ti_sysbios_family_arm_m3_Hwi_Module__id__C
  00001286    00001286    00000002   00000002    r-- .const:ti_sysbios_gates_GateHwi_Module__id__C
  00001288    00001288    00000002   00000002    r-- .const:ti_sysbios_gates_GateMutex_Module__id__C
  0000128a    0000128a    00000002   00000002    r-- .const:ti_sysbios_heaps_HeapMem_Module__id__C
  0000128c    0000128c    00000002   00000002    r-- .const:ti_sysbios_knl_Task_initStackFlag__C
  0000128e    0000128e    00000001   00000001    r-- .const:ti_sysbios_knl_Clock_tickMode__C
  00001290    00001290    00000008   00000008    r-- .const:xdc_runtime_Startup_firstFxns__C
  00001298    00001298    00000008   00000008    r-- .const:xdc_runtime_Startup_lastFxns__C
  000012a0    000012a0    00000004   00000004    r-- .const:xdc_runtime_Assert_E_assertFailed__C
  000012a4    000012a4    00000004   00000004    r-- .const:xdc_runtime_Error_E_memory__C
  000012a8    000012a8    00000004   00000004    r-- .const:xdc_runtime_Error_policyFxn__C
  000012ac    000012ac    00000004   00000004    r-- .const:xdc_runtime_Error_raiseHook__C
  000012b0    000012b0    00000004   00000004    r-- .const:xdc_runtime_IGateProvider_Interface__BASE__C
  000012b4    000012b4    00000004   00000004    r-- .const:xdc_runtime_IHeap_Interface__BASE__C
  000012b8    000012b8    00000004   00000004    r-- .const:xdc_runtime_IModule_Interface__BASE__C
  000012bc    000012bc    00000004   00000004    r-- .const:xdc_runtime_Memory_defaultHeapInstance__C
  000012c0    000012c0    00000004   00000004    r-- .const:xdc_runtime_Startup_execImpl__C
  000012c4    000012c4    00000004   00000004    r-- .const:xdc_runtime_Startup_maxPasses__C
  000012c8    000012c8    00000004   00000004    r-- .const:xdc_runtime_Startup_sfxnRts__C
  000012cc    000012cc    00000004   00000004    r-- .const:xdc_runtime_Startup_sfxnTab__C
  000012d0    000012d0    00000004   00000004    r-- .const:xdc_runtime_Startup_startModsFxn__C
  000012d4    000012d4    00000004   00000004    r-- .const:xdc_runtime_SysCallback_abortFxn__C
  000012d8    000012d8    00000004   00000004    r-- .const:xdc_runtime_SysCallback_exitFxn__C
  000012dc    000012dc    00000004   00000004    r-- .const:xdc_runtime_System_abortFxn__C
  000012e0    000012e0    00000004   00000004    r-- .const:xdc_runtime_System_exitFxn__C
  000012e4    000012e4    00000004   00000004    r-- .const:xdc_runtime_System_maxAtexitHandlers__C
  000012e8    000012e8    00000004   00000004    r-- .const:xdc_runtime_Text_charTab__C
  000012ec    000012ec    00000004   00000004    r-- .const:xdc_runtime_Text_nameEmpty__C
  000012f0    000012f0    00000004   00000004    r-- .const:xdc_runtime_Text_nameStatic__C
  000012f4    000012f4    00000004   00000004    r-- .const:xdc_runtime_Text_nameUnknown__C
  000012f8    000012f8    00000002   00000002    r-- .const:xdc_runtime_Error_maxDepth__C
  000012fa    000012fa    00000002   00000002    r-- .const:xdc_runtime_Memory_Module__id__C
  000012fc    000012fc    00000002   00000002    r-- .const:xdc_runtime_Text_charCnt__C
  000012fe    000012fe    00000002   00000002    r-- .const:xdc_runtime_Text_isLoaded__C
  00001300    00001300    00000001   00000001    r-- .const:xdc_runtime_Error_policy__C
  00001304    00001304    00000004   00000004    r-- .const:ti_sysbios_rom_ROM_ti_sysbios_family_arm_cc26xx_Timer_getCount64__E
  00001308    00001308    00000004   00000004    r-- .const:ti_sysbios_rom_ROM_ti_sysbios_family_arm_cc26xx_Timer_getCurrentTick__E
  0000130c    0000130c    00000004   00000004    r-- .const:ti_sysbios_rom_ROM_ti_sysbios_family_arm_cc26xx_Timer_getMaxTicks__E
  00001310    00001310    00000004   00000004    r-- .const:ti_sysbios_rom_ROM_ti_sysbios_family_arm_cc26xx_Timer_initDevice__I
  00001314    00001314    00000004   00000004    r-- .const:ti_sysbios_rom_ROM_ti_sysbios_family_arm_cc26xx_Timer_setNextTick__E
  00001318    00001318    00000004   00000004    r-- .const:ti_sysbios_rom_ROM_ti_sysbios_family_arm_cc26xx_Timer_setThreshold__I
  0000131c    0000131c    00000004   00000004    r-- .const:ti_sysbios_rom_ROM_ti_sysbios_family_arm_cc26xx_Timer_start__E
  00001320    00001320    00000004   00000004    r-- .const:ti_sysbios_rom_ROM_ti_sysbios_family_arm_cc26xx_TimestampProvider_get32__E
  00001324    00001324    00000004   00000004    r-- .const:ti_sysbios_rom_ROM_xdc_runtime_Startup_getState__I
  00001328    00001328    00000004   00000004    r-- .const:ti_sysbios_rom_ROM_xdc_runtime_System_SupportProxy_abort__E
  0000132c    0000132c    00000004   00000004    r-- .const:ti_sysbios_rom_ROM_xdc_runtime_System_SupportProxy_exit__E
  00001330    00001330    0000402c   0000402c    r-x .text
00005360    00005360    00000b49   00000000    rw-
  00005360    00005360    000005ee   00000000    rw- .bss
  00005950    00005950    00000559   00000000    rw- .bss:.common
00005eac    00005eac    0000048d   0000048d    r--
  00005eac    00005eac    0000048d   0000048d    r-- .const
00006340    00006340    00000224   00000224    r--
  00006340    00006340    00000224   00000224    r-- .cinit
20000100    20000100    00000106   00000000    rw-
  20000100    20000100    00000044   00000000    rw- .data:ti_sysbios_knl_Task_Module__state__V
  20000144    20000144    00000034   00000000    rw- .data:ti_sysbios_family_arm_m3_Hwi_Module__state__V
  20000178    20000178    0000002c   00000000    rw- .data:ti_sysbios_knl_Clock_Module__state__V
  200001a4    200001a4    00000024   00000000    rw- .data:ti_sysbios_BIOS_Module__state__V
  200001c8    200001c8    0000001c   00000000    rw- .data:ti_sysbios_knl_Swi_Module__state__V
  200001e4    200001e4    00000008   00000000    rw- .data:ti_sysbios_family_arm_cc26xx_Timer_Module__state__V
  200001ec    200001ec    00000004   00000000    rw- .data:ti_sysbios_family_arm_cc26xx_TimestampProvider_Module__state__V
  200001f0    200001f0    00000008   00000000    rw- .data:xdc_runtime_Startup_Module__state__V
  200001f8    200001f8    00000008   00000000    rw- .data:xdc_runtime_System_Module__state__V
  20000200    20000200    00000004   00000000    rw- .data:xdc_runtime_Memory_Module__state__V
  20000204    20000204    00000002   00000000    rw- .data:xdc_runtime_Error_Module__state__V


SECTION ALLOCATION MAP

 output                                  attributes/
section   page    origin      length       input sections
--------  ----  ----------  ----------   ----------------
.resetVecs 
*          0    00000000    0000003c     
                  00000000    0000003c     rom_pem3.oem3 (.resetVecs)

.data      0    00000040    00000b57     UNINITIALIZED
                  00000040    00000520     main_tirtos.obj (.data:$O1$$)
                  00000560    00000114     PINCC26XX.obj (.data:$O2$$)
                  00000674    00000114     drivers_cc26x0r2.aem3 : PowerCC26XX.oem3 (.data:PowerCC26XX_module)
                  00000788    0000008c     scif_framework.obj (.data:$O5$$)
                  00000814    00000080     rom_pem3.oem3 (.data:ti_sysbios_knl_Swi_Module_State_0_readyQ__A)
                  00000894    0000004c     rom_pem3.oem3 (.data:ti_sysbios_knl_Task_Object__table__V)
                  000008e0    00000048     smartrf_settings.obj (.data:pOverrides)
                  00000928    00000048     rom_pem3.oem3 (.data:ti_sysbios_family_arm_cc26xx_Timer_Object__table__V)
                  00000970    00000040     smartrf_settings.obj (.data:$O6$$)
                  000009b0    00000038     rom_pem3.oem3 (.data:ti_sysbios_gates_GateMutex_Object__table__V)
                  000009e8    00000030     rom_pem3.oem3 (.data:ti_sysbios_knl_Swi_Object__table__V)
                  00000a18    00000020     smartrf_settings.obj (.data:cmdAdvParam)
                  00000a38    00000020     rom_pem3.oem3 (.data:ti_sysbios_knl_Clock_Object__table__V)
                  00000a58    00000020     rom_pem3.oem3 (.data:ti_sysbios_knl_Task_Module_State_0_readyQ__A)
                  00000a78    00000020     rom_pem3.oem3 (.data:xdc_runtime_Error_IgnoreBlock)
                  00000a98    00000018     smartrf_settings.obj (.data:RF_cmdAdvNc1)
                  00000ab0    00000018     smartrf_settings.obj (.data:RF_cmdAdvNc2)
                  00000ac8    00000018     rom_pem3.oem3 (.data:ti_sysbios_family_arm_m3_Hwi_Object__table__V)
                  00000ae0    00000018     rom_pem3.oem3 (.data:ti_sysbios_heaps_HeapMem_Object__table__V)
                  00000af8    0000000c     rom_pem3.oem3 (.data:xdc_runtime_SysMin_Module__state__V)
                  00000b04    00000008     rtsv7M3_T_le_eabi.lib : _lock.obj (.data:$O8$$)
                  00000b0c    00000004                           : stkdepth_vars.obj (.data)
                  00000b10    00000008     smartrf_settings.obj (.data)
                  00000b18    00000008     rom_pem3.oem3 (.data:ti_sysbios_family_arm_m3_Hwi_Module__root__V)
                  00000b20    00000008     rom_pem3.oem3 (.data:ti_sysbios_gates_GateHwi_Module__root__V)
                  00000b28    00000008     rom_pem3.oem3 (.data:ti_sysbios_gates_GateMutex_Module__root__V)
                  00000b30    00000008     rom_pem3.oem3 (.data:ti_sysbios_hal_Hwi_Module__root__V)
                  00000b38    00000008     rom_pem3.oem3 (.data:ti_sysbios_heaps_HeapMem_Module__root__V)
                  00000b40    00000008     rom_pem3.oem3 (.data:ti_sysbios_knl_Clock_Module__root__V)
                  00000b48    00000008     rom_pem3.oem3 (.data:ti_sysbios_knl_Event_Module__root__V)
                  00000b50    00000008     rom_pem3.oem3 (.data:ti_sysbios_knl_Mailbox_Module__root__V)
                  00000b58    00000008     rom_pem3.oem3 (.data:ti_sysbios_knl_Queue_Module__root__V)
                  00000b60    00000008     rom_pem3.oem3 (.data:ti_sysbios_knl_Semaphore_Module__root__V)
                  00000b68    00000008     rom_pem3.oem3 (.data:ti_sysbios_knl_Swi_Module__root__V)
                  00000b70    00000008     rom_pem3.oem3 (.data:ti_sysbios_knl_Task_Module__root__V)
                  00000b78    00000008     rom_pem3.oem3 (.data:xdc_runtime_System_Module_State_0_atexitHandlers__A)
                  00000b80    00000006     smartrf_settings.obj (.data:advData)
                  00000b86    00000002     rom_pem3.oem3 (.data:ti_sysbios_family_arm_m3_Hwi_Module_State_0_excActive__A)
                  00000b88    00000004     rom_pem3.oem3 (.data:ti_sysbios_family_arm_m3_Hwi_Module_State_0_excContext__A)
                  00000b8c    00000004     rom_pem3.oem3 (.data:ti_sysbios_family_arm_m3_Hwi_Module_State_0_excStack__A)
                  00000b90    00000004     rom_pem3.oem3 (.data:ti_sysbios_knl_Task_Module_State_0_idleTask__A)
                  00000b94    00000003     scif_framework.obj (.data)

.stack     0    00000b98    00000300     UNINITIALIZED
                  00000b98    00000300     --HOLE--

.const:ti_sysbios_heaps_HeapMem_Module__FXNS__C 
*          0    00001000    00000028     
                  00001000    00000028     rom_pem3.oem3 (.const:ti_sysbios_heaps_HeapMem_Module__FXNS__C)

.const:ti_sysbios_gates_GateHwi_Module__FXNS__C 
*          0    00001028    00000024     
                  00001028    00000024     rom_pem3.oem3 (.const:ti_sysbios_gates_GateHwi_Module__FXNS__C)

.const:ti_sysbios_gates_GateMutex_Module__FXNS__C 
*          0    0000104c    00000024     
                  0000104c    00000024     rom_pem3.oem3 (.const:ti_sysbios_gates_GateMutex_Module__FXNS__C)

.const:ti_sysbios_family_arm_m3_Hwi_Object__DESC__C 
*          0    00001070    00000020     
                  00001070    00000020     rom_pem3.oem3 (.const:ti_sysbios_family_arm_m3_Hwi_Object__DESC__C)

.const:ti_sysbios_gates_GateHwi_Object__DESC__C 
*          0    00001090    00000020     
                  00001090    00000020     rom_pem3.oem3 (.const:ti_sysbios_gates_GateHwi_Object__DESC__C)

.const:ti_sysbios_gates_GateMutex_Object__DESC__C 
*          0    000010b0    00000020     
                  000010b0    00000020     rom_pem3.oem3 (.const:ti_sysbios_gates_GateMutex_Object__DESC__C)

.const:ti_sysbios_hal_Hwi_Object__DESC__C 
*          0    000010d0    00000020     
                  000010d0    00000020     rom_pem3.oem3 (.const:ti_sysbios_hal_Hwi_Object__DESC__C)

.const:ti_sysbios_heaps_HeapMem_Object__DESC__C 
*          0    000010f0    00000020     
                  000010f0    00000020     rom_pem3.oem3 (.const:ti_sysbios_heaps_HeapMem_Object__DESC__C)

.const:ti_sysbios_knl_Clock_Object__DESC__C 
*          0    00001110    00000020     
                  00001110    00000020     rom_pem3.oem3 (.const:ti_sysbios_knl_Clock_Object__DESC__C)

.const:ti_sysbios_knl_Event_Object__DESC__C 
*          0    00001130    00000020     
                  00001130    00000020     rom_pem3.oem3 (.const:ti_sysbios_knl_Event_Object__DESC__C)

.const:ti_sysbios_knl_Mailbox_Object__DESC__C 
*          0    00001150    00000020     
                  00001150    00000020     rom_pem3.oem3 (.const:ti_sysbios_knl_Mailbox_Object__DESC__C)

.const:ti_sysbios_knl_Queue_Object__DESC__C 
*          0    00001170    00000020     
                  00001170    00000020     rom_pem3.oem3 (.const:ti_sysbios_knl_Queue_Object__DESC__C)

.const:ti_sysbios_knl_Semaphore_Object__DESC__C 
*          0    00001190    00000020     
                  00001190    00000020     rom_pem3.oem3 (.const:ti_sysbios_knl_Semaphore_Object__DESC__C)

.const:ti_sysbios_knl_Swi_Object__DESC__C 
*          0    000011b0    00000020     
                  000011b0    00000020     rom_pem3.oem3 (.const:ti_sysbios_knl_Swi_Object__DESC__C)

.const:ti_sysbios_knl_Task_Object__DESC__C 
*          0    000011d0    00000020     
                  000011d0    00000020     rom_pem3.oem3 (.const:ti_sysbios_knl_Task_Object__DESC__C)

.const:ti_sysbios_knl_Idle_funcList__C 
*          0    000011f0    00000008     
                  000011f0    00000008     rom_pem3.oem3 (.const:ti_sysbios_knl_Idle_funcList__C)

.const:ti_sysbios_family_arm_cc26xx_Timer_startupNeeded__C 
*          0    000011f8    00000004     
                  000011f8    00000004     rom_pem3.oem3 (.const:ti_sysbios_family_arm_cc26xx_Timer_startupNeeded__C)

.const:ti_sysbios_family_arm_m3_Hwi_E_alreadyDefined__C 
*          0    000011fc    00000004     
                  000011fc    00000004     rom_pem3.oem3 (.const:ti_sysbios_family_arm_m3_Hwi_E_alreadyDefined__C)

.const:ti_sysbios_family_arm_m3_Hwi_E_hwiLimitExceeded__C 
*          0    00001200    00000004     
                  00001200    00000004     rom_pem3.oem3 (.const:ti_sysbios_family_arm_m3_Hwi_E_hwiLimitExceeded__C)

.const:ti_sysbios_family_arm_m3_Hwi_NUM_INTERRUPTS__C 
*          0    00001204    00000004     
                  00001204    00000004     rom_pem3.oem3 (.const:ti_sysbios_family_arm_m3_Hwi_NUM_INTERRUPTS__C)

.const:ti_sysbios_family_arm_m3_Hwi_Object__count__C 
*          0    00001208    00000004     
                  00001208    00000004     rom_pem3.oem3 (.const:ti_sysbios_family_arm_m3_Hwi_Object__count__C)

.const:ti_sysbios_family_arm_m3_Hwi_Object__table__C 
*          0    0000120c    00000004     
                  0000120c    00000004     rom_pem3.oem3 (.const:ti_sysbios_family_arm_m3_Hwi_Object__table__C)

.const:ti_sysbios_family_arm_m3_Hwi_ccr__C 
*          0    00001210    00000004     
                  00001210    00000004     rom_pem3.oem3 (.const:ti_sysbios_family_arm_m3_Hwi_ccr__C)

.const:ti_sysbios_family_arm_m3_Hwi_excHandlerFunc__C 
*          0    00001214    00000004     
                  00001214    00000004     rom_pem3.oem3 (.const:ti_sysbios_family_arm_m3_Hwi_excHandlerFunc__C)

.const:ti_sysbios_family_arm_m3_Hwi_nullIsrFunc__C 
*          0    00001218    00000004     
                  00001218    00000004     rom_pem3.oem3 (.const:ti_sysbios_family_arm_m3_Hwi_nullIsrFunc__C)

.const:ti_sysbios_family_arm_m3_Hwi_numSparseInterrupts__C 
*          0    0000121c    00000004     
                  0000121c    00000004     rom_pem3.oem3 (.const:ti_sysbios_family_arm_m3_Hwi_numSparseInterrupts__C)

.const:ti_sysbios_family_arm_m3_Hwi_priGroup__C 
*          0    00001220    00000004     
                  00001220    00000004     rom_pem3.oem3 (.const:ti_sysbios_family_arm_m3_Hwi_priGroup__C)

.const:ti_sysbios_family_arm_m3_TaskSupport_stackAlignment__C 
*          0    00001224    00000004     
                  00001224    00000004     rom_pem3.oem3 (.const:ti_sysbios_family_arm_m3_TaskSupport_stackAlignment__C)

.const:ti_sysbios_heaps_HeapMem_E_memory__C 
*          0    00001228    00000004     
                  00001228    00000004     rom_pem3.oem3 (.const:ti_sysbios_heaps_HeapMem_E_memory__C)

.const:ti_sysbios_heaps_HeapMem_Module__gateObj__C 
*          0    0000122c    00000004     
                  0000122c    00000004     rom_pem3.oem3 (.const:ti_sysbios_heaps_HeapMem_Module__gateObj__C)

.const:ti_sysbios_heaps_HeapMem_Object__count__C 
*          0    00001230    00000004     
                  00001230    00000004     rom_pem3.oem3 (.const:ti_sysbios_heaps_HeapMem_Object__count__C)

.const:ti_sysbios_heaps_HeapMem_Object__table__C 
*          0    00001234    00000004     
                  00001234    00000004     rom_pem3.oem3 (.const:ti_sysbios_heaps_HeapMem_Object__table__C)

.const:ti_sysbios_heaps_HeapMem_reqAlign__C 
*          0    00001238    00000004     
                  00001238    00000004     rom_pem3.oem3 (.const:ti_sysbios_heaps_HeapMem_reqAlign__C)

.const:ti_sysbios_knl_Clock_triggerClock__C 
*          0    0000123c    00000004     
                  0000123c    00000004     rom_pem3.oem3 (.const:ti_sysbios_knl_Clock_triggerClock__C)

.const:ti_sysbios_knl_Mailbox_Object__count__C 
*          0    00001240    00000004     
                  00001240    00000004     rom_pem3.oem3 (.const:ti_sysbios_knl_Mailbox_Object__count__C)

.const:ti_sysbios_knl_Mailbox_Object__table__C 
*          0    00001244    00000004     
                  00001244    00000004     rom_pem3.oem3 (.const:ti_sysbios_knl_Mailbox_Object__table__C)

.const:ti_sysbios_knl_Mailbox_maxTypeAlign__C 
*          0    00001248    00000004     
                  00001248    00000004     rom_pem3.oem3 (.const:ti_sysbios_knl_Mailbox_maxTypeAlign__C)

.const:ti_sysbios_knl_Queue_Object__count__C 
*          0    0000124c    00000004     
                  0000124c    00000004     rom_pem3.oem3 (.const:ti_sysbios_knl_Queue_Object__count__C)

.const:ti_sysbios_knl_Queue_Object__table__C 
*          0    00001250    00000004     
                  00001250    00000004     rom_pem3.oem3 (.const:ti_sysbios_knl_Queue_Object__table__C)

.const:ti_sysbios_knl_Semaphore_eventPost__C 
*          0    00001254    00000004     
                  00001254    00000004     rom_pem3.oem3 (.const:ti_sysbios_knl_Semaphore_eventPost__C)

.const:ti_sysbios_knl_Semaphore_eventSync__C 
*          0    00001258    00000004     
                  00001258    00000004     rom_pem3.oem3 (.const:ti_sysbios_knl_Semaphore_eventSync__C)

.const:ti_sysbios_knl_Swi_Object__count__C 
*          0    0000125c    00000004     
                  0000125c    00000004     rom_pem3.oem3 (.const:ti_sysbios_knl_Swi_Object__count__C)

.const:ti_sysbios_knl_Swi_Object__table__C 
*          0    00001260    00000004     
                  00001260    00000004     rom_pem3.oem3 (.const:ti_sysbios_knl_Swi_Object__table__C)

.const:ti_sysbios_knl_Swi_numPriorities__C 
*          0    00001264    00000004     
                  00001264    00000004     rom_pem3.oem3 (.const:ti_sysbios_knl_Swi_numPriorities__C)

.const:ti_sysbios_knl_Task_Object__count__C 
*          0    00001268    00000004     
                  00001268    00000004     rom_pem3.oem3 (.const:ti_sysbios_knl_Task_Object__count__C)

.const:ti_sysbios_knl_Task_Object__table__C 
*          0    0000126c    00000004     
                  0000126c    00000004     rom_pem3.oem3 (.const:ti_sysbios_knl_Task_Object__table__C)

.const:ti_sysbios_knl_Task_allBlockedFunc__C 
*          0    00001270    00000004     
                  00001270    00000004     rom_pem3.oem3 (.const:ti_sysbios_knl_Task_allBlockedFunc__C)

.const:ti_sysbios_knl_Task_defaultStackHeap__C 
*          0    00001274    00000004     
                  00001274    00000004     rom_pem3.oem3 (.const:ti_sysbios_knl_Task_defaultStackHeap__C)

.const:ti_sysbios_knl_Task_defaultStackSize__C 
*          0    00001278    00000004     
                  00001278    00000004     rom_pem3.oem3 (.const:ti_sysbios_knl_Task_defaultStackSize__C)

.const:ti_sysbios_knl_Task_numConstructedTasks__C 
*          0    0000127c    00000004     
                  0000127c    00000004     rom_pem3.oem3 (.const:ti_sysbios_knl_Task_numConstructedTasks__C)

.const:ti_sysbios_family_arm_cc26xx_Timer_Module__id__C 
*          0    00001280    00000002     
                  00001280    00000002     rom_pem3.oem3 (.const:ti_sysbios_family_arm_cc26xx_Timer_Module__id__C)

.const:ti_sysbios_family_arm_cc26xx_TimestampProvider_useClockTimer__C 
*          0    00001282    00000002     
                  00001282    00000002     rom_pem3.oem3 (.const:ti_sysbios_family_arm_cc26xx_TimestampProvider_useClockTimer__C)

.const:ti_sysbios_family_arm_m3_Hwi_Module__id__C 
*          0    00001284    00000002     
                  00001284    00000002     rom_pem3.oem3 (.const:ti_sysbios_family_arm_m3_Hwi_Module__id__C)

.const:ti_sysbios_gates_GateHwi_Module__id__C 
*          0    00001286    00000002     
                  00001286    00000002     rom_pem3.oem3 (.const:ti_sysbios_gates_GateHwi_Module__id__C)

.const:ti_sysbios_gates_GateMutex_Module__id__C 
*          0    00001288    00000002     
                  00001288    00000002     rom_pem3.oem3 (.const:ti_sysbios_gates_GateMutex_Module__id__C)

.const:ti_sysbios_heaps_HeapMem_Module__id__C 
*          0    0000128a    00000002     
                  0000128a    00000002     rom_pem3.oem3 (.const:ti_sysbios_heaps_HeapMem_Module__id__C)

.const:ti_sysbios_knl_Task_initStackFlag__C 
*          0    0000128c    00000002     
                  0000128c    00000002     rom_pem3.oem3 (.const:ti_sysbios_knl_Task_initStackFlag__C)

.const:ti_sysbios_knl_Clock_tickMode__C 
*          0    0000128e    00000001     
                  0000128e    00000001     rom_pem3.oem3 (.const:ti_sysbios_knl_Clock_tickMode__C)

.const:xdc_runtime_Startup_firstFxns__C 
*          0    00001290    00000008     
                  00001290    00000008     rom_pem3.oem3 (.const:xdc_runtime_Startup_firstFxns__C)

.const:xdc_runtime_Startup_lastFxns__C 
*          0    00001298    00000008     
                  00001298    00000008     rom_pem3.oem3 (.const:xdc_runtime_Startup_lastFxns__C)

.const:xdc_runtime_Assert_E_assertFailed__C 
*          0    000012a0    00000004     
                  000012a0    00000004     rom_pem3.oem3 (.const:xdc_runtime_Assert_E_assertFailed__C)

.const:xdc_runtime_Error_E_memory__C 
*          0    000012a4    00000004     
                  000012a4    00000004     rom_pem3.oem3 (.const:xdc_runtime_Error_E_memory__C)

.const:xdc_runtime_Error_policyFxn__C 
*          0    000012a8    00000004     
                  000012a8    00000004     rom_pem3.oem3 (.const:xdc_runtime_Error_policyFxn__C)

.const:xdc_runtime_Error_raiseHook__C 
*          0    000012ac    00000004     
                  000012ac    00000004     rom_pem3.oem3 (.const:xdc_runtime_Error_raiseHook__C)

.const:xdc_runtime_IGateProvider_Interface__BASE__C 
*          0    000012b0    00000004     
                  000012b0    00000004     rom_pem3.oem3 (.const:xdc_runtime_IGateProvider_Interface__BASE__C)

.const:xdc_runtime_IHeap_Interface__BASE__C 
*          0    000012b4    00000004     
                  000012b4    00000004     rom_pem3.oem3 (.const:xdc_runtime_IHeap_Interface__BASE__C)

.const:xdc_runtime_IModule_Interface__BASE__C 
*          0    000012b8    00000004     
                  000012b8    00000004     rom_pem3.oem3 (.const:xdc_runtime_IModule_Interface__BASE__C)

.const:xdc_runtime_Memory_defaultHeapInstance__C 
*          0    000012bc    00000004     
                  000012bc    00000004     rom_pem3.oem3 (.const:xdc_runtime_Memory_defaultHeapInstance__C)

.const:xdc_runtime_Startup_execImpl__C 
*          0    000012c0    00000004     
                  000012c0    00000004     rom_pem3.oem3 (.const:xdc_runtime_Startup_execImpl__C)

.const:xdc_runtime_Startup_maxPasses__C 
*          0    000012c4    00000004     
                  000012c4    00000004     rom_pem3.oem3 (.const:xdc_runtime_Startup_maxPasses__C)

.const:xdc_runtime_Startup_sfxnRts__C 
*          0    000012c8    00000004     
                  000012c8    00000004     rom_pem3.oem3 (.const:xdc_runtime_Startup_sfxnRts__C)

.const:xdc_runtime_Startup_sfxnTab__C 
*          0    000012cc    00000004     
                  000012cc    00000004     rom_pem3.oem3 (.const:xdc_runtime_Startup_sfxnTab__C)

.const:xdc_runtime_Startup_startModsFxn__C 
*          0    000012d0    00000004     
                  000012d0    00000004     rom_pem3.oem3 (.const:xdc_runtime_Startup_startModsFxn__C)

.const:xdc_runtime_SysCallback_abortFxn__C 
*          0    000012d4    00000004     
                  000012d4    00000004     rom_pem3.oem3 (.const:xdc_runtime_SysCallback_abortFxn__C)

.const:xdc_runtime_SysCallback_exitFxn__C 
*          0    000012d8    00000004     
                  000012d8    00000004     rom_pem3.oem3 (.const:xdc_runtime_SysCallback_exitFxn__C)

.const:xdc_runtime_System_abortFxn__C 
*          0    000012dc    00000004     
                  000012dc    00000004     rom_pem3.oem3 (.const:xdc_runtime_System_abortFxn__C)

.const:xdc_runtime_System_exitFxn__C 
*          0    000012e0    00000004     
                  000012e0    00000004     rom_pem3.oem3 (.const:xdc_runtime_System_exitFxn__C)

.const:xdc_runtime_System_maxAtexitHandlers__C 
*          0    000012e4    00000004     
                  000012e4    00000004     rom_pem3.oem3 (.const:xdc_runtime_System_maxAtexitHandlers__C)

.const:xdc_runtime_Text_charTab__C 
*          0    000012e8    00000004     
                  000012e8    00000004     rom_pem3.oem3 (.const:xdc_runtime_Text_charTab__C)

.const:xdc_runtime_Text_nameEmpty__C 
*          0    000012ec    00000004     
                  000012ec    00000004     rom_pem3.oem3 (.const:xdc_runtime_Text_nameEmpty__C)

.const:xdc_runtime_Text_nameStatic__C 
*          0    000012f0    00000004     
                  000012f0    00000004     rom_pem3.oem3 (.const:xdc_runtime_Text_nameStatic__C)

.const:xdc_runtime_Text_nameUnknown__C 
*          0    000012f4    00000004     
                  000012f4    00000004     rom_pem3.oem3 (.const:xdc_runtime_Text_nameUnknown__C)

.const:xdc_runtime_Error_maxDepth__C 
*          0    000012f8    00000002     
                  000012f8    00000002     rom_pem3.oem3 (.const:xdc_runtime_Error_maxDepth__C)

.const:xdc_runtime_Memory_Module__id__C 
*          0    000012fa    00000002     
                  000012fa    00000002     rom_pem3.oem3 (.const:xdc_runtime_Memory_Module__id__C)

.const:xdc_runtime_Text_charCnt__C 
*          0    000012fc    00000002     
                  000012fc    00000002     rom_pem3.oem3 (.const:xdc_runtime_Text_charCnt__C)

.const:xdc_runtime_Text_isLoaded__C 
*          0    000012fe    00000002     
                  000012fe    00000002     rom_pem3.oem3 (.const:xdc_runtime_Text_isLoaded__C)

.const:xdc_runtime_Error_policy__C 
*          0    00001300    00000001     
                  00001300    00000001     rom_pem3.oem3 (.const:xdc_runtime_Error_policy__C)

.const:ti_sysbios_rom_ROM_ti_sysbios_family_arm_cc26xx_Timer_getCount64__E 
*          0    00001304    00000004     
                  00001304    00000004     rom_pem3.oem3 (.const:ti_sysbios_rom_ROM_ti_sysbios_family_arm_cc26xx_Timer_getCount64__E)

.const:ti_sysbios_rom_ROM_ti_sysbios_family_arm_cc26xx_Timer_getCurrentTick__E 
*          0    00001308    00000004     
                  00001308    00000004     rom_pem3.oem3 (.const:ti_sysbios_rom_ROM_ti_sysbios_family_arm_cc26xx_Timer_getCurrentTick__E)

.const:ti_sysbios_rom_ROM_ti_sysbios_family_arm_cc26xx_Timer_getMaxTicks__E 
*          0    0000130c    00000004     
                  0000130c    00000004     rom_pem3.oem3 (.const:ti_sysbios_rom_ROM_ti_sysbios_family_arm_cc26xx_Timer_getMaxTicks__E)

.const:ti_sysbios_rom_ROM_ti_sysbios_family_arm_cc26xx_Timer_initDevice__I 
*          0    00001310    00000004     
                  00001310    00000004     rom_pem3.oem3 (.const:ti_sysbios_rom_ROM_ti_sysbios_family_arm_cc26xx_Timer_initDevice__I)

.const:ti_sysbios_rom_ROM_ti_sysbios_family_arm_cc26xx_Timer_setNextTick__E 
*          0    00001314    00000004     
                  00001314    00000004     rom_pem3.oem3 (.const:ti_sysbios_rom_ROM_ti_sysbios_family_arm_cc26xx_Timer_setNextTick__E)

.const:ti_sysbios_rom_ROM_ti_sysbios_family_arm_cc26xx_Timer_setThreshold__I 
*          0    00001318    00000004     
                  00001318    00000004     rom_pem3.oem3 (.const:ti_sysbios_rom_ROM_ti_sysbios_family_arm_cc26xx_Timer_setThreshold__I)

.const:ti_sysbios_rom_ROM_ti_sysbios_family_arm_cc26xx_Timer_start__E 
*          0    0000131c    00000004     
                  0000131c    00000004     rom_pem3.oem3 (.const:ti_sysbios_rom_ROM_ti_sysbios_family_arm_cc26xx_Timer_start__E)

.const:ti_sysbios_rom_ROM_ti_sysbios_family_arm_cc26xx_TimestampProvider_get32__E 
*          0    00001320    00000004     
                  00001320    00000004     rom_pem3.oem3 (.const:ti_sysbios_rom_ROM_ti_sysbios_family_arm_cc26xx_TimestampProvider_get32__E)

.const:ti_sysbios_rom_ROM_xdc_runtime_Startup_getState__I 
*          0    00001324    00000004     
                  00001324    00000004     rom_pem3.oem3 (.const:ti_sysbios_rom_ROM_xdc_runtime_Startup_getState__I)

.const:ti_sysbios_rom_ROM_xdc_runtime_System_SupportProxy_abort__E 
*          0    00001328    00000004     
                  00001328    00000004     rom_pem3.oem3 (.const:ti_sysbios_rom_ROM_xdc_runtime_System_SupportProxy_abort__E)

.const:ti_sysbios_rom_ROM_xdc_runtime_System_SupportProxy_exit__E 
*          0    0000132c    00000004     
                  0000132c    00000004     rom_pem3.oem3 (.const:ti_sysbios_rom_ROM_xdc_runtime_System_SupportProxy_exit__E)

.text      0    00001330    0000402c     
                  00001330    00000384     main_tirtos.obj (.text:taskFxn)
                  000016b4    0000033c     RFCC26XX_singleMode.obj (.text:fsmActiveState$3)
                  000019f0    00000314     drivers_cc26x0r2.aem3 : PowerCC26XX_calibrateRCOSC.oem3 (.text:PowerCC26XX_auxISR)
                  00001d04    00000244                           : PowerCC26XX.oem3 (.text:Power_sleep)
                  00001f48    00000230     RFCC26XX_singleMode.obj (.text:RF_open)
                  00002178    00000210     driverlib.lib : sys_ctrl.obj (.text:NOROM_SysCtrlSetRechargeBeforePowerDown)
                  00002388    000001f4     rtsv7M3_T_le_eabi.lib : ull_div_t2.obj (.text)
                  0000257c    000001e0     PINCC26XX.obj (.text:PIN_init)
                  0000275c    000001dc     RFCC26XX_singleMode.obj (.text:fsmSetupState$3)
                  00002938    000001bc     RFCC26XX_singleMode.obj (.text:hwiFxnCpe0Active$3)
                  00002af4    00000190     drivers_cc26x0r2.aem3 : PowerCC26XX_calibrateRCOSC.oem3 (.text:PowerCC26XX_doCalibrate)
                  00002c84    0000012c                           : PowerCC26XX.oem3 (.text:Power_init)
                  00002db0    00000100     RFCC26XX_singleMode.obj (.text:radioOpDoneCb$3)
                  00002eb0    000000ec     RFCC26XX_singleMode.obj (.text:fsmPowerUpState$3)
                  00002f9c    000000e8     dpl_cc26x0r2.aem3 : PowerCC26XX_tirtos.oem3 (.text:PowerCC26XX_standbyPolicy)
                  00003084    000000e0     RFCC26XX_singleMode.obj (.text:RF_pendCmd)
                  00003164    000000dc     PINCC26XX.obj (.text:PINCC26XX_setIoCfg$2)
                  00003240    000000bc     drivers_cc26x0r2.aem3 : PowerCC26XX.oem3 (.text:Power_releaseDependency)
                  000032fc    000000b4     driverlib.lib : setup.obj (.text:NOROM_SetupTrimDevice)
                  000033b0    000000b4     drivers_cc26x0r2.aem3 : PowerCC26XX.oem3 (.text:Power_setDependency)
                  00003464    000000a8     RFCC26XX_singleMode.obj (.text:swiFxnHw$3)
                  0000350c    000000a4     scif_framework.obj (.text:scifCtrlTasksNbl$6)
                  000035b0    000000a4     drivers_cc26x0r2.aem3 : PowerCC26XX.oem3 (.text:switchXOSCHFclockFunc)
                  00003654    000000a0     auto_init.aem3 : auto_init.oem3 (.text)
                  000036f4    0000009c     rtsv7M3_T_le_eabi.lib : memcpy_t2.obj (.text)
                  00003790    00000098     rom_sysbios.aem3 : rom_sysbios.obj (.text:ti_sysbios_knl_Clock_workFuncDynamic__E)
                  00003828    00000090     driverlib.lib : setup.obj (.text:TrimAfterColdResetWakeupFromShutDown$17)
                  000038b8    00000088     RFCC26XX_singleMode.obj (.text:hwiFxnHw$3)
                  00003940    00000088     RFCC26XX_singleMode.obj (.text:ratFreeChannel$3)
                  000039c8    0000007c     RFCC26XX_singleMode.obj (.text:calculateDeltaTimeUs$3)
                  00003a44    0000007c     RFCC26XX_singleMode.obj (.text:rfReleaseConstraint)
                  00003ac0    0000007a     rtsv7M3_T_le_eabi.lib : memset_t2.obj (.text)
                  00003b3a    00000002     RFCC26XX_singleMode.obj (.text:defaultCallback$3)
                  00003b3c    00000074     rom_sysbios.aem3 : rom_sysbios.obj (.text:ti_sysbios_family_arm_cc26xx_Timer_start__E)
                  00003bb0    00000070     driverlib.lib : sys_ctrl.obj (.text:NOROM_SysCtrlAdjustRechargeAfterPowerDown)
                  00003c20    00000070     drivers_cc26x0r2.aem3 : PowerCC26XX.oem3 (.text:lfClockReadyCallback)
                  00003c90    0000006c     driverlib.lib : osc.obj (.text:NOROM_OSCHF_AttemptToSwitchToXosc)
                  00003cfc    0000006c     drivers_cc26x0r2.aem3 : PowerCC26XX_calibrateRCOSC.oem3 (.text:PowerCC26XX_initiateCalibration)
                  00003d68    0000006c                           : PowerCC26XX.oem3 (.text:configureXOSCHF)
                  00003dd4    0000006c     RFCC26XX_singleMode.obj (.text:ratDispatchTime$3)
                  00003e40    00000068     driverlib.lib : sys_ctrl.obj (.text:NOROM_SysCtrl_DCDC_VoltageConditionalControl)
                  00003ea8    00000068     rtsv7M3_T_le_eabi.lib : copy_decompress_lzss.obj (.text:decompress:lzss)
                  00003f10    00000068     main_tirtos.obj (.text:main)
                  00003f78    00000068     rtsv7M3_T_le_eabi.lib : trgmsg.obj (.text)
                  00003fe0    00000060     RFCC26XX_singleMode.obj (.text:fsmXOSCState$3)
                  00004040    0000005c     drivers_cc26x0r2.aem3 : PowerCC26XX_calibrateRCOSC.oem3 (.text:PowerCC26XX_RCOSC_clockFunc)
                  0000409c    0000005c                           : PowerCC26XX.oem3 (.text:PowerCC26XX_calibrate)
                  000040f8    0000005c     rom_pem3.oem3 (.text:xdc_runtime_Startup_getState__I)
                  00004154    0000005a     RFCC26XX_singleMode.obj (.text:syncCb$3)
                  000041ae    00000002     drivers_cc26x0r2.aem3 : PowerCC26XX.oem3 (.text:emptyClockFunc)
                  000041b0    00000058     RFCC26XX_singleMode.obj (.text:dispatchNextEvent$3)
                  00004208    00000054     RFCC26XX_singleMode.obj (.text:cmdDispatchTime$3)
                  0000425c    00000054     rtsv7M3_T_le_eabi.lib : hostwrite.obj (.text)
                  000042b0    0000004c     RFCC26XX_singleMode.obj (.text:RF_wakeupNotifyFxn$3)
                  000042fc    0000004c     rtsv7M3_T_le_eabi.lib : cpy_tbl.obj (.text)
                  00004348    0000004c     scif_framework.obj (.text:scifInitIo)
                  00004394    00000048     dpl_cc26x0r2.aem3 : ClockP_tirtos.oem3 (.text:ClockP_construct)
                  000043dc    00000048     RFCC26XX_singleMode.obj (.text:Q_push$3)
                  00004424    00000048     rom_sysbios.aem3 : rom_sysbios.obj (.text:ti_sysbios_family_arm_cc26xx_Timer_setThreshold__I)
                  0000446c    00000044     driverlib.lib : osc.obj (.text:NOROM_OSCHF_SwitchToRcOscTurnOffXosc)
                  000044b0    00000044     boot.aem3 : boot.oem3 (.text)
                  000044f4    00000044     drivers_cc26x0r2.aem3 : PowerCC26XX.oem3 (.text:notify)
                  00004538    00000044     rom_sysbios.aem3 : rom_sysbios.obj (.text:xdc_runtime_SysMin_flush__E)
                  0000457c    00000040     PINCC26XX.obj (.text:PIN_swi$2)
                  000045bc    00000040     drivers_cc26x0r2.aem3 : PowerCC26XX.oem3 (.text:PowerCC26XX_isStableXOSC_HF)
                  000045fc    0000003e     dpl_cc26x0r2.aem3 : HwiP_tirtos.oem3 (.text:HwiP_construct)
                  0000463a    00000002     main_tirtos.obj (.text:scCtrlReadyCallback)
                  0000463c    0000003c     driverlib.lib : osc.obj (.text:NOROM_OSC_HPOSCRelativeFrequencyOffsetGet)
                  00004678    0000003c     dpl_cc26x0r2.aem3 : SwiP_tirtos.oem3 (.text:SwiP_construct)
                  000046b4    0000003c     drivers_cc26x0r2.aem3 : PowerCC26XX.oem3 (.text:disableLfClkQualifiersEnableClkLoss)
                  000046f0    0000003c     rom_sysbios.aem3 : rom_sysbios.obj (.text:ti_sysbios_family_arm_m3_Hwi_construct2__E)
                  0000472c    00000038     scif_framework.obj (.text:scifOsalInit)
                  00004764    00000038     rom_sysbios.aem3 : rom_sysbios.obj (.text:ti_sysbios_family_arm_cc26xx_Timer_getCurrentTick__E)
                  0000479c    00000038                      : rom_sysbios.obj (.text:xdc_runtime_SysMin_putch__E)
                  000047d4    00000036     RFCC26XX_singleMode.obj (.text:calculateDispatchTime$3)
                  0000480a    00000002     rom_pem3.oem3 (.text:ti_sysbios_BIOS_nullFunc__I)
                  0000480c    00000034     drivers_cc26x0r2.aem3 : PowerCC26XX.oem3 (.text:Power_releaseConstraint)
                  00004840    00000034     scif_framework.obj (.text:osalRegisterCtrlReadyInt$6)
                  00004874    00000034     scif_framework.obj (.text:osalRegisterTaskAlertInt$6)
                  000048a8    00000034     rom_sysbios.aem3 : rom_sysbios.obj (.text:ti_sysbios_family_arm_cc26xx_Timer_initDevice__I)
                  000048dc    00000032                      : rom_sysbios.obj (.text:ti_sysbios_family_arm_cc26xx_Timer_setNextTick__E)
                  0000490e    00000002     rom_pem3.oem3 (.text:ti_sysbios_rom_cortexm_cc26xx_r2_CC26xx_badRomRevision__E)
                  00004910    00000030     drivers_cc26x0r2.aem3 : PowerCC26XX.oem3 (.text:Power_setConstraint)
                  00004940    00000030     RFCC26XX_singleMode.obj (.text:getCmd$3)
                  00004970    00000030     rom_pem3.oem3 (.text:ti_sysbios_BIOS_atExitFunc__I)
                  000049a0    00000030     rom_pem3.oem3 (.text:ti_sysbios_BIOS_startFunc__I)
                  000049d0    00000030     rom_sysbios.aem3 : rom_sysbios.obj (.text:xdc_runtime_SysMin_abort__E)
                  00004a00    0000002c     driverlib.lib : chipinfo.obj (.text:NOROM_ChipInfo_GetChipFamily)
                  00004a2c    0000002c     dpl_cc26x0r2.aem3 : SemaphoreP_tirtos.oem3 (.text:SemaphoreP_constructBinary)
                  00004a58    0000002c     RFCC26XX_singleMode.obj (.text:executeDirectImmediateCmd$3)
                  00004a84    0000002c     rom_sysbios.aem3 : rom_sysbios.obj (.text:ti_sysbios_knl_Clock_getTicksUntilInterrupt__E)
                  00004ab0    0000002a                      : rom_sysbios.obj (.text:ti_sysbios_knl_Clock_getTimeout__E)
                  00004ada    00000002                      : rom_sysbios.obj (.text:xdc_runtime_SysCallback_defaultAbort)
                  00004adc    00000028     driverlib.lib : rfc.obj (.text:NOROM_RFCDoorbellSendTo)
                  00004b04    00000028     drivers_cc26x0r2.aem3 : PowerCC26XX.oem3 (.text:Power_registerNotify)
                  00004b2c    00000028     driverlib.lib : adi.obj (.text:SafeHapiVoid)
                  00004b54    00000028     smartrf_settings.obj (.text:applyBlePatch$10)
                  00004b7c    00000028     scif_framework.obj (.text:osalCtrlReadyIsr$6)
                  00004ba4    00000024     driverlib.lib : osc.obj (.text:NOROM_OSCHF_TurnOnXosc)
                  00004bc8    00000024     RFCC26XX_singleMode.obj (.text:hwiFxnCpe0PowerFsm$3)
                  00004bec    00000024     rom_pem3.oem3 (.text:ti_sysbios_BIOS_registerRTSLock__I)
                  00004c10    00000024     rom_pem3.oem3 (.text:ti_sysbios_BIOS_removeRTSLock__I)
                  00004c34    00000024     rom_sysbios.aem3 : rom_sysbios.obj (.text:ti_sysbios_family_arm_cc26xx_Timer_getMaxTicks__E)
                  00004c58    00000022     drivers_cc26x0r2.aem3 : List.oem3 (.text:List_put)
                  00004c7a    00000022     rom_pem3.oem3 (.text:xdc_runtime_SysMin_output__I)
                  00004c9c    00000020     dpl_cc26x0r2.aem3 : PowerCC26XX_tirtos.oem3 (.text:PowerCC26XX_schedulerDisable)
                  00004cbc    00000020                       : PowerCC26XX_tirtos.oem3 (.text:PowerCC26XX_schedulerRestore)
                  00004cdc    00000020     rom_pem3.oem3 (.text:ti_sysbios_BIOS_rtsLock__I)
                  00004cfc    00000020     rom_sysbios.aem3 : rom_sysbios.obj (.text:ti_sysbios_family_arm_cc26xx_Timer_dynamicStub__E)
                  00004d1c    00000020                      : rom_sysbios.obj (.text:xdc_runtime_SysMin_Module_startup__E)
                  00004d3c    0000001e     drivers_cc26x0r2.aem3 : PowerCC26XX.oem3 (.text:Power_getTransitionLatency)
                  00004d5a    0000001e     scif_tsop38140.obj (.text:scifTaskResourceInit$9)
                  00004d78    0000001c     driverlib.lib : ioc.obj (.text:NOROM_IOCIODrvStrengthSet)
                  00004d94    0000001c     PINCC26XX.obj (.text:PINCC26XX_setIoCfgMux$2)
                  00004db0    0000001c     PINCC26XX.obj (.text:PIN_hwi$2)
                  00004dcc    0000001c     RFCC26XX_singleMode.obj (.text:ratGetChannel$3)
                  00004de8    0000001c     RFCC26XX_singleMode.obj (.text:rfSetConstraint)
                  00004e04    0000001c     rom_sysbios.aem3 : rom_sysbios.obj (.text:ti_sysbios_family_arm_m3_Hwi_clearInterrupt__E)
                  00004e20    0000001c                      : rom_sysbios.obj (.text:ti_sysbios_knl_Swi_construct2__E)
                  00004e3c    0000001c                      : rom_sysbios.obj (.text:xdc_runtime_SysMin_exit__E)
                  00004e58    00000018     driverlib.lib : rfc.obj (.text:NOROM_RFCCpeIntGetAndClear)
                  00004e70    00000018     drivers_cc26x0r2.aem3 : PowerCC26XX.oem3 (.text:Power_idleFunc)
                  00004e88    00000018     RFCC26XX_singleMode.obj (.text:Q_pop$3)
                  00004ea0    00000018     drivers_cc26x0r2.aem3 : PowerCC26XX.oem3 (.text:configureRFCoreClocks)
                  00004eb8    00000018     scif_framework.obj (.text:osalTaskAlertIsr$6)
                  00004ed0    00000018     rtsv7M3_T_le_eabi.lib : args_main.obj (.text)
                  00004ee8    00000018                           : ll_mul_t2.obj (.text)
                  00004f00    00000018     scif_framework.obj (.text:scifReinitIo)
                  00004f18    00000018     scif_framework.obj (.text:scifUninitIo)
                  00004f30    00000018     RFCC26XX_singleMode.obj (.text:swiFxnFsm$3)
                  00004f48    00000018     rom_pem3.oem3 (.text:ti_sysbios_BIOS_rtsUnlock__I)
                  00004f60    00000018     rom_sysbios.aem3 : rom_sysbios.obj (.text:ti_sysbios_knl_Swi_or__E)
                  00004f78    00000018     rom_pem3.oem3 (.text:ti_sysbios_rom_cortexm_cc26xx_r2_CC26xx_checkRevision__E)
                  00004f90    00000016     scif_tsop38140.obj (.text:scifTaskResourceUninit$9)
                  00004fa6    00000016     rom_pem3.oem3 (.text:ti_sysbios_BIOS_errorRaiseHook__I)
                  00004fbc    00000016     rom_pem3.oem3 (.text:ti_sysbios_BIOS_exitFunc__I)
                  00004fd2    00000002     rom_sysbios.aem3 : rom_sysbios.obj (.text:xdc_runtime_SysCallback_defaultExit)
                  00004fd4    00000014     RFCC26XX_singleMode.obj (.text:RF_Params_init)
                  00004fe8    00000014     rtsv7M3_T_le_eabi.lib : _lock.obj (.text)
                  00004ffc    00000014     rom_sysbios.aem3 : rom_sysbios.obj (.text:ti_sysbios_family_arm_cc26xx_Timer_getCount64__E)
                  00005010    00000014     rom_pem3.oem3 (.text:ti_sysbios_knl_Clock_doTick__I)
                  00005024    00000012     dpl_cc26x0r2.aem3 : SemaphoreP_tirtos.oem3 (.text:SemaphoreP_pend)
                  00005036    00000012     rom_pem3.oem3 (.text:xdc_runtime_Startup_exec__I)
                  00005048    00000010     dpl_cc26x0r2.aem3 : ClockP_tirtos.oem3 (.text:ClockP_isActive)
                  00005058    00000010                       : HwiP_tirtos.oem3 (.text:HwiP_Params_init)
                  00005068    00000010                       : SwiP_tirtos.oem3 (.text:SwiP_Params_init)
                  00005078    00000010     RFCC26XX_singleMode.obj (.text:clkPowerUpFxn$3)
                  00005088    00000010     RFCC26XX_singleMode.obj (.text:ratConfigureChannel$3)
                  00005098    00000010     RFCC26XX_singleMode.obj (.text:restartClockTimeout$3)
                  000050a8    00000010     rom_sysbios.aem3 : rom_sysbios.obj (.text:ti_sysbios_family_arm_m3_Hwi_post__E)
                  000050b8    0000000e     rtsv7M3_T_le_eabi.lib : copy_decompress_none.obj (.text:decompress:none)
                  000050c6    0000000e     rom_sysbios.aem3 : rom_sysbios.obj (.text:ti_sysbios_family_arm_cc26xx_TimestampProvider_get32__E)
                  000050d4    0000000c     RFCC26XX_singleMode.obj (.text:FsmNextState$3)
                  000050e0    0000000c     drivers_cc26x0r2.aem3 : List.oem3 (.text:List_empty)
                  000050ec    0000000c     driverlib.lib : cpu.obj (.text:NOROM_CPUcpsid)
                  000050f8    0000000c                   : cpu.obj (.text:NOROM_CPUcpsie)
                  00005104    0000000c                   : osc.obj (.text:NOROM_OSC_HPOSCRelativeFrequencyOffsetToRFCoreFormatConvert)
                  00005110    0000000c     drivers_cc26x0r2.aem3 : PowerCC26XX.oem3 (.text:Power_getConstraintMask)
                  0000511c    0000000c                           : PowerCC26XX.oem3 (.text:Power_getDependencyCount)
                  00005128    0000000c     rtsv7M3_T_le_eabi.lib : copy_zero_init.obj (.text:decompress:ZI)
                  00005134    0000000c     scif_framework.obj (.text:osalUnlockCtrlTaskNbl$6)
                  00005140    0000000c     main_tirtos.obj (.text:scTaskAlertCallback)
                  0000514c    0000000c     rom_sysbios.aem3 : rom_sysbios.obj (.text:ti_sysbios_knl_Swi_getTrigger__E)
                  00005158    0000000c     rom_pem3.oem3 (.text:xdc_runtime_Startup_reset__I)
                  00005164    00000006     dpl_cc26x0r2.aem3 : ClockP_tirtos.oem3 (.text:ClockP_Params_init)
                  0000516a    00000006     RFCC26XX_singleMode.obj (.text:clkInactivityFxn$3)
                  00005170    00000006     scif_framework.obj (.text:osalClearCtrlReadyInt$6)
                  00005176    00000006     scif_framework.obj (.text:osalClearTaskAlertInt$6)
                  0000517c    00000006     scif_framework.obj (.text:osalDisableCtrlReadyInt$6)
                  00005182    00000006     scif_framework.obj (.text:osalEnableCtrlReadyInt$6)
                  00005188    00000006     scif_framework.obj (.text:scifOsalDisableTaskAlertInt)
                  0000518e    00000006     scif_framework.obj (.text:scifOsalEnableTaskAlertInt)
                  00005194    00000006     rom_sysbios.aem3 : rom_sysbios.obj (.text:ti_sysbios_family_arm_m3_Hwi_setFunc__E)
                  0000519a    00000004     dpl_cc26x0r2.aem3 : PowerCC26XX_tirtos.oem3 (.text:CPUwfi)
                  0000519e    00000004                       : ClockP_tirtos.oem3 (.text:ClockP_getTimeout)
                  000051a2    00000004                       : ClockP_tirtos.oem3 (.text:ClockP_setTimeout)
                  000051a6    00000004                       : ClockP_tirtos.oem3 (.text:ClockP_start)
                  000051aa    00000004                       : ClockP_tirtos.oem3 (.text:ClockP_stop)
                  000051ae    00000004                       : HwiP_tirtos.oem3 (.text:HwiP_disable)
                  000051b2    00000004                       : HwiP_tirtos.oem3 (.text:HwiP_enableInterrupt)
                  000051b6    00000004                       : HwiP_tirtos.oem3 (.text:HwiP_post)
                  000051ba    00000004                       : HwiP_tirtos.oem3 (.text:HwiP_setFunc)
                  000051be    00000004     drivers_cc26x0r2.aem3 : List.oem3 (.text:List_head)
                  000051c2    00000004                           : List.oem3 (.text:List_next)
                  000051c6    00000004                           : PowerCC26XX.oem3 (.text:PowerCC26XX_switchXOSC_HF)
                  000051ca    00000004     RFCC26XX_singleMode.obj (.text:Q_peek$3)
                  000051ce    00000004     dpl_cc26x0r2.aem3 : SemaphoreP_tirtos.oem3 (.text:SemaphoreP_post)
                  000051d2    00000004                       : SwiP_tirtos.oem3 (.text:SwiP_disable)
                  000051d6    00000004                       : SwiP_tirtos.oem3 (.text:SwiP_getTrigger)
                  000051da    00000004                       : SwiP_tirtos.oem3 (.text:SwiP_or)
                  000051de    00000004     drivers_cc26x0r2.aem3 : PowerCC26XX.oem3 (.text:nopResourceHandler)
                  000051e2    00000004     smartrf_settings.obj (.text:rf_patch_cpe_ble$10)
                  000051e6    00000004     scif_framework.obj (.text:scifOsalEnterCriticalSection)
                  000051ea    00000004     scif_framework.obj (.text:scifOsalLeaveCriticalSection)
                  000051ee    00000004     rom_sysbios.aem3 : rom_sysbios.obj (.text:ti_sysbios_knl_Clock_isActive__E)
                  000051f2    00000002     --HOLE-- [fill = 0]
                  000051f4    00000008     (.tramp.ti_sysbios_knl_Semaphore_pend__E.1)
                  000051fc    00000008     (.tramp.ti_sysbios_knl_Task_sleep__E.1)
                  00005204    00000008     (.tramp.ti_sysbios_family_arm_m3_Hwi_restoreFxn__E.1)
                  0000520c    00000008     (.tramp.ti_sysbios_knl_Swi_restore__E.1)
                  00005214    00000008     (.tramp.ti_sysbios_knl_Clock_setTimeout__E.1)
                  0000521c    00000008     (.tramp.ti_sysbios_knl_Clock_start__E.1)
                  00005224    00000008     (.tramp.ti_sysbios_knl_Clock_stop__E.1)
                  0000522c    00000008     (.tramp.ti_sysbios_family_arm_m3_Hwi_disableFxn__E.1)
                  00005234    00000008     (.tramp.ti_sysbios_knl_Clock_TimerProxy_getCurrentTick__E.1)
                  0000523c    00000008     (.tramp.ti_sysbios_knl_Clock_walkQueueDynamic__E.1)
                  00005244    00000008     (.tramp.ti_sysbios_knl_Clock_scheduleNextTick__E.1)
                  0000524c    00000008     (.tramp.ti_sysbios_knl_Task_Params__init__S.1)
                  00005254    00000008     (.tramp.ti_sysbios_knl_Task_construct.1)
                  0000525c    00000008     (.tramp.ti_sysbios_knl_Semaphore_Params__init__S.1)
                  00005264    00000008     (.tramp.ti_sysbios_knl_Semaphore_construct.1)
                  0000526c    00000008     (.tramp.ti_sysbios_BIOS_start__E.1)
                  00005274    00000008     (.tramp.ti_sysbios_knl_Clock_Params__init__S.1)
                  0000527c    00000008     (.tramp.ti_sysbios_knl_Clock_construct.1)
                  00005284    00000008     (.tramp.xdc_runtime_System_exit__E.1)
                  0000528c    00000008     (.tramp.xdc_runtime_Gate_enterSystem__E.1)
                  00005294    00000008     (.tramp.xdc_runtime_Gate_leaveSystem__E.1)
                  0000529c    00000008     (.tramp.ti_sysbios_family_arm_m3_Hwi_Params__init__S.1)
                  000052a4    00000008     (.tramp.ti_sysbios_knl_Swi_Params__init__S.1)
                  000052ac    00000008     (.tramp.ti_sysbios_family_arm_m3_Hwi_construct.1)
                  000052b4    00000008     (.tramp.ti_sysbios_knl_Swi_disable__E.1)
                  000052bc    00000008     (.tramp.ti_sysbios_knl_Task_disable__E.1)
                  000052c4    00000008     (.tramp.ti_sysbios_BIOS_setThreadType__E.1)
                  000052cc    00000008     (.tramp.xdc_runtime_Startup_rtsDone__E.1)
                  000052d4    00000008     (.tramp.ti_sysbios_BIOS_linkedWithIncorrectBootLibrary__E.1)
                  000052dc    00000008     (.tramp.xdc_runtime_System_atexit__E.1)
                  000052e4    00000008     (.tramp.ti_sysbios_family_arm_cc26xx_Timer_startup__E.1)
                  000052ec    00000008     (.tramp.ti_sysbios_hal_Hwi_startup__E.1)
                  000052f4    00000008     (.tramp.ti_sysbios_knl_Swi_startup__E.1)
                  000052fc    00000008     (.tramp.ti_sysbios_knl_Task_startup__E.1)
                  00005304    00000008     (.tramp.ti_sysbios_knl_Clock_getTicks__E.1)
                  0000530c    00000008     (.tramp.ti_sysbios_knl_Semaphore_post__E.1)
                  00005314    00000008     (.tramp.ti_sysbios_knl_Task_restore__E.1)
                  0000531c    00000008     (.tramp.ti_sysbios_BIOS_RtsGateProxy_enter__E.1)
                  00005324    00000008     (.tramp.ti_sysbios_knl_Swi_construct.1)
                  0000532c    00000008     (.tramp.ti_sysbios_BIOS_RtsGateProxy_leave__E.1)
                  00005334    00000008     (.tramp.ti_sysbios_knl_Swi_post__E.1)
                  0000533c    00000008     (.tramp.ti_sysbios_knl_Clock_logTick__E.1)
                  00005344    00000008     (.tramp.xdc_runtime_Startup_startMods__I.1)
                  0000534c    00000008     (.tramp.ti_sysbios_family_arm_m3_Hwi_disableInterrupt__E.1)
                  00005354    00000008     (.tramp.ti_sysbios_family_arm_m3_Hwi_enableInterrupt__E.1)

.bss       0    00005360    000005ee     UNINITIALIZED
                  00005360    000002a8     RFCC26XX_singleMode.obj (.bss:$O3$$)
                  00005608    00000200     rom_pem3.oem3 (.bss:taskStackSection)
                  00005808    00000120     rtsv7M3_T_le_eabi.lib : trgmsg.obj (.bss:_CIOBUF_)
                  00005928    00000014     driverlib.lib : osc.obj (.bss:oscHfGlobals$15)
                  0000593c    00000008     dpl_cc26x0r2.aem3 : PowerCC26XX_tirtos.oem3 (.bss:$O1$$)
                  00005944    00000008     driverlib.lib : sys_ctrl.obj (.bss:powerQualGlobals$18)
                  0000594c    00000002     RFCC26XX_singleMode.obj (.bss)

.bss:.common 
*          0    00005950    00000559     UNINITIALIZED
                  00005950    00000400     (.common:ti_sysbios_heaps_HeapMem_Instance_State_0_buf__A)
                  00005d50    000000c8     (.common:ti_sysbios_family_arm_m3_Hwi_dispatchTable)
                  00005e18    00000080     (.common:xdc_runtime_SysMin_Module_State_0_outbuf__A)
                  00005e98    00000008     (.common:parmbuf)
                  00005ea0    00000004     (.common:ClockP_tickPeriod)
                  00005ea4    00000004     (.common:trngCC26XXObjects)
                  00005ea8    00000001     (.common:driverlib_release_0_49664)

.const     0    00005eac    0000048d     
                  00005eac    00000252     scif_tsop38140.obj (.const:pAuxRamImage$9)
                  000060fe    00000002     rom_pem3.oem3 (.const:xdc_runtime_SysMin_flushAtExit__C)
                  00006100    0000009c     smartrf_settings.obj (.const:patchImageBle$10)
                  0000619c    0000004c     drivers_cc26x0r2.aem3 : PowerCC26XX.oem3 (.const:resourceDB)
                  000061e8    00000048     rom_pem3.oem3 (.const:.string)
                  00006230    00000030     scif_tsop38140.obj (.const:scifTsop38140DriverSetup)
                  00006260    00000028     rom_pem3.oem3 (.const:xdc_runtime_Startup_sfxnTab__A)
                  00006288    0000001c     board.obj (.const:$O4$$)
                  000062a4    0000001c     RFCC26XX_singleMode.obj (.const:RF_defaultParams$3)
                  000062c0    00000018     board.obj (.const:PowerCC26XX_config)
                  000062d8    00000014     rom_pem3.oem3 (.const:xdc_runtime_Startup_sfxnRts__A)
                  000062ec    00000010     scif_tsop38140.obj (.const:.string:pAuxIoIndexToMcuIocfgOffsetLut$9)
                  000062fc    00000010     scif_tsop38140.obj (.const:pScifTaskDataStructInfoLut$9)
                  0000630c    0000000c     rom_pem3.oem3 (.const:xdc_runtime_Startup_firstFxns__A)
                  00006318    00000008     rom_pem3.oem3 (.const:ti_sysbios_knl_Idle_funcList__A)
                  00006320    00000004     board.obj (.const:TRNGCC26XXHWAttrs)
                  00006324    00000004     rom_pem3.oem3 (.const:ti_sysbios_family_arm_m3_Hwi_swiDisable__C)
                  00006328    00000004     rom_pem3.oem3 (.const:ti_sysbios_family_arm_m3_Hwi_swiRestoreHwi__C)
                  0000632c    00000004     rom_pem3.oem3 (.const:ti_sysbios_knl_Clock_tickPeriod__C)
                  00006330    00000004     rom_pem3.oem3 (.const:xdc_runtime_SysMin_bufSize__C)
                  00006334    00000004     rom_pem3.oem3 (.const:xdc_runtime_SysMin_outputFunc__C)
                  00006338    00000001     rom_pem3.oem3 (.const:xdc_runtime_Text_charTab__A)

.cinit     0    00006340    00000224     
                  00006340    0000011a     (.cinit..data.load) [load image, compression = lzss]
                  0000645a    00000017     (.cinit..data:ti_sysbios_BIOS_Module__state__V.load) [load image, compression = lzss]
                  00006471    00000014     (.cinit..data:ti_sysbios_knl_Task_Module__state__V.load) [load image, compression = lzss]
                  00006485    0000000e     (.cinit..data:ti_sysbios_family_arm_m3_Hwi_Module__state__V.load) [load image, compression = lzss]
                  00006493    0000000d     (.cinit..data:ti_sysbios_knl_Clock_Module__state__V.load) [load image, compression = lzss]
                  000064a0    0000000c     (__TI_handler_table)
                  000064ac    00000009     (.cinit..data:ti_sysbios_knl_Swi_Module__state__V.load) [load image, compression = lzss]
                  000064b5    00000003     --HOLE-- [fill = 0]
                  000064b8    00000008     (.cinit..bss.load) [load image, compression = zero_init]
                  000064c0    00000008     (.cinit..bss:.common.load) [load image, compression = zero_init]
                  000064c8    00000008     (.cinit..data:xdc_runtime_Memory_Module__state__V.load) [load image, compression = lzss]
                  000064d0    00000007     (.cinit..data:ti_sysbios_family_arm_cc26xx_Timer_Module__state__V.load) [load image, compression = lzss]
                  000064d7    00000007     (.cinit..data:ti_sysbios_family_arm_cc26xx_TimestampProvider_Module__state__V.load) [load image, compression = lzss]
                  000064de    00000007     (.cinit..data:xdc_runtime_Startup_Module__state__V.load) [load image, compression = lzss]
                  000064e5    00000007     (.cinit..data:xdc_runtime_System_Module__state__V.load) [load image, compression = lzss]
                  000064ec    00000006     (.cinit..data:xdc_runtime_Error_Module__state__V.load) [load image, compression = lzss]
                  000064f2    00000002     --HOLE-- [fill = 0]
                  000064f4    00000070     (__TI_cinit_table)

.vecs      0    20000000    000000c8     NOLOAD SECTION
                  20000000    000000c8     rom_pem3.oem3 (.vecs)

.data:ti_sysbios_knl_Task_Module__state__V 
*          0    20000100    00000044     UNINITIALIZED
                  20000100    00000044     rom_pem3.oem3 (.data:ti_sysbios_knl_Task_Module__state__V)

.data:ti_sysbios_family_arm_m3_Hwi_Module__state__V 
*          0    20000144    00000034     UNINITIALIZED
                  20000144    00000034     rom_pem3.oem3 (.data:ti_sysbios_family_arm_m3_Hwi_Module__state__V)

.data:ti_sysbios_knl_Clock_Module__state__V 
*          0    20000178    0000002c     UNINITIALIZED
                  20000178    0000002c     rom_pem3.oem3 (.data:ti_sysbios_knl_Clock_Module__state__V)

.data:ti_sysbios_BIOS_Module__state__V 
*          0    200001a4    00000024     UNINITIALIZED
                  200001a4    00000024     rom_pem3.oem3 (.data:ti_sysbios_BIOS_Module__state__V)

.data:ti_sysbios_knl_Swi_Module__state__V 
*          0    200001c8    0000001c     UNINITIALIZED
                  200001c8    0000001c     rom_pem3.oem3 (.data:ti_sysbios_knl_Swi_Module__state__V)

.data:ti_sysbios_family_arm_cc26xx_Timer_Module__state__V 
*          0    200001e4    00000008     UNINITIALIZED
                  200001e4    00000008     rom_pem3.oem3 (.data:ti_sysbios_family_arm_cc26xx_Timer_Module__state__V)

.data:ti_sysbios_family_arm_cc26xx_TimestampProvider_Module__state__V 
*          0    200001ec    00000004     UNINITIALIZED
                  200001ec    00000004     rom_pem3.oem3 (.data:ti_sysbios_family_arm_cc26xx_TimestampProvider_Module__state__V)

.data:xdc_runtime_Startup_Module__state__V 
*          0    200001f0    00000008     UNINITIALIZED
                  200001f0    00000008     rom_pem3.oem3 (.data:xdc_runtime_Startup_Module__state__V)

.data:xdc_runtime_System_Module__state__V 
*          0    200001f8    00000008     UNINITIALIZED
                  200001f8    00000008     rom_pem3.oem3 (.data:xdc_runtime_System_Module__state__V)

.data:xdc_runtime_Memory_Module__state__V 
*          0    20000200    00000004     UNINITIALIZED
                  20000200    00000004     rom_pem3.oem3 (.data:xdc_runtime_Memory_Module__state__V)

.data:xdc_runtime_Error_Module__state__V 
*          0    20000204    00000002     UNINITIALIZED
                  20000204    00000002     rom_pem3.oem3 (.data:xdc_runtime_Error_Module__state__V)

.bootVecs 
*          0    00000000    00000008     DSECT
                  00000000    00000008     boot.aem3 : boot.oem3 (.bootVecs)

xdc.meta   0    00000000    000000dc     COPY SECTION
                  00000000    000000dc     rom_pem3.oem3 (xdc.meta)

xdc.noload 
*          0    00000000    00000000     COPY SECTION

MODULE SUMMARY

       Module                                   code    ro data   rw data
       ------                                   ----    -------   -------
    .\Application\
       main_tirtos.obj                          1018    0         1312   
    +--+----------------------------------------+-------+---------+---------+
       Total:                                   1018    0         1312   
                                                                         
    .\Drivers\PIN\
       PINCC26XX.obj                            820     0         276    
    +--+----------------------------------------+-------+---------+---------+
       Total:                                   820     0         276    
                                                                         
    .\Drivers\RF\
       RFCC26XX_singleMode.obj                  4704    28        682    
    +--+----------------------------------------+-------+---------+---------+
       Total:                                   4704    28        682    
                                                                         
    .\Startup\
       board.obj                                0       56        0      
    +--+----------------------------------------+-------+---------+---------+
       Total:                                   0       56        0      
                                                                         
    .\TSOP38140sce\
       scif_tsop38140.obj                       52      674       0      
       scif_framework.obj                       568     0         143    
    +--+----------------------------------------+-------+---------+---------+
       Total:                                   620     674       143    
                                                                         
    .\smartrf_settings\
       smartrf_settings.obj                     44      156       230    
    +--+----------------------------------------+-------+---------+---------+
       Total:                                   44      156       230    
                                                                         
    C:\Users\ADMINI~1\AppData\Local\Temp\1\
       {E58146CB-59A6-474C-B473-8B5AF38F1457}   0       0         13     
    +--+----------------------------------------+-------+---------+---------+
       Total:                                   0       0         13     
                                                                         
    C:\ti\workspace_v7\ir_tirtos_ccs\Release\configPkg\package\cfg\
       rom_pem3.oem3                            472     1047      2980   
    +--+----------------------------------------+-------+---------+---------+
       Total:                                   472     1047      2980   
                                                                         
    C:\ti\workspace_v7\ir_tirtos_ccs\TOOLS\src\sysbios\rom_sysbios.aem3
       rom_sysbios.obj                          1100    0         0      
    +--+----------------------------------------+-------+---------+---------+
       Total:                                   1100    0         0      
                                                                         
    I:/ti/simplelink_cc2640r2_sdk_1_50_00_58/kernel/tirtos/packages/ti/dpl/lib/dpl_cc26x0r2.aem3
       PowerCC26XX_tirtos.oem3                  300     0         8      
       ClockP_tirtos.oem3                       110     0         4      
       HwiP_tirtos.oem3                         94      0         0      
       SwiP_tirtos.oem3                         88      0         0      
       SemaphoreP_tirtos.oem3                   66      0         0      
    +--+----------------------------------------+-------+---------+---------+
       Total:                                   658     0         12     
                                                                         
    I:/ti/simplelink_cc2640r2_sdk_1_50_00_58/source/ti/devices/cc26x0r2/driverlib/bin/ccs/driverlib.lib
       sys_ctrl.obj                             744     0         8      
       setup.obj                                324     0         0      
       osc.obj                                  284     0         20     
       rfc.obj                                  64      0         0      
       chipinfo.obj                             44      0         0      
       adi.obj                                  40      0         0      
       ioc.obj                                  28      0         0      
       cpu.obj                                  24      0         0      
    +--+----------------------------------------+-------+---------+---------+
       Total:                                   1552    0         28     
                                                                         
    I:/ti/simplelink_cc2640r2_sdk_1_50_00_58/source/ti/drivers/lib/drivers_cc26x0r2.aem3
       PowerCC26XX.oem3                         2168    76        276    
       PowerCC26XX_calibrateRCOSC.oem3          1388    0         0      
       List.oem3                                54      0         0      
    +--+----------------------------------------+-------+---------+---------+
       Total:                                   3610    76        276    
                                                                         
    I:\ti\ccsv7\tools\compiler\ti-cgt-arm_16.9.6.LTS\lib\rtsv7M3_T_le_eabi.lib
       ull_div_t2.obj                           500     0         0      
       trgmsg.obj                               104     0         288    
       memcpy_t2.obj                            156     0         0      
       memset_t2.obj                            122     0         0      
       copy_decompress_lzss.obj                 104     0         0      
       hostwrite.obj                            84      0         0      
       cpy_tbl.obj                              76      0         0      
       _lock.obj                                20      0         8      
       args_main.obj                            24      0         0      
       ll_mul_t2.obj                            24      0         0      
       copy_decompress_none.obj                 14      0         0      
       copy_zero_init.obj                       12      0         0      
       stkdepth_vars.obj                        0       0         4      
    +--+----------------------------------------+-------+---------+---------+
       Total:                                   1240    0         300    
                                                                         
    I:\ti\simplelink_cc2640r2_sdk_1_50_00_58\kernel\tirtos\packages\ti\targets\arm\rtsarm\lib\auto_init.aem3
       auto_init.oem3                           160     0         0      
    +--+----------------------------------------+-------+---------+---------+
       Total:                                   160     0         0      
                                                                         
    I:\ti\simplelink_cc2640r2_sdk_1_50_00_58\kernel\tirtos\packages\ti\targets\arm\rtsarm\lib\boot.aem3
       boot.oem3                                68      0         0      
    +--+----------------------------------------+-------+---------+---------+
       Total:                                   68      0         0      
                                                                         
       Stack:                                   0       0         768    
       Linker Generated:                        360     543       0      
    +--+----------------------------------------+-------+---------+---------+
       Grand Total:                             16426   2580      7020   


LINKER GENERATED COPY TABLES

__TI_cinit_table @ 000064f4 records: 14, size/record: 8, table size: 112
	.data: load addr=00006340, load size=0000011a bytes, run addr=00000040, run size=00000b57 bytes, compression=lzss
	.data:ti_sysbios_BIOS_Module__state__V: load addr=0000645a, load size=00000017 bytes, run addr=200001a4, run size=00000024 bytes, compression=lzss
	.data:ti_sysbios_knl_Task_Module__state__V: load addr=00006471, load size=00000014 bytes, run addr=20000100, run size=00000044 bytes, compression=lzss
	.data:ti_sysbios_family_arm_m3_Hwi_Module__state__V: load addr=00006485, load size=0000000e bytes, run addr=20000144, run size=00000034 bytes, compression=lzss
	.data:ti_sysbios_knl_Clock_Module__state__V: load addr=00006493, load size=0000000d bytes, run addr=20000178, run size=0000002c bytes, compression=lzss
	.data:ti_sysbios_knl_Swi_Module__state__V: load addr=000064ac, load size=00000009 bytes, run addr=200001c8, run size=0000001c bytes, compression=lzss
	.bss: load addr=000064b8, load size=00000008 bytes, run addr=00005360, run size=000005ee bytes, compression=zero_init
	.bss:.common: load addr=000064c0, load size=00000008 bytes, run addr=00005950, run size=00000559 bytes, compression=zero_init
	.data:xdc_runtime_Memory_Module__state__V: load addr=000064c8, load size=00000008 bytes, run addr=20000200, run size=00000004 bytes, compression=lzss
	.data:ti_sysbios_family_arm_cc26xx_Timer_Module__state__V: load addr=000064d0, load size=00000007 bytes, run addr=200001e4, run size=00000008 bytes, compression=lzss
	.data:ti_sysbios_family_arm_cc26xx_TimestampProvider_Module__state__V: load addr=000064d7, load size=00000007 bytes, run addr=200001ec, run size=00000004 bytes, compression=lzss
	.data:xdc_runtime_Startup_Module__state__V: load addr=000064de, load size=00000007 bytes, run addr=200001f0, run size=00000008 bytes, compression=lzss
	.data:xdc_runtime_System_Module__state__V: load addr=000064e5, load size=00000007 bytes, run addr=200001f8, run size=00000008 bytes, compression=lzss
	.data:xdc_runtime_Error_Module__state__V: load addr=000064ec, load size=00000006 bytes, run addr=20000204, run size=00000002 bytes, compression=lzss


LINKER GENERATED HANDLER TABLE

__TI_handler_table @ 000064a0 records: 3, size/record: 4, table size: 12
	index: 0, handler: __TI_decompress_lzss
	index: 1, handler: __TI_decompress_none
	index: 2, handler: __TI_zero_init


FAR CALL TRAMPOLINES

callee name               trampoline name
   callee addr  tramp addr   call addr  call info
--------------  -----------  ---------  ----------------
ti_sysbios_knl_Semaphore_pend__E  $Tramp$TT$L$PI$$ti_sysbios_knl_Semaphore_pend__E
   10019b05     000051f4     00001498   main_tirtos.obj (.text:taskFxn)
[...]
1001bb99  ti_sysbios_knl_Semaphore_Object__destruct__S                              
1001bbb9  ti_sysbios_knl_Swi_Object__delete__S                                      
1001bbd9  ti_sysbios_knl_Task_Object__delete__S                                     
1001bbf9  ti_sysbios_knl_Task_Object__get__S                                        
1001bc19  ti_sysbios_knl_Task_restoreHwi__E                                         
1001bc39  ti_sysbios_family_arm_m3_Hwi_Object__destruct__S                          
1001bc55  ti_sysbios_family_arm_m3_Hwi_setPriority__E                               
1001bc71  ti_sysbios_gates_GateMutex_Instance_init__E                               
1001bc8d  ti_sysbios_hal_Hwi_HwiProxy_create                                        
1001bca9  ti_sysbios_knl_Clock_scheduleNextTick__E                                  
1001bcc5  ti_sysbios_knl_Event_Object__destruct__S                                  
1001bce1  ti_sysbios_knl_Mailbox_Object__destruct__S                                
1001bcfd  ti_sysbios_knl_Queue_Object__destruct__S                                  
1001bd19  ti_sysbios_knl_Queue_get__E                                               
1001bd35  ti_sysbios_knl_Queue_put__E                                               
1001bd51  ti_sysbios_knl_Swi_Object__destruct__S                                    
1001bd6d  ti_sysbios_knl_Task_Object__destruct__S                                   
1001bd89  ti_sysbios_knl_Task_enter__I                                              
1001bda5  ti_sysbios_knl_Task_sleepTimeout__I                                       
1001bdbf  ti_sysbios_knl_Clock_triggerFunc__I                                       
1001bdc1  ti_sysbios_family_arm_m3_Hwi_plug__E                                      
1001bdd9  ti_sysbios_gates_GateMutex_leave__E                                       
1001bdf1  ti_sysbios_knl_Task_unblock__E                                            
1001be09  ti_sysbios_knl_Clock_Instance_finalize__E                                 
1001be1f  ti_sysbios_knl_Clock_start__E                                             
1001be35  ti_sysbios_family_arm_m3_Hwi_switchFromBootStack__E                       
1001be35  ti_sysbios_hal_Hwi_HwiProxy_switchFromBootStack__E                        
1001be35  ti_sysbios_hal_Hwi_HwiProxy_switchFromBootStack__E__mangled__             
1001be35  ti_sysbios_hal_Hwi_switchFromBootStack__E                                 
1001be35  ti_sysbios_hal_Hwi_switchFromBootStack__E                                 
1001be49  ti_sysbios_knl_Event_Instance_init__E                                     
1001be5d  ti_sysbios_hal_Hwi_Module_startup__E                                      
1001be6f  ti_sysbios_knl_Event_sync__E                                              
1001be81  ti_sysbios_BIOS_exit__E                                                   
1001be91  ti_sysbios_BIOS_getCpuFreq__E                                             
1001bea1  ti_sysbios_BIOS_setThreadType__E                                          
1001beb1  ti_sysbios_BIOS_start__E                                                  
1001bec1  ti_sysbios_gates_GateMutex_Instance_finalize__E                           
1001bed1  ti_sysbios_hal_Hwi_HwiProxy_Object__create__S                             
1001bee1  ti_sysbios_knl_Clock_TimerProxy_getCurrentTick__E                         
1001bef1  ti_sysbios_knl_Clock_TimerProxy_getMaxTicks__E                            
1001bf01  ti_sysbios_knl_Clock_TimerProxy_setNextTick__E                            
1001bf11  ti_sysbios_knl_Swi_disable__E                                             
1001bf21  ti_sysbios_knl_Swi_enabled__E                                             
1001bf31  ti_sysbios_knl_Task_disable__E                                            
1001bf41  ti_sysbios_heaps_HeapMem_restore__E                                       
1001bf4f  ti_sysbios_knl_Queue_empty__E                                             
1001bf5d  ti_sysbios_knl_Queue_remove__E                                            
1001bf6b  ti_sysbios_family_arm_cc26xx_TimestampProvider_getFreq__E                 
1001bf6b  xdc_runtime_Timestamp_SupportProxy_getFreq__E                             
1001bf6b  xdc_runtime_Timestamp_SupportProxy_getFreq__E__mangled__                  
1001bf6b  xdc_runtime_Timestamp_getFreq__E                                          
1001bf6b  xdc_runtime_Timestamp_getFreq__E                                          
1001bf77  ti_sysbios_knl_Swi_Instance_finalize__E                                   
1001bf79  ti_sysbios_family_arm_m3_Hwi_Params__init__S                              
1001bf79  ti_sysbios_hal_Hwi_HwiProxy_Params__init__S                               
1001bf79  ti_sysbios_hal_Hwi_HwiProxy_Params__init__S__mangled__                    
1001bf85  ti_sysbios_family_arm_m3_Hwi_disableFxn__E                                
1001bf91  ti_sysbios_family_arm_m3_Hwi_enableFxn__E                                 
1001bf9d  ti_sysbios_family_arm_m3_TaskSupport_getStackAlignment__E                 
1001bf9d  ti_sysbios_knl_Task_SupportProxy_getStackAlignment__E                     
1001bf9d  ti_sysbios_knl_Task_SupportProxy_getStackAlignment__E__mangled__          
1001bfa9  ti_sysbios_gates_GateHwi_enter__E                                         
1001bfb5  ti_sysbios_BIOS_RtsGateProxy_Params__init__S                              
1001bfb5  ti_sysbios_BIOS_RtsGateProxy_Params__init__S__mangled__                   
1001bfb5  ti_sysbios_gates_GateMutex_Params__init__S                                
1001bfb5  ti_sysbios_heaps_HeapMem_Module_GateProxy_Params__init__S                 
1001bfb5  ti_sysbios_heaps_HeapMem_Module_GateProxy_Params__init__S__mangled__      
1001bfc1  ti_sysbios_knl_Clock_Params__init__S                                      
1001bfcd  ti_sysbios_knl_Clock_getTimerHandle__E                                    
1001bfd9  ti_sysbios_knl_Event_Params__init__S                                      
1001bfe5  ti_sysbios_knl_Mailbox_Params__init__S                                    
1001bff1  ti_sysbios_knl_Queue_dequeue__E                                           
1001bffd  ti_sysbios_knl_Queue_enqueue__E                                           
1001c009  ti_sysbios_knl_Semaphore_Params__init__S                                  
1001c015  ti_sysbios_knl_Swi_Params__init__S                                        
1001c021  ti_sysbios_knl_Task_Params__init__S                                       
1001c02d  ti_sysbios_knl_Task_self__E                                               
1001c039  ti_sysbios_hal_Hwi_Instance_finalize__E                                   
1001c043  ti_sysbios_family_arm_m3_Hwi_doSwiRestore__I                              
1001c04b  ti_sysbios_family_arm_m3_Hwi_startup__E                                   
1001c04b  ti_sysbios_hal_Hwi_HwiProxy_startup__E                                    
1001c04b  ti_sysbios_hal_Hwi_HwiProxy_startup__E__mangled__                         
1001c04b  ti_sysbios_hal_Hwi_startup__E                                             
1001c04b  ti_sysbios_hal_Hwi_startup__E                                             
1001c053  ti_sysbios_knl_Idle_loop__E                                               
1001c05b  ti_sysbios_family_arm_m3_Hwi_doTaskRestore__I                             
1001c061  HwiP_restore                                                              
1001c061  ti_sysbios_family_arm_m3_Hwi_restoreFxn__E                                
1001c067  ti_sysbios_gates_GateHwi_leave__E                                         
1001c06d  ti_sysbios_heaps_HeapMem_isBlocking__E                                    
1001c073  ti_sysbios_knl_Queue_Instance_init__E                                     
1001c079  ti_sysbios_knl_Queue_elemClear__E                                         
1001c07f  ti_sysbios_knl_Swi_Module_startup__E                                      
1001c085  ti_sysbios_knl_Swi_startup__E                                             
1001c08b  ti_sysbios_knl_Task_enable__E                                             
1001c091  ti_sysbios_BIOS_RtsGateProxy_enter__E                                     
1001c095  ti_sysbios_BIOS_RtsGateProxy_leave__E                                     
1001c099  ti_sysbios_family_arm_cc26xx_Timer_getExpiredTicks__E                     
1001c09d  ti_sysbios_family_arm_cc26xx_Timer_getPeriod__E                           
1001c0a1  ti_sysbios_family_arm_cc26xx_Timer_setPeriod__E                           
1001c0a5  ti_sysbios_family_arm_m3_Hwi_delete                                       
1001c0a9  ti_sysbios_family_arm_m3_Hwi_destruct                                     
1001c0ad  ti_sysbios_family_arm_m3_TaskSupport_Module__startupDone__S               
1001c0ad  ti_sysbios_knl_Task_SupportProxy_Module__startupDone__S                   
1001c0ad  ti_sysbios_knl_Task_SupportProxy_Module__startupDone__S__mangled__        
1001c0b1  ti_sysbios_gates_GateHwi_query__E                                         
1001c0b1  xdc_runtime_Main_Module_GateProxy_query__E                                
1001c0b1  xdc_runtime_System_Module_GateProxy_query__E                              
1001c0b1  xdc_runtime_System_Module_GateProxy_query__E__mangled__                   
1001c0b5  ti_sysbios_gates_GateMutex_delete                                         
1001c0b9  ti_sysbios_gates_GateMutex_destruct                                       
1001c0bd  ti_sysbios_BIOS_RtsGateProxy_query__E                                     
1001c0bd  ti_sysbios_BIOS_RtsGateProxy_query__E__mangled__                          
1001c0bd  ti_sysbios_gates_GateMutex_query__E                                       
1001c0bd  ti_sysbios_heaps_HeapMem_Module_GateProxy_query__E                        
1001c0bd  ti_sysbios_heaps_HeapMem_Module_GateProxy_query__E__mangled__             
1001c0c1  ti_sysbios_hal_Hwi_HwiProxy_delete                                        
1001c0c5  ti_sysbios_hal_Hwi_delete                                                 
1001c0c9  ti_sysbios_heaps_HeapMem_Module_GateProxy_enter__E                        
1001c0cd  ti_sysbios_heaps_HeapMem_Module_GateProxy_leave__E                        
1001c0d1  ti_sysbios_knl_Clock_TimerProxy_getExpiredTicks__E                        
1001c0d5  ti_sysbios_knl_Clock_TimerProxy_getPeriod__E                              
1001c0d9  ti_sysbios_knl_Clock_delete                                               
1001c0dd  ti_sysbios_knl_Clock_destruct                                             
1001c0e1  ti_sysbios_knl_Clock_removeI__E                                           
1001c0e5  ti_sysbios_knl_Clock_setTimeout__E                                        
1001c0e9  ti_sysbios_knl_Event_delete                                               
1001c0ed  ti_sysbios_knl_Event_destruct                                             
1001c0f1  ti_sysbios_knl_Mailbox_delete                                             
1001c0f5  ti_sysbios_knl_Mailbox_destruct                                           
1001c0f9  ti_sysbios_knl_Queue_delete                                               
1001c0fd  ti_sysbios_knl_Queue_destruct                                             
1001c101  ti_sysbios_knl_Queue_head__E                                              
1001c105  ti_sysbios_knl_Queue_next__E                                              
1001c109  ti_sysbios_knl_Semaphore_delete                                           
1001c10d  ti_sysbios_knl_Semaphore_destruct                                         
1001c111  ti_sysbios_knl_Swi_delete                                                 
1001c115  ti_sysbios_knl_Swi_destruct                                               
1001c119  ti_sysbios_knl_Swi_postInit__I                                            
1001c11d  ti_sysbios_knl_Task_delete                                                
1001c121  ti_sysbios_knl_Task_destruct                                              
1001c125  ti_sysbios_knl_Task_startup__E                                            
1001c129  xdc_runtime_Startup_startMods__I                                          
1001c2c9  xdc_runtime_Core_createObject__I                                          
1001c349  xdc_runtime_Memory_alloc__E                                               
1001c3b5  xdc_runtime_Core_deleteObject__I                                          
1001c413  xdc_runtime_Error_policySpin__E                                           
1001c415  xdc_runtime_Startup_exec__E                                               
1001c465  xdc_runtime_Assert_raise__I                                               
1001c4ad  xdc_runtime_Core_assignParams__I                                          
1001c4f5  xdc_runtime_Core_constructObject__I                                       
1001c581  xdc_runtime_System_atexit__E                                              
1001c5b9  xdc_runtime_Core_assignLabel__I                                           
1001c5ed  xdc_runtime_System_processAtExit__E                                       
1001c621  xdc_runtime_Text_cordText__E                                              
1001c64d  xdc_runtime_System_abort__E                                               
1001c66d  xdc_runtime_Error_raiseX__E                                               
1001c689  xdc_runtime_Memory_valloc__E                                              
1001c6a5  xdc_runtime_Core_destructObject__I                                        
1001c6bd  xdc_runtime_Error_check__E                                                
1001c6d5  xdc_runtime_System_exit__E                                                
1001c6ed  xdc_runtime_Text_ropeText__E                                              
1001c705  xdc_runtime_Memory_free__E                                                
1001c715  xdc_runtime_SysCallback_abort__E                                          
1001c725  xdc_runtime_SysCallback_exit__E                                           
1001c735  xdc_runtime_Timestamp_SupportProxy_get32__E                               
1001c735  xdc_runtime_Timestamp_get32__E                                            
1001c735  xdc_runtime_Timestamp_get32__E                                            
1001c751  xdc_runtime_Memory_calloc__E                                              
1001c75d  xdc_runtime_Memory_getMaxDefaultTypeAlign__E                              
1001c769  xdc_runtime_Startup_rtsDone__E                                            
1001c775  xdc_runtime_Memory_HeapProxy_alloc__E                                     
1001c77f  xdc_runtime_Memory_HeapProxy_free__E                                      
1001c789  xdc_runtime_Gate_leaveSystem__E                                           
1001c78f  xdc_runtime_System_Module_startup__E                                      
1001c795  xdc_runtime_Gate_enterSystem__E                                           
1001c799  xdc_runtime_System_Module_GateProxy_enter__E                              
1001c79d  xdc_runtime_System_Module_GateProxy_leave__E                              
1001c7a1  xdc_runtime_System_abortSpin__E                                           
1001c7a3  xdc_runtime_System_exitSpin__E                                            
1001c7a5  ti_sysbios_family_arm_m3_Hwi_dispatch__I                                  
1001c86d  ti_sysbios_family_arm_m3_TaskSupport_buildTaskStack                       
1001c8b9  ti_sysbios_family_arm_m3_Hwi_initStacks__E                                
1001c901  ti_sysbios_family_arm_m3_Hwi_excHandlerAsm__I                             
1001c921  ti_sysbios_family_xxx_Hwi_switchAndRunFunc                                
1001c93f  ti_sysbios_family_arm_m3_Hwi_pendSV__I                                    
1001c957  ti_sysbios_family_arm_m3_Hwi_return                                       
1001c959  ti_sysbios_family_arm_m3_TaskSupport_glue                                 
1001c969  ti_sysbios_family_arm_m3_TaskSupport_swap__E                              
1001c969  ti_sysbios_knl_Task_SupportProxy_swap__E                                  
1001c969  ti_sysbios_knl_Task_SupportProxy_swap__E__mangled__                       
1001c971  ti_sysbios_knl_Task_swapReturn                                            
1001c978  ti_sysbios_knl_Task_Object__PARAMS__C                                     
1001c9b4  ti_sysbios_knl_Mailbox_Object__PARAMS__C                                  
1001c9e8  ti_sysbios_family_arm_m3_Hwi_Object__PARAMS__C                            
1001ca18  ti_sysbios_hal_Hwi_Object__PARAMS__C                                      
1001ca44  ti_sysbios_knl_Swi_Object__PARAMS__C                                      
1001ca6c  ti_sysbios_heaps_HeapMem_Object__PARAMS__C                                
1001ca90  ti_sysbios_knl_Clock_Object__PARAMS__C                                    
1001cab4  ti_sysbios_knl_Semaphore_Object__PARAMS__C                                
1001cad8  ti_sysbios_gates_GateHwi_Object__PARAMS__C                                
1001caf0  ti_sysbios_gates_GateMutex_Object__PARAMS__C                              
1001cb08  ti_sysbios_knl_Event_Object__PARAMS__C                                    
1001cb20  ti_sysbios_knl_Queue_Object__PARAMS__C                                    
1001cb68  ti_sysbios_gates_GateMutex_Instance_State_sem__O                          
1001cb6c  ti_sysbios_knl_Clock_Module_State_clockQ__O                               
1001cb70  ti_sysbios_knl_Event_Instance_State_pendQ__O                              
1001cb74  ti_sysbios_knl_Mailbox_Instance_State_dataQue__O                          
1001cb78  ti_sysbios_knl_Mailbox_Instance_State_dataSem__O                          
1001cb7c  ti_sysbios_knl_Mailbox_Instance_State_freeQue__O                          
1001cb80  ti_sysbios_knl_Mailbox_Instance_State_freeSem__O                          
1001cb84  ti_sysbios_knl_Semaphore_Instance_State_pendQ__O                          
1001cb88  ti_sysbios_knl_Task_Module_State_inactiveQ__O                             
20000000  ti_sysbios_family_arm_m3_Hwi_ramVectors                                   
20000100  ti_sysbios_knl_Task_Module__state__V                                      
20000144  ti_sysbios_family_arm_m3_Hwi_Module__state__V                             
20000178  ti_sysbios_knl_Clock_Module__state__V                                     
200001a4  ti_sysbios_BIOS_Module__state__V                                          
200001c8  ti_sysbios_knl_Swi_Module__state__V                                       
200001e4  ti_sysbios_family_arm_cc26xx_Timer_Module__state__V                       
200001ec  ti_sysbios_family_arm_cc26xx_TimestampProvider_Module__state__V           
200001f0  xdc_runtime_Startup_Module__state__V                                      
200001f8  xdc_runtime_System_Module__state__V                                       
20000200  xdc_runtime_Memory_Module__state__V                                       
20000204  xdc_runtime_Error_Module__state__V                                        
e000e000  ti_sysbios_family_arm_m3_Hwi_nvic                                         
ffffffff  __TI_pprof_out_hndl                                                       
ffffffff  __TI_prof_data_size                                                       
ffffffff  __TI_prof_data_start                                                      
ffffffff  __binit__                                                                 
ffffffff  __c_args__                                                                
ffffffff  binit                                                                     
UNDEFED   SHT$$INIT_ARRAY$$Base                                                     
UNDEFED   SHT$$INIT_ARRAY$$Limit                                                    

[748 symbols]
