<?xml version="1.0"?>
<link_info>
   <banner>TI ARM Linker PC v16.9.6.LTS</banner>
   <copyright>Copyright (c) 1996-2017 Texas Instruments Incorporated</copyright>
   <link_time>0x5a19b352</link_time>
   <link_errors>0x0</link_errors>
   <output_file>beacon_rfdriver_cc2640r2rsm_nortos_ccs.out</output_file>
   <entry_point>
      <name>resetISR</name>
      <address>0x3f75</address>
   </entry_point>
   <input_file_list>
      <input_file id="fl-2">
         <path>.\</path>
         <kind>object</kind>
         <file>CC2640R2_RSM.obj</file>
         <name>CC2640R2_RSM.obj</name>
      </input_file>
      <input_file id="fl-3">
         <path>.\</path>
         <kind>object</kind>
         <file>ccfg.obj</file>
         <name>ccfg.obj</name>
      </input_file>
      <input_file id="fl-4">
         <path>.\</path>
         <kind>object</kind>
         <file>main_nortos.obj</file>
         <name>main_nortos.obj</name>
      </input_file>
      <input_file id="fl-5">
         <path>.\</path>
         <kind>object</kind>
         <file>rfPacketTx_nortos.obj</file>
         <name>rfPacketTx_nortos.obj</name>
      </input_file>
      <input_file id="fl-6">
         <path>.\smartrf_settings\</path>
         <kind>object</kind>
         <file>smartrf_settings.obj</file>
         <name>smartrf_settings.obj</name>
      </input_file>
      <input_file id="fl-e">
         <kind>object</kind>
         <file>&lt;internal&gt;</file>
         <name>&lt;internal&gt;</name>
      </input_file>
      <input_file id="fl-f">
         <path>I:\ti\simplelink_cc13x0_sdk_1_50_00_08\source\ti\drivers\rf\lib\</path>
         <kind>archive</kind>
         <file>rf_singleMode_cc26x0r2.aem3</file>
         <name>RFCC26XX_singleMode.oem3</name>
      </input_file>
      <input_file id="fl-10">
         <path>I:\ti\simplelink_cc13x0_sdk_1_50_00_08\source\ti\drivers\lib\</path>
         <kind>archive</kind>
         <file>drivers_cc26x0r2.aem3</file>
         <name>PINCC26XX.oem3</name>
      </input_file>
      <input_file id="fl-11">
         <path>I:\ti\simplelink_cc13x0_sdk_1_50_00_08\source\ti\drivers\lib\</path>
         <kind>archive</kind>
         <file>drivers_cc26x0r2.aem3</file>
         <name>PowerCC26XX.oem3</name>
      </input_file>
      <input_file id="fl-12">
         <path>I:\ti\simplelink_cc13x0_sdk_1_50_00_08\source\ti\drivers\lib\</path>
         <kind>archive</kind>
         <file>drivers_cc26x0r2.aem3</file>
         <name>PowerCC26XX_calibrateRCOSC.oem3</name>
      </input_file>
      <input_file id="fl-13">
         <path>I:\ti\simplelink_cc13x0_sdk_1_50_00_08\source\ti\drivers\lib\</path>
         <kind>archive</kind>
         <file>drivers_cc26x0r2.aem3</file>
         <name>WatchdogCC26XX.oem3</name>
      </input_file>
      <input_file id="fl-14">
         <path>I:\ti\simplelink_cc13x0_sdk_1_50_00_08\source\ti\drivers\lib\</path>
         <kind>archive</kind>
         <file>drivers_cc26x0r2.aem3</file>
         <name>List.oem3</name>
      </input_file>
      <input_file id="fl-15">
         <path>I:\ti\simplelink_cc13x0_sdk_1_50_00_08\kernel\nortos\lib\</path>
         <kind>archive</kind>
         <file>nortos_cc13x0.aem3</file>
         <name>NoRTOS.oem3</name>
      </input_file>
      <input_file id="fl-16">
         <path>I:\ti\simplelink_cc13x0_sdk_1_50_00_08\kernel\nortos\lib\</path>
         <kind>archive</kind>
         <file>nortos_cc13x0.aem3</file>
         <name>SemaphoreP_nortos.oem3</name>
      </input_file>
      <input_file id="fl-17">
         <path>I:\ti\simplelink_cc13x0_sdk_1_50_00_08\kernel\nortos\lib\</path>
         <kind>archive</kind>
         <file>nortos_cc13x0.aem3</file>
         <name>SwiP_nortos.oem3</name>
      </input_file>
      <input_file id="fl-18">
         <path>I:\ti\simplelink_cc13x0_sdk_1_50_00_08\kernel\nortos\lib\</path>
         <kind>archive</kind>
         <file>nortos_cc13x0.aem3</file>
         <name>ClockPTimer_nortos.oem3</name>
      </input_file>
      <input_file id="fl-19">
         <path>I:\ti\simplelink_cc13x0_sdk_1_50_00_08\kernel\nortos\lib\</path>
         <kind>archive</kind>
         <file>nortos_cc13x0.aem3</file>
         <name>TimerPCC26XX_nortos.oem3</name>
      </input_file>
      <input_file id="fl-1a">
         <path>I:\ti\simplelink_cc13x0_sdk_1_50_00_08\kernel\nortos\lib\</path>
         <kind>archive</kind>
         <file>nortos_cc13x0.aem3</file>
         <name>HwiPCC26XX_nortos.oem3</name>
      </input_file>
      <input_file id="fl-1b">
         <path>I:\ti\simplelink_cc13x0_sdk_1_50_00_08\kernel\nortos\lib\</path>
         <kind>archive</kind>
         <file>nortos_cc13x0.aem3</file>
         <name>PowerCC26XX_nortos.oem3</name>
      </input_file>
      <input_file id="fl-1c">
         <path>I:\ti\simplelink_cc13x0_sdk_1_50_00_08\kernel\nortos\lib\</path>
         <kind>archive</kind>
         <file>nortos_cc13x0.aem3</file>
         <name>startup_cc13xx_cc26xx_ccs.oem3</name>
      </input_file>
      <input_file id="fl-1d">
         <path>I:\ti\simplelink_cc13x0_sdk_1_50_00_08\kernel\nortos\lib\</path>
         <kind>archive</kind>
         <file>nortos_cc13x0.aem3</file>
         <name>QueueP_nortos.oem3</name>
      </input_file>
      <input_file id="fl-1e">
         <path>I:\ti\simplelink_cc13x0_sdk_1_50_00_08\source\ti\devices\cc26x0r2\driverlib\bin\ccs\</path>
         <kind>archive</kind>
         <file>driverlib.lib</file>
         <name>adi.obj</name>
      </input_file>
      <input_file id="fl-1f">
         <path>I:\ti\simplelink_cc13x0_sdk_1_50_00_08\source\ti\devices\cc26x0r2\driverlib\bin\ccs\</path>
         <kind>archive</kind>
         <file>driverlib.lib</file>
         <name>aon_rtc.obj</name>
      </input_file>
      <input_file id="fl-20">
         <path>I:\ti\simplelink_cc13x0_sdk_1_50_00_08\source\ti\devices\cc26x0r2\driverlib\bin\ccs\</path>
         <kind>archive</kind>
         <file>driverlib.lib</file>
         <name>chipinfo.obj</name>
      </input_file>
      <input_file id="fl-21">
         <path>I:\ti\simplelink_cc13x0_sdk_1_50_00_08\source\ti\devices\cc26x0r2\driverlib\bin\ccs\</path>
         <kind>archive</kind>
         <file>driverlib.lib</file>
         <name>cpu.obj</name>
      </input_file>
      <input_file id="fl-22">
         <path>I:\ti\simplelink_cc13x0_sdk_1_50_00_08\source\ti\devices\cc26x0r2\driverlib\bin\ccs\</path>
         <kind>archive</kind>
         <file>driverlib.lib</file>
         <name>driverlib_release.obj</name>
      </input_file>
      <input_file id="fl-23">
         <path>I:\ti\simplelink_cc13x0_sdk_1_50_00_08\source\ti\devices\cc26x0r2\driverlib\bin\ccs\</path>
         <kind>archive</kind>
         <file>driverlib.lib</file>
         <name>interrupt.obj</name>
      </input_file>
      <input_file id="fl-24">
         <path>I:\ti\simplelink_cc13x0_sdk_1_50_00_08\source\ti\devices\cc26x0r2\driverlib\bin\ccs\</path>
         <kind>archive</kind>
         <file>driverlib.lib</file>
         <name>osc.obj</name>
      </input_file>
      <input_file id="fl-25">
         <path>I:\ti\simplelink_cc13x0_sdk_1_50_00_08\source\ti\devices\cc26x0r2\driverlib\bin\ccs\</path>
         <kind>archive</kind>
         <file>driverlib.lib</file>
         <name>rfc.obj</name>
      </input_file>
      <input_file id="fl-26">
         <path>I:\ti\simplelink_cc13x0_sdk_1_50_00_08\source\ti\devices\cc26x0r2\driverlib\bin\ccs\</path>
         <kind>archive</kind>
         <file>driverlib.lib</file>
         <name>setup.obj</name>
      </input_file>
      <input_file id="fl-27">
         <path>I:\ti\simplelink_cc13x0_sdk_1_50_00_08\source\ti\devices\cc26x0r2\driverlib\bin\ccs\</path>
         <kind>archive</kind>
         <file>driverlib.lib</file>
         <name>sys_ctrl.obj</name>
      </input_file>
      <input_file id="fl-28">
         <path>I:\ti\simplelink_cc13x0_sdk_1_50_00_08\source\ti\devices\cc26x0r2\driverlib\bin\ccs\</path>
         <kind>archive</kind>
         <file>driverlib.lib</file>
         <name>vims.obj</name>
      </input_file>
      <input_file id="fl-de">
         <path>I:\ti\ccsv7\tools\compiler\ti-cgt-arm_16.9.6.LTS\lib\</path>
         <kind>archive</kind>
         <file>rtsv7M3_T_le_eabi.lib</file>
         <name>boot.obj</name>
      </input_file>
      <input_file id="fl-df">
         <path>I:\ti\ccsv7\tools\compiler\ti-cgt-arm_16.9.6.LTS\lib\</path>
         <kind>archive</kind>
         <file>rtsv7M3_T_le_eabi.lib</file>
         <name>copy_decompress_lzss.obj</name>
      </input_file>
      <input_file id="fl-e0">
         <path>I:\ti\ccsv7\tools\compiler\ti-cgt-arm_16.9.6.LTS\lib\</path>
         <kind>archive</kind>
         <file>rtsv7M3_T_le_eabi.lib</file>
         <name>copy_decompress_none.obj</name>
      </input_file>
      <input_file id="fl-e1">
         <path>I:\ti\ccsv7\tools\compiler\ti-cgt-arm_16.9.6.LTS\lib\</path>
         <kind>archive</kind>
         <file>rtsv7M3_T_le_eabi.lib</file>
         <name>copy_zero_init.obj</name>
      </input_file>
      <input_file id="fl-e2">
         <path>I:\ti\ccsv7\tools\compiler\ti-cgt-arm_16.9.6.LTS\lib\</path>
         <kind>archive</kind>
         <file>rtsv7M3_T_le_eabi.lib</file>
         <name>exit.obj</name>
      </input_file>
      <input_file id="fl-e3">
         <path>I:\ti\ccsv7\tools\compiler\ti-cgt-arm_16.9.6.LTS\lib\</path>
         <kind>archive</kind>
         <file>rtsv7M3_T_le_eabi.lib</file>
         <name>ll_mul_t2.obj</name>
      </input_file>
      <input_file id="fl-e4">
         <path>I:\ti\ccsv7\tools\compiler\ti-cgt-arm_16.9.6.LTS\lib\</path>
         <kind>archive</kind>
         <file>rtsv7M3_T_le_eabi.lib</file>
         <name>memcpy_t2.obj</name>
      </input_file>
      <input_file id="fl-e5">
         <path>I:\ti\ccsv7\tools\compiler\ti-cgt-arm_16.9.6.LTS\lib\</path>
         <kind>archive</kind>
         <file>rtsv7M3_T_le_eabi.lib</file>
         <name>memory.obj</name>
      </input_file>
      <input_file id="fl-e6">
         <path>I:\ti\ccsv7\tools\compiler\ti-cgt-arm_16.9.6.LTS\lib\</path>
         <kind>archive</kind>
         <file>rtsv7M3_T_le_eabi.lib</file>
         <name>memset_t2.obj</name>
      </input_file>
      <input_file id="fl-e7">
         <path>I:\ti\ccsv7\tools\compiler\ti-cgt-arm_16.9.6.LTS\lib\</path>
         <kind>archive</kind>
         <file>rtsv7M3_T_le_eabi.lib</file>
         <name>mpu_init.obj</name>
      </input_file>
      <input_file id="fl-e8">
         <path>I:\ti\ccsv7\tools\compiler\ti-cgt-arm_16.9.6.LTS\lib\</path>
         <kind>archive</kind>
         <file>rtsv7M3_T_le_eabi.lib</file>
         <name>pre_init.obj</name>
      </input_file>
      <input_file id="fl-e9">
         <path>I:\ti\ccsv7\tools\compiler\ti-cgt-arm_16.9.6.LTS\lib\</path>
         <kind>archive</kind>
         <file>rtsv7M3_T_le_eabi.lib</file>
         <name>stkdepth_vars.obj</name>
      </input_file>
      <input_file id="fl-ea">
         <path>I:\ti\ccsv7\tools\compiler\ti-cgt-arm_16.9.6.LTS\lib\</path>
         <kind>archive</kind>
         <file>rtsv7M3_T_le_eabi.lib</file>
         <name>ull_div_t2.obj</name>
      </input_file>
      <input_file id="fl-eb">
         <path>I:\ti\ccsv7\tools\compiler\ti-cgt-arm_16.9.6.LTS\lib\</path>
         <kind>archive</kind>
         <file>rtsv7M3_T_le_eabi.lib</file>
         <name>_lock.obj</name>
      </input_file>
      <input_file id="fl-ec">
         <path>I:\ti\ccsv7\tools\compiler\ti-cgt-arm_16.9.6.LTS\lib\</path>
         <kind>archive</kind>
         <file>rtsv7M3_T_le_eabi.lib</file>
         <name>args_main.obj</name>
      </input_file>
      <input_file id="fl-ed">
         <path>I:\ti\ccsv7\tools\compiler\ti-cgt-arm_16.9.6.LTS\lib\</path>
         <kind>archive</kind>
         <file>rtsv7M3_T_le_eabi.lib</file>
         <name>autoinit.obj</name>
      </input_file>
      <input_file id="fl-ee">
         <path>I:\ti\ccsv7\tools\compiler\ti-cgt-arm_16.9.6.LTS\lib\</path>
         <kind>archive</kind>
         <file>rtsv7M3_T_le_eabi.lib</file>
         <name>cpy_tbl.obj</name>
      </input_file>
      <input_file id="fl-ef">
         <path>I:\ti\ccsv7\tools\compiler\ti-cgt-arm_16.9.6.LTS\lib\</path>
         <kind>archive</kind>
         <file>rtsv7M3_T_le_eabi.lib</file>
         <name>startup.obj</name>
      </input_file>
   </input_file_list>
   <object_component_list>
      <object_component id="oc-15">
         <name>.intvecs</name>
         <load_address>0x0</load_address>
         <run_address>0x0</run_address>
         <size>0xc8</size>
         <input_file_ref idref="fl-1c"/>
      </object_component>
      <object_component id="oc-5d0">
         <name>.text:PowerCC26XX_auxISR</name>
         <load_address>0xc8</load_address>
         <run_address>0xc8</run_address>
         <size>0x314</size>
         <input_file_ref idref="fl-12"/>
      </object_component>
      <object_component id="oc-69b">
         <name>.text:fsmActiveState</name>
         <load_address>0x3dc</load_address>
         <run_address>0x3dc</run_address>
         <size>0x310</size>
         <input_file_ref idref="fl-f"/>
      </object_component>
      <object_component id="oc-5ab">
         <name>.text:Power_sleep</name>
         <load_address>0x6ec</load_address>
         <run_address>0x6ec</run_address>
         <size>0x244</size>
         <input_file_ref idref="fl-11"/>
      </object_component>
      <object_component id="oc-73b">
         <name>.text:NOROM_SysCtrlSetRechargeBeforePowerDown</name>
         <load_address>0x930</load_address>
         <run_address>0x930</run_address>
         <size>0x20c</size>
         <input_file_ref idref="fl-27"/>
      </object_component>
      <object_component id="oc-589">
         <name>.text</name>
         <load_address>0xb3c</load_address>
         <run_address>0xb3c</run_address>
         <size>0x1f4</size>
         <input_file_ref idref="fl-ea"/>
      </object_component>
      <object_component id="oc-4fa">
         <name>.text:fsmSetupState</name>
         <load_address>0xd30</load_address>
         <run_address>0xd30</run_address>
         <size>0x1c4</size>
         <input_file_ref idref="fl-f"/>
      </object_component>
      <object_component id="oc-16f">
         <name>.text:PIN_init</name>
         <load_address>0xef4</load_address>
         <run_address>0xef4</run_address>
         <size>0x1bc</size>
         <input_file_ref idref="fl-10"/>
      </object_component>
      <object_component id="oc-18c">
         <name>.text:RF_open</name>
         <load_address>0x10b0</load_address>
         <run_address>0x10b0</run_address>
         <size>0x1b0</size>
         <input_file_ref idref="fl-f"/>
      </object_component>
      <object_component id="oc-79a">
         <name>.text:hwiFxnCpe0Active</name>
         <load_address>0x1260</load_address>
         <run_address>0x1260</run_address>
         <size>0x1b0</size>
         <input_file_ref idref="fl-f"/>
      </object_component>
      <object_component id="oc-5be">
         <name>.text:PowerCC26XX_doCalibrate</name>
         <load_address>0x1410</load_address>
         <run_address>0x1410</run_address>
         <size>0x190</size>
         <input_file_ref idref="fl-12"/>
      </object_component>
      <object_component id="oc-169">
         <name>.text:Power_init</name>
         <load_address>0x15a0</load_address>
         <run_address>0x15a0</run_address>
         <size>0x12c</size>
         <input_file_ref idref="fl-11"/>
      </object_component>
      <object_component id="oc-141">
         <name>.text:mainThread</name>
         <load_address>0x16cc</load_address>
         <run_address>0x16cc</run_address>
         <size>0x118</size>
         <input_file_ref idref="fl-5"/>
      </object_component>
      <object_component id="oc-329">
         <name>.text:rf_patch_rfe_ble</name>
         <load_address>0x17e4</load_address>
         <run_address>0x17e4</run_address>
         <size>0x114</size>
         <input_file_ref idref="fl-6"/>
      </object_component>
      <object_component id="oc-3a7">
         <name>.text:PowerCC26XX_standbyPolicy</name>
         <load_address>0x18f8</load_address>
         <run_address>0x18f8</run_address>
         <size>0x100</size>
         <input_file_ref idref="fl-1b"/>
      </object_component>
      <object_component id="oc-4ee">
         <name>.text:radioOpDoneCb</name>
         <load_address>0x19f8</load_address>
         <run_address>0x19f8</run_address>
         <size>0x100</size>
         <input_file_ref idref="fl-f"/>
      </object_component>
      <object_component id="oc-306">
         <name>.text:RF_postCmd</name>
         <load_address>0x1af8</load_address>
         <run_address>0x1af8</run_address>
         <size>0xf8</size>
         <input_file_ref idref="fl-f"/>
      </object_component>
      <object_component id="oc-30c">
         <name>.text:RF_pendCmd</name>
         <load_address>0x1bf0</load_address>
         <run_address>0x1bf0</run_address>
         <size>0xec</size>
         <input_file_ref idref="fl-f"/>
      </object_component>
      <object_component id="oc-2dd">
         <name>.text:fsmPowerUpState</name>
         <load_address>0x1cdc</load_address>
         <run_address>0x1cdc</run_address>
         <size>0xec</size>
         <input_file_ref idref="fl-f"/>
      </object_component>
      <object_component id="oc-235">
         <name>.text:PINCC26XX_setIoCfg</name>
         <load_address>0x1dc8</load_address>
         <run_address>0x1dc8</run_address>
         <size>0xdc</size>
         <input_file_ref idref="fl-10"/>
      </object_component>
      <object_component id="oc-253">
         <name>.text:SwiP_construct</name>
         <load_address>0x1ea4</load_address>
         <run_address>0x1ea4</run_address>
         <size>0xd8</size>
         <input_file_ref idref="fl-17"/>
      </object_component>
      <object_component id="oc-74b">
         <name>.text:Power_releaseDependency</name>
         <load_address>0x1f7c</load_address>
         <run_address>0x1f7c</run_address>
         <size>0xbc</size>
         <input_file_ref idref="fl-11"/>
      </object_component>
      <object_component id="oc-229">
         <name>.text:Power_setDependency</name>
         <load_address>0x2038</load_address>
         <run_address>0x2038</run_address>
         <size>0xb4</size>
         <input_file_ref idref="fl-11"/>
      </object_component>
      <object_component id="oc-55b">
         <name>.text:TimerP_construct</name>
         <load_address>0x20ec</load_address>
         <run_address>0x20ec</run_address>
         <size>0xb0</size>
         <input_file_ref idref="fl-19"/>
      </object_component>
      <object_component id="oc-75">
         <name>.text:NOROM_SetupTrimDevice</name>
         <load_address>0x219c</load_address>
         <run_address>0x219c</run_address>
         <size>0xac</size>
         <input_file_ref idref="fl-26"/>
      </object_component>
      <object_component id="oc-56d">
         <name>.text:ClockP_workFuncDynamic</name>
         <load_address>0x2248</load_address>
         <run_address>0x2248</run_address>
         <size>0xa8</size>
         <input_file_ref idref="fl-18"/>
      </object_component>
      <object_component id="oc-2cb">
         <name>.text:swiFxnHw</name>
         <load_address>0x22f0</load_address>
         <run_address>0x22f0</run_address>
         <size>0xa8</size>
         <input_file_ref idref="fl-f"/>
      </object_component>
      <object_component id="oc-1fc">
         <name>.text:switchXOSCHFclockFunc</name>
         <load_address>0x2398</load_address>
         <run_address>0x2398</run_address>
         <size>0xa4</size>
         <input_file_ref idref="fl-11"/>
      </object_component>
      <object_component id="oc-635">
         <name>.text:SwiP_dispatch</name>
         <load_address>0x243c</load_address>
         <run_address>0x243c</run_address>
         <size>0xa0</size>
         <input_file_ref idref="fl-17"/>
      </object_component>
      <object_component id="oc-383">
         <name>.text:ClockP_startup</name>
         <load_address>0x24dc</load_address>
         <run_address>0x24dc</run_address>
         <size>0x9c</size>
         <input_file_ref idref="fl-18"/>
      </object_component>
      <object_component id="oc-57">
         <name>.text</name>
         <load_address>0x2578</load_address>
         <run_address>0x2578</run_address>
         <size>0x9c</size>
         <input_file_ref idref="fl-e4"/>
      </object_component>
      <object_component id="oc-186">
         <name>.text:PIN_open</name>
         <load_address>0x2614</load_address>
         <run_address>0x2614</run_address>
         <size>0x98</size>
         <input_file_ref idref="fl-10"/>
      </object_component>
      <object_component id="oc-288">
         <name>.text:SemaphoreP_pend</name>
         <load_address>0x26ac</load_address>
         <run_address>0x26ac</run_address>
         <size>0x98</size>
         <input_file_ref idref="fl-16"/>
      </object_component>
      <object_component id="oc-b4">
         <name>.text:TrimAfterColdResetWakeupFromShutDown</name>
         <load_address>0x2744</load_address>
         <run_address>0x2744</run_address>
         <size>0x8c</size>
         <input_file_ref idref="fl-26"/>
      </object_component>
      <object_component id="oc-4d3">
         <name>.text:ratFreeChannel</name>
         <load_address>0x27d0</load_address>
         <run_address>0x27d0</run_address>
         <size>0x8c</size>
         <input_file_ref idref="fl-f"/>
      </object_component>
      <object_component id="oc-1ed">
         <name>.text:ClockP_start</name>
         <load_address>0x285c</load_address>
         <run_address>0x285c</run_address>
         <size>0x80</size>
         <input_file_ref idref="fl-18"/>
      </object_component>
      <object_component id="oc-2d1">
         <name>.text:hwiFxnHw</name>
         <load_address>0x28dc</load_address>
         <run_address>0x28dc</run_address>
         <size>0x7c</size>
         <input_file_ref idref="fl-f"/>
      </object_component>
      <object_component id="oc-509">
         <name>.text:rfReleaseConstraint</name>
         <load_address>0x2958</load_address>
         <run_address>0x2958</run_address>
         <size>0x7c</size>
         <input_file_ref idref="fl-f"/>
      </object_component>
      <object_component id="oc-63">
         <name>.text</name>
         <load_address>0x29d4</load_address>
         <run_address>0x29d4</run_address>
         <size>0x7a</size>
         <input_file_ref idref="fl-e6"/>
      </object_component>
      <object_component id="oc-67d">
         <name>.text:NOROM_RFCAdi3VcoLdoVoltageMode</name>
         <load_address>0x2a4e</load_address>
         <run_address>0x2a4e</run_address>
         <size>0x2</size>
         <input_file_ref idref="fl-25"/>
      </object_component>
      <object_component id="oc-247">
         <name>.text:HwiP_construct</name>
         <load_address>0x2a50</load_address>
         <run_address>0x2a50</run_address>
         <size>0x78</size>
         <input_file_ref idref="fl-1a"/>
      </object_component>
      <object_component id="oc-706">
         <name>.text:ClockP_walkQueueDynamic</name>
         <load_address>0x2ac8</load_address>
         <run_address>0x2ac8</run_address>
         <size>0x74</size>
         <input_file_ref idref="fl-18"/>
      </object_component>
      <object_component id="oc-29b">
         <name>.text:NOROM_RFCOverrideUpdate</name>
         <load_address>0x2b3c</load_address>
         <run_address>0x2b3c</run_address>
         <size>0x74</size>
         <input_file_ref idref="fl-25"/>
      </object_component>
      <object_component id="oc-741">
         <name>.text:NOROM_SysCtrlAdjustRechargeAfterPowerDown</name>
         <load_address>0x2bb0</load_address>
         <run_address>0x2bb0</run_address>
         <size>0x70</size>
         <input_file_ref idref="fl-27"/>
      </object_component>
      <object_component id="oc-7bc">
         <name>.text:TimerP_start</name>
         <load_address>0x2c20</load_address>
         <run_address>0x2c20</run_address>
         <size>0x70</size>
         <input_file_ref idref="fl-19"/>
      </object_component>
      <object_component id="oc-202">
         <name>.text:lfClockReadyCallback</name>
         <load_address>0x2c90</load_address>
         <run_address>0x2c90</run_address>
         <size>0x70</size>
         <input_file_ref idref="fl-11"/>
      </object_component>
      <object_component id="oc-c7">
         <name>.text</name>
         <load_address>0x2d00</load_address>
         <run_address>0x2d00</run_address>
         <size>0x70</size>
         <input_file_ref idref="fl-ed"/>
      </object_component>
      <object_component id="oc-3c2">
         <name>.text:NOROM_OSCHF_AttemptToSwitchToXosc</name>
         <load_address>0x2d70</load_address>
         <run_address>0x2d70</run_address>
         <size>0x6c</size>
         <input_file_ref idref="fl-24"/>
      </object_component>
      <object_component id="oc-5c4">
         <name>.text:PowerCC26XX_initiateCalibration</name>
         <load_address>0x2ddc</load_address>
         <run_address>0x2ddc</run_address>
         <size>0x6c</size>
         <input_file_ref idref="fl-12"/>
      </object_component>
      <object_component id="oc-3e4">
         <name>.text:configureXOSCHF</name>
         <load_address>0x2e48</load_address>
         <run_address>0x2e48</run_address>
         <size>0x6c</size>
         <input_file_ref idref="fl-11"/>
      </object_component>
      <object_component id="oc-6a9">
         <name>.text:ratDispatchTime</name>
         <load_address>0x2eb4</load_address>
         <run_address>0x2eb4</run_address>
         <size>0x6c</size>
         <input_file_ref idref="fl-f"/>
      </object_component>
      <object_component id="oc-599">
         <name>.text:NOROM_SysCtrl_DCDC_VoltageConditionalControl</name>
         <load_address>0x2f20</load_address>
         <run_address>0x2f20</run_address>
         <size>0x68</size>
         <input_file_ref idref="fl-27"/>
      </object_component>
      <object_component id="oc-63c">
         <name>.text:SwiP_post</name>
         <load_address>0x2f88</load_address>
         <run_address>0x2f88</run_address>
         <size>0x68</size>
         <input_file_ref idref="fl-17"/>
      </object_component>
      <object_component id="oc-18">
         <name>.text:decompress:lzss</name>
         <load_address>0x2ff0</load_address>
         <run_address>0x2ff0</run_address>
         <size>0x68</size>
         <input_file_ref idref="fl-df"/>
      </object_component>
      <object_component id="oc-6a1">
         <name>.text:fsmXOSCState</name>
         <load_address>0x3058</load_address>
         <run_address>0x3058</run_address>
         <size>0x60</size>
         <input_file_ref idref="fl-f"/>
      </object_component>
      <object_component id="oc-5ca">
         <name>.text:PowerCC26XX_RCOSC_clockFunc</name>
         <load_address>0x30b8</load_address>
         <run_address>0x30b8</run_address>
         <size>0x5c</size>
         <input_file_ref idref="fl-12"/>
      </object_component>
      <object_component id="oc-3ad">
         <name>.text:PowerCC26XX_calibrate</name>
         <load_address>0x3114</load_address>
         <run_address>0x3114</run_address>
         <size>0x5c</size>
         <input_file_ref idref="fl-11"/>
      </object_component>
      <object_component id="oc-312">
         <name>.text:syncCb</name>
         <load_address>0x3170</load_address>
         <run_address>0x3170</run_address>
         <size>0x5a</size>
         <input_file_ref idref="fl-f"/>
      </object_component>
      <object_component id="oc-49d">
         <name>.text:clkFxn</name>
         <load_address>0x31ca</load_address>
         <run_address>0x31ca</run_address>
         <size>0x2</size>
         <input_file_ref idref="fl-16"/>
      </object_component>
      <object_component id="oc-192">
         <name>.text:RF_getCurrentTime</name>
         <load_address>0x31cc</load_address>
         <run_address>0x31cc</run_address>
         <size>0x58</size>
         <input_file_ref idref="fl-f"/>
      </object_component>
      <object_component id="oc-517">
         <name>.text:dispatchNextEvent</name>
         <load_address>0x3224</load_address>
         <run_address>0x3224</run_address>
         <size>0x58</size>
         <input_file_ref idref="fl-f"/>
      </object_component>
      <object_component id="oc-7ab">
         <name>.text:cmdDispatchTime</name>
         <load_address>0x327c</load_address>
         <run_address>0x327c</run_address>
         <size>0x54</size>
         <input_file_ref idref="fl-f"/>
      </object_component>
      <object_component id="oc-d3">
         <name>.text</name>
         <load_address>0x32d0</load_address>
         <run_address>0x32d0</run_address>
         <size>0x54</size>
         <input_file_ref idref="fl-e2"/>
      </object_component>
      <object_component id="oc-404">
         <name>.text:SemaphoreP_construct</name>
         <load_address>0x3324</load_address>
         <run_address>0x3324</run_address>
         <size>0x50</size>
         <input_file_ref idref="fl-16"/>
      </object_component>
      <object_component id="oc-2e3">
         <name>.text:RF_wakeupNotifyFxn</name>
         <load_address>0x3374</load_address>
         <run_address>0x3374</run_address>
         <size>0x4c</size>
         <input_file_ref idref="fl-f"/>
      </object_component>
      <object_component id="oc-fd">
         <name>.text</name>
         <load_address>0x33c0</load_address>
         <run_address>0x33c0</run_address>
         <size>0x4c</size>
         <input_file_ref idref="fl-ee"/>
      </object_component>
      <object_component id="oc-1d5">
         <name>.text:ClockP_construct</name>
         <load_address>0x340c</load_address>
         <run_address>0x340c</run_address>
         <size>0x48</size>
         <input_file_ref idref="fl-18"/>
      </object_component>
      <object_component id="oc-511">
         <name>.text:Q_push</name>
         <load_address>0x3454</load_address>
         <run_address>0x3454</run_address>
         <size>0x48</size>
         <input_file_ref idref="fl-f"/>
      </object_component>
      <object_component id="oc-5fd">
         <name>.text:NOROM_OSCHF_SwitchToRcOscTurnOffXosc</name>
         <load_address>0x349c</load_address>
         <run_address>0x349c</run_address>
         <size>0x44</size>
         <input_file_ref idref="fl-24"/>
      </object_component>
      <object_component id="oc-52a">
         <name>.text:SwiP_restore</name>
         <load_address>0x34e0</load_address>
         <run_address>0x34e0</run_address>
         <size>0x44</size>
         <input_file_ref idref="fl-17"/>
      </object_component>
      <object_component id="oc-3b6">
         <name>.text:notify</name>
         <load_address>0x3524</load_address>
         <run_address>0x3524</run_address>
         <size>0x44</size>
         <input_file_ref idref="fl-11"/>
      </object_component>
      <object_component id="oc-265">
         <name>.text:PIN_swi</name>
         <load_address>0x3568</load_address>
         <run_address>0x3568</run_address>
         <size>0x40</size>
         <input_file_ref idref="fl-10"/>
      </object_component>
      <object_component id="oc-68f">
         <name>.text:PowerCC26XX_isStableXOSC_HF</name>
         <load_address>0x35a8</load_address>
         <run_address>0x35a8</run_address>
         <size>0x40</size>
         <input_file_ref idref="fl-11"/>
      </object_component>
      <object_component id="oc-7b">
         <name>.text</name>
         <load_address>0x35e8</load_address>
         <run_address>0x35e8</run_address>
         <size>0x40</size>
         <input_file_ref idref="fl-de"/>
      </object_component>
      <object_component id="oc-754">
         <name>.text:NOROM_OSC_HPOSCRelativeFrequencyOffsetGet</name>
         <load_address>0x3628</load_address>
         <run_address>0x3628</run_address>
         <size>0x3c</size>
         <input_file_ref idref="fl-24"/>
      </object_component>
      <object_component id="oc-794">
         <name>.text:NOROM_RFCSynthPowerDown</name>
         <load_address>0x3664</load_address>
         <run_address>0x3664</run_address>
         <size>0x3c</size>
         <input_file_ref idref="fl-25"/>
      </object_component>
      <object_component id="oc-1e1">
         <name>.text:disableLfClkQualifiersEnableClkLoss</name>
         <load_address>0x36a0</load_address>
         <run_address>0x36a0</run_address>
         <size>0x3c</size>
         <input_file_ref idref="fl-11"/>
      </object_component>
      <object_component id="oc-1a4">
         <name>.text:PIN_setOutputValue</name>
         <load_address>0x36dc</load_address>
         <run_address>0x36dc</run_address>
         <size>0x38</size>
         <input_file_ref idref="fl-10"/>
      </object_component>
      <object_component id="oc-294">
         <name>.text:SemaphoreP_post</name>
         <load_address>0x3714</load_address>
         <run_address>0x3714</run_address>
         <size>0x38</size>
         <input_file_ref idref="fl-16"/>
      </object_component>
      <object_component id="oc-6b4">
         <name>.text:calculateDispatchTime</name>
         <load_address>0x374c</load_address>
         <run_address>0x374c</run_address>
         <size>0x36</size>
         <input_file_ref idref="fl-f"/>
      </object_component>
      <object_component id="oc-2e9">
         <name>.text:defaultCallback</name>
         <load_address>0x3782</load_address>
         <run_address>0x3782</run_address>
         <size>0x2</size>
         <input_file_ref idref="fl-f"/>
      </object_component>
      <object_component id="oc-59f">
         <name>.text:ClockP_getTicksUntilInterrupt</name>
         <load_address>0x3784</load_address>
         <run_address>0x3784</run_address>
         <size>0x34</size>
         <input_file_ref idref="fl-18"/>
      </object_component>
      <object_component id="oc-412">
         <name>.text:NOROM_IntRegister</name>
         <load_address>0x37b8</load_address>
         <run_address>0x37b8</run_address>
         <size>0x34</size>
         <input_file_ref idref="fl-23"/>
      </object_component>
      <object_component id="oc-28e">
         <name>.text:PIN_setConfig</name>
         <load_address>0x37ec</load_address>
         <run_address>0x37ec</run_address>
         <size>0x34</size>
         <input_file_ref idref="fl-10"/>
      </object_component>
      <object_component id="oc-3c9">
         <name>.text:Power_releaseConstraint</name>
         <load_address>0x3820</load_address>
         <run_address>0x3820</run_address>
         <size>0x34</size>
         <input_file_ref idref="fl-11"/>
      </object_component>
      <object_component id="oc-6f1">
         <name>.text:TimerP_initDevice</name>
         <load_address>0x3854</load_address>
         <run_address>0x3854</run_address>
         <size>0x34</size>
         <input_file_ref idref="fl-19"/>
      </object_component>
      <object_component id="oc-591">
         <name>.text:TimerP_setNextTick</name>
         <load_address>0x3888</load_address>
         <run_address>0x3888</run_address>
         <size>0x32</size>
         <input_file_ref idref="fl-19"/>
      </object_component>
      <object_component id="oc-1f6">
         <name>.text:emptyClockFunc</name>
         <load_address>0x38ba</load_address>
         <run_address>0x38ba</run_address>
         <size>0x2</size>
         <input_file_ref idref="fl-11"/>
      </object_component>
      <object_component id="oc-1db">
         <name>.text:Power_setConstraint</name>
         <load_address>0x38bc</load_address>
         <run_address>0x38bc</run_address>
         <size>0x30</size>
         <input_file_ref idref="fl-11"/>
      </object_component>
      <object_component id="oc-198">
         <name>.text:RF_runCmd</name>
         <load_address>0x38ec</load_address>
         <run_address>0x38ec</run_address>
         <size>0x30</size>
         <input_file_ref idref="fl-f"/>
      </object_component>
      <object_component id="oc-394">
         <name>.text:TimerP_getCurrentTick</name>
         <load_address>0x391c</load_address>
         <run_address>0x391c</run_address>
         <size>0x30</size>
         <input_file_ref idref="fl-19"/>
      </object_component>
      <object_component id="oc-71f">
         <name>.text:TimerP_setThreshold</name>
         <load_address>0x394c</load_address>
         <run_address>0x394c</run_address>
         <size>0x30</size>
         <input_file_ref idref="fl-19"/>
      </object_component>
      <object_component id="oc-524">
         <name>.text:getCmd</name>
         <load_address>0x397c</load_address>
         <run_address>0x397c</run_address>
         <size>0x30</size>
         <input_file_ref idref="fl-f"/>
      </object_component>
      <object_component id="oc-f2">
         <name>.text:NOROM_ChipInfo_GetChipFamily</name>
         <load_address>0x39ac</load_address>
         <run_address>0x39ac</run_address>
         <size>0x2c</size>
         <input_file_ref idref="fl-20"/>
      </object_component>
      <object_component id="oc-7a2">
         <name>.text:calculateDeltaTimeUs</name>
         <load_address>0x39d8</load_address>
         <run_address>0x39d8</run_address>
         <size>0x2c</size>
         <input_file_ref idref="fl-f"/>
      </object_component>
      <object_component id="oc-7fb">
         <name>.text:executeDirectImmediateCmd</name>
         <load_address>0x3a04</load_address>
         <run_address>0x3a04</run_address>
         <size>0x2c</size>
         <input_file_ref idref="fl-f"/>
      </object_component>
      <object_component id="oc-217">
         <name>.text:NOROM_ChipInfo_GetChipType</name>
         <load_address>0x3a30</load_address>
         <run_address>0x3a30</run_address>
         <size>0x28</size>
         <input_file_ref idref="fl-20"/>
      </object_component>
      <object_component id="oc-2b3">
         <name>.text:Power_registerNotify</name>
         <load_address>0x3a58</load_address>
         <run_address>0x3a58</run_address>
         <size>0x28</size>
         <input_file_ref idref="fl-11"/>
      </object_component>
      <object_component id="oc-5eb">
         <name>.text:SafeHapiVoid</name>
         <load_address>0x3a80</load_address>
         <run_address>0x3a80</run_address>
         <size>0x28</size>
         <input_file_ref idref="fl-1e"/>
      </object_component>
      <object_component id="oc-3a0">
         <name>.text:ClockP_getTicks</name>
         <load_address>0x3aa8</load_address>
         <run_address>0x3aa8</run_address>
         <size>0x24</size>
         <input_file_ref idref="fl-18"/>
      </object_component>
      <object_component id="oc-39a">
         <name>.text:ClockP_scheduleNextTick</name>
         <load_address>0x3acc</load_address>
         <run_address>0x3acc</run_address>
         <size>0x24</size>
         <input_file_ref idref="fl-18"/>
      </object_component>
      <object_component id="oc-78e">
         <name>.text:HwiP_setFunc</name>
         <load_address>0x3af0</load_address>
         <run_address>0x3af0</run_address>
         <size>0x24</size>
         <input_file_ref idref="fl-1a"/>
      </object_component>
      <object_component id="oc-5f7">
         <name>.text:NOROM_OSCHF_TurnOnXosc</name>
         <load_address>0x3b14</load_address>
         <run_address>0x3b14</run_address>
         <size>0x24</size>
         <input_file_ref idref="fl-24"/>
      </object_component>
      <object_component id="oc-677">
         <name>.text:NOROM_RFCDoorbellSendTo</name>
         <load_address>0x3b38</load_address>
         <run_address>0x3b38</run_address>
         <size>0x24</size>
         <input_file_ref idref="fl-25"/>
      </object_component>
      <object_component id="oc-561">
         <name>.text:TimerP_getMaxTicks</name>
         <load_address>0x3b5c</load_address>
         <run_address>0x3b5c</run_address>
         <size>0x24</size>
         <input_file_ref idref="fl-19"/>
      </object_component>
      <object_component id="oc-2c5">
         <name>.text:hwiFxnCpe0PowerFsm</name>
         <load_address>0x3b80</load_address>
         <run_address>0x3b80</run_address>
         <size>0x24</size>
         <input_file_ref idref="fl-f"/>
      </object_component>
      <object_component id="oc-4ba">
         <name>.text:List_put</name>
         <load_address>0x3ba4</load_address>
         <run_address>0x3ba4</run_address>
         <size>0x22</size>
         <input_file_ref idref="fl-14"/>
      </object_component>
      <object_component id="oc-6c4">
         <name>.text:enterBleSysPatch</name>
         <load_address>0x3bc6</load_address>
         <run_address>0x3bc6</run_address>
         <size>0x2</size>
         <input_file_ref idref="fl-6"/>
      </object_component>
      <object_component id="oc-485">
         <name>.text:ClockP_add</name>
         <load_address>0x3bc8</load_address>
         <run_address>0x3bc8</run_address>
         <size>0x20</size>
         <input_file_ref idref="fl-18"/>
      </object_component>
      <object_component id="oc-41b">
         <name>.text:HwiP_dispatch</name>
         <load_address>0x3be8</load_address>
         <run_address>0x3be8</run_address>
         <size>0x20</size>
         <input_file_ref idref="fl-1a"/>
      </object_component>
      <object_component id="oc-683">
         <name>.text:NOROM_RFCRfTrimRead</name>
         <load_address>0x3c08</load_address>
         <run_address>0x3c08</run_address>
         <size>0x20</size>
         <input_file_ref idref="fl-25"/>
      </object_component>
      <object_component id="oc-5a5">
         <name>.text:Power_getTransitionLatency</name>
         <load_address>0x3c28</load_address>
         <run_address>0x3c28</run_address>
         <size>0x1e</size>
         <input_file_ref idref="fl-11"/>
      </object_component>
      <object_component id="oc-22f">
         <name>.text:SemaphoreP_constructBinary</name>
         <load_address>0x3c46</load_address>
         <run_address>0x3c46</run_address>
         <size>0x1e</size>
         <input_file_ref idref="fl-16"/>
      </object_component>
      <object_component id="oc-23b">
         <name>.text:PINCC26XX_setIoCfgMux</name>
         <load_address>0x3c64</load_address>
         <run_address>0x3c64</run_address>
         <size>0x1c</size>
         <input_file_ref idref="fl-10"/>
      </object_component>
      <object_component id="oc-25f">
         <name>.text:PIN_hwi</name>
         <load_address>0x3c80</load_address>
         <run_address>0x3c80</run_address>
         <size>0x1c</size>
         <input_file_ref idref="fl-10"/>
      </object_component>
      <object_component id="oc-389">
         <name>.text:QueueP_put</name>
         <load_address>0x3c9c</load_address>
         <run_address>0x3c9c</run_address>
         <size>0x1c</size>
         <input_file_ref idref="fl-1d"/>
      </object_component>
      <object_component id="oc-51e">
         <name>.text:SwiP_disable</name>
         <load_address>0x3cb8</load_address>
         <run_address>0x3cb8</run_address>
         <size>0x1c</size>
         <input_file_ref idref="fl-17"/>
      </object_component>
      <object_component id="oc-442">
         <name>.text:SwiP_or</name>
         <load_address>0x3cd4</load_address>
         <run_address>0x3cd4</run_address>
         <size>0x1c</size>
         <input_file_ref idref="fl-17"/>
      </object_component>
      <object_component id="oc-6fd">
         <name>.text:TimerP_dynamicStub</name>
         <load_address>0x3cf0</load_address>
         <run_address>0x3cf0</run_address>
         <size>0x1c</size>
         <input_file_ref idref="fl-19"/>
      </object_component>
      <object_component id="oc-6d0">
         <name>.text:configureBlePatch</name>
         <load_address>0x3d0c</load_address>
         <run_address>0x3d0c</run_address>
         <size>0x1c</size>
         <input_file_ref idref="fl-6"/>
      </object_component>
      <object_component id="oc-6ca">
         <name>.text:enterBleCpePatch</name>
         <load_address>0x3d28</load_address>
         <run_address>0x3d28</run_address>
         <size>0x1c</size>
         <input_file_ref idref="fl-6"/>
      </object_component>
      <object_component id="oc-4cd">
         <name>.text:ratGetChannel</name>
         <load_address>0x3d44</load_address>
         <run_address>0x3d44</run_address>
         <size>0x1c</size>
         <input_file_ref idref="fl-f"/>
      </object_component>
      <object_component id="oc-7f5">
         <name>.text:rfSetConstraint</name>
         <load_address>0x3d60</load_address>
         <run_address>0x3d60</run_address>
         <size>0x1c</size>
         <input_file_ref idref="fl-f"/>
      </object_component>
      <object_component id="oc-773">
         <name>.text:QueueP_get</name>
         <load_address>0x3d7c</load_address>
         <run_address>0x3d7c</run_address>
         <size>0x1a</size>
         <input_file_ref idref="fl-1d"/>
      </object_component>
      <object_component id="oc-3d">
         <name>.text:faultISR</name>
         <load_address>0x3d96</load_address>
         <run_address>0x3d96</run_address>
         <size>0x2</size>
         <input_file_ref idref="fl-1c"/>
      </object_component>
      <object_component id="oc-135">
         <name>.text:CC2640R2_RSM_initGeneral</name>
         <load_address>0x3d98</load_address>
         <run_address>0x3d98</run_address>
         <size>0x18</size>
         <input_file_ref idref="fl-2"/>
      </object_component>
      <object_component id="oc-497">
         <name>.text:ClockP_destruct</name>
         <load_address>0x3db0</load_address>
         <run_address>0x3db0</run_address>
         <size>0x18</size>
         <input_file_ref idref="fl-18"/>
      </object_component>
      <object_component id="oc-501">
         <name>.text:ClockP_getTimeout</name>
         <load_address>0x3dc8</load_address>
         <run_address>0x3dc8</run_address>
         <size>0x18</size>
         <input_file_ref idref="fl-18"/>
      </object_component>
      <object_component id="oc-4a8">
         <name>.text:HwiP_inISR</name>
         <load_address>0x3de0</load_address>
         <run_address>0x3de0</run_address>
         <size>0x18</size>
         <input_file_ref idref="fl-1a"/>
      </object_component>
      <object_component id="oc-7d6">
         <name>.text:NOROM_AONRTCCurrentCompareValueGet</name>
         <load_address>0x3df8</load_address>
         <run_address>0x3df8</run_address>
         <size>0x18</size>
         <input_file_ref idref="fl-1f"/>
      </object_component>
      <object_component id="oc-21d">
         <name>.text:NOROM_ChipInfo_GetPackageType</name>
         <load_address>0x3e10</load_address>
         <run_address>0x3e10</run_address>
         <size>0x18</size>
         <input_file_ref idref="fl-20"/>
      </object_component>
      <object_component id="oc-4c6">
         <name>.text:NOROM_RFCCpeIntGetAndClear</name>
         <load_address>0x3e28</load_address>
         <run_address>0x3e28</run_address>
         <size>0x18</size>
         <input_file_ref idref="fl-25"/>
      </object_component>
      <object_component id="oc-4da">
         <name>.text:NOROM_RFCHWIntGetAndClear</name>
         <load_address>0x3e40</load_address>
         <run_address>0x3e40</run_address>
         <size>0x18</size>
         <input_file_ref idref="fl-25"/>
      </object_component>
      <object_component id="oc-64f">
         <name>.text:Power_idleFunc</name>
         <load_address>0x3e58</load_address>
         <run_address>0x3e58</run_address>
         <size>0x18</size>
         <input_file_ref idref="fl-11"/>
      </object_component>
      <object_component id="oc-669">
         <name>.text:Q_pop</name>
         <load_address>0x3e70</load_address>
         <run_address>0x3e70</run_address>
         <size>0x18</size>
         <input_file_ref idref="fl-f"/>
      </object_component>
      <object_component id="oc-3de">
         <name>.text:configureRFCoreClocks</name>
         <load_address>0x3e88</load_address>
         <run_address>0x3e88</run_address>
         <size>0x18</size>
         <input_file_ref idref="fl-11"/>
      </object_component>
      <object_component id="oc-cd">
         <name>.text</name>
         <load_address>0x3ea0</load_address>
         <run_address>0x3ea0</run_address>
         <size>0x18</size>
         <input_file_ref idref="fl-ec"/>
      </object_component>
      <object_component id="oc-300">
         <name>.text</name>
         <load_address>0x3eb8</load_address>
         <run_address>0x3eb8</run_address>
         <size>0x18</size>
         <input_file_ref idref="fl-e3"/>
      </object_component>
      <object_component id="oc-2bf">
         <name>.text:swiFxnFsm</name>
         <load_address>0x3ed0</load_address>
         <run_address>0x3ed0</run_address>
         <size>0x18</size>
         <input_file_ref idref="fl-f"/>
      </object_component>
      <object_component id="oc-710">
         <name>.text:NOROM_AONRTCCurrent64BitValueGet</name>
         <load_address>0x3ee8</load_address>
         <run_address>0x3ee8</run_address>
         <size>0x14</size>
         <input_file_ref idref="fl-1f"/>
      </object_component>
      <object_component id="oc-19e">
         <name>.text:PINCC26XX_getOutputValue</name>
         <load_address>0x3efc</load_address>
         <run_address>0x3efc</run_address>
         <size>0x14</size>
         <input_file_ref idref="fl-10"/>
      </object_component>
      <object_component id="oc-4ae">
         <name>.text:Power_disablePolicy</name>
         <load_address>0x3f10</load_address>
         <run_address>0x3f10</run_address>
         <size>0x14</size>
         <input_file_ref idref="fl-11"/>
      </object_component>
      <object_component id="oc-180">
         <name>.text:RF_Params_init</name>
         <load_address>0x3f24</load_address>
         <run_address>0x3f24</run_address>
         <size>0x14</size>
         <input_file_ref idref="fl-f"/>
      </object_component>
      <object_component id="oc-437">
         <name>.text:SwiP_handleHwi</name>
         <load_address>0x3f38</load_address>
         <run_address>0x3f38</run_address>
         <size>0x14</size>
         <input_file_ref idref="fl-17"/>
      </object_component>
      <object_component id="oc-6f7">
         <name>.text:TimerP_startup</name>
         <load_address>0x3f4c</load_address>
         <run_address>0x3f4c</run_address>
         <size>0x14</size>
         <input_file_ref idref="fl-19"/>
      </object_component>
      <object_component id="oc-65f">
         <name>.text:ratConfigureChannel</name>
         <load_address>0x3f60</load_address>
         <run_address>0x3f60</run_address>
         <size>0x14</size>
         <input_file_ref idref="fl-f"/>
      </object_component>
      <object_component id="oc-2a">
         <name>.text:resetISR</name>
         <load_address>0x3f74</load_address>
         <run_address>0x3f74</run_address>
         <size>0x14</size>
         <input_file_ref idref="fl-1c"/>
      </object_component>
      <object_component id="oc-151">
         <name>.text</name>
         <load_address>0x3f88</load_address>
         <run_address>0x3f88</run_address>
         <size>0x14</size>
         <input_file_ref idref="fl-eb"/>
      </object_component>
      <object_component id="oc-241">
         <name>.text:HwiP_Params_init</name>
         <load_address>0x3f9c</load_address>
         <run_address>0x3f9c</run_address>
         <size>0x12</size>
         <input_file_ref idref="fl-1a"/>
      </object_component>
      <object_component id="oc-10b">
         <name>.text:main</name>
         <load_address>0x3fae</load_address>
         <run_address>0x3fae</run_address>
         <size>0x12</size>
         <input_file_ref idref="fl-4"/>
      </object_component>
      <object_component id="oc-1cf">
         <name>.text:ClockP_Params_init</name>
         <load_address>0x3fc0</load_address>
         <run_address>0x3fc0</run_address>
         <size>0x10</size>
         <input_file_ref idref="fl-18"/>
      </object_component>
      <object_component id="oc-2a1">
         <name>.text:HwiP_disable</name>
         <load_address>0x3fd0</load_address>
         <run_address>0x3fd0</run_address>
         <size>0x10</size>
         <input_file_ref idref="fl-1a"/>
      </object_component>
      <object_component id="oc-4e8">
         <name>.text:HwiP_enableInterrupt</name>
         <load_address>0x3fe0</load_address>
         <run_address>0x3fe0</run_address>
         <size>0x10</size>
         <input_file_ref idref="fl-1a"/>
      </object_component>
      <object_component id="oc-6ba">
         <name>.text:HwiP_post</name>
         <load_address>0x3ff0</load_address>
         <run_address>0x3ff0</run_address>
         <size>0x10</size>
         <input_file_ref idref="fl-1a"/>
      </object_component>
      <object_component id="oc-689">
         <name>.text:NOROM_RFCRfTrimSet</name>
         <load_address>0x4000</load_address>
         <run_address>0x4000</run_address>
         <size>0x10</size>
         <input_file_ref idref="fl-25"/>
      </object_component>
      <object_component id="oc-223">
         <name>.text:PINCC26XX_getPinCount</name>
         <load_address>0x4010</load_address>
         <run_address>0x4010</run_address>
         <size>0x10</size>
         <input_file_ref idref="fl-10"/>
      </object_component>
      <object_component id="oc-729">
         <name>.text:PowerCC26XX_schedulerDisable</name>
         <load_address>0x4020</load_address>
         <run_address>0x4020</run_address>
         <size>0x10</size>
         <input_file_ref idref="fl-1b"/>
      </object_component>
      <object_component id="oc-48b">
         <name>.text:Power_enablePolicy</name>
         <load_address>0x4030</load_address>
         <run_address>0x4030</run_address>
         <size>0x10</size>
         <input_file_ref idref="fl-11"/>
      </object_component>
      <object_component id="oc-3fe">
         <name>.text:SemaphoreP_Params_init</name>
         <load_address>0x4040</load_address>
         <run_address>0x4040</run_address>
         <size>0x10</size>
         <input_file_ref idref="fl-16"/>
      </object_component>
      <object_component id="oc-24d">
         <name>.text:SwiP_Params_init</name>
         <load_address>0x4050</load_address>
         <run_address>0x4050</run_address>
         <size>0x10</size>
         <input_file_ref idref="fl-17"/>
      </object_component>
      <object_component id="oc-555">
         <name>.text:TimerP_Params_init</name>
         <load_address>0x4060</load_address>
         <run_address>0x4060</run_address>
         <size>0x10</size>
         <input_file_ref idref="fl-19"/>
      </object_component>
      <object_component id="oc-532">
         <name>.text:applyBlePatch</name>
         <load_address>0x4070</load_address>
         <run_address>0x4070</run_address>
         <size>0x10</size>
         <input_file_ref idref="fl-6"/>
      </object_component>
      <object_component id="oc-2d7">
         <name>.text:clkPowerUpFxn</name>
         <load_address>0x4080</load_address>
         <run_address>0x4080</run_address>
         <size>0x10</size>
         <input_file_ref idref="fl-f"/>
      </object_component>
      <object_component id="oc-66f">
         <name>.text:restartClockTimeout</name>
         <load_address>0x4090</load_address>
         <run_address>0x4090</run_address>
         <size>0x10</size>
         <input_file_ref idref="fl-f"/>
      </object_component>
      <object_component id="oc-ae">
         <name>.text:NOROM_ThisLibraryIsFor_CC26x0R2_HaltIfViolated</name>
         <load_address>0x40a0</load_address>
         <run_address>0x40a0</run_address>
         <size>0xe</size>
         <input_file_ref idref="fl-20"/>
      </object_component>
      <object_component id="oc-5b1">
         <name>.text:NOROM_VIMSModeGet</name>
         <load_address>0x40ae</load_address>
         <run_address>0x40ae</run_address>
         <size>0xe</size>
         <input_file_ref idref="fl-28"/>
      </object_component>
      <object_component id="oc-779">
         <name>.text:QueueP_empty</name>
         <load_address>0x40bc</load_address>
         <run_address>0x40bc</run_address>
         <size>0xe</size>
         <input_file_ref idref="fl-1d"/>
      </object_component>
      <object_component id="oc-647">
         <name>.text:QueueP_remove</name>
         <load_address>0x40ca</load_address>
         <run_address>0x40ca</run_address>
         <size>0xe</size>
         <input_file_ref idref="fl-1d"/>
      </object_component>
      <object_component id="oc-1e">
         <name>.text:decompress:none</name>
         <load_address>0x40d8</load_address>
         <run_address>0x40d8</run_address>
         <size>0xe</size>
         <input_file_ref idref="fl-e0"/>
      </object_component>
      <object_component id="oc-43">
         <name>.text:intDefaultHandler</name>
         <load_address>0x40e6</load_address>
         <run_address>0x40e6</run_address>
         <size>0x2</size>
         <input_file_ref idref="fl-1c"/>
      </object_component>
      <object_component id="oc-573">
         <name>.text:ClockP_doTick</name>
         <load_address>0x40e8</load_address>
         <run_address>0x40e8</run_address>
         <size>0xc</size>
         <input_file_ref idref="fl-18"/>
      </object_component>
      <object_component id="oc-2ad">
         <name>.text:FsmNextState</name>
         <load_address>0x40f4</load_address>
         <run_address>0x40f4</run_address>
         <size>0xc</size>
         <input_file_ref idref="fl-f"/>
      </object_component>
      <object_component id="oc-5d7">
         <name>.text:List_empty</name>
         <load_address>0x4100</load_address>
         <run_address>0x4100</run_address>
         <size>0xc</size>
         <input_file_ref idref="fl-14"/>
      </object_component>
      <object_component id="oc-6f">
         <name>.text:NOROM_CPUcpsid</name>
         <load_address>0x410c</load_address>
         <run_address>0x410c</run_address>
         <size>0xc</size>
         <input_file_ref idref="fl-21"/>
      </object_component>
      <object_component id="oc-179">
         <name>.text:NOROM_CPUcpsie</name>
         <load_address>0x4118</load_address>
         <run_address>0x4118</run_address>
         <size>0xc</size>
         <input_file_ref idref="fl-21"/>
      </object_component>
      <object_component id="oc-75a">
         <name>.text:NOROM_OSC_HPOSCRelativeFrequencyOffsetToRFCoreFormatConvert</name>
         <load_address>0x4124</load_address>
         <run_address>0x4124</run_address>
         <size>0xc</size>
         <input_file_ref idref="fl-24"/>
      </object_component>
      <object_component id="oc-72f">
         <name>.text:PowerCC26XX_schedulerRestore</name>
         <load_address>0x4130</load_address>
         <run_address>0x4130</run_address>
         <size>0xc</size>
         <input_file_ref idref="fl-1b"/>
      </object_component>
      <object_component id="oc-3bc">
         <name>.text:Power_getConstraintMask</name>
         <load_address>0x413c</load_address>
         <run_address>0x413c</run_address>
         <size>0xc</size>
         <input_file_ref idref="fl-11"/>
      </object_component>
      <object_component id="oc-735">
         <name>.text:Power_getDependencyCount</name>
         <load_address>0x4148</load_address>
         <run_address>0x4148</run_address>
         <size>0xc</size>
         <input_file_ref idref="fl-11"/>
      </object_component>
      <object_component id="oc-449">
         <name>.text:SwiP_getTrigger</name>
         <load_address>0x4154</load_address>
         <run_address>0x4154</run_address>
         <size>0xc</size>
         <input_file_ref idref="fl-17"/>
      </object_component>
      <object_component id="oc-567">
         <name>.text:TimerP_getFreq</name>
         <load_address>0x4160</load_address>
         <run_address>0x4160</run_address>
         <size>0xc</size>
         <input_file_ref idref="fl-19"/>
      </object_component>
      <object_component id="oc-24">
         <name>.text:decompress:ZI</name>
         <load_address>0x416c</load_address>
         <run_address>0x416c</run_address>
         <size>0xc</size>
         <input_file_ref idref="fl-e1"/>
      </object_component>
      <object_component id="oc-2a7">
         <name>.text:HwiP_restore</name>
         <load_address>0x4178</load_address>
         <run_address>0x4178</run_address>
         <size>0x8</size>
         <input_file_ref idref="fl-1a"/>
      </object_component>
      <object_component id="oc-323">
         <name>.text:rf_patch_cpe_ble</name>
         <load_address>0x4180</load_address>
         <run_address>0x4180</run_address>
         <size>0x8</size>
         <input_file_ref idref="fl-6"/>
      </object_component>
      <object_component id="oc-4f4">
         <name>.text:ClockP_stop</name>
         <load_address>0x4188</load_address>
         <run_address>0x4188</run_address>
         <size>0x6</size>
         <input_file_ref idref="fl-18"/>
      </object_component>
      <object_component id="oc-428">
         <name>.text:QueueP_init</name>
         <load_address>0x418e</load_address>
         <run_address>0x418e</run_address>
         <size>0x6</size>
         <input_file_ref idref="fl-1d"/>
      </object_component>
      <object_component id="oc-2ef">
         <name>.text:clkInactivityFxn</name>
         <load_address>0x4194</load_address>
         <run_address>0x4194</run_address>
         <size>0x6</size>
         <input_file_ref idref="fl-f"/>
      </object_component>
      <object_component id="oc-5b7">
         <name>.text:CPUwfi</name>
         <load_address>0x419a</load_address>
         <run_address>0x419a</run_address>
         <size>0x4</size>
         <input_file_ref idref="fl-1b"/>
      </object_component>
      <object_component id="oc-491">
         <name>.text:ClockP_isActive</name>
         <load_address>0x419e</load_address>
         <run_address>0x419e</run_address>
         <size>0x4</size>
         <input_file_ref idref="fl-18"/>
      </object_component>
      <object_component id="oc-1e7">
         <name>.text:ClockP_setTimeout</name>
         <load_address>0x41a2</load_address>
         <run_address>0x41a2</run_address>
         <size>0x4</size>
         <input_file_ref idref="fl-18"/>
      </object_component>
      <object_component id="oc-13b">
         <name>.text:HwiP_enable</name>
         <load_address>0x41a6</load_address>
         <run_address>0x41a6</run_address>
         <size>0x4</size>
         <input_file_ref idref="fl-1a"/>
      </object_component>
      <object_component id="oc-5dd">
         <name>.text:List_head</name>
         <load_address>0x41aa</load_address>
         <run_address>0x41aa</run_address>
         <size>0x4</size>
         <input_file_ref idref="fl-14"/>
      </object_component>
      <object_component id="oc-5e3">
         <name>.text:List_next</name>
         <load_address>0x41ae</load_address>
         <run_address>0x41ae</run_address>
         <size>0x4</size>
         <input_file_ref idref="fl-14"/>
      </object_component>
      <object_component id="oc-695">
         <name>.text:PowerCC26XX_switchXOSC_HF</name>
         <load_address>0x41b2</load_address>
         <run_address>0x41b2</run_address>
         <size>0x4</size>
         <input_file_ref idref="fl-11"/>
      </object_component>
      <object_component id="oc-4e2">
         <name>.text:Q_peek</name>
         <load_address>0x41b6</load_address>
         <run_address>0x41b6</run_address>
         <size>0x4</size>
         <input_file_ref idref="fl-f"/>
      </object_component>
      <object_component id="oc-7c4">
         <name>.text:QueueP_head</name>
         <load_address>0x41ba</load_address>
         <run_address>0x41ba</run_address>
         <size>0x4</size>
         <input_file_ref idref="fl-1d"/>
      </object_component>
      <object_component id="oc-7ca">
         <name>.text:QueueP_next</name>
         <load_address>0x41be</load_address>
         <run_address>0x41be</run_address>
         <size>0x4</size>
         <input_file_ref idref="fl-1d"/>
      </object_component>
      <object_component id="oc-583">
         <name>.text:TimerP_getCount64</name>
         <load_address>0x41c2</load_address>
         <run_address>0x41c2</run_address>
         <size>0x4</size>
         <input_file_ref idref="fl-19"/>
      </object_component>
      <object_component id="oc-3ea">
         <name>.text:nopResourceHandler</name>
         <load_address>0x41c6</load_address>
         <run_address>0x41c6</run_address>
         <size>0x4</size>
         <input_file_ref idref="fl-11"/>
      </object_component>
      <object_component id="oc-c1">
         <name>.text</name>
         <load_address>0x41ca</load_address>
         <run_address>0x41ca</run_address>
         <size>0x4</size>
         <input_file_ref idref="fl-e8"/>
      </object_component>
      <object_component id="oc-37">
         <name>.text:nmiISR</name>
         <load_address>0x41ce</load_address>
         <run_address>0x41ce</run_address>
         <size>0x2</size>
         <input_file_ref idref="fl-1c"/>
      </object_component>
      <object_component id="oc-bb">
         <name>.text</name>
         <load_address>0x41d0</load_address>
         <run_address>0x41d0</run_address>
         <size>0x2</size>
         <input_file_ref idref="fl-e7"/>
      </object_component>
      <object_component id="oc-103">
         <name>.text</name>
         <load_address>0x41d2</load_address>
         <run_address>0x41d2</run_address>
         <size>0x2</size>
         <input_file_ref idref="fl-ef"/>
      </object_component>
      <object_component id="oc-539">
         <name>.const:patchBleRfe</name>
         <load_address>0x41d4</load_address>
         <run_address>0x41d4</run_address>
         <size>0x710</size>
         <input_file_ref idref="fl-6"/>
      </object_component>
      <object_component id="oc-7b4">
         <name>.const:patchImageBle</name>
         <load_address>0x48e4</load_address>
         <run_address>0x48e4</run_address>
         <size>0x9c</size>
         <input_file_ref idref="fl-6"/>
      </object_component>
      <object_component id="oc-3fa">
         <name>.const:resourceDB</name>
         <load_address>0x4980</load_address>
         <run_address>0x4980</run_address>
         <size>0x4c</size>
         <input_file_ref idref="fl-11"/>
      </object_component>
      <object_component id="oc-282">
         <name>.const:RF_defaultParams</name>
         <load_address>0x49cc</load_address>
         <run_address>0x49cc</run_address>
         <size>0x1c</size>
         <input_file_ref idref="fl-f"/>
      </object_component>
      <object_component id="oc-1f3">
         <name>.const:PowerCC26XX_config</name>
         <load_address>0x49e8</load_address>
         <run_address>0x49e8</run_address>
         <size>0x18</size>
         <input_file_ref idref="fl-2"/>
      </object_component>
      <object_component id="oc-422">
         <name>.const:SwiP_defaultParams</name>
         <load_address>0x4a00</load_address>
         <run_address>0x4a00</run_address>
         <size>0x10</size>
         <input_file_ref idref="fl-17"/>
      </object_component>
      <object_component id="oc-25c">
         <name>.const:PINCC26XX_hwAttrs</name>
         <load_address>0x4a10</load_address>
         <run_address>0x4a10</run_address>
         <size>0x8</size>
         <input_file_ref idref="fl-2"/>
      </object_component>
      <object_component id="oc-175">
         <name>.const:BoardGpioInitTable</name>
         <load_address>0x4a18</load_address>
         <run_address>0x4a18</run_address>
         <size>0x4</size>
         <input_file_ref idref="fl-2"/>
      </object_component>
      <object_component id="oc-2bc">
         <name>.const:RFCC26XX_hwAttrs</name>
         <load_address>0x4a1c</load_address>
         <run_address>0x4a1c</run_address>
         <size>0x4</size>
         <input_file_ref idref="fl-2"/>
      </object_component>
      <object_component id="oc-847">
         <name>.cinit..data.load</name>
         <load_address>0x4a28</load_address>
         <run_address>0x4a28</run_address>
         <size>0xe2</size>
      </object_component>
      <object_component id="oc-844">
         <name>__TI_handler_table</name>
         <load_address>0x4b0c</load_address>
         <run_address>0x4b0c</run_address>
         <size>0xc</size>
      </object_component>
      <object_component id="oc-848">
         <name>.cinit..bss.load</name>
         <load_address>0x4b18</load_address>
         <run_address>0x4b18</run_address>
         <size>0x8</size>
      </object_component>
      <object_component id="oc-846">
         <name>.cinit..vtable_ram.load</name>
         <load_address>0x4b20</load_address>
         <run_address>0x4b20</run_address>
         <size>0x8</size>
      </object_component>
      <object_component id="oc-845">
         <name>__TI_cinit_table</name>
         <load_address>0x4b28</load_address>
         <run_address>0x4b28</run_address>
         <size>0x18</size>
      </object_component>
      <object_component id="oc-30">
         <name>.ccfg:retain</name>
         <load_address>0x1ffa8</load_address>
         <run_address>0x1ffa8</run_address>
         <size>0x58</size>
         <input_file_ref idref="fl-3"/>
      </object_component>
      <object_component id="oc-61c">
         <name>.vtable_ram</name>
         <uninitialized>true</uninitialized>
         <run_address>0x20000b00</run_address>
         <size>0xc8</size>
         <input_file_ref idref="fl-23"/>
      </object_component>
      <object_component id="oc-1bc">
         <name>.data</name>
         <load_address>0x200005d1</load_address>
         <run_address>0x200005d1</run_address>
         <size>0x1</size>
         <input_file_ref idref="fl-5"/>
      </object_component>
      <object_component id="oc-1c2">
         <name>.data:aBeaconData</name>
         <load_address>0x200005c0</load_address>
         <run_address>0x200005c0</run_address>
         <size>0x6</size>
         <input_file_ref idref="fl-5"/>
      </object_component>
      <object_component id="oc-1b0">
         <name>.data:pinTable</name>
         <load_address>0x200005b0</load_address>
         <run_address>0x200005b0</run_address>
         <size>0x8</size>
         <input_file_ref idref="fl-5"/>
      </object_component>
      <object_component id="oc-545">
         <name>.data:advData</name>
         <load_address>0x200005c6</load_address>
         <run_address>0x200005c6</run_address>
         <size>0x6</size>
         <input_file_ref idref="fl-6"/>
      </object_component>
      <object_component id="oc-548">
         <name>.data</name>
         <load_address>0x200005b8</load_address>
         <run_address>0x200005b8</run_address>
         <size>0x8</size>
         <input_file_ref idref="fl-6"/>
      </object_component>
      <object_component id="oc-1b6">
         <name>.data:RF_ble</name>
         <load_address>0x20000580</load_address>
         <run_address>0x20000580</run_address>
         <size>0x10</size>
         <input_file_ref idref="fl-6"/>
      </object_component>
      <object_component id="oc-331">
         <name>.data:pOverrides</name>
         <load_address>0x20000480</load_address>
         <run_address>0x20000480</run_address>
         <size>0x50</size>
         <input_file_ref idref="fl-6"/>
      </object_component>
      <object_component id="oc-1b9">
         <name>.data:RF_cmdBleRadioSetup</name>
         <load_address>0x20000568</load_address>
         <run_address>0x20000568</run_address>
         <size>0x18</size>
         <input_file_ref idref="fl-6"/>
      </object_component>
      <object_component id="oc-340">
         <name>.data:cmdAdvParam</name>
         <load_address>0x20000500</load_address>
         <run_address>0x20000500</run_address>
         <size>0x20</size>
         <input_file_ref idref="fl-6"/>
      </object_component>
      <object_component id="oc-1bf">
         <name>.data:RF_cmdAdvNc0</name>
         <load_address>0x20000520</load_address>
         <run_address>0x20000520</run_address>
         <size>0x18</size>
         <input_file_ref idref="fl-6"/>
      </object_component>
      <object_component id="oc-33d">
         <name>.data:RF_cmdAdvNc1</name>
         <load_address>0x20000538</load_address>
         <run_address>0x20000538</run_address>
         <size>0x18</size>
         <input_file_ref idref="fl-6"/>
      </object_component>
      <object_component id="oc-540">
         <name>.data:RF_cmdAdvNc2</name>
         <load_address>0x20000550</load_address>
         <run_address>0x20000550</run_address>
         <size>0x18</size>
         <input_file_ref idref="fl-6"/>
      </object_component>
      <object_component id="oc-259">
         <name>.data:$O1$$</name>
         <load_address>0x20000198</load_address>
         <run_address>0x20000198</run_address>
         <size>0x114</size>
         <input_file_ref idref="fl-10"/>
      </object_component>
      <object_component id="oc-20e">
         <name>.data:PowerCC26XX_module</name>
         <load_address>0x200002ac</load_address>
         <run_address>0x200002ac</run_address>
         <size>0x114</size>
         <input_file_ref idref="fl-11"/>
      </object_component>
      <object_component id="oc-4a3">
         <name>.data:$O1$$</name>
         <load_address>0x20000590</load_address>
         <run_address>0x20000590</run_address>
         <size>0xc</size>
         <input_file_ref idref="fl-16"/>
      </object_component>
      <object_component id="oc-42e">
         <name>.data</name>
         <load_address>0x200005d0</load_address>
         <run_address>0x200005d0</run_address>
         <size>0x1</size>
         <input_file_ref idref="fl-17"/>
      </object_component>
      <object_component id="oc-20b">
         <name>.data:$O1$$</name>
         <load_address>0x200003c0</load_address>
         <run_address>0x200003c0</run_address>
         <size>0xc0</size>
         <input_file_ref idref="fl-18"/>
      </object_component>
      <object_component id="oc-6ed">
         <name>.data:$O1$$</name>
         <load_address>0x200004d0</load_address>
         <run_address>0x200004d0</run_address>
         <size>0x30</size>
         <input_file_ref idref="fl-19"/>
      </object_component>
      <object_component id="oc-418">
         <name>.data:$O1$$</name>
         <load_address>0x20000000</load_address>
         <run_address>0x20000000</run_address>
         <size>0x198</size>
         <input_file_ref idref="fl-1a"/>
      </object_component>
      <object_component id="oc-113">
         <name>.data:$O1$$</name>
         <load_address>0x2000059c</load_address>
         <run_address>0x2000059c</run_address>
         <size>0xc</size>
         <input_file_ref idref="fl-e2"/>
      </object_component>
      <object_component id="oc-d9">
         <name>.data</name>
         <load_address>0x200005cc</load_address>
         <run_address>0x200005cc</run_address>
         <size>0x4</size>
         <input_file_ref idref="fl-e9"/>
      </object_component>
      <object_component id="oc-116">
         <name>.data:$O1$$</name>
         <load_address>0x200005a8</load_address>
         <run_address>0x200005a8</run_address>
         <size>0x8</size>
         <input_file_ref idref="fl-eb"/>
      </object_component>
      <object_component id="oc-1b3">
         <name>.bss:rfObject</name>
         <uninitialized>true</uninitialized>
         <run_address>0x20000880</run_address>
         <size>0xc8</size>
         <input_file_ref idref="fl-5"/>
      </object_component>
      <object_component id="oc-1aa">
         <name>.bss</name>
         <uninitialized>true</uninitialized>
         <run_address>0x200009bc</run_address>
         <size>0x8</size>
         <input_file_ref idref="fl-5"/>
      </object_component>
      <object_component id="oc-1ad">
         <name>.bss:ledPinState</name>
         <uninitialized>true</uninitialized>
         <run_address>0x200009a8</run_address>
         <size>0xc</size>
         <input_file_ref idref="fl-5"/>
      </object_component>
      <object_component id="oc-6af">
         <name>.bss</name>
         <uninitialized>true</uninitialized>
         <run_address>0x200009a5</run_address>
         <size>0x2</size>
         <input_file_ref idref="fl-f"/>
      </object_component>
      <object_component id="oc-2b9">
         <name>.bss:$O1$$</name>
         <uninitialized>true</uninitialized>
         <run_address>0x200005d8</run_address>
         <size>0x2a8</size>
         <input_file_ref idref="fl-f"/>
      </object_component>
      <object_component id="oc-434">
         <name>.bss</name>
         <uninitialized>true</uninitialized>
         <run_address>0x20000998</run_address>
         <size>0xd</size>
         <input_file_ref idref="fl-17"/>
      </object_component>
      <object_component id="oc-431">
         <name>.bss:$O1$$</name>
         <uninitialized>true</uninitialized>
         <run_address>0x20000948</run_address>
         <size>0x3c</size>
         <input_file_ref idref="fl-17"/>
      </object_component>
      <object_component id="oc-7dd">
         <name>.bss</name>
         <uninitialized>true</uninitialized>
         <run_address>0x200009c4</run_address>
         <size>0x4</size>
         <input_file_ref idref="fl-1b"/>
      </object_component>
      <object_component id="oc-5f1">
         <name>.bss:oscHfGlobals</name>
         <uninitialized>true</uninitialized>
         <run_address>0x20000984</run_address>
         <size>0x14</size>
         <input_file_ref idref="fl-24"/>
      </object_component>
      <object_component id="oc-7e3">
         <name>.bss:powerQualGlobals</name>
         <uninitialized>true</uninitialized>
         <run_address>0x200009b4</run_address>
         <size>0x8</size>
         <input_file_ref idref="fl-27"/>
      </object_component>
      <object_component id="oc-208">
         <name>.common:driverlib_release_0_49664</name>
         <uninitialized>true</uninitialized>
         <run_address>0x200009a7</run_address>
         <size>0x1</size>
      </object_component>
      <object_component id="oc-34">
         <name>.sysmem</name>
         <uninitialized>true</uninitialized>
         <run_address>0x200009c8</run_address>
         <size>0x8</size>
         <input_file_ref idref="fl-e5"/>
      </object_component>
      <object_component id="oc-84a">
         <name>.sysmem</name>
         <uninitialized>true</uninitialized>
         <run_address>0x200009c8</run_address>
         <size>0x0</size>
      </object_component>
      <object_component id="oc-33">
         <name>.stack</name>
         <uninitialized>true</uninitialized>
         <run_address>0x20004c00</run_address>
         <size>0x0</size>
         <input_file_ref idref="fl-de"/>
      </object_component>
      <object_component id="oc-849">
         <name>.stack</name>
         <uninitialized>true</uninitialized>
         <run_address>0x20004c00</run_address>
         <size>0x0</size>
      </object_component>
      <object_component id="oc-27f">
         <name>.debug_info</name>
         <load_address>0x0</load_address>
         <run_address>0x0</run_address>
         <size>0x840</size>
         <input_file_ref idref="fl-2"/>
      </object_component>
      <object_component id="oc-176">
         <name>.debug_info</name>
         <load_address>0x840</load_address>
         <run_address>0x840</run_address>
         <size>0xf9</size>
         <input_file_ref idref="fl-2"/>
      </object_component>
      <object_component id="oc-25d">
         <name>.debug_info</name>
         <load_address>0x939</load_address>
         <run_address>0x939</run_address>
         <size>0xf7</size>
[...]
      <symbol id="sm-86e">
         <name>SwiP_post</name>
         <value>0x2f89</value>
         <object_component_ref idref="oc-63c"/>
      </symbol>
      <symbol id="sm-86f">
         <name>SwiP_dispatch</name>
         <value>0x243d</value>
         <object_component_ref idref="oc-635"/>
      </symbol>
      <symbol id="sm-92f">
         <name>ClockP_doTick</name>
         <value>0x40e9</value>
         <object_component_ref idref="oc-573"/>
      </symbol>
      <symbol id="sm-930">
         <name>ClockP_setTimeout</name>
         <value>0x41a3</value>
         <object_component_ref idref="oc-1e7"/>
      </symbol>
      <symbol id="sm-931">
         <name>ClockP_getTimeout</name>
         <value>0x3dc9</value>
         <object_component_ref idref="oc-501"/>
      </symbol>
      <symbol id="sm-932">
         <name>ClockP_startup</name>
         <value>0x24dd</value>
         <object_component_ref idref="oc-383"/>
      </symbol>
      <symbol id="sm-933">
         <name>ClockP_stop</name>
         <value>0x4189</value>
         <object_component_ref idref="oc-4f4"/>
      </symbol>
      <symbol id="sm-934">
         <name>ClockP_construct</name>
         <value>0x340d</value>
         <object_component_ref idref="oc-1d5"/>
      </symbol>
      <symbol id="sm-935">
         <name>ClockP_scheduleNextTick</name>
         <value>0x3acd</value>
         <object_component_ref idref="oc-39a"/>
      </symbol>
      <symbol id="sm-936">
         <name>ClockP_getTicksUntilInterrupt</name>
         <value>0x3785</value>
         <object_component_ref idref="oc-59f"/>
      </symbol>
      <symbol id="sm-937">
         <name>ClockP_tickPeriod</name>
         <value>0x200003c4</value>
         <object_component_ref idref="oc-20b"/>
      </symbol>
      <symbol id="sm-938">
         <name>ClockP_Params_init</name>
         <value>0x3fc1</value>
         <object_component_ref idref="oc-1cf"/>
      </symbol>
      <symbol id="sm-939">
         <name>ClockP_workFuncDynamic</name>
         <value>0x2249</value>
         <object_component_ref idref="oc-56d"/>
      </symbol>
      <symbol id="sm-93a">
         <name>ClockP_walkQueueDynamic</name>
         <value>0x2ac9</value>
         <object_component_ref idref="oc-706"/>
      </symbol>
      <symbol id="sm-93b">
         <name>ClockP_destruct</name>
         <value>0x3db1</value>
         <object_component_ref idref="oc-497"/>
      </symbol>
      <symbol id="sm-93c">
         <name>ClockP_start</name>
         <value>0x285d</value>
         <object_component_ref idref="oc-1ed"/>
      </symbol>
      <symbol id="sm-93d">
         <name>ClockP_isActive</name>
         <value>0x419f</value>
         <object_component_ref idref="oc-491"/>
      </symbol>
      <symbol id="sm-93e">
         <name>ClockP_getTicks</name>
         <value>0x3aa9</value>
         <object_component_ref idref="oc-3a0"/>
      </symbol>
      <symbol id="sm-93f">
         <name>ClockP_add</name>
         <value>0x3bc9</value>
         <object_component_ref idref="oc-485"/>
      </symbol>
      <symbol id="sm-9d0">
         <name>TimerP_setNextTick</name>
         <value>0x3889</value>
         <object_component_ref idref="oc-591"/>
      </symbol>
      <symbol id="sm-9d1">
         <name>TimerP_getCurrentTick</name>
         <value>0x391d</value>
         <object_component_ref idref="oc-394"/>
      </symbol>
      <symbol id="sm-9d2">
         <name>TimerP_getCount64</name>
         <value>0x41c3</value>
         <object_component_ref idref="oc-583"/>
      </symbol>
      <symbol id="sm-9d3">
         <name>TimerP_setThreshold</name>
         <value>0x394d</value>
         <object_component_ref idref="oc-71f"/>
      </symbol>
      <symbol id="sm-9d4">
         <name>TimerP_dynamicStub</name>
         <value>0x3cf1</value>
         <object_component_ref idref="oc-6fd"/>
      </symbol>
      <symbol id="sm-9d5">
         <name>TimerP_getMaxTicks</name>
         <value>0x3b5d</value>
         <object_component_ref idref="oc-561"/>
      </symbol>
      <symbol id="sm-9d6">
         <name>TimerP_construct</name>
         <value>0x20ed</value>
         <object_component_ref idref="oc-55b"/>
      </symbol>
      <symbol id="sm-9d7">
         <name>TimerP_getFreq</name>
         <value>0x4161</value>
         <object_component_ref idref="oc-567"/>
      </symbol>
      <symbol id="sm-9d8">
         <name>TimerP_initDevice</name>
         <value>0x3855</value>
         <object_component_ref idref="oc-6f1"/>
      </symbol>
      <symbol id="sm-9d9">
         <name>TimerP_startup</name>
         <value>0x3f4d</value>
         <object_component_ref idref="oc-6f7"/>
      </symbol>
      <symbol id="sm-9da">
         <name>TimerP_start</name>
         <value>0x2c21</value>
         <object_component_ref idref="oc-7bc"/>
      </symbol>
      <symbol id="sm-9db">
         <name>TimerP_Params_init</name>
         <value>0x4061</value>
         <object_component_ref idref="oc-555"/>
      </symbol>
      <symbol id="sm-a54">
         <name>HwiP_construct</name>
         <value>0x2a51</value>
         <object_component_ref idref="oc-247"/>
      </symbol>
      <symbol id="sm-a55">
         <name>HwiP_inISR</name>
         <value>0x3de1</value>
         <object_component_ref idref="oc-4a8"/>
      </symbol>
      <symbol id="sm-a56">
         <name>HwiP_swiPIntNum</name>
         <value>0x20000004</value>
         <object_component_ref idref="oc-418"/>
      </symbol>
      <symbol id="sm-a57">
         <name>HwiP_Params_init</name>
         <value>0x3f9d</value>
         <object_component_ref idref="oc-241"/>
      </symbol>
      <symbol id="sm-a58">
         <name>HwiP_disable</name>
         <value>0x3fd1</value>
         <object_component_ref idref="oc-2a1"/>
      </symbol>
      <symbol id="sm-a59">
         <name>HwiP_enableInterrupt</name>
         <value>0x3fe1</value>
         <object_component_ref idref="oc-4e8"/>
      </symbol>
      <symbol id="sm-a5a">
         <name>HwiP_setFunc</name>
         <value>0x3af1</value>
         <object_component_ref idref="oc-78e"/>
      </symbol>
      <symbol id="sm-a5b">
         <name>HwiP_post</name>
         <value>0x3ff1</value>
         <object_component_ref idref="oc-6ba"/>
      </symbol>
      <symbol id="sm-a5c">
         <name>HwiP_enable</name>
         <value>0x41a7</value>
         <object_component_ref idref="oc-13b"/>
      </symbol>
      <symbol id="sm-a5d">
         <name>HwiP_restore</name>
         <value>0x4179</value>
         <object_component_ref idref="oc-2a7"/>
      </symbol>
      <symbol id="sm-a98">
         <name>PowerCC26XX_schedulerDisable</name>
         <value>0x4021</value>
         <object_component_ref idref="oc-729"/>
      </symbol>
      <symbol id="sm-a99">
         <name>PowerCC26XX_schedulerRestore</name>
         <value>0x4131</value>
         <object_component_ref idref="oc-72f"/>
      </symbol>
      <symbol id="sm-a9a">
         <name>PowerCC26XX_standbyPolicy</name>
         <value>0x18f9</value>
         <object_component_ref idref="oc-3a7"/>
      </symbol>
      <symbol id="sm-acb">
         <name>resetISR</name>
         <value>0x3f75</value>
         <object_component_ref idref="oc-2a"/>
      </symbol>
      <symbol id="sm-acc">
         <name>g_pfnVectors</name>
         <value>0x0</value>
         <object_component_ref idref="oc-15"/>
      </symbol>
      <symbol id="sm-b09">
         <name>QueueP_next</name>
         <value>0x41bf</value>
         <object_component_ref idref="oc-7ca"/>
      </symbol>
      <symbol id="sm-b0a">
         <name>QueueP_put</name>
         <value>0x3c9d</value>
         <object_component_ref idref="oc-389"/>
      </symbol>
      <symbol id="sm-b0b">
         <name>QueueP_remove</name>
         <value>0x40cb</value>
         <object_component_ref idref="oc-647"/>
      </symbol>
      <symbol id="sm-b0c">
         <name>QueueP_head</name>
         <value>0x41bb</value>
         <object_component_ref idref="oc-7c4"/>
      </symbol>
      <symbol id="sm-b0d">
         <name>QueueP_init</name>
         <value>0x418f</value>
         <object_component_ref idref="oc-428"/>
      </symbol>
      <symbol id="sm-b0e">
         <name>QueueP_empty</name>
         <value>0x40bd</value>
         <object_component_ref idref="oc-779"/>
      </symbol>
      <symbol id="sm-b0f">
         <name>QueueP_get</name>
         <value>0x3d7d</value>
         <object_component_ref idref="oc-773"/>
      </symbol>
      <symbol id="sm-b21">
         <name>SafeHapiVoid</name>
         <value>0x3a81</value>
         <object_component_ref idref="oc-5eb"/>
      </symbol>
      <symbol id="sm-b40">
         <name>NOROM_AONRTCCurrentCompareValueGet</name>
         <value>0x3df9</value>
         <object_component_ref idref="oc-7d6"/>
      </symbol>
      <symbol id="sm-b41">
         <name>NOROM_AONRTCCurrent64BitValueGet</name>
         <value>0x3ee9</value>
         <object_component_ref idref="oc-710"/>
      </symbol>
      <symbol id="sm-b6d">
         <name>NOROM_ChipInfo_GetChipType</name>
         <value>0x3a31</value>
         <object_component_ref idref="oc-217"/>
      </symbol>
      <symbol id="sm-b6e">
         <name>NOROM_ChipInfo_GetChipFamily</name>
         <value>0x39ad</value>
         <object_component_ref idref="oc-f2"/>
      </symbol>
      <symbol id="sm-b6f">
         <name>NOROM_ChipInfo_GetPackageType</name>
         <value>0x3e11</value>
         <object_component_ref idref="oc-21d"/>
      </symbol>
      <symbol id="sm-b70">
         <name>NOROM_ThisLibraryIsFor_CC26x0R2_HaltIfViolated</name>
         <value>0x40a1</value>
         <object_component_ref idref="oc-ae"/>
      </symbol>
      <symbol id="sm-b82">
         <name>NOROM_CPUcpsie</name>
         <value>0x4119</value>
         <object_component_ref idref="oc-179"/>
      </symbol>
      <symbol id="sm-b83">
         <name>NOROM_CPUcpsid</name>
         <value>0x410d</value>
         <object_component_ref idref="oc-6f"/>
      </symbol>
      <symbol id="sm-b89">
         <name>driverlib_release_0_49664</name>
         <value>0x200009a7</value>
      </symbol>
      <symbol id="sm-ba1">
         <name>NOROM_IntRegister</name>
         <value>0x37b9</value>
         <object_component_ref idref="oc-412"/>
      </symbol>
      <symbol id="sm-ba2">
         <name>g_pfnRAMVectors</name>
         <value>0x20000b00</value>
         <object_component_ref idref="oc-61c"/>
      </symbol>
      <symbol id="sm-be8">
         <name>NOROM_OSCHF_TurnOnXosc</name>
         <value>0x3b15</value>
         <object_component_ref idref="oc-5f7"/>
      </symbol>
      <symbol id="sm-be9">
         <name>NOROM_OSC_HPOSCRelativeFrequencyOffsetToRFCoreFormatConvert</name>
         <value>0x4125</value>
         <object_component_ref idref="oc-75a"/>
      </symbol>
      <symbol id="sm-bea">
         <name>NOROM_OSCHF_AttemptToSwitchToXosc</name>
         <value>0x2d71</value>
         <object_component_ref idref="oc-3c2"/>
      </symbol>
      <symbol id="sm-beb">
         <name>NOROM_OSCHF_SwitchToRcOscTurnOffXosc</name>
         <value>0x349d</value>
         <object_component_ref idref="oc-5fd"/>
      </symbol>
      <symbol id="sm-bec">
         <name>NOROM_OSC_HPOSCRelativeFrequencyOffsetGet</name>
         <value>0x3629</value>
         <object_component_ref idref="oc-754"/>
      </symbol>
      <symbol id="sm-c4a">
         <name>NOROM_RFCDoorbellSendTo</name>
         <value>0x3b39</value>
         <object_component_ref idref="oc-677"/>
      </symbol>
      <symbol id="sm-c4b">
         <name>NOROM_RFCAdi3VcoLdoVoltageMode</name>
         <value>0x2a4f</value>
         <object_component_ref idref="oc-67d"/>
      </symbol>
      <symbol id="sm-c4c">
         <name>NOROM_RFCSynthPowerDown</name>
         <value>0x3665</value>
         <object_component_ref idref="oc-794"/>
      </symbol>
      <symbol id="sm-c4d">
         <name>NOROM_RFCOverrideUpdate</name>
         <value>0x2b3d</value>
         <object_component_ref idref="oc-29b"/>
      </symbol>
      <symbol id="sm-c4e">
         <name>NOROM_RFCRfTrimSet</name>
         <value>0x4001</value>
         <object_component_ref idref="oc-689"/>
      </symbol>
      <symbol id="sm-c4f">
         <name>NOROM_RFCRfTrimRead</name>
         <value>0x3c09</value>
         <object_component_ref idref="oc-683"/>
      </symbol>
      <symbol id="sm-c50">
         <name>NOROM_RFCCpeIntGetAndClear</name>
         <value>0x3e29</value>
         <object_component_ref idref="oc-4c6"/>
      </symbol>
      <symbol id="sm-c51">
         <name>NOROM_RFCHWIntGetAndClear</name>
         <value>0x3e41</value>
         <object_component_ref idref="oc-4da"/>
      </symbol>
      <symbol id="sm-c81">
         <name>NOROM_SetupTrimDevice</name>
         <value>0x219d</value>
         <object_component_ref idref="oc-75"/>
      </symbol>
      <symbol id="sm-cd2">
         <name>NOROM_SysCtrl_DCDC_VoltageConditionalControl</name>
         <value>0x2f21</value>
         <object_component_ref idref="oc-599"/>
      </symbol>
      <symbol id="sm-cd3">
         <name>NOROM_SysCtrlAdjustRechargeAfterPowerDown</name>
         <value>0x2bb1</value>
         <object_component_ref idref="oc-741"/>
      </symbol>
      <symbol id="sm-cd4">
         <name>NOROM_SysCtrlSetRechargeBeforePowerDown</name>
         <value>0x931</value>
         <object_component_ref idref="oc-73b"/>
      </symbol>
      <symbol id="sm-ce1">
         <name>NOROM_VIMSModeGet</name>
         <value>0x40af</value>
         <object_component_ref idref="oc-5b1"/>
      </symbol>
      <symbol id="sm-cf1">
         <name>_c_int00</name>
         <value>0x35e9</value>
         <object_component_ref idref="oc-7b"/>
      </symbol>
      <symbol id="sm-cf2">
         <name>__stack</name>
         <value>0x20004c00</value>
         <object_component_ref idref="oc-33"/>
      </symbol>
      <symbol id="sm-d10">
         <name>__TI_decompress_lzss</name>
         <value>0x2ff1</value>
         <object_component_ref idref="oc-18"/>
      </symbol>
      <symbol id="sm-d27">
         <name>__TI_decompress_none</name>
         <value>0x40d9</value>
         <object_component_ref idref="oc-1e"/>
      </symbol>
      <symbol id="sm-d39">
         <name>__TI_zero_init</name>
         <value>0x416d</value>
         <object_component_ref idref="oc-24"/>
      </symbol>
      <symbol id="sm-d5a">
         <name>C$$EXIT</name>
         <value>0x32d1</value>
         <object_component_ref idref="oc-d3"/>
      </symbol>
      <symbol id="sm-d5b">
         <name>abort</name>
         <value>0x32d5</value>
         <object_component_ref idref="oc-d3"/>
      </symbol>
      <symbol id="sm-d5c">
         <name>exit</name>
         <value>0x32dd</value>
         <object_component_ref idref="oc-d3"/>
      </symbol>
      <symbol id="sm-d5d">
         <name>__TI_dtors_ptr</name>
         <value>0x200005a0</value>
         <object_component_ref idref="oc-113"/>
      </symbol>
      <symbol id="sm-d5e">
         <name>__TI_cleanup_ptr</name>
         <value>0x2000059c</value>
         <object_component_ref idref="oc-113"/>
      </symbol>
      <symbol id="sm-d5f">
         <name>__TI_enable_exit_profile_output</name>
         <value>0x200005a4</value>
         <object_component_ref idref="oc-113"/>
      </symbol>
      <symbol id="sm-d68">
         <name>__aeabi_lmul</name>
         <value>0x3eb9</value>
         <object_component_ref idref="oc-300"/>
      </symbol>
      <symbol id="sm-d83">
         <name>memcpy</name>
         <value>0x2579</value>
         <object_component_ref idref="oc-57"/>
      </symbol>
      <symbol id="sm-d84">
         <name>__aeabi_memcpy</name>
         <value>0x2579</value>
         <object_component_ref idref="oc-57"/>
      </symbol>
      <symbol id="sm-d85">
         <name>__aeabi_memcpy8</name>
         <value>0x2579</value>
         <object_component_ref idref="oc-57"/>
      </symbol>
      <symbol id="sm-d86">
         <name>__aeabi_memcpy4</name>
         <value>0x2579</value>
         <object_component_ref idref="oc-57"/>
      </symbol>
      <symbol id="sm-d9b">
         <name>_sys_memory</name>
         <value>0x200009c8</value>
         <object_component_ref idref="oc-34"/>
      </symbol>
      <symbol id="sm-daa">
         <name>__aeabi_memset</name>
         <value>0x29d7</value>
         <object_component_ref idref="oc-63"/>
      </symbol>
      <symbol id="sm-dab">
         <name>memset</name>
         <value>0x29dd</value>
         <object_component_ref idref="oc-63"/>
      </symbol>
      <symbol id="sm-dac">
         <name>__aeabi_memset8</name>
         <value>0x29d7</value>
         <object_component_ref idref="oc-63"/>
      </symbol>
      <symbol id="sm-dad">
         <name>__aeabi_memset4</name>
         <value>0x29d7</value>
         <object_component_ref idref="oc-63"/>
      </symbol>
      <symbol id="sm-dae">
         <name>__aeabi_memclr8</name>
         <value>0x29d5</value>
         <object_component_ref idref="oc-63"/>
      </symbol>
      <symbol id="sm-daf">
         <name>__aeabi_memclr4</name>
         <value>0x29d5</value>
         <object_component_ref idref="oc-63"/>
      </symbol>
      <symbol id="sm-db0">
         <name>__aeabi_memclr</name>
         <value>0x29d5</value>
         <object_component_ref idref="oc-63"/>
      </symbol>
      <symbol id="sm-dba">
         <name>__mpu_init</name>
         <value>0x41d1</value>
         <object_component_ref idref="oc-bb"/>
      </symbol>
      <symbol id="sm-dc4">
         <name>_system_pre_init</name>
         <value>0x41cb</value>
         <object_component_ref idref="oc-c1"/>
      </symbol>
      <symbol id="sm-dcc">
         <name>main_func_sp</name>
         <value>0x200005cc</value>
         <object_component_ref idref="oc-d9"/>
      </symbol>
      <symbol id="sm-de8">
         <name>__aeabi_uldivmod</name>
         <value>0xb3d</value>
         <object_component_ref idref="oc-589"/>
      </symbol>
      <symbol id="sm-e01">
         <name>_nop</name>
         <value>0x3f97</value>
         <object_component_ref idref="oc-151"/>
      </symbol>
      <symbol id="sm-e02">
         <name>_lock</name>
         <value>0x200005a8</value>
         <object_component_ref idref="oc-116"/>
      </symbol>
      <symbol id="sm-e03">
         <name>_unlock</name>
         <value>0x200005ac</value>
         <object_component_ref idref="oc-116"/>
      </symbol>
      <symbol id="sm-e04">
         <name>_register_lock</name>
         <value>0x3f8f</value>
         <object_component_ref idref="oc-151"/>
      </symbol>
      <symbol id="sm-e05">
         <name>_register_unlock</name>
         <value>0x3f89</value>
         <object_component_ref idref="oc-151"/>
      </symbol>
      <symbol id="sm-e19">
         <name>_args_main</name>
         <value>0x3ea1</value>
         <object_component_ref idref="oc-cd"/>
      </symbol>
      <symbol id="sm-e43">
         <name>__TI_auto_init</name>
         <value>0x2d01</value>
         <object_component_ref idref="oc-c7"/>
      </symbol>
      <symbol id="sm-e5d">
         <name>copy_in</name>
         <value>0x33c1</value>
         <object_component_ref idref="oc-fd"/>
      </symbol>
      <symbol id="sm-e67">
         <name>_system_post_cinit</name>
         <value>0x41d3</value>
         <object_component_ref idref="oc-103"/>
      </symbol>
      <symbol id="sm-e68">
         <name>__TI_static_base__</name>
         <value>0x0</value>
      </symbol>
      <symbol id="sm-e6b">
         <name>SHT$$INIT_ARRAY$$Limit</name>
         <value>0x0</value>
      </symbol>
      <symbol id="sm-e6c">
         <name>SHT$$INIT_ARRAY$$Base</name>
         <value>0x0</value>
      </symbol>
      <symbol id="sm-e6d">
         <name>NoRTOS_start</name>
         <value>0x41a7</value>
      </symbol>
   </symbol_table>
   <title>Link successful</title>
</link_info>
